Archive member included because of file (symbol)

c:/winavr-20100110/bin/../lib/gcc/avr/4.3.3/avr51\libgcc.a(_mulsi3.o)
                              build\Command.o (__mulsi3)
c:/winavr-20100110/bin/../lib/gcc/avr/4.3.3/avr51\libgcc.a(_udivmodhi4.o)
                              build\Command.o (__udivmodhi4)
c:/winavr-20100110/bin/../lib/gcc/avr/4.3.3/avr51\libgcc.a(_divmodhi4.o)
                              build\lib_sd\fat.o (__divmodhi4)
c:/winavr-20100110/bin/../lib/gcc/avr/4.3.3/avr51\libgcc.a(_udivmodsi4.o)
                              build\lib_sd\fat.o (__udivmodsi4)
c:/winavr-20100110/bin/../lib/gcc/avr/4.3.3/avr51\libgcc.a(_divmodsi4.o)
                              build\Steppers.o (__divmodsi4)
c:/winavr-20100110/bin/../lib/gcc/avr/4.3.3/avr51\libgcc.a(_exit.o)
                              c:/winavr-20100110/bin/../lib/gcc/avr/4.3.3/../../../../avr/lib/avr51/crtm1284p.o (exit)
c:/winavr-20100110/bin/../lib/gcc/avr/4.3.3/avr51\libgcc.a(_clear_bss.o)
                              build\Command.o (__do_clear_bss)
c:/winavr-20100110/bin/../lib/gcc/avr/4.3.3/avr51\libgcc.a(_ctors.o)
                              build\Command.o (__do_global_ctors)
c:/winavr-20100110/bin/../lib/gcc/avr/4.3.3/avr51\libgcc.a(_addsub_sf.o)
                              src\shared\PID.o (__subsf3)
c:/winavr-20100110/bin/../lib/gcc/avr/4.3.3/avr51\libgcc.a(_mul_sf.o)
                              src\shared\PID.o (__mulsf3)
c:/winavr-20100110/bin/../lib/gcc/avr/4.3.3/avr51\libgcc.a(_si_to_sf.o)
                              src\shared\PID.o (__floatsisf)
c:/winavr-20100110/bin/../lib/gcc/avr/4.3.3/avr51\libgcc.a(_sf_to_si.o)
                              src\shared\PID.o (__fixsfsi)
c:/winavr-20100110/bin/../lib/gcc/avr/4.3.3/avr51\libgcc.a(_thenan_sf.o)
                              c:/winavr-20100110/bin/../lib/gcc/avr/4.3.3/avr51\libgcc.a(_addsub_sf.o) (__thenan_sf)
c:/winavr-20100110/bin/../lib/gcc/avr/4.3.3/avr51\libgcc.a(_prologue.o)
                              c:/winavr-20100110/bin/../lib/gcc/avr/4.3.3/avr51\libgcc.a(_addsub_sf.o) (__prologue_saves__)
c:/winavr-20100110/bin/../lib/gcc/avr/4.3.3/avr51\libgcc.a(_epilogue.o)
                              c:/winavr-20100110/bin/../lib/gcc/avr/4.3.3/avr51\libgcc.a(_addsub_sf.o) (__epilogue_restores__)
c:/winavr-20100110/bin/../lib/gcc/avr/4.3.3/avr51\libgcc.a(_tablejump.o)
                              c:/winavr-20100110/bin/../lib/gcc/avr/4.3.3/avr51\libgcc.a(_ctors.o) (__tablejump__)
c:/winavr-20100110/bin/../lib/gcc/avr/4.3.3/avr51\libgcc.a(_clzsi2.o)
                              c:/winavr-20100110/bin/../lib/gcc/avr/4.3.3/avr51\libgcc.a(_si_to_sf.o) (__clzsi2)
c:/winavr-20100110/bin/../lib/gcc/avr/4.3.3/avr51\libgcc.a(_pack_sf.o)
                              c:/winavr-20100110/bin/../lib/gcc/avr/4.3.3/avr51\libgcc.a(_addsub_sf.o) (__pack_f)
c:/winavr-20100110/bin/../lib/gcc/avr/4.3.3/avr51\libgcc.a(_unpack_sf.o)
                              c:/winavr-20100110/bin/../lib/gcc/avr/4.3.3/avr51\libgcc.a(_addsub_sf.o) (__unpack_f)
c:/winavr-20100110/bin/../lib/gcc/avr/4.3.3/avr51\libgcc.a(_clz.o)
                              c:/winavr-20100110/bin/../lib/gcc/avr/4.3.3/avr51\libgcc.a(_clzsi2.o) (__clz_tab)
c:/winavr-20100110/bin/../lib/gcc/avr/4.3.3/../../../../avr/lib/avr51\libc.a(memcpy.o)
                              build\lib_sd\fat.o (memcpy)
c:/winavr-20100110/bin/../lib/gcc/avr/4.3.3/../../../../avr/lib/avr51\libc.a(memset.o)
                              build\lib_sd\fat.o (memset)
c:/winavr-20100110/bin/../lib/gcc/avr/4.3.3/../../../../avr/lib/avr51\libc.a(strchr.o)
                              build\lib_sd\fat.o (strchr)
c:/winavr-20100110/bin/../lib/gcc/avr/4.3.3/../../../../avr/lib/avr51\libc.a(strcmp.o)
                              build\SDCard.o (strcmp)
c:/winavr-20100110/bin/../lib/gcc/avr/4.3.3/../../../../avr/lib/avr51\libc.a(strncmp.o)
                              build\lib_sd\fat.o (strncmp)
c:/winavr-20100110/bin/../lib/gcc/avr/4.3.3/../../../../avr/lib/avr51\libc.a(strncpy.o)
                              build\lib_sd\fat.o (strncpy)
c:/winavr-20100110/bin/../lib/gcc/avr/4.3.3/../../../../avr/lib/avr51\libc.a(strrchr.o)
                              build\lib_sd\fat.o (strrchr)
c:/winavr-20100110/bin/../lib/gcc/avr/4.3.3/../../../../avr/lib/avr51\libc.a(eerd_block_atmega1284p.o)
                              build\EepromMap.o (__eerd_block_m1284p)
c:/winavr-20100110/bin/../lib/gcc/avr/4.3.3/../../../../avr/lib/avr51\libc.a(eewr_block_atmega1284p.o)
                              build\EepromMap.o (__eewr_block_m1284p)
c:/winavr-20100110/bin/../lib/gcc/avr/4.3.3/../../../../avr/lib/avr51\libc.a(eewr_byte_atmega1284p.o)
                              build\EepromMap.o (__eewr_byte_m1284p)

Discarded input sections

 .data          0x00000000        0x0 c:/winavr-20100110/bin/../lib/gcc/avr/4.3.3/../../../../avr/lib/avr51/crtm1284p.o
 .bss           0x00000000        0x0 c:/winavr-20100110/bin/../lib/gcc/avr/4.3.3/../../../../avr/lib/avr51/crtm1284p.o
 .text          0x00000000        0x0 build\Command.o
 .data          0x00000000        0x0 build\Command.o
 .bss           0x00000000        0x0 build\Command.o
 .bss._ZN7command24outstanding_tool_commandE
                0x00000000        0x0 build\Command.o
 .text          0x00000000        0x0 build\DebugPacketProcessor.o
 .data          0x00000000        0x0 build\DebugPacketProcessor.o
 .bss           0x00000000        0x0 build\DebugPacketProcessor.o
 .text          0x00000000        0x0 build\EepromMap.o
 .data          0x00000000        0x0 build\EepromMap.o
 .bss           0x00000000        0x0 build\EepromMap.o
 .text._ZN6eeprom11getEeprom16Ejj
                0x00000000        0x0 build\EepromMap.o
 .text          0x00000000        0x0 build\Host.o
 .bss           0x00000000        0x0 build\Host.o
 .text          0x00000000        0x0 build\Main.o
 .data          0x00000000        0x0 build\Main.o
 .bss           0x00000000        0x0 build\Main.o
 .text          0x00000000        0x0 build\SDCard.o
 .bss           0x00000000        0x0 build\SDCard.o
 .text._ZN6sdcard14playbackRewindEh
                0x00000000        0x0 build\SDCard.o
 .text          0x00000000        0x0 build\Steppers.o
 .data          0x00000000        0x0 build\Steppers.o
 .bss           0x00000000        0x0 build\Steppers.o
 .text._ZN8steppers8setHoldZEb
                0x00000000        0x0 build\Steppers.o
 .text          0x00000000        0x0 build\Timeout.o
 .data          0x00000000        0x0 build\Timeout.o
 .bss           0x00000000        0x0 build\Timeout.o
 .text._ZN7TimeoutC2Ev
                0x00000000        0x0 build\Timeout.o
 .text          0x00000000        0x0 build\Tool.o
 .data          0x00000000        0x0 build\Tool.o
 .bss           0x00000000        0x0 build\Tool.o
 .text          0x00000000        0x0 build\lib_sd\byteordering.o
 .data          0x00000000        0x0 build\lib_sd\byteordering.o
 .bss           0x00000000        0x0 build\lib_sd\byteordering.o
 .text          0x00000000        0x0 build\lib_sd\fat.o
 .data          0x00000000        0x0 build\lib_sd\fat.o
 .bss           0x00000000        0x0 build\lib_sd\fat.o
 .text.fat_get_fs_size
                0x00000000        0x0 build\lib_sd\fat.o
 .text.fat_get_fs_free
                0x00000000        0x0 build\lib_sd\fat.o
 .text._ZL27fat_get_fs_free_16_callbackPhmPv
                0x00000000        0x0 build\lib_sd\fat.o
 .text.fat_create_dir
                0x00000000        0x0 build\lib_sd\fat.o
 .text.fat_resize_file
                0x00000000        0x0 build\lib_sd\fat.o
 .text.fat_seek_file
                0x00000000        0x0 build\lib_sd\fat.o
 .text          0x00000000        0x0 build\lib_sd\partition.o
 .data          0x00000000        0x0 build\lib_sd\partition.o
 .bss           0x00000000        0x0 build\lib_sd\partition.o
 .text          0x00000000        0x0 build\lib_sd\sd_raw.o
 .data          0x00000000        0x0 build\lib_sd\sd_raw.o
 .bss           0x00000000        0x0 build\lib_sd\sd_raw.o
 .text.sd_raw_get_info
                0x00000000        0x0 build\lib_sd\sd_raw.o
 .text          0x00000000        0x0 build\boards\rrmbv12\Motherboard.o
 .data          0x00000000        0x0 build\boards\rrmbv12\Motherboard.o
 .bss           0x00000000        0x0 build\boards\rrmbv12\Motherboard.o
 .text._ZN11MotherboardC2Ev
                0x00000000        0x0 build\boards\rrmbv12\Motherboard.o
 .text          0x00000000        0x0 build\boards\rrmbv12\PSU.o
 .data          0x00000000        0x0 build\boards\rrmbv12\PSU.o
 .bss           0x00000000        0x0 build\boards\rrmbv12\PSU.o
 .text          0x00000000        0x0 build\boards\rrmbv12\StepperInterface.o
 .data          0x00000000        0x0 build\boards\rrmbv12\StepperInterface.o
 .bss           0x00000000        0x0 build\boards\rrmbv12\StepperInterface.o
 .text          0x00000000        0x0 build\boards\rrmbv12\UART.o
 .data          0x00000000        0x0 build\boards\rrmbv12\UART.o
 .bss           0x00000000        0x0 build\boards\rrmbv12\UART.o
 .text._ZN4UARTC2Eh
                0x00000000        0x0 build\boards\rrmbv12\UART.o
 .text          0x00000000        0x0 src\shared\AvrPort.o
 .data          0x00000000        0x0 src\shared\AvrPort.o
 .bss           0x00000000        0x0 src\shared\AvrPort.o
 .text          0x00000000        0x0 src\shared\PID.o
 .data          0x00000000        0x0 src\shared\PID.o
 .bss           0x00000000        0x0 src\shared\PID.o
 .text._ZN3PID11reset_stateEv
                0x00000000        0x0 src\shared\PID.o
 .text._ZN3PID5resetEv
                0x00000000        0x0 src\shared\PID.o
 .text._ZN3PID9calculateEi
                0x00000000        0x0 src\shared\PID.o
 .text._ZN3PID9setTargetEi
                0x00000000        0x0 src\shared\PID.o
 .text._ZN3PID12getErrorTermEv
                0x00000000        0x0 src\shared\PID.o
 .text._ZN3PID12getDeltaTermEv
                0x00000000        0x0 src\shared\PID.o
 .text._ZN3PID13getLastOutputEv
                0x00000000        0x0 src\shared\PID.o
 .text          0x00000000        0x0 src\shared\Packet.o
 .data          0x00000000        0x0 src\shared\Packet.o
 .bss           0x00000000        0x0 src\shared\Packet.o
 .text._ZN6Packet10appendByteEh
                0x00000000        0x0 src\shared\Packet.o
 .text._ZN8InPacketC2Ev
                0x00000000        0x0 src\shared\Packet.o
 .text._ZNK6Packet6read32Eh
                0x00000000        0x0 src\shared\Packet.o
 .text._ZN9OutPacketC2Ev
                0x00000000        0x0 src\shared\Packet.o
 .text          0x00000000        0x0 c:/winavr-20100110/bin/../lib/gcc/avr/4.3.3/avr51\libgcc.a(_mulsi3.o)
 .data          0x00000000        0x0 c:/winavr-20100110/bin/../lib/gcc/avr/4.3.3/avr51\libgcc.a(_mulsi3.o)
 .bss           0x00000000        0x0 c:/winavr-20100110/bin/../lib/gcc/avr/4.3.3/avr51\libgcc.a(_mulsi3.o)
 .text          0x00000000        0x0 c:/winavr-20100110/bin/../lib/gcc/avr/4.3.3/avr51\libgcc.a(_udivmodhi4.o)
 .data          0x00000000        0x0 c:/winavr-20100110/bin/../lib/gcc/avr/4.3.3/avr51\libgcc.a(_udivmodhi4.o)
 .bss           0x00000000        0x0 c:/winavr-20100110/bin/../lib/gcc/avr/4.3.3/avr51\libgcc.a(_udivmodhi4.o)
 .text          0x00000000        0x0 c:/winavr-20100110/bin/../lib/gcc/avr/4.3.3/avr51\libgcc.a(_divmodhi4.o)
 .data          0x00000000        0x0 c:/winavr-20100110/bin/../lib/gcc/avr/4.3.3/avr51\libgcc.a(_divmodhi4.o)
 .bss           0x00000000        0x0 c:/winavr-20100110/bin/../lib/gcc/avr/4.3.3/avr51\libgcc.a(_divmodhi4.o)
 .text          0x00000000        0x0 c:/winavr-20100110/bin/../lib/gcc/avr/4.3.3/avr51\libgcc.a(_udivmodsi4.o)
 .data          0x00000000        0x0 c:/winavr-20100110/bin/../lib/gcc/avr/4.3.3/avr51\libgcc.a(_udivmodsi4.o)
 .bss           0x00000000        0x0 c:/winavr-20100110/bin/../lib/gcc/avr/4.3.3/avr51\libgcc.a(_udivmodsi4.o)
 .text          0x00000000        0x0 c:/winavr-20100110/bin/../lib/gcc/avr/4.3.3/avr51\libgcc.a(_divmodsi4.o)
 .data          0x00000000        0x0 c:/winavr-20100110/bin/../lib/gcc/avr/4.3.3/avr51\libgcc.a(_divmodsi4.o)
 .bss           0x00000000        0x0 c:/winavr-20100110/bin/../lib/gcc/avr/4.3.3/avr51\libgcc.a(_divmodsi4.o)
 .text          0x00000000        0x0 c:/winavr-20100110/bin/../lib/gcc/avr/4.3.3/avr51\libgcc.a(_exit.o)
 .data          0x00000000        0x0 c:/winavr-20100110/bin/../lib/gcc/avr/4.3.3/avr51\libgcc.a(_exit.o)
 .bss           0x00000000        0x0 c:/winavr-20100110/bin/../lib/gcc/avr/4.3.3/avr51\libgcc.a(_exit.o)
 .text.libgcc   0x00000000        0x0 c:/winavr-20100110/bin/../lib/gcc/avr/4.3.3/avr51\libgcc.a(_exit.o)
 .text          0x00000000        0x0 c:/winavr-20100110/bin/../lib/gcc/avr/4.3.3/avr51\libgcc.a(_clear_bss.o)
 .data          0x00000000        0x0 c:/winavr-20100110/bin/../lib/gcc/avr/4.3.3/avr51\libgcc.a(_clear_bss.o)
 .bss           0x00000000        0x0 c:/winavr-20100110/bin/../lib/gcc/avr/4.3.3/avr51\libgcc.a(_clear_bss.o)
 .text.libgcc   0x00000000        0x0 c:/winavr-20100110/bin/../lib/gcc/avr/4.3.3/avr51\libgcc.a(_clear_bss.o)
 .text          0x00000000        0x0 c:/winavr-20100110/bin/../lib/gcc/avr/4.3.3/avr51\libgcc.a(_ctors.o)
 .data          0x00000000        0x0 c:/winavr-20100110/bin/../lib/gcc/avr/4.3.3/avr51\libgcc.a(_ctors.o)
 .bss           0x00000000        0x0 c:/winavr-20100110/bin/../lib/gcc/avr/4.3.3/avr51\libgcc.a(_ctors.o)
 .text.libgcc   0x00000000        0x0 c:/winavr-20100110/bin/../lib/gcc/avr/4.3.3/avr51\libgcc.a(_ctors.o)
 .text          0x00000000        0x0 c:/winavr-20100110/bin/../lib/gcc/avr/4.3.3/avr51\libgcc.a(_addsub_sf.o)
 .data          0x00000000        0x0 c:/winavr-20100110/bin/../lib/gcc/avr/4.3.3/avr51\libgcc.a(_addsub_sf.o)
 .bss           0x00000000        0x0 c:/winavr-20100110/bin/../lib/gcc/avr/4.3.3/avr51\libgcc.a(_addsub_sf.o)
 .text          0x00000000        0x0 c:/winavr-20100110/bin/../lib/gcc/avr/4.3.3/avr51\libgcc.a(_mul_sf.o)
 .data          0x00000000        0x0 c:/winavr-20100110/bin/../lib/gcc/avr/4.3.3/avr51\libgcc.a(_mul_sf.o)
 .bss           0x00000000        0x0 c:/winavr-20100110/bin/../lib/gcc/avr/4.3.3/avr51\libgcc.a(_mul_sf.o)
 .text          0x00000000        0x0 c:/winavr-20100110/bin/../lib/gcc/avr/4.3.3/avr51\libgcc.a(_si_to_sf.o)
 .data          0x00000000        0x0 c:/winavr-20100110/bin/../lib/gcc/avr/4.3.3/avr51\libgcc.a(_si_to_sf.o)
 .bss           0x00000000        0x0 c:/winavr-20100110/bin/../lib/gcc/avr/4.3.3/avr51\libgcc.a(_si_to_sf.o)
 .text          0x00000000        0x0 c:/winavr-20100110/bin/../lib/gcc/avr/4.3.3/avr51\libgcc.a(_sf_to_si.o)
 .data          0x00000000        0x0 c:/winavr-20100110/bin/../lib/gcc/avr/4.3.3/avr51\libgcc.a(_sf_to_si.o)
 .bss           0x00000000        0x0 c:/winavr-20100110/bin/../lib/gcc/avr/4.3.3/avr51\libgcc.a(_sf_to_si.o)
 .text          0x00000000        0x0 c:/winavr-20100110/bin/../lib/gcc/avr/4.3.3/avr51\libgcc.a(_thenan_sf.o)
 .data          0x00000000        0x0 c:/winavr-20100110/bin/../lib/gcc/avr/4.3.3/avr51\libgcc.a(_thenan_sf.o)
 .bss           0x00000000        0x0 c:/winavr-20100110/bin/../lib/gcc/avr/4.3.3/avr51\libgcc.a(_thenan_sf.o)
 .text          0x00000000        0x0 c:/winavr-20100110/bin/../lib/gcc/avr/4.3.3/avr51\libgcc.a(_prologue.o)
 .data          0x00000000        0x0 c:/winavr-20100110/bin/../lib/gcc/avr/4.3.3/avr51\libgcc.a(_prologue.o)
 .bss           0x00000000        0x0 c:/winavr-20100110/bin/../lib/gcc/avr/4.3.3/avr51\libgcc.a(_prologue.o)
 .text.libgcc   0x00000000        0x0 c:/winavr-20100110/bin/../lib/gcc/avr/4.3.3/avr51\libgcc.a(_prologue.o)
 .text          0x00000000        0x0 c:/winavr-20100110/bin/../lib/gcc/avr/4.3.3/avr51\libgcc.a(_epilogue.o)
 .data          0x00000000        0x0 c:/winavr-20100110/bin/../lib/gcc/avr/4.3.3/avr51\libgcc.a(_epilogue.o)
 .bss           0x00000000        0x0 c:/winavr-20100110/bin/../lib/gcc/avr/4.3.3/avr51\libgcc.a(_epilogue.o)
 .text.libgcc   0x00000000        0x0 c:/winavr-20100110/bin/../lib/gcc/avr/4.3.3/avr51\libgcc.a(_epilogue.o)
 .text          0x00000000        0x0 c:/winavr-20100110/bin/../lib/gcc/avr/4.3.3/avr51\libgcc.a(_tablejump.o)
 .data          0x00000000        0x0 c:/winavr-20100110/bin/../lib/gcc/avr/4.3.3/avr51\libgcc.a(_tablejump.o)
 .bss           0x00000000        0x0 c:/winavr-20100110/bin/../lib/gcc/avr/4.3.3/avr51\libgcc.a(_tablejump.o)
 .text          0x00000000        0x0 c:/winavr-20100110/bin/../lib/gcc/avr/4.3.3/avr51\libgcc.a(_clzsi2.o)
 .data          0x00000000        0x0 c:/winavr-20100110/bin/../lib/gcc/avr/4.3.3/avr51\libgcc.a(_clzsi2.o)
 .bss           0x00000000        0x0 c:/winavr-20100110/bin/../lib/gcc/avr/4.3.3/avr51\libgcc.a(_clzsi2.o)
 .text          0x00000000        0x0 c:/winavr-20100110/bin/../lib/gcc/avr/4.3.3/avr51\libgcc.a(_pack_sf.o)
 .data          0x00000000        0x0 c:/winavr-20100110/bin/../lib/gcc/avr/4.3.3/avr51\libgcc.a(_pack_sf.o)
 .bss           0x00000000        0x0 c:/winavr-20100110/bin/../lib/gcc/avr/4.3.3/avr51\libgcc.a(_pack_sf.o)
 .text          0x00000000        0x0 c:/winavr-20100110/bin/../lib/gcc/avr/4.3.3/avr51\libgcc.a(_unpack_sf.o)
 .data          0x00000000        0x0 c:/winavr-20100110/bin/../lib/gcc/avr/4.3.3/avr51\libgcc.a(_unpack_sf.o)
 .bss           0x00000000        0x0 c:/winavr-20100110/bin/../lib/gcc/avr/4.3.3/avr51\libgcc.a(_unpack_sf.o)
 .text          0x00000000        0x0 c:/winavr-20100110/bin/../lib/gcc/avr/4.3.3/avr51\libgcc.a(_clz.o)
 .data          0x00000000        0x0 c:/winavr-20100110/bin/../lib/gcc/avr/4.3.3/avr51\libgcc.a(_clz.o)
 .bss           0x00000000        0x0 c:/winavr-20100110/bin/../lib/gcc/avr/4.3.3/avr51\libgcc.a(_clz.o)
 .text          0x00000000        0x0 c:/winavr-20100110/bin/../lib/gcc/avr/4.3.3/../../../../avr/lib/avr51\libc.a(memcpy.o)
 .data          0x00000000        0x0 c:/winavr-20100110/bin/../lib/gcc/avr/4.3.3/../../../../avr/lib/avr51\libc.a(memcpy.o)
 .bss           0x00000000        0x0 c:/winavr-20100110/bin/../lib/gcc/avr/4.3.3/../../../../avr/lib/avr51\libc.a(memcpy.o)
 .text          0x00000000        0x0 c:/winavr-20100110/bin/../lib/gcc/avr/4.3.3/../../../../avr/lib/avr51\libc.a(memset.o)
 .data          0x00000000        0x0 c:/winavr-20100110/bin/../lib/gcc/avr/4.3.3/../../../../avr/lib/avr51\libc.a(memset.o)
 .bss           0x00000000        0x0 c:/winavr-20100110/bin/../lib/gcc/avr/4.3.3/../../../../avr/lib/avr51\libc.a(memset.o)
 .text          0x00000000        0x0 c:/winavr-20100110/bin/../lib/gcc/avr/4.3.3/../../../../avr/lib/avr51\libc.a(strchr.o)
 .data          0x00000000        0x0 c:/winavr-20100110/bin/../lib/gcc/avr/4.3.3/../../../../avr/lib/avr51\libc.a(strchr.o)
 .bss           0x00000000        0x0 c:/winavr-20100110/bin/../lib/gcc/avr/4.3.3/../../../../avr/lib/avr51\libc.a(strchr.o)
 .text          0x00000000        0x0 c:/winavr-20100110/bin/../lib/gcc/avr/4.3.3/../../../../avr/lib/avr51\libc.a(strcmp.o)
 .data          0x00000000        0x0 c:/winavr-20100110/bin/../lib/gcc/avr/4.3.3/../../../../avr/lib/avr51\libc.a(strcmp.o)
 .bss           0x00000000        0x0 c:/winavr-20100110/bin/../lib/gcc/avr/4.3.3/../../../../avr/lib/avr51\libc.a(strcmp.o)
 .text          0x00000000        0x0 c:/winavr-20100110/bin/../lib/gcc/avr/4.3.3/../../../../avr/lib/avr51\libc.a(strncmp.o)
 .data          0x00000000        0x0 c:/winavr-20100110/bin/../lib/gcc/avr/4.3.3/../../../../avr/lib/avr51\libc.a(strncmp.o)
 .bss           0x00000000        0x0 c:/winavr-20100110/bin/../lib/gcc/avr/4.3.3/../../../../avr/lib/avr51\libc.a(strncmp.o)
 .text          0x00000000        0x0 c:/winavr-20100110/bin/../lib/gcc/avr/4.3.3/../../../../avr/lib/avr51\libc.a(strncpy.o)
 .data          0x00000000        0x0 c:/winavr-20100110/bin/../lib/gcc/avr/4.3.3/../../../../avr/lib/avr51\libc.a(strncpy.o)
 .bss           0x00000000        0x0 c:/winavr-20100110/bin/../lib/gcc/avr/4.3.3/../../../../avr/lib/avr51\libc.a(strncpy.o)
 .text          0x00000000        0x0 c:/winavr-20100110/bin/../lib/gcc/avr/4.3.3/../../../../avr/lib/avr51\libc.a(strrchr.o)
 .data          0x00000000        0x0 c:/winavr-20100110/bin/../lib/gcc/avr/4.3.3/../../../../avr/lib/avr51\libc.a(strrchr.o)
 .bss           0x00000000        0x0 c:/winavr-20100110/bin/../lib/gcc/avr/4.3.3/../../../../avr/lib/avr51\libc.a(strrchr.o)
 .text          0x00000000        0x0 c:/winavr-20100110/bin/../lib/gcc/avr/4.3.3/../../../../avr/lib/avr51\libc.a(eerd_block_atmega1284p.o)
 .data          0x00000000        0x0 c:/winavr-20100110/bin/../lib/gcc/avr/4.3.3/../../../../avr/lib/avr51\libc.a(eerd_block_atmega1284p.o)
 .bss           0x00000000        0x0 c:/winavr-20100110/bin/../lib/gcc/avr/4.3.3/../../../../avr/lib/avr51\libc.a(eerd_block_atmega1284p.o)
 .text          0x00000000        0x0 c:/winavr-20100110/bin/../lib/gcc/avr/4.3.3/../../../../avr/lib/avr51\libc.a(eewr_block_atmega1284p.o)
 .data          0x00000000        0x0 c:/winavr-20100110/bin/../lib/gcc/avr/4.3.3/../../../../avr/lib/avr51\libc.a(eewr_block_atmega1284p.o)
 .bss           0x00000000        0x0 c:/winavr-20100110/bin/../lib/gcc/avr/4.3.3/../../../../avr/lib/avr51\libc.a(eewr_block_atmega1284p.o)
 .text          0x00000000        0x0 c:/winavr-20100110/bin/../lib/gcc/avr/4.3.3/../../../../avr/lib/avr51\libc.a(eewr_byte_atmega1284p.o)
 .data          0x00000000        0x0 c:/winavr-20100110/bin/../lib/gcc/avr/4.3.3/../../../../avr/lib/avr51\libc.a(eewr_byte_atmega1284p.o)
 .bss           0x00000000        0x0 c:/winavr-20100110/bin/../lib/gcc/avr/4.3.3/../../../../avr/lib/avr51\libc.a(eewr_byte_atmega1284p.o)

Memory Configuration

Name             Origin             Length             Attributes
text             0x00000000         0x00020000         xr
data             0x00800060         0x0000ffa0         rw !x
eeprom           0x00810000         0x00010000         rw !x
fuse             0x00820000         0x00000400         rw !x
lock             0x00830000         0x00000400         rw !x
signature        0x00840000         0x00000400         rw !x
*default*        0x00000000         0xffffffff

Linker script and memory map

Address of section .data set to 0x800100
LOAD c:/winavr-20100110/bin/../lib/gcc/avr/4.3.3/../../../../avr/lib/avr51/crtm1284p.o
LOAD build\Command.o
LOAD build\DebugPacketProcessor.o
LOAD build\EepromMap.o
LOAD build\Host.o
LOAD build\Main.o
LOAD build\SDCard.o
LOAD build\Steppers.o
LOAD build\Timeout.o
LOAD build\Tool.o
LOAD build\lib_sd\byteordering.o
LOAD build\lib_sd\fat.o
LOAD build\lib_sd\partition.o
LOAD build\lib_sd\sd_raw.o
LOAD build\boards\rrmbv12\Motherboard.o
LOAD build\boards\rrmbv12\PSU.o
LOAD build\boards\rrmbv12\StepperInterface.o
LOAD build\boards\rrmbv12\UART.o
LOAD src\shared\AvrPort.o
LOAD src\shared\PID.o
LOAD src\shared\Packet.o
LOAD c:/winavr-20100110/bin/../lib/gcc/avr/4.3.3/avr51\libgcc.a
LOAD c:/winavr-20100110/bin/../lib/gcc/avr/4.3.3/../../../../avr/lib/avr51\libc.a
LOAD c:/winavr-20100110/bin/../lib/gcc/avr/4.3.3/avr51\libgcc.a

.hash
 *(.hash)

.dynsym
 *(.dynsym)

.dynstr
 *(.dynstr)

.gnu.version
 *(.gnu.version)

.gnu.version_d
 *(.gnu.version_d)

.gnu.version_r
 *(.gnu.version_r)

.rel.init
 *(.rel.init)

.rela.init
 *(.rela.init)

.rel.text
 *(.rel.text)
 *(.rel.text.*)
 *(.rel.gnu.linkonce.t*)

.rela.text
 *(.rela.text)
 *(.rela.text.*)
 *(.rela.gnu.linkonce.t*)

.rel.fini
 *(.rel.fini)

.rela.fini
 *(.rela.fini)

.rel.rodata
 *(.rel.rodata)
 *(.rel.rodata.*)
 *(.rel.gnu.linkonce.r*)

.rela.rodata
 *(.rela.rodata)
 *(.rela.rodata.*)
 *(.rela.gnu.linkonce.r*)

.rel.data
 *(.rel.data)
 *(.rel.data.*)
 *(.rel.gnu.linkonce.d*)

.rela.data
 *(.rela.data)
 *(.rela.data.*)
 *(.rela.gnu.linkonce.d*)

.rel.ctors
 *(.rel.ctors)

.rela.ctors
 *(.rela.ctors)

.rel.dtors
 *(.rel.dtors)

.rela.dtors
 *(.rela.dtors)

.rel.got
 *(.rel.got)

.rela.got
 *(.rela.got)

.rel.bss
 *(.rel.bss)

.rela.bss
 *(.rela.bss)

.rel.plt
 *(.rel.plt)

.rela.plt
 *(.rela.plt)

.text           0x00000000     0x5aa6
 *(.vectors)
 .vectors       0x00000000       0x8c c:/winavr-20100110/bin/../lib/gcc/avr/4.3.3/../../../../avr/lib/avr51/crtm1284p.o
                0x00000000                __vectors
                0x00000000                __vector_default
 *(.vectors)
 *(.progmem.gcc*)
 .progmem.gcc_sw_table
                0x0000008c       0x2e build\Host.o
 *(.progmem*)
                0x000000ba                . = ALIGN (0x2)
                0x000000ba                __trampolines_start = .
 *(.trampolines)
 .trampolines   0x000000ba        0x0 linker stubs
 *(.trampolines*)
                0x000000ba                __trampolines_end = .
 *(.jumptables)
 *(.jumptables*)
 *(.lowtext)
 *(.lowtext*)
                0x000000ba                __ctors_start = .
 *(.ctors)
 .ctors         0x000000ba        0x2 build\Command.o
 .ctors         0x000000bc        0x2 build\DebugPacketProcessor.o
 .ctors         0x000000be        0x2 build\Host.o
 .ctors         0x000000c0        0x2 build\Steppers.o
 .ctors         0x000000c2        0x2 build\Tool.o
 .ctors         0x000000c4        0x2 build\boards\rrmbv12\Motherboard.o
 .ctors         0x000000c6        0x2 build\boards\rrmbv12\UART.o
 .ctors         0x000000c8        0x2 src\shared\AvrPort.o
                0x000000ca                __ctors_end = .
                0x000000ca                __dtors_start = .
 *(.dtors)
                0x000000ca                __dtors_end = .
 SORT(*)(.ctors)
 SORT(*)(.dtors)
 *(.init0)
 .init0         0x000000ca        0x0 c:/winavr-20100110/bin/../lib/gcc/avr/4.3.3/../../../../avr/lib/avr51/crtm1284p.o
                0x000000ca                __init
 *(.init0)
 *(.init1)
 *(.init1)
 *(.init2)
 .init2         0x000000ca        0xc c:/winavr-20100110/bin/../lib/gcc/avr/4.3.3/../../../../avr/lib/avr51/crtm1284p.o
 *(.init2)
 *(.init3)
 *(.init3)
 *(.init4)
 .init4         0x000000d6       0x1a c:/winavr-20100110/bin/../lib/gcc/avr/4.3.3/../../../../avr/lib/avr51/crtm1284p.o
                0x000000d6                __do_copy_data
 .init4         0x000000f0       0x10 c:/winavr-20100110/bin/../lib/gcc/avr/4.3.3/avr51\libgcc.a(_clear_bss.o)
                0x000000f0                __do_clear_bss
 *(.init4)
 *(.init5)
 *(.init5)
 *(.init6)
 .init6         0x00000100       0x16 c:/winavr-20100110/bin/../lib/gcc/avr/4.3.3/avr51\libgcc.a(_ctors.o)
                0x00000100                __do_global_ctors
 *(.init6)
 *(.init7)
 *(.init7)
 *(.init8)
 *(.init8)
 *(.init9)
 .init9         0x00000116        0x8 c:/winavr-20100110/bin/../lib/gcc/avr/4.3.3/../../../../avr/lib/avr51/crtm1284p.o
 *(.init9)
 *(.text)
 .text          0x0000011e        0x4 c:/winavr-20100110/bin/../lib/gcc/avr/4.3.3/../../../../avr/lib/avr51/crtm1284p.o
                0x0000011e                __vector_1
                0x0000011e                __vector_32
                0x0000011e                __vector_34
                0x0000011e                __vector_24
                0x0000011e                __vector_12
                0x0000011e                __bad_interrupt
                0x0000011e                __vector_6
                0x0000011e                __vector_31
                0x0000011e                __vector_3
                0x0000011e                __vector_23
                0x0000011e                __vector_25
                0x0000011e                __vector_17
                0x0000011e                __vector_19
                0x0000011e                __vector_7
                0x0000011e                __vector_27
                0x0000011e                __vector_5
                0x0000011e                __vector_33
                0x0000011e                __vector_4
                0x0000011e                __vector_9
                0x0000011e                __vector_2
                0x0000011e                __vector_21
                0x0000011e                __vector_15
                0x0000011e                __vector_29
                0x0000011e                __vector_8
                0x0000011e                __vector_26
                0x0000011e                __vector_14
                0x0000011e                __vector_10
                0x0000011e                __vector_16
                0x0000011e                __vector_18
                0x00000122                . = ALIGN (0x2)
 *(.text.*)
 .text._ZN7command20getRemainingCapacityEv
                0x00000122       0x1c build\Command.o
                0x00000122                command::getRemainingCapacity()
 .text._ZN7command5pauseEb
                0x0000013e        0x6 build\Command.o
                0x0000013e                command::pause(bool)
 .text._ZN7command8isPausedEv
                0x00000144        0x6 build\Command.o
                0x00000144                command::isPaused()
 .text._ZN7command7isEmptyEv
                0x0000014a       0x14 build\Command.o
                0x0000014a                command::isEmpty()
 .text._ZN7command5resetEv
                0x0000015e       0x22 build\Command.o
                0x0000015e                command::reset()
 .text._ZN19CircularBufferTemplIhEixEj
                0x00000180       0x20 build\Command.o
                0x00000180                CircularBufferTempl<unsigned char>::operator[](unsigned int)
 .text._ZN7command4pushEh
                0x000001a0       0x4c build\Command.o
                0x000001a0                command::push(unsigned char)
 .text._ZN19CircularBufferTemplIhE3popEv
                0x000001ec       0x46 build\Command.o
                0x000001ec                CircularBufferTempl<unsigned char>::pop()
 .text._ZN7command5pop32Ev
                0x00000232       0x40 build\Command.o
                0x00000232                command::pop32()
 .text._ZN7command5pop16Ev
                0x00000272       0x24 build\Command.o
                0x00000272                command::pop16()
 .text._ZN7command4pop8Ev
                0x00000296        0xa build\Command.o
                0x00000296                command::pop8()
 .text._GLOBAL__I__ZN7command11buffer_dataE
                0x000002a0       0x4a build\Command.o
 .text._ZN7command15runCommandSliceEv
                0x000002ea      0x784 build\Command.o
                0x000002ea                command::runCommandSlice()
 .text._GLOBAL__I_debugSlaveOut
                0x00000a6e        0xa build\DebugPacketProcessor.o
 .text._Z18processDebugPacketRK8InPacketR9OutPacket
                0x00000a78      0x22e build\DebugPacketProcessor.o
                0x00000a78                processDebugPacket(InPacket const&, OutPacket&)
 .text._ZN6eeprom10getEeprom8Ejh
                0x00000ca6       0x32 build\EepromMap.o
                0x00000ca6                eeprom::getEeprom8(unsigned int, unsigned char)
 .text._ZN6eeprom4initEv
                0x00000cd8       0x76 build\EepromMap.o
                0x00000cd8                eeprom::init()
 .text._GLOBAL__I_packet_in_timeout
                0x00000d4e        0xa build\Host.o
 .text._Z11doToolPauseR9OutPacket
                0x00000d58      0x106 build\Host.o
                0x00000d58                doToolPause(OutPacket&)
 .text._Z18processQueryPacketRK8InPacketR9OutPacket
                0x00000e5e      0x538 build\Host.o
                0x00000e5e                processQueryPacket(InPacket const&, OutPacket&)
 .text._Z20processCommandPacketRK8InPacketR9OutPacket
                0x00001396       0x96 build\Host.o
                0x00001396                processCommandPacket(InPacket const&, OutPacket&)
 .text._Z12runHostSlicev
                0x0000142c      0x122 build\Host.o
                0x0000142c                runHostSlice()
 .text._Z5resetb
                0x0000154e       0x84 build\Main.o
                0x0000154e                reset(bool)
 .text.main     0x000015d2       0x1e build\Main.o
                0x000015d2                main
 .text._ZN6sdcard9isPlayingEv
                0x000015f0        0x6 build\SDCard.o
                0x000015f0                sdcard::isPlaying()
 .text._ZN6sdcard11isCapturingEv
                0x000015f6        0x6 build\SDCard.o
                0x000015f6                sdcard::isCapturing()
 .text._ZN6sdcard15playbackHasNextEv
                0x000015fc        0x6 build\SDCard.o
                0x000015fc                sdcard::playbackHasNext()
 .text._ZN6sdcard14finishPlaybackEv
                0x00001602       0x22 build\SDCard.o
                0x00001602                sdcard::finishPlayback()
 .text._ZN6sdcard13finishCaptureEv
                0x00001624       0x3e build\SDCard.o
                0x00001624                sdcard::finishCapture()
 .text._ZN6sdcard5resetEv
                0x00001662       0x62 build\SDCard.o
                0x00001662                sdcard::reset()
 .text._ZN6sdcard13fetchNextByteEv
                0x000016c4       0x26 build\SDCard.o
                0x000016c4                sdcard::fetchNextByte()
 .text._ZN6sdcard12playbackNextEv
                0x000016ea       0x10 build\SDCard.o
                0x000016ea                sdcard::playbackNext()
 .text._ZN6sdcard13capturePacketERK6Packet
                0x000016fa       0x50 build\SDCard.o
                0x000016fa                sdcard::capturePacket(Packet const&)
 .text._ZN6sdcard10createFileEPc
                0x0000174a       0x3e build\SDCard.o
                0x0000174a                sdcard::createFile(char*)
 .text._ZN6sdcard13findFileInDirEPKcP20fat_dir_entry_struct
                0x00001788       0x46 build\SDCard.o
                0x00001788                sdcard::findFileInDir(char const*, fat_dir_entry_struct*)
 .text._ZN6sdcard10deleteFileEPc
                0x000017ce       0x4e build\SDCard.o
                0x000017ce                sdcard::deleteFile(char*)
 .text._ZN6sdcard8openFileEPKcPP15fat_file_struct
                0x0000181c       0x5e build\SDCard.o
                0x0000181c                sdcard::openFile(char const*, fat_file_struct**)
 .text._ZN6sdcard18directoryNextEntryEPch
                0x0000187a       0xa6 build\SDCard.o
                0x0000187a                sdcard::directoryNextEntry(char*, unsigned char)
 .text._ZN6sdcard8openRootEv
                0x00001920       0x66 build\SDCard.o
                0x00001920                sdcard::openRoot()
 .text._ZN6sdcard11openFilesysEv
                0x00001986       0x20 build\SDCard.o
                0x00001986                sdcard::openFilesys()
 .text._ZN6sdcard13openPartitionEv
                0x000019a6       0x58 build\SDCard.o
                0x000019a6                sdcard::openPartition()
 .text._ZN6sdcard8initCardEv
                0x000019fe       0x70 build\SDCard.o
                0x000019fe                sdcard::initCard()
 .text._ZN6sdcard13startPlaybackEPc
                0x00001a6e       0x68 build\SDCard.o
                0x00001a6e                sdcard::startPlayback(char*)
 .text._ZN6sdcard12startCaptureEPc
                0x00001ad6       0x7e build\SDCard.o
                0x00001ad6                sdcard::startCapture(char*)
 .text._ZN6sdcard14directoryResetEv
                0x00001b54       0x28 build\SDCard.o
                0x00001b54                sdcard::directoryReset()
 .text._ZN8steppers9isRunningEv
                0x00001b7c       0x12 build\Steppers.o
                0x00001b7c                steppers::isRunning()
 .text._ZN8steppers4initER11Motherboard
                0x00001b8e       0xfc build\Steppers.o
                0x00001b8e                steppers::init(Motherboard&)
 .text._ZN8steppers5abortEv
                0x00001c8a        0xa build\Steppers.o
                0x00001c8a                steppers::abort()
 .text._ZN8steppers14definePositionERK5Point
                0x00001c94       0x64 build\Steppers.o
                0x00001c94                steppers::definePosition(Point const&)
 .text._ZN8steppers11getPositionEv
                0x00001cf8       0xae build\Steppers.o
                0x00001cf8                steppers::getPosition()
 .text._GLOBAL__I__ZN8steppers10is_runningE
                0x00001da6       0x14 build\Steppers.o
 .text._ZN8steppers11doInterruptEv
                0x00001dba      0x2ce build\Steppers.o
                0x00001dba                steppers::doInterrupt()
 .text._ZN8steppers10enableAxisEhb
                0x00002088       0x28 build\Steppers.o
                0x00002088                steppers::enableAxis(unsigned char, bool)
 .text._ZN8steppers11startHomingEbhm
                0x000020b0      0x148 build\Steppers.o
                0x000020b0                steppers::startHoming(bool, unsigned char, unsigned long)
 .text._ZN8steppers4Axis9setTargetElb
                0x000021f8       0x8c build\Steppers.o
                0x000021f8                steppers::Axis::setTarget(long, bool)
 .text._ZN8steppers12setTargetNewERK5Pointlh
                0x00002284      0x184 build\Steppers.o
                0x00002284                steppers::setTargetNew(Point const&, long, unsigned char)
 .text._ZN8steppers9setTargetERK5Pointl
                0x00002408      0x192 build\Steppers.o
                0x00002408                steppers::setTarget(Point const&, long)
 .text._ZN7TimeoutC1Ev
                0x0000259a        0x8 build\Timeout.o
                0x0000259a                Timeout::Timeout()
 .text._ZN7Timeout5abortEv
                0x000025a2        0x6 build\Timeout.o
                0x000025a2                Timeout::abort()
 .text._ZN7Timeout10hasElapsedEv
                0x000025a8       0x4a build\Timeout.o
                0x000025a8                Timeout::hasElapsed()
 .text._ZN7Timeout5startEm
                0x000025f2       0x42 build\Timeout.o
                0x000025f2                Timeout::start(unsigned long)
 .text._ZN4tool11getInPacketEv
                0x00002634        0x6 build\Tool.o
                0x00002634                tool::getInPacket()
 .text._ZN4tool12getOutPacketEv
                0x0000263a        0x6 build\Tool.o
                0x0000263a                tool::getOutPacket()
 .text._ZN4tool7getLockEv
                0x00002640       0x1c build\Tool.o
                0x00002640                tool::getLock()
 .text._ZN4tool11releaseLockEv
                0x0000265c        0x6 build\Tool.o
                0x0000265c                tool::releaseLock()
 .text._ZN4tool17isTransactionDoneEv
                0x00002662        0xa build\Tool.o
                0x00002662                tool::isTransactionDone()
 .text._GLOBAL__I__ZN4tool11getInPacketEv
                0x0000266c        0xa build\Tool.o
 .text._ZN4tool16startTransactionEv
                0x00002676       0x38 build\Tool.o
                0x00002676                tool::startTransaction()
 .text._ZN4tool12runToolSliceEv
                0x000026ae       0xb2 build\Tool.o
                0x000026ae                tool::runToolSlice()
 .text._ZN4tool5resetEv
                0x00002760       0xe4 build\Tool.o
                0x00002760                tool::reset()
 .text.fat_close
                0x00002844        0xc build\lib_sd\fat.o
                0x00002844                fat_close
 .text._ZL20fat_get_next_clusterPK13fat_fs_structj
                0x00002850       0x80 build\lib_sd\fat.o
 .text._ZL17fat_free_clustersP13fat_fs_structj
                0x000028d0       0xec build\lib_sd\fat.o
 .text._ZL19fat_append_clustersP13fat_fs_structjj
                0x000029bc      0x1d0 build\lib_sd\fat.o
 .text._ZL26fat_clear_cluster_callbackPhmPv
                0x00002b8c        0x6 build\lib_sd\fat.o
 .text.fat_read_file
                0x00002b92      0x294 build\lib_sd\fat.o
                0x00002b92                fat_read_file
 .text.fat_write_file
                0x00002e26      0x2f4 build\lib_sd\fat.o
                0x00002e26                fat_write_file
 .text.fat_close_dir
                0x0000311a        0xc build\lib_sd\fat.o
                0x0000311a                fat_close_dir
 .text.fat_reset_dir
                0x00003126       0x1a build\lib_sd\fat.o
                0x00003126                fat_reset_dir
 .text.fat_delete_file
                0x00003140       0xfa build\lib_sd\fat.o
                0x00003140                fat_delete_file
 .text._ZL17fat_clear_clusterPK13fat_fs_structj
                0x0000323a       0xb4 build\lib_sd\fat.o
 .text.fat_read_dir
                0x000032ee      0x1dc build\lib_sd\fat.o
                0x000032ee                fat_read_dir
 .text._ZL27fat_dir_entry_read_callbackPhmPv
                0x000034ca      0x1ec build\lib_sd\fat.o
 .text.fat_open
                0x000036b6      0x348 build\lib_sd\fat.o
                0x000036b6                fat_open
 .text._ZL29fat_find_offset_for_dir_entryP13fat_fs_structPK14fat_dir_structPK20fat_dir_entry_struct
                0x000039fe      0x210 build\lib_sd\fat.o
 .text._ZL19fat_write_dir_entryPK13fat_fs_structP20fat_dir_entry_struct
                0x00003c0e      0x2d0 build\lib_sd\fat.o
 .text.fat_create_file
                0x00003ede       0xc8 build\lib_sd\fat.o
                0x00003ede                fat_create_file
 .text.fat_close_file
                0x00003fa6       0x26 build\lib_sd\fat.o
                0x00003fa6                fat_close_file
 .text.fat_open_dir
                0x00003fcc       0x7a build\lib_sd\fat.o
                0x00003fcc                fat_open_dir
 .text.fat_open_file
                0x00004046       0x70 build\lib_sd\fat.o
                0x00004046                fat_open_file
 .text.fat_get_dir_entry_of_path
                0x000040b6      0x122 build\lib_sd\fat.o
                0x000040b6                fat_get_dir_entry_of_path
 .text.partition_close
                0x000041d8       0x10 build\lib_sd\partition.o
                0x000041d8                partition_close
 .text.partition_open
                0x000041e8      0x1b8 build\lib_sd\partition.o
                0x000041e8                partition_open
 .text.sd_raw_available
                0x000043a0       0x14 build\lib_sd\sd_raw.o
                0x000043a0                sd_raw_available
 .text.sd_raw_locked
                0x000043b4       0x16 build\lib_sd\sd_raw.o
                0x000043b4                sd_raw_locked
 .text._ZL19sd_raw_send_commandhm
                0x000043ca       0xc6 build\lib_sd\sd_raw.o
 .text.sd_raw_write
                0x00004490      0x1bc build\lib_sd\sd_raw.o
                0x00004490                sd_raw_write
 .text.sd_raw_sync
                0x0000464c       0x34 build\lib_sd\sd_raw.o
                0x0000464c                sd_raw_sync
 .text.sd_raw_read
                0x00004680      0x17c build\lib_sd\sd_raw.o
                0x00004680                sd_raw_read
 .text.sd_raw_read_interval
                0x000047fc       0xe0 build\lib_sd\sd_raw.o
                0x000047fc                sd_raw_read_interval
 .text.sd_raw_init
                0x000048dc      0x156 build\lib_sd\sd_raw.o
                0x000048dc                sd_raw_init
 .text.sd_raw_write_interval
                0x00004a32       0xb6 build\lib_sd\sd_raw.o
                0x00004a32                sd_raw_write_interval
 .text._ZN11MotherboardC1Ev
                0x00004ae8      0x15e build\boards\rrmbv12\Motherboard.o
                0x00004ae8                Motherboard::Motherboard()
 .text._ZN11Motherboard16getCurrentMicrosEv
                0x00004c46       0x16 build\boards\rrmbv12\Motherboard.o
                0x00004c46                Motherboard::getCurrentMicros()
 .text._ZN11Motherboard13indicateErrorEi
                0x00004c5c       0x3a build\boards\rrmbv12\Motherboard.o
                0x00004c5c                Motherboard::indicateError(int)
 .text._ZN11Motherboard15getCurrentErrorEv
                0x00004c96        0x6 build\boards\rrmbv12\Motherboard.o
                0x00004c96                Motherboard::getCurrentError()
 .text.__vector_11
                0x00004c9c       0xee build\boards\rrmbv12\Motherboard.o
                0x00004c9c                __vector_11
 .text._GLOBAL__I__ZN11Motherboard11motherboardE
                0x00004d8a        0xa build\boards\rrmbv12\Motherboard.o
 .text._ZN11Motherboard11doInterruptEv
                0x00004d94       0x28 build\boards\rrmbv12\Motherboard.o
                0x00004d94                Motherboard::doInterrupt()
 .text.__vector_13
                0x00004dbc       0x54 build\boards\rrmbv12\Motherboard.o
                0x00004dbc                __vector_13
 .text._ZN11Motherboard5resetEv
                0x00004e10       0xd6 build\boards\rrmbv12\Motherboard.o
                0x00004e10                Motherboard::reset()
 .text._ZN3PSU6turnOnEb
                0x00004ee6       0x1c build\boards\rrmbv12\PSU.o
                0x00004ee6                PSU::turnOn(bool)
 .text._ZN3PSU4initEv
                0x00004f02       0x20 build\boards\rrmbv12\PSU.o
                0x00004f02                PSU::init()
 .text._ZN16StepperInterface12setDirectionEb
                0x00004f22       0x42 build\boards\rrmbv12\StepperInterface.o
                0x00004f22                StepperInterface::setDirection(bool)
 .text._ZN16StepperInterface4stepEb
                0x00004f64       0x38 build\boards\rrmbv12\StepperInterface.o
                0x00004f64                StepperInterface::step(bool)
 .text._ZN16StepperInterface10setEnabledEb
                0x00004f9c       0x38 build\boards\rrmbv12\StepperInterface.o
                0x00004f9c                StepperInterface::setEnabled(bool)
 .text._ZN16StepperInterface11isAtMaximumEv
                0x00004fd4       0x3c build\boards\rrmbv12\StepperInterface.o
                0x00004fd4                StepperInterface::isAtMaximum()
 .text._ZN16StepperInterface11isAtMinimumEv
                0x00005010       0x3c build\boards\rrmbv12\StepperInterface.o
                0x00005010                StepperInterface::isAtMinimum()
 .text._ZN16StepperInterface4initEh
                0x0000504c      0x178 build\boards\rrmbv12\StepperInterface.o
                0x0000504c                StepperInterface::init(unsigned char)
 .text._ZN4UART6enableEb
                0x000051c4       0x42 build\boards\rrmbv12\UART.o
                0x000051c4                UART::enable(bool)
 .text._ZN4UART5resetEv
                0x00005206       0x1a build\boards\rrmbv12\UART.o
                0x00005206                UART::reset()
 .text.__vector_30
                0x00005220       0x88 build\boards\rrmbv12\UART.o
                0x00005220                __vector_30
 .text.__vector_22
                0x000052a8       0x70 build\boards\rrmbv12\UART.o
                0x000052a8                __vector_22
 .text._ZN4UART9beginSendEv
                0x00005318       0x40 build\boards\rrmbv12\UART.o
                0x00005318                UART::beginSend()
 .text.__vector_28
                0x00005358       0x74 build\boards\rrmbv12\UART.o
                0x00005358                __vector_28
 .text.__vector_20
                0x000053cc       0x58 build\boards\rrmbv12\UART.o
                0x000053cc                __vector_20
 .text._ZN4UARTC1Eh
                0x00005424       0x96 build\boards\rrmbv12\UART.o
                0x00005424                UART::UART(unsigned char)
 .text._GLOBAL__I__ZN4UART4uartE
                0x000054ba       0x16 build\boards\rrmbv12\UART.o
 .text._GLOBAL__I_PortA
                0x000054d0       0x1a src\shared\AvrPort.o
 .text._ZN6Packet5resetEv
                0x000054ea        0xe src\shared\Packet.o
                0x000054ea                Packet::reset()
 .text._ZN8InPacketC1Ev
                0x000054f8        0xe src\shared\Packet.o
                0x000054f8                InPacket::InPacket()
 .text._ZN8InPacket5resetEv
                0x00005506        0xe src\shared\Packet.o
                0x00005506                InPacket::reset()
 .text._ZN8InPacket11processByteEh
                0x00005514      0x10c src\shared\Packet.o
                0x00005514                InPacket::processByte(unsigned char)
 .text._ZNK6Packet5read8Eh
                0x00005620        0xa src\shared\Packet.o
                0x00005620                Packet::read8(unsigned char) const
 .text._ZNK6Packet6read16Eh
                0x0000562a       0x24 src\shared\Packet.o
                0x0000562a                Packet::read16(unsigned char) const
 .text._ZN9OutPacketC1Ev
                0x0000564e       0x10 src\shared\Packet.o
                0x0000564e                OutPacket::OutPacket()
 .text._ZN9OutPacket5resetEv
                0x0000565e       0x10 src\shared\Packet.o
                0x0000565e                OutPacket::reset()
 .text._ZN9OutPacket16prepareForResendEv
                0x0000566e        0xc src\shared\Packet.o
                0x0000566e                OutPacket::prepareForResend()
 .text._ZN9OutPacket17getNextByteToSendEv
                0x0000567a       0x8c src\shared\Packet.o
                0x0000567a                OutPacket::getNextByteToSend()
 .text._ZN9OutPacket7append8Eh
                0x00005706       0x38 src\shared\Packet.o
                0x00005706                OutPacket::append8(unsigned char)
 .text._ZN9OutPacket8append16Ej
                0x0000573e       0x6c src\shared\Packet.o
                0x0000573e                OutPacket::append16(unsigned int)
 .text._ZN9OutPacket8append32Em
                0x000057aa       0xfe src\shared\Packet.o
                0x000057aa                OutPacket::append32(unsigned long)
 .text.libgcc   0x000058a8       0x3e c:/winavr-20100110/bin/../lib/gcc/avr/4.3.3/avr51\libgcc.a(_mulsi3.o)
                0x000058a8                __mulsi3
 .text.libgcc   0x000058e6       0x28 c:/winavr-20100110/bin/../lib/gcc/avr/4.3.3/avr51\libgcc.a(_udivmodhi4.o)
                0x000058e6                __udivmodhi4
 .text.libgcc   0x0000590e       0x26 c:/winavr-20100110/bin/../lib/gcc/avr/4.3.3/avr51\libgcc.a(_divmodhi4.o)
                0x0000590e                __divmodhi4
                0x0000590e                _div
 .text.libgcc   0x00005934       0x44 c:/winavr-20100110/bin/../lib/gcc/avr/4.3.3/avr51\libgcc.a(_udivmodsi4.o)
                0x00005934                __udivmodsi4
 .text.libgcc   0x00005978       0x36 c:/winavr-20100110/bin/../lib/gcc/avr/4.3.3/avr51\libgcc.a(_divmodsi4.o)
                0x00005978                __divmodsi4
 .text.libgcc   0x000059ae        0xc c:/winavr-20100110/bin/../lib/gcc/avr/4.3.3/avr51\libgcc.a(_tablejump.o)
                0x000059b2                __tablejump__
                0x000059ae                __tablejump2__
 .text.avr-libc
                0x000059ba       0x12 c:/winavr-20100110/bin/../lib/gcc/avr/4.3.3/../../../../avr/lib/avr51\libc.a(memcpy.o)
                0x000059ba                memcpy
 .text.avr-libc
                0x000059cc        0xe c:/winavr-20100110/bin/../lib/gcc/avr/4.3.3/../../../../avr/lib/avr51\libc.a(memset.o)
                0x000059cc                memset
 .text.avr-libc
                0x000059da       0x16 c:/winavr-20100110/bin/../lib/gcc/avr/4.3.3/../../../../avr/lib/avr51\libc.a(strchr.o)
                0x000059da                strchr
 .text.avr-libc
                0x000059f0       0x12 c:/winavr-20100110/bin/../lib/gcc/avr/4.3.3/../../../../avr/lib/avr51\libc.a(strcmp.o)
                0x000059f0                strcmp
 .text.avr-libc
                0x00005a02       0x1c c:/winavr-20100110/bin/../lib/gcc/avr/4.3.3/../../../../avr/lib/avr51\libc.a(strncmp.o)
                0x00005a02                strncmp
 .text.avr-libc
                0x00005a1e       0x1e c:/winavr-20100110/bin/../lib/gcc/avr/4.3.3/../../../../avr/lib/avr51\libc.a(strncpy.o)
                0x00005a1e                strncpy
 .text.avr-libc
                0x00005a3c       0x16 c:/winavr-20100110/bin/../lib/gcc/avr/4.3.3/../../../../avr/lib/avr51\libc.a(strrchr.o)
                0x00005a3c                strrchr
 .text.avr-libc
                0x00005a52       0x20 c:/winavr-20100110/bin/../lib/gcc/avr/4.3.3/../../../../avr/lib/avr51\libc.a(eerd_block_atmega1284p.o)
                0x00005a56                __eerd_blraw_m1284p
                0x00005a52                __eerd_block_m1284p
 .text.avr-libc
                0x00005a72       0x14 c:/winavr-20100110/bin/../lib/gcc/avr/4.3.3/../../../../avr/lib/avr51\libc.a(eewr_block_atmega1284p.o)
                0x00005a72                __eewr_block_m1284p
 .text.avr-libc
                0x00005a86       0x1c c:/winavr-20100110/bin/../lib/gcc/avr/4.3.3/../../../../avr/lib/avr51\libc.a(eewr_byte_atmega1284p.o)
                0x00005a86                __eewr_byte_m1284p
                0x00005a88                __eewr_r18_m1284p
                0x00005aa2                . = ALIGN (0x2)
 *(.fini9)
 .fini9         0x00005aa2        0x0 c:/winavr-20100110/bin/../lib/gcc/avr/4.3.3/avr51\libgcc.a(_exit.o)
                0x00005aa2                exit
                0x00005aa2                _exit
 *(.fini9)
 *(.fini8)
 *(.fini8)
 *(.fini7)
 *(.fini7)
 *(.fini6)
 *(.fini6)
 *(.fini5)
 *(.fini5)
 *(.fini4)
 *(.fini4)
 *(.fini3)
 *(.fini3)
 *(.fini2)
 *(.fini2)
 *(.fini1)
 *(.fini1)
 *(.fini0)
 .fini0         0x00005aa2        0x4 c:/winavr-20100110/bin/../lib/gcc/avr/4.3.3/avr51\libgcc.a(_exit.o)
 *(.fini0)
                0x00005aa6                _etext = .

.data           0x00800100       0x1c load address 0x00005aa6
                0x00800100                PROVIDE (__data_start, .)
 *(.data)
 .data          0x00800100        0xc build\Host.o
 .data          0x0080010c        0x2 build\SDCard.o
 *(.data*)
 .data._ZN4tool7retriesE
                0x0080010e        0x1 build\Tool.o
                0x0080010e                tool::retries
 *(.rodata)
 *(.rodata*)
 .rodata.char_mapping.2686
                0x0080010f        0xd build\lib_sd\fat.o
 *(.gnu.linkonce.d*)
                0x0080011c                . = ALIGN (0x2)
                0x0080011c                _edata = .
                0x0080011c                PROVIDE (__data_end, .)

.bss            0x0080011c     0x2497
                0x0080011c                PROVIDE (__bss_start, .)
 *(.bss)
 *(.bss*)
 .bss._ZN7command11buffer_dataE
                0x0080011c     0x2000 build\Command.o
                0x0080011c                command::buffer_data
 .bss._ZN7command14command_bufferE
                0x0080211c        0xa build\Command.o
                0x0080211c                command::command_buffer
 .bss._ZN7command6pausedE
                0x00802126        0x1 build\Command.o
                0x00802126                command::paused
 .bss._ZN7command4modeE
                0x00802127        0x2 build\Command.o
                0x00802127                command::mode
 .bss._ZN7command13delay_timeoutE
                0x00802129        0xa build\Command.o
                0x00802129                command::delay_timeout
 .bss._ZN7command14homing_timeoutE
                0x00802133        0xa build\Command.o
                0x00802133                command::homing_timeout
 .bss._ZN7command17tool_wait_timeoutE
                0x0080213d        0xa build\Command.o
                0x0080213d                command::tool_wait_timeout
 .bss.debugSlaveOut
                0x00802147       0x26 build\DebugPacketProcessor.o
                0x00802147                debugSlaveOut
 .bss.packet_in_timeout
                0x0080216d        0xa build\Host.o
                0x0080216d                packet_in_timeout
 .bss.do_host_reset
                0x00802177        0x1 build\Host.o
                0x00802177                do_host_reset
 .bss._ZN6sdcard9partitionE
                0x00802178        0x2 build\SDCard.o
                0x00802178                sdcard::partition
 .bss._ZN6sdcard2fsE
                0x0080217a        0x2 build\SDCard.o
                0x0080217a                sdcard::fs
 .bss._ZN6sdcard2ddE
                0x0080217c        0x2 build\SDCard.o
                0x0080217c                sdcard::dd
 .bss._ZN6sdcard4fileE
                0x0080217e        0x2 build\SDCard.o
                0x0080217e                sdcard::file
 .bss._ZN6sdcard9capturingE
                0x00802180        0x1 build\SDCard.o
                0x00802180                sdcard::capturing
 .bss._ZN6sdcard7playingE
                0x00802181        0x1 build\SDCard.o
                0x00802181                sdcard::playing
 .bss._ZN6sdcard13capturedBytesE
                0x00802182        0x4 build\SDCard.o
                0x00802182                sdcard::capturedBytes
 .bss._ZN6sdcard9next_byteE
                0x00802186        0x1 build\SDCard.o
                0x00802186                sdcard::next_byte
 .bss._ZN6sdcard8has_moreE
                0x00802187        0x1 build\SDCard.o
                0x00802187                sdcard::has_more
 .bss._ZN8steppers10is_runningE
                0x00802188        0x1 build\Steppers.o
                0x00802188                steppers::is_running
 .bss._ZN8steppers9intervalsE
                0x00802189        0x4 build\Steppers.o
                0x00802189                steppers::intervals
 .bss._ZN8steppers19intervals_remainingE
                0x0080218d        0x4 build\Steppers.o
                0x0080218d                steppers::intervals_remaining
 .bss._ZN8steppers4axesE
                0x00802191       0x6c build\Steppers.o
                0x00802191                steppers::axes
 .bss._ZN8steppers9is_homingE
                0x008021fd        0x1 build\Steppers.o
                0x008021fd                steppers::is_homing
 .bss._ZN8steppers5holdZE
                0x008021fe        0x1 build\Steppers.o
                0x008021fe                steppers::holdZ
 .bss._ZN4tool18transaction_activeE
                0x008021ff        0x1 build\Tool.o
                0x008021ff                tool::transaction_active
 .bss._ZN4tool6lockedE
                0x00802200        0x1 build\Tool.o
                0x00802200                tool::locked
 .bss._ZN4tool7timeoutE
                0x00802201        0xa build\Tool.o
                0x00802201                tool::timeout
 .bss._ZN4tool10tool_indexE
                0x0080220b        0x1 build\Tool.o
                0x0080220b                tool::tool_index
 .bss._ZL15fat_dir_handles
                0x0080220c       0x62 build\lib_sd\fat.o
 .bss._ZL16fat_file_handles
                0x0080226e       0x34 build\lib_sd\fat.o
 .bss._ZL14fat_fs_handles
                0x008022a2       0x1c build\lib_sd\fat.o
 .bss._ZL17partition_handles
                0x008022be       0x11 build\lib_sd\partition.o
 .bss._ZL17raw_block_written
                0x008022cf        0x1 build\lib_sd\sd_raw.o
 .bss._ZL17raw_block_address
                0x008022d0        0x4 build\lib_sd\sd_raw.o
 .bss._ZL9raw_block
                0x008022d4      0x200 build\lib_sd\sd_raw.o
 .bss._ZL16sd_raw_card_type
                0x008024d4        0x1 build\lib_sd\sd_raw.o
 .bss._ZN11Motherboard11motherboardE
                0x008024d5       0x35 build\boards\rrmbv12\Motherboard.o
                0x008024d5                Motherboard::motherboard
 .bss.blink_count
                0x0080250a        0x1 build\boards\rrmbv12\Motherboard.o
                0x0080250a                blink_count
 .bss.blink_state
                0x0080250b        0x2 build\boards\rrmbv12\Motherboard.o
                0x0080250b                blink_state
 .bss.blink_ovfs_remaining
                0x0080250d        0x2 build\boards\rrmbv12\Motherboard.o
                0x0080250d                blink_ovfs_remaining
 .bss.blinked_so_far
                0x0080250f        0x2 build\boards\rrmbv12\Motherboard.o
                0x0080250f                blinked_so_far
 .bss._ZN4UART4uartE
                0x00802511       0x9c build\boards\rrmbv12\UART.o
                0x00802511                UART::uart
 .bss.loopback_bytes
                0x008025ad        0x1 build\boards\rrmbv12\UART.o
                0x008025ad                loopback_bytes
 .bss.byte_in   0x008025ae        0x1 build\boards\rrmbv12\UART.o
                0x008025ae                byte_in
 .bss.PortA     0x008025af        0x1 src\shared\AvrPort.o
                0x008025af                PortA
 .bss.PortB     0x008025b0        0x1 src\shared\AvrPort.o
                0x008025b0                PortB
 .bss.PortC     0x008025b1        0x1 src\shared\AvrPort.o
                0x008025b1                PortC
 .bss.PortD     0x008025b2        0x1 src\shared\AvrPort.o
                0x008025b2                PortD
 *(COMMON)
                0x008025b3                PROVIDE (__bss_end, .)
                0x00005aa6                __data_load_start = LOADADDR (.data)
                0x00005ac2                __data_load_end = (__data_load_start + SIZEOF (.data))

.noinit         0x008025b3        0x0
                0x008025b3                PROVIDE (__noinit_start, .)
 *(.noinit*)
                0x008025b3                PROVIDE (__noinit_end, .)
                0x008025b3                _end = .
                0x008025b3                PROVIDE (__heap_start, .)

.eeprom         0x00810000        0x0
 *(.eeprom*)
                0x00810000                __eeprom_end = .

.fuse
 *(.fuse)
 *(.lfuse)
 *(.hfuse)
 *(.efuse)

.lock
 *(.lock*)

.signature
 *(.signature*)

.stab
 *(.stab)

.stabstr
 *(.stabstr)

.stab.excl
 *(.stab.excl)

.stab.exclstr
 *(.stab.exclstr)

.stab.index
 *(.stab.index)

.stab.indexstr
 *(.stab.indexstr)

.comment
 *(.comment)

.debug
 *(.debug)

.line
 *(.line)

.debug_srcinfo
 *(.debug_srcinfo)

.debug_sfnames
 *(.debug_sfnames)

.debug_aranges  0x00000000      0x7d8
 *(.debug_aranges)
 .debug_aranges
                0x00000000       0x80 build\Command.o
 .debug_aranges
                0x00000080       0x28 build\DebugPacketProcessor.o
 .debug_aranges
                0x000000a8       0x30 build\EepromMap.o
 .debug_aranges
                0x000000d8       0x40 build\Host.o
 .debug_aranges
                0x00000118       0x28 build\Main.o
 .debug_aranges
                0x00000140       0xc8 build\SDCard.o
 .debug_aranges
                0x00000208       0x80 build\Steppers.o
 .debug_aranges
                0x00000288       0x40 build\Timeout.o
 .debug_aranges
                0x000002c8       0x60 build\Tool.o
 .debug_aranges
                0x00000328       0xf0 build\lib_sd\fat.o
 .debug_aranges
                0x00000418       0x28 build\lib_sd\partition.o
 .debug_aranges
                0x00000440       0x68 build\lib_sd\sd_raw.o
 .debug_aranges
                0x000004a8       0x68 build\boards\rrmbv12\Motherboard.o
 .debug_aranges
                0x00000510       0x28 build\boards\rrmbv12\PSU.o
 .debug_aranges
                0x00000538       0x48 build\boards\rrmbv12\StepperInterface.o
 .debug_aranges
                0x00000580       0x68 build\boards\rrmbv12\UART.o
 .debug_aranges
                0x000005e8       0x20 src\shared\AvrPort.o
 .debug_aranges
                0x00000608       0x50 src\shared\PID.o
 .debug_aranges
                0x00000658       0xa0 src\shared\Packet.o
 .debug_aranges
                0x000006f8       0x20 c:/winavr-20100110/bin/../lib/gcc/avr/4.3.3/avr51\libgcc.a(_addsub_sf.o)
 .debug_aranges
                0x00000718       0x20 c:/winavr-20100110/bin/../lib/gcc/avr/4.3.3/avr51\libgcc.a(_mul_sf.o)
 .debug_aranges
                0x00000738       0x20 c:/winavr-20100110/bin/../lib/gcc/avr/4.3.3/avr51\libgcc.a(_si_to_sf.o)
 .debug_aranges
                0x00000758       0x20 c:/winavr-20100110/bin/../lib/gcc/avr/4.3.3/avr51\libgcc.a(_sf_to_si.o)
 .debug_aranges
                0x00000778       0x20 c:/winavr-20100110/bin/../lib/gcc/avr/4.3.3/avr51\libgcc.a(_clzsi2.o)
 .debug_aranges
                0x00000798       0x20 c:/winavr-20100110/bin/../lib/gcc/avr/4.3.3/avr51\libgcc.a(_pack_sf.o)
 .debug_aranges
                0x000007b8       0x20 c:/winavr-20100110/bin/../lib/gcc/avr/4.3.3/avr51\libgcc.a(_unpack_sf.o)

.debug_pubnames
                0x00000000     0x1050
 *(.debug_pubnames)
 .debug_pubnames
                0x00000000      0x180 build\Command.o
 .debug_pubnames
                0x00000180       0x3b build\DebugPacketProcessor.o
 .debug_pubnames
                0x000001bb       0x3a build\EepromMap.o
 .debug_pubnames
                0x000001f5       0x8b build\Host.o
 .debug_pubnames
                0x00000280       0x25 build\Main.o
 .debug_pubnames
                0x000002a5      0x1ed build\SDCard.o
 .debug_pubnames
                0x00000492      0x125 build\Steppers.o
 .debug_pubnames
                0x000005b7       0x7a build\Timeout.o
 .debug_pubnames
                0x00000631       0xde build\Tool.o
 .debug_pubnames
                0x0000070f      0x164 build\lib_sd\fat.o
 .debug_pubnames
                0x00000873       0x39 build\lib_sd\partition.o
 .debug_pubnames
                0x000008ac       0xc1 build\lib_sd\sd_raw.o
 .debug_pubnames
                0x0000096d      0x16b build\boards\rrmbv12\Motherboard.o
 .debug_pubnames
                0x00000ad8       0x30 build\boards\rrmbv12\PSU.o
 .debug_pubnames
                0x00000b08       0xd0 build\boards\rrmbv12\StepperInterface.o
 .debug_pubnames
                0x00000bd8       0xd3 build\boards\rrmbv12\UART.o
 .debug_pubnames
                0x00000cab       0x3a src\shared\AvrPort.o
 .debug_pubnames
                0x00000ce5       0x9f src\shared\PID.o
 .debug_pubnames
                0x00000d84      0x19e src\shared\Packet.o
 .debug_pubnames
                0x00000f22       0x2c c:/winavr-20100110/bin/../lib/gcc/avr/4.3.3/avr51\libgcc.a(_addsub_sf.o)
 .debug_pubnames
                0x00000f4e       0x1f c:/winavr-20100110/bin/../lib/gcc/avr/4.3.3/avr51\libgcc.a(_mul_sf.o)
 .debug_pubnames
                0x00000f6d       0x22 c:/winavr-20100110/bin/../lib/gcc/avr/4.3.3/avr51\libgcc.a(_si_to_sf.o)
 .debug_pubnames
                0x00000f8f       0x20 c:/winavr-20100110/bin/../lib/gcc/avr/4.3.3/avr51\libgcc.a(_sf_to_si.o)
 .debug_pubnames
                0x00000faf       0x22 c:/winavr-20100110/bin/../lib/gcc/avr/4.3.3/avr51\libgcc.a(_thenan_sf.o)
 .debug_pubnames
                0x00000fd1       0x1f c:/winavr-20100110/bin/../lib/gcc/avr/4.3.3/avr51\libgcc.a(_clzsi2.o)
 .debug_pubnames
                0x00000ff0       0x1f c:/winavr-20100110/bin/../lib/gcc/avr/4.3.3/avr51\libgcc.a(_pack_sf.o)
 .debug_pubnames
                0x0000100f       0x21 c:/winavr-20100110/bin/../lib/gcc/avr/4.3.3/avr51\libgcc.a(_unpack_sf.o)
 .debug_pubnames
                0x00001030       0x20 c:/winavr-20100110/bin/../lib/gcc/avr/4.3.3/avr51\libgcc.a(_clz.o)

.debug_info     0x00000000    0x116a7
 *(.debug_info)
 .debug_info    0x00000000     0x1bc0 build\Command.o
 .debug_info    0x00001bc0      0xec0 build\DebugPacketProcessor.o
 .debug_info    0x00002a80      0x257 build\EepromMap.o
 .debug_info    0x00002cd7     0x1d3d build\Host.o
 .debug_info    0x00004a14      0xd5b build\Main.o
 .debug_info    0x0000576f      0xbaa build\SDCard.o
 .debug_info    0x00006319     0x15a2 build\Steppers.o
 .debug_info    0x000078bb      0xcef build\Timeout.o
 .debug_info    0x000085aa      0xfb0 build\Tool.o
 .debug_info    0x0000955a       0x5e build\lib_sd\byteordering.o
 .debug_info    0x000095b8     0x16c2 build\lib_sd\fat.o
 .debug_info    0x0000ac7a      0x334 build\lib_sd\partition.o
 .debug_info    0x0000afae      0xd74 build\lib_sd\sd_raw.o
 .debug_info    0x0000bd22     0x13ae build\boards\rrmbv12\Motherboard.o
 .debug_info    0x0000d0d0      0x47e build\boards\rrmbv12\PSU.o
 .debug_info    0x0000d54e      0xa82 build\boards\rrmbv12\StepperInterface.o
 .debug_info    0x0000dfd0      0xd60 build\boards\rrmbv12\UART.o
 .debug_info    0x0000ed30      0x2b0 src\shared\AvrPort.o
 .debug_info    0x0000efe0      0x3ed src\shared\PID.o
 .debug_info    0x0000f3cd      0xd08 src\shared\Packet.o
 .debug_info    0x000100d5      0x47a c:/winavr-20100110/bin/../lib/gcc/avr/4.3.3/avr51\libgcc.a(_addsub_sf.o)
 .debug_info    0x0001054f      0x485 c:/winavr-20100110/bin/../lib/gcc/avr/4.3.3/avr51\libgcc.a(_mul_sf.o)
 .debug_info    0x000109d4      0x207 c:/winavr-20100110/bin/../lib/gcc/avr/4.3.3/avr51\libgcc.a(_si_to_sf.o)
 .debug_info    0x00010bdb      0x2b0 c:/winavr-20100110/bin/../lib/gcc/avr/4.3.3/avr51\libgcc.a(_sf_to_si.o)
 .debug_info    0x00010e8b      0x12c c:/winavr-20100110/bin/../lib/gcc/avr/4.3.3/avr51\libgcc.a(_thenan_sf.o)
 .debug_info    0x00010fb7      0x117 c:/winavr-20100110/bin/../lib/gcc/avr/4.3.3/avr51\libgcc.a(_clzsi2.o)
 .debug_info    0x000110ce      0x2df c:/winavr-20100110/bin/../lib/gcc/avr/4.3.3/avr51\libgcc.a(_pack_sf.o)
 .debug_info    0x000113ad      0x251 c:/winavr-20100110/bin/../lib/gcc/avr/4.3.3/avr51\libgcc.a(_unpack_sf.o)
 .debug_info    0x000115fe       0xa9 c:/winavr-20100110/bin/../lib/gcc/avr/4.3.3/avr51\libgcc.a(_clz.o)
 *(.gnu.linkonce.wi.*)

.debug_abbrev   0x00000000     0x40e3
 *(.debug_abbrev)
 .debug_abbrev  0x00000000      0x45f build\Command.o
 .debug_abbrev  0x0000045f      0x32f build\DebugPacketProcessor.o
 .debug_abbrev  0x0000078e      0x135 build\EepromMap.o
 .debug_abbrev  0x000008c3      0x4a7 build\Host.o
 .debug_abbrev  0x00000d6a      0x30a build\Main.o
 .debug_abbrev  0x00001074      0x2fc build\SDCard.o
 .debug_abbrev  0x00001370      0x3f5 build\Steppers.o
 .debug_abbrev  0x00001765      0x2a7 build\Timeout.o
 .debug_abbrev  0x00001a0c      0x340 build\Tool.o
 .debug_abbrev  0x00001d4c       0x2a build\lib_sd\byteordering.o
 .debug_abbrev  0x00001d76      0x284 build\lib_sd\fat.o
 .debug_abbrev  0x00001ffa       0xea build\lib_sd\partition.o
 .debug_abbrev  0x000020e4      0x3a6 build\lib_sd\sd_raw.o
 .debug_abbrev  0x0000248a      0x3b9 build\boards\rrmbv12\Motherboard.o
 .debug_abbrev  0x00002843      0x1b6 build\boards\rrmbv12\PSU.o
 .debug_abbrev  0x000029f9      0x25a build\boards\rrmbv12\StepperInterface.o
 .debug_abbrev  0x00002c53      0x316 build\boards\rrmbv12\UART.o
 .debug_abbrev  0x00002f69      0x14b src\shared\AvrPort.o
 .debug_abbrev  0x000030b4      0x16e src\shared\PID.o
 .debug_abbrev  0x00003222      0x306 src\shared\Packet.o
 .debug_abbrev  0x00003528      0x1ea c:/winavr-20100110/bin/../lib/gcc/avr/4.3.3/avr51\libgcc.a(_addsub_sf.o)
 .debug_abbrev  0x00003712      0x21b c:/winavr-20100110/bin/../lib/gcc/avr/4.3.3/avr51\libgcc.a(_mul_sf.o)
 .debug_abbrev  0x0000392d      0x148 c:/winavr-20100110/bin/../lib/gcc/avr/4.3.3/avr51\libgcc.a(_si_to_sf.o)
 .debug_abbrev  0x00003a75      0x17f c:/winavr-20100110/bin/../lib/gcc/avr/4.3.3/avr51\libgcc.a(_sf_to_si.o)
 .debug_abbrev  0x00003bf4       0xad c:/winavr-20100110/bin/../lib/gcc/avr/4.3.3/avr51\libgcc.a(_thenan_sf.o)
 .debug_abbrev  0x00003ca1       0xc4 c:/winavr-20100110/bin/../lib/gcc/avr/4.3.3/avr51\libgcc.a(_clzsi2.o)
 .debug_abbrev  0x00003d65      0x1c0 c:/winavr-20100110/bin/../lib/gcc/avr/4.3.3/avr51\libgcc.a(_pack_sf.o)
 .debug_abbrev  0x00003f25      0x154 c:/winavr-20100110/bin/../lib/gcc/avr/4.3.3/avr51\libgcc.a(_unpack_sf.o)
 .debug_abbrev  0x00004079       0x6a c:/winavr-20100110/bin/../lib/gcc/avr/4.3.3/avr51\libgcc.a(_clz.o)

.debug_line     0x00000000     0x6f58
 *(.debug_line)
 .debug_line    0x00000000      0xaf4 build\Command.o
 .debug_line    0x00000af4      0x339 build\DebugPacketProcessor.o
 .debug_line    0x00000e2d      0x16a build\EepromMap.o
 .debug_line    0x00000f97      0x8db build\Host.o
 .debug_line    0x00001872      0x25c build\Main.o
 .debug_line    0x00001ace      0x652 build\SDCard.o
 .debug_line    0x00002120      0x666 build\Steppers.o
 .debug_line    0x00002786      0x1f9 build\Timeout.o
 .debug_line    0x0000297f      0x3c7 build\Tool.o
 .debug_line    0x00002d46       0x3e build\lib_sd\byteordering.o
 .debug_line    0x00002d84     0x1292 build\lib_sd\fat.o
 .debug_line    0x00004016      0x183 build\lib_sd\partition.o
 .debug_line    0x00004199      0xa70 build\lib_sd\sd_raw.o
 .debug_line    0x00004c09      0x5b7 build\boards\rrmbv12\Motherboard.o
 .debug_line    0x000051c0      0x130 build\boards\rrmbv12\PSU.o
 .debug_line    0x000052f0      0x2b0 build\boards\rrmbv12\StepperInterface.o
 .debug_line    0x000055a0      0x38a build\boards\rrmbv12\UART.o
 .debug_line    0x0000592a       0xd3 src\shared\AvrPort.o
 .debug_line    0x000059fd      0x251 src\shared\PID.o
 .debug_line    0x00005c4e      0x75e src\shared\Packet.o
 .debug_line    0x000063ac      0x2af c:/winavr-20100110/bin/../lib/gcc/avr/4.3.3/avr51\libgcc.a(_addsub_sf.o)
 .debug_line    0x0000665b      0x239 c:/winavr-20100110/bin/../lib/gcc/avr/4.3.3/avr51\libgcc.a(_mul_sf.o)
 .debug_line    0x00006894      0x135 c:/winavr-20100110/bin/../lib/gcc/avr/4.3.3/avr51\libgcc.a(_si_to_sf.o)
 .debug_line    0x000069c9      0x109 c:/winavr-20100110/bin/../lib/gcc/avr/4.3.3/avr51\libgcc.a(_sf_to_si.o)
 .debug_line    0x00006ad2       0x90 c:/winavr-20100110/bin/../lib/gcc/avr/4.3.3/avr51\libgcc.a(_thenan_sf.o)
 .debug_line    0x00006b62       0xa5 c:/winavr-20100110/bin/../lib/gcc/avr/4.3.3/avr51\libgcc.a(_clzsi2.o)
 .debug_line    0x00006c07      0x18a c:/winavr-20100110/bin/../lib/gcc/avr/4.3.3/avr51\libgcc.a(_pack_sf.o)
 .debug_line    0x00006d91      0x14b c:/winavr-20100110/bin/../lib/gcc/avr/4.3.3/avr51\libgcc.a(_unpack_sf.o)
 .debug_line    0x00006edc       0x7c c:/winavr-20100110/bin/../lib/gcc/avr/4.3.3/avr51\libgcc.a(_clz.o)

.debug_frame    0x00000000      0xc90
 *(.debug_frame)
 .debug_frame   0x00000000       0xe0 build\Command.o
 .debug_frame   0x000000e0       0x30 build\DebugPacketProcessor.o
 .debug_frame   0x00000110       0x40 build\EepromMap.o
 .debug_frame   0x00000150       0x60 build\Host.o
 .debug_frame   0x000001b0       0x30 build\Main.o
 .debug_frame   0x000001e0      0x170 build\SDCard.o
 .debug_frame   0x00000350       0xe0 build\Steppers.o
 .debug_frame   0x00000430       0x60 build\Timeout.o
 .debug_frame   0x00000490       0xa0 build\Tool.o
 .debug_frame   0x00000530      0x1c0 build\lib_sd\fat.o
 .debug_frame   0x000006f0       0x30 build\lib_sd\partition.o
 .debug_frame   0x00000720       0xb0 build\lib_sd\sd_raw.o
 .debug_frame   0x000007d0       0xb0 build\boards\rrmbv12\Motherboard.o
 .debug_frame   0x00000880       0x30 build\boards\rrmbv12\PSU.o
 .debug_frame   0x000008b0       0x70 build\boards\rrmbv12\StepperInterface.o
 .debug_frame   0x00000920       0xb0 build\boards\rrmbv12\UART.o
 .debug_frame   0x000009d0       0x20 src\shared\AvrPort.o
 .debug_frame   0x000009f0       0x80 src\shared\PID.o
 .debug_frame   0x00000a70      0x120 src\shared\Packet.o
 .debug_frame   0x00000b90       0x40 c:/winavr-20100110/bin/../lib/gcc/avr/4.3.3/avr51\libgcc.a(_addsub_sf.o)
 .debug_frame   0x00000bd0       0x20 c:/winavr-20100110/bin/../lib/gcc/avr/4.3.3/avr51\libgcc.a(_mul_sf.o)
 .debug_frame   0x00000bf0       0x20 c:/winavr-20100110/bin/../lib/gcc/avr/4.3.3/avr51\libgcc.a(_si_to_sf.o)
 .debug_frame   0x00000c10       0x20 c:/winavr-20100110/bin/../lib/gcc/avr/4.3.3/avr51\libgcc.a(_sf_to_si.o)
 .debug_frame   0x00000c30       0x20 c:/winavr-20100110/bin/../lib/gcc/avr/4.3.3/avr51\libgcc.a(_clzsi2.o)
 .debug_frame   0x00000c50       0x20 c:/winavr-20100110/bin/../lib/gcc/avr/4.3.3/avr51\libgcc.a(_pack_sf.o)
 .debug_frame   0x00000c70       0x20 c:/winavr-20100110/bin/../lib/gcc/avr/4.3.3/avr51\libgcc.a(_unpack_sf.o)

.debug_str      0x00000000     0x3237
 *(.debug_str)
 .debug_str     0x00000000     0x10af build\Command.o
                               0x11e4 (size before relaxing)
 .debug_str     0x000010af      0x23c build\DebugPacketProcessor.o
                                0xd87 (size before relaxing)
 .debug_str     0x000012eb      0x119 build\EepromMap.o
                                0x1d3 (size before relaxing)
 .debug_str     0x00001404      0x318 build\Host.o
                               0x102a (size before relaxing)
 .debug_str     0x0000171c       0x28 build\Main.o
                                0xb9f (size before relaxing)
 .debug_str     0x00001744      0x5eb build\SDCard.o
                                0x9b2 (size before relaxing)
 .debug_str     0x00001d2f      0x45b build\Steppers.o
                                0xf5d (size before relaxing)
 .debug_str     0x0000218a       0x24 build\Timeout.o
                                0xb15 (size before relaxing)
 .debug_str     0x000021ae      0x143 build\Tool.o
                                0xd01 (size before relaxing)
 .debug_str     0x000022f1       0x1c build\lib_sd\byteordering.o
                                 0xae (size before relaxing)
 .debug_str     0x0000230d      0x5d1 build\lib_sd\fat.o
                                0x88a (size before relaxing)
 .debug_str     0x000028de       0x58 build\lib_sd\partition.o
                                0x21d (size before relaxing)
 .debug_str     0x00002936      0x276 build\lib_sd\sd_raw.o
                                0x4c3 (size before relaxing)
 .debug_str     0x00002bac       0xf3 build\boards\rrmbv12\Motherboard.o
                                0xbad (size before relaxing)
 .debug_str     0x00002c9f       0x1c build\boards\rrmbv12\PSU.o
                                0x23c (size before relaxing)
 .debug_str     0x00002cbb       0x5e build\boards\rrmbv12\StepperInterface.o
                                0x3fc (size before relaxing)
 .debug_str     0x00002d19       0x8b build\boards\rrmbv12\UART.o
                                0x774 (size before relaxing)
 .debug_str     0x00002da4       0x34 src\shared\AvrPort.o
                                0x1c8 (size before relaxing)
 .debug_str     0x00002dd8      0x1ce src\shared\PID.o
                                0x298 (size before relaxing)
 .debug_str     0x00002fa6       0x40 src\shared\Packet.o
                                0x55d (size before relaxing)
 .debug_str     0x00002fe6      0x18b c:/winavr-20100110/bin/../lib/gcc/avr/4.3.3/avr51\libgcc.a(_addsub_sf.o)
                                0x207 (size before relaxing)
 .debug_str     0x00003171       0x27 c:/winavr-20100110/bin/../lib/gcc/avr/4.3.3/avr51\libgcc.a(_mul_sf.o)
                                0x1c0 (size before relaxing)
 .debug_str     0x00003198       0x1e c:/winavr-20100110/bin/../lib/gcc/avr/4.3.3/avr51\libgcc.a(_si_to_sf.o)
                                0x17c (size before relaxing)
 .debug_str     0x000031b6        0xa c:/winavr-20100110/bin/../lib/gcc/avr/4.3.3/avr51\libgcc.a(_sf_to_si.o)
                                0x19f (size before relaxing)
 .debug_str     0x00000000      0x104 c:/winavr-20100110/bin/../lib/gcc/avr/4.3.3/avr51\libgcc.a(_thenan_sf.o)
 .debug_str     0x000031c0       0x5c c:/winavr-20100110/bin/../lib/gcc/avr/4.3.3/avr51\libgcc.a(_clzsi2.o)
                                0x112 (size before relaxing)
 .debug_str     0x0000321c       0x10 c:/winavr-20100110/bin/../lib/gcc/avr/4.3.3/avr51\libgcc.a(_pack_sf.o)
                                0x19e (size before relaxing)
 .debug_str     0x0000322c        0xb c:/winavr-20100110/bin/../lib/gcc/avr/4.3.3/avr51\libgcc.a(_unpack_sf.o)
                                0x180 (size before relaxing)
 .debug_str     0x00000000       0xf5 c:/winavr-20100110/bin/../lib/gcc/avr/4.3.3/avr51\libgcc.a(_clz.o)

.debug_loc      0x00000000     0x594a
 *(.debug_loc)
 .debug_loc     0x00000000      0x86a build\Command.o
 .debug_loc     0x0000086a      0x212 build\DebugPacketProcessor.o
 .debug_loc     0x00000a7c       0xf1 build\EepromMap.o
 .debug_loc     0x00000b6d      0x6e3 build\Host.o
 .debug_loc     0x00001250       0x29 build\Main.o
 .debug_loc     0x00001279      0x322 build\SDCard.o
 .debug_loc     0x0000159b      0x389 build\Steppers.o
 .debug_loc     0x00001924       0x84 build\Timeout.o
 .debug_loc     0x000019a8     0x2012 build\lib_sd\fat.o
 .debug_loc     0x000039ba      0x1da build\lib_sd\partition.o
 .debug_loc     0x00003b94      0xc05 build\lib_sd\sd_raw.o
 .debug_loc     0x00004799      0x139 build\boards\rrmbv12\Motherboard.o
 .debug_loc     0x000048d2       0x30 build\boards\rrmbv12\PSU.o
 .debug_loc     0x00004902      0x1bb build\boards\rrmbv12\StepperInterface.o
 .debug_loc     0x00004abd      0x12e build\boards\rrmbv12\UART.o
 .debug_loc     0x00004beb      0x19c src\shared\PID.o
 .debug_loc     0x00004d87      0x3ed src\shared\Packet.o
 .debug_loc     0x00005174      0x32a c:/winavr-20100110/bin/../lib/gcc/avr/4.3.3/avr51\libgcc.a(_addsub_sf.o)
 .debug_loc     0x0000549e      0x104 c:/winavr-20100110/bin/../lib/gcc/avr/4.3.3/avr51\libgcc.a(_mul_sf.o)
 .debug_loc     0x000055a2       0xac c:/winavr-20100110/bin/../lib/gcc/avr/4.3.3/avr51\libgcc.a(_si_to_sf.o)
 .debug_loc     0x0000564e       0x7e c:/winavr-20100110/bin/../lib/gcc/avr/4.3.3/avr51\libgcc.a(_sf_to_si.o)
 .debug_loc     0x000056cc       0x94 c:/winavr-20100110/bin/../lib/gcc/avr/4.3.3/avr51\libgcc.a(_clzsi2.o)
 .debug_loc     0x00005760      0x13e c:/winavr-20100110/bin/../lib/gcc/avr/4.3.3/avr51\libgcc.a(_pack_sf.o)
 .debug_loc     0x0000589e       0xac c:/winavr-20100110/bin/../lib/gcc/avr/4.3.3/avr51\libgcc.a(_unpack_sf.o)

.debug_macinfo
 *(.debug_macinfo)
OUTPUT(build\MB-rrmbv12-v2.7.elf elf32-avr)
LOAD linker stubs

.debug_ranges   0x00000000      0xa88
 .debug_ranges  0x00000000       0x90 build\Command.o
 .debug_ranges  0x00000090       0x20 build\DebugPacketProcessor.o
 .debug_ranges  0x000000b0       0x28 build\EepromMap.o
 .debug_ranges  0x000000d8      0x1a8 build\Host.o
 .debug_ranges  0x00000280       0x20 build\Main.o
 .debug_ranges  0x000002a0       0xd8 build\SDCard.o
 .debug_ranges  0x00000378       0xe8 build\Steppers.o
 .debug_ranges  0x00000460       0x38 build\Timeout.o
 .debug_ranges  0x00000498       0x58 build\Tool.o
 .debug_ranges  0x000004f0      0x1a8 build\lib_sd\fat.o
 .debug_ranges  0x00000698       0x20 build\lib_sd\partition.o
 .debug_ranges  0x000006b8      0x120 build\lib_sd\sd_raw.o
 .debug_ranges  0x000007d8       0x60 build\boards\rrmbv12\Motherboard.o
 .debug_ranges  0x00000838       0x20 build\boards\rrmbv12\PSU.o
 .debug_ranges  0x00000858       0x40 build\boards\rrmbv12\StepperInterface.o
 .debug_ranges  0x00000898       0x60 build\boards\rrmbv12\UART.o
 .debug_ranges  0x000008f8       0x18 src\shared\AvrPort.o
 .debug_ranges  0x00000910       0x48 src\shared\PID.o
 .debug_ranges  0x00000958       0xe0 src\shared\Packet.o
 .debug_ranges  0x00000a38       0x50 c:/winavr-20100110/bin/../lib/gcc/avr/4.3.3/avr51\libgcc.a(_mul_sf.o)
