Archive member included because of file (symbol)

c:/progra~2/codesourcery/source~1/bin/../lib/gcc/arm-none-eabi/4.5.2/../../../../arm-none-eabi/lib/thumb2\libstdc++.a(si_class_type_info.o)
                              build\Menu.o (vtable for __cxxabiv1::__si_class_type_info)
c:/progra~2/codesourcery/source~1/bin/../lib/gcc/arm-none-eabi/4.5.2/../../../../arm-none-eabi/lib/thumb2\libstdc++.a(pure.o)
                              build\Menu.o (__cxa_pure_virtual)
c:/progra~2/codesourcery/source~1/bin/../lib/gcc/arm-none-eabi/4.5.2/../../../../arm-none-eabi/lib/thumb2\libstdc++.a(class_type_info.o)
                              c:/progra~2/codesourcery/source~1/bin/../lib/gcc/arm-none-eabi/4.5.2/../../../../arm-none-eabi/lib/thumb2\libstdc++.a(si_class_type_info.o) (__cxxabiv1::__class_type_info::__do_upcast(__cxxabiv1::__class_type_info const*, void**) const)
c:/progra~2/codesourcery/source~1/bin/../lib/gcc/arm-none-eabi/4.5.2/../../../../arm-none-eabi/lib/thumb2\libstdc++.a(tinfo.o)
                              c:/progra~2/codesourcery/source~1/bin/../lib/gcc/arm-none-eabi/4.5.2/../../../../arm-none-eabi/lib/thumb2\libstdc++.a(class_type_info.o) (std::type_info::~type_info())
c:/progra~2/codesourcery/source~1/bin/../lib/gcc/arm-none-eabi/4.5.2/../../../../arm-none-eabi/lib/thumb2\libstdc++.a(eh_terminate.o)
                              c:/progra~2/codesourcery/source~1/bin/../lib/gcc/arm-none-eabi/4.5.2/../../../../arm-none-eabi/lib/thumb2\libstdc++.a(pure.o) (std::terminate())
c:/progra~2/codesourcery/source~1/bin/../lib/gcc/arm-none-eabi/4.5.2/../../../../arm-none-eabi/lib/thumb2\libstdc++.a(eh_call.o)
                              c:/progra~2/codesourcery/source~1/bin/../lib/gcc/arm-none-eabi/4.5.2/../../../../arm-none-eabi/lib/thumb2\libstdc++.a(eh_terminate.o) (__cxa_call_unexpected)
c:/progra~2/codesourcery/source~1/bin/../lib/gcc/arm-none-eabi/4.5.2/../../../../arm-none-eabi/lib/thumb2\libstdc++.a(eh_term_handler.o)
                              c:/progra~2/codesourcery/source~1/bin/../lib/gcc/arm-none-eabi/4.5.2/../../../../arm-none-eabi/lib/thumb2\libstdc++.a(eh_terminate.o) (__cxxabiv1::__terminate_handler)
c:/progra~2/codesourcery/source~1/bin/../lib/gcc/arm-none-eabi/4.5.2/../../../../arm-none-eabi/lib/thumb2\libstdc++.a(eh_personality.o)
                              c:/progra~2/codesourcery/source~1/bin/../lib/gcc/arm-none-eabi/4.5.2/../../../../arm-none-eabi/lib/thumb2\libstdc++.a(eh_terminate.o) (__gxx_personality_v0)
c:/progra~2/codesourcery/source~1/bin/../lib/gcc/arm-none-eabi/4.5.2/../../../../arm-none-eabi/lib/thumb2\libstdc++.a(eh_throw.o)
                              c:/progra~2/codesourcery/source~1/bin/../lib/gcc/arm-none-eabi/4.5.2/../../../../arm-none-eabi/lib/thumb2\libstdc++.a(eh_call.o) (__cxa_throw)
c:/progra~2/codesourcery/source~1/bin/../lib/gcc/arm-none-eabi/4.5.2/../../../../arm-none-eabi/lib/thumb2\libstdc++.a(eh_unex_handler.o)
                              c:/progra~2/codesourcery/source~1/bin/../lib/gcc/arm-none-eabi/4.5.2/../../../../arm-none-eabi/lib/thumb2\libstdc++.a(eh_terminate.o) (__cxxabiv1::__unexpected_handler)
c:/progra~2/codesourcery/source~1/bin/../lib/gcc/arm-none-eabi/4.5.2/../../../../arm-none-eabi/lib/thumb2\libstdc++.a(eh_globals.o)
                              c:/progra~2/codesourcery/source~1/bin/../lib/gcc/arm-none-eabi/4.5.2/../../../../arm-none-eabi/lib/thumb2\libstdc++.a(eh_call.o) (__cxa_get_globals_fast)
c:/progra~2/codesourcery/source~1/bin/../lib/gcc/arm-none-eabi/4.5.2/../../../../arm-none-eabi/lib/thumb2\libstdc++.a(eh_catch.o)
                              c:/progra~2/codesourcery/source~1/bin/../lib/gcc/arm-none-eabi/4.5.2/../../../../arm-none-eabi/lib/thumb2\libstdc++.a(eh_terminate.o) (__cxa_begin_catch)
c:/progra~2/codesourcery/source~1/bin/../lib/gcc/arm-none-eabi/4.5.2/../../../../arm-none-eabi/lib/thumb2\libstdc++.a(vterminate.o)
                              c:/progra~2/codesourcery/source~1/bin/../lib/gcc/arm-none-eabi/4.5.2/../../../../arm-none-eabi/lib/thumb2\libstdc++.a(eh_term_handler.o) (__gnu_cxx::__verbose_terminate_handler())
c:/progra~2/codesourcery/source~1/bin/../lib/gcc/arm-none-eabi/4.5.2/../../../../arm-none-eabi/lib/thumb2\libstdc++.a(eh_exception.o)
                              c:/progra~2/codesourcery/source~1/bin/../lib/gcc/arm-none-eabi/4.5.2/../../../../arm-none-eabi/lib/thumb2\libstdc++.a(eh_call.o) (std::bad_exception::~bad_exception())
c:/progra~2/codesourcery/source~1/bin/../lib/gcc/arm-none-eabi/4.5.2/../../../../arm-none-eabi/lib/thumb2\libstdc++.a(eh_type.o)
                              c:/progra~2/codesourcery/source~1/bin/../lib/gcc/arm-none-eabi/4.5.2/../../../../arm-none-eabi/lib/thumb2\libstdc++.a(vterminate.o) (__cxa_current_exception_type)
c:/progra~2/codesourcery/source~1/bin/../lib/gcc/arm-none-eabi/4.5.2/../../../../arm-none-eabi/lib/thumb2\libstdc++.a(eh_arm.o)
[...]
Memory Configuration

Name             Origin             Length             Attributes
rom              0x00003000         0x0007d000         xr
ram              0x10000000         0x00007000         xrw
ram1             0x2007c000         0x00004000         xrw
ram2             0x20080000         0x00004000         xrw
*default*        0x00000000         0xffffffff

Linker script and memory map

LOAD c:/progra~2/codesourcery/source~1/bin/../lib/gcc/arm-none-eabi/4.5.2/thumb2/crti.o
LOAD c:/progra~2/codesourcery/source~1/bin/../lib/gcc/arm-none-eabi/4.5.2/thumb2/crtbegin.o
LOAD build\system\core_cm3.o
LOAD build\system\syscalls.o
LOAD build\system\system_LPC17xx.o
LOAD build\system\mini_cpp.o
LOAD build\system\startup_LPC17xx.o
LOAD build\lib\source\Uart32.o
LOAD build\lib\source\lpc17xx_adc.o
LOAD build\lib\source\lpc17xx_clkpwr.o
LOAD build\lib\source\lpc17xx_gpio.o
LOAD build\lib\source\lpc17xx_i2c.o
LOAD build\lib\source\lpc17xx_libcfg_default.o
LOAD build\lib\source\lpc17xx_nvic.o
LOAD build\lib\source\lpc17xx_pinsel.o
LOAD build\lib\source\lpc17xx_spi.o
LOAD build\lib\source\lpc17xx_timer.o
LOAD build\lib\source\lpc17xx_uart.o
LOAD build\lib_sd\byteordering.o
LOAD build\lib_sd\fat.o
LOAD build\lib_sd\partition.o
LOAD build\lib_sd\sd_raw.o
LOAD build\IAP_internal_flash_write\IAP.o
LOAD build\USBCDC\cdcuser.o
LOAD build\USBCDC\serial.o
LOAD build\USBCDC\usbcore.o
LOAD build\USBCDC\usbdesc.o
LOAD build\USBCDC\usbhw.o
LOAD build\USBCDC\usbuser.o
LOAD build\USBCDC\vcomdemo.o
LOAD build\Atomic.o
LOAD build\ButtonArray.o
LOAD build\Command.o
LOAD build\DebugPacketProcessor.o
LOAD build\Delay.o
LOAD build\EepromMap.o
LOAD build\Host.o
LOAD build\Interface.o
LOAD build\InterfaceBoard.o
LOAD build\LPCPort.o
LOAD build\LiquidCrystal.o
LOAD build\Main.o
LOAD build\Menu.o
LOAD build\Microsteps.o
LOAD build\Motherboard.o
LOAD build\PID.o
LOAD build\Packet.o
LOAD build\SDCard.o
LOAD build\StepperAxis.o
LOAD build\StepperInterface.o
LOAD build\Steppers.o
LOAD build\Timeout.o
LOAD build\Tool.o
LOAD build\UART.o
LOAD build\test.o
LOAD build\test_led.o
LOAD build\test_u.o
                0x10007000                PROVIDE (__cs3_stack, (__cs3_region_start_ram + __cs3_region_size_ram))
                0x000051f8                PROVIDE (__cs3_stack_size, ((__cs3_region_start_ram + __cs3_region_size_ram) - _end))
                0x10001e08                PROVIDE (__cs3_heap_start, _end)
                0x10007000                PROVIDE (__cs3_heap_end, (__cs3_region_start_ram + __cs3_region_size_ram))

.text           0x00003000    0x2b510
 CREATE_OBJECT_SYMBOLS
                0x00003000                __cs3_region_start_rom = .
 *(.cs3.region-head.rom)
                0x00003000                __cs3_interrupt_vector = __cs3_interrupt_vector_cortex_m
 *(.cs3.interrupt_vector)
 .cs3.interrupt_vector
                0x00003000       0xcc build\system\startup_LPC17xx.o
                0x00003000                __cs3_interrupt_vector_cortex_m
                0x00003001                ASSERT ((. != __cs3_interrupt_vector_cortex_m), No interrupt vector)
 *(.rom)
 *(.rom.b)
                0x000030cc                __cs3_reset = __cs3_reset_cortex_m
 *(.cs3.reset)
 .cs3.reset     0x000030cc       0x10 build\system\startup_LPC17xx.o
                0x000030cc                __cs3_reset_cortex_m
                0x00003001                ASSERT ((. != __cs3_reset), No reset code)
 *(.text .text.* .gnu.linkonce.t.*)
 .text          0x000030dc        0x0 c:/progra~2/codesourcery/source~1/bin/../lib/gcc/arm-none-eabi/4.5.2/thumb2/crti.o
 .text          0x000030dc       0x30 c:/progra~2/codesourcery/source~1/bin/../lib/gcc/arm-none-eabi/4.5.2/thumb2/crtbegin.o
 .text          0x0000310c        0x0 build\system\core_cm3.o
 .text          0x0000310c      0x2a0 build\system\syscalls.o
                0x0000310c                _kill
                0x00003134                _exit
                0x00003148                _open
                0x00003164                _getpid
                0x00003174                get_heap_end
                0x00003188                get_stack_top
                0x0000319c                _sbrk
                0x00003204                times
                0x0000321c                _wait
                0x00003240                _close
                0x00003258                _execve
                0x00003280                _fork
                0x0000329c                _fstat
                0x000032c0                _link
                0x000032e8                _unlink
                0x0000330c                _stat
                0x00003330                _isatty
                0x00003348                _lseek
                0x00003364                _read
                0x00003380                _write
 .text          0x000033ac      0x318 build\system\system_LPC17xx.o
                0x000033ac                SystemCoreClockUpdate
                0x00003554                SystemInit
 .text          0x000036c4       0x6c build\system\mini_cpp.o
                0x000036c4                operator new(unsigned int)
                0x000036e0                operator new[](unsigned int)
                0x000036fc                operator delete(void*)
                0x00003714                __aeabi_atexit
 .text          0x00003730       0x14 build\system\startup_LPC17xx.o
                0x00003730                NMI_Handler
                0x00003732                HardFault_Handler
                0x00003734                MemManage_Handler
                0x00003736                BusFault_Handler
                0x00003738                UsageFault_Handler
                0x0000373a                SVC_Handler
                0x0000373c                DebugMon_Handler
                0x0000373e                PendSV_Handler
                0x00003740                SysTick_Handler
                0x00003742                PWM1_IRQHandler
                0x00003742                I2C1_IRQHandler
                0x00003742                EINT2_IRQHandler
                0x00003742                EINT3_IRQHandler
                0x00003742                TIMER3_IRQHandler
                0x00003742                UART0_IRQHandler
                0x00003742                I2C0_IRQHandler
                0x00003742                RIT_IRQHandler
                0x00003742                CAN_IRQHandler
                0x00003742                PLL1_IRQHandler
                0x00003742                SSP0_IRQHandler
                0x00003742                I2S_IRQHandler
                0x00003742                I2C2_IRQHandler
                0x00003742                RTC_IRQHandler
                0x00003742                SPI_IRQHandler
                0x00003742                EINT1_IRQHandler
                0x00003742                UART2_IRQHandler
                0x00003742                Default_Handler
                0x00003742                ADC_IRQHandler
                0x00003742                SSP1_IRQHandler
                0x00003742                BOD_IRQHandler
                0x00003742                USBActivity_IRQHandler
                0x00003742                WDT_IRQHandler
                0x00003742                PLL0_IRQHandler
                0x00003742                QEI_IRQHandler
                0x00003742                EINT0_IRQHandler
                0x00003742                DMA_IRQHandler
                0x00003742                TIMER2_IRQHandler
                0x00003742                UART3_IRQHandler
                0x00003742                MCPWM_IRQHandler
                0x00003742                ENET_IRQHandler
 .text          0x00003744       0xe4 build\lib\source\Uart32.o
                0x00003744                UART_8
                0x00003764                UART_32_DEC
                0x000037c4                UART_32_HEX
 .text          0x00003828      0x518 build\lib\source\lpc17xx_adc.o
                0x00003828                ADC_Init
                0x000038c0                ADC_DeInit
                0x00003904                ADC_GetData
                0x00003938                ADC_StartCmd
                0x000039bc                ADC_BurstCmd
                0x00003a08                ADC_PowerdownCmd
                0x00003a54                ADC_EdgeStartConfig
                0x00003ab8                ADC_IntConfig
                0x00003b5c                ADC_ChannelCmd
                0x00003bc4                ADC_ChannelGetData
                0x00003c18                ADC_ChannelGetStatus
                0x00003c9c                ADC_GlobalGetData
                0x00003ccc                ADC_GlobalGetStatus
 .text          0x00003d40      0x250 build\lib\source\lpc17xx_clkpwr.o
                0x00003d40                CLKPWR_SetPCLKDiv
                0x00003de0                CLKPWR_GetPCLKSEL
                0x00003e2c                CLKPWR_GetPCLK
                0x00003e9c                CLKPWR_ConfigPPWR
                0x00003efc                CLKPWR_Sleep
                0x00003f18                CLKPWR_DeepSleep
                0x00003f40                CLKPWR_PowerDown
                0x00003f68                CLKPWR_DeepPowerDown
 .text          0x00003f90      0x874 build\lib\source\lpc17xx_gpio.o
                0x000040ec                GPIO_SetDir
                0x00004138                GPIO_GetDir
                0x00004168                GPIO_SetValue
                0x00004194                GPIO_ClearValue
                0x000041c0                GPIO_ReadValue
                0x000041f0                GPIO_IntCmd
                0x00004260                GPIO_GetIntStatus
                0x00004304                GPIO_ClearInt
                0x0000433c                FIO_SetDir
                0x00004364                FIO_SetValue
                0x00004384                FIO_ClearValue
                0x000043a4                FIO_ReadValue
                0x000043c4                FIO_IntCmd
                0x000043ec                FIO_GetIntStatus
                0x00004418                FIO_ClearInt
                0x00004438                FIO_SetMask
                0x00004468                FIO_HalfWordSetDir
                0x00004504                FIO_HalfWordSetMask
                0x000045a0                FIO_HalfWordSetValue
                0x000045e0                FIO_HalfWordClearValue
                0x00004620                FIO_HalfWordReadValue
                0x00004664                FIO_ByteSetDir
                0x000046d4                FIO_ByteSetMask
                0x0000474c                FIO_ByteSetValue
                0x00004788                FIO_ByteClearValue
                0x000047c4                FIO_ByteReadValue
 .text          0x00004804     0x1348 build\lib\source\lpc17xx_i2c.o
                0x00004a94                I2C_Init
                0x00004b50                I2C_DeInit
                0x00004bdc                I2C_Cmd
                0x00004c50                I2C_IntCmd
                0x00004ce0                I2C_MasterHandler
                0x000050a4                I2C_SlaveHandler
                0x00005278                I2C_MasterTransferData
                0x000055ac                I2C_SlaveTransferData
                0x0000580c                I2C_SetOwnSlaveAddr
                0x00005910                I2C_MonitorModeConfig
                0x00005998                I2C_MonitorModeCmd
                0x00005a38                I2C_MonitorGetDatabuffer
                0x00005a84                I2C_MonitorHandler
                0x00005adc                I2C_MasterTransferComplete
                0x00005b14                I2C_SlaveTransferComplete
 .text          0x00005b4c        0xc build\lib\source\lpc17xx_libcfg_default.o
                0x00005b4c                check_failed
 .text          0x00005b58       0xfc build\lib\source\lpc17xx_nvic.o
                0x00005b58                NVIC_DeInit
                0x00005bb8                NVIC_SCBDeInit
                0x00005c38                NVIC_SetVTOR
 .text          0x00005c54      0x284 build\lib\source\lpc17xx_pinsel.o
                0x00005e08                PINSEL_ConfigTraceFunc
                0x00005e48                PINSEL_SetI2C0Pins
                0x00005e84                PINSEL_ConfigPin
 .text          0x00005ed8      0x58c build\lib\source\lpc17xx_spi.o
                0x00005ed8                SPI_SetClock
                0x00005f54                SPI_DeInit
                0x00005f94                SPI_GetDataSize
                0x00005fd0                SPI_Init
                0x00006068                SPI_ConfigStructInit
                0x000060ac                SPI_SendData
                0x000060e0                SPI_ReceiveData
                0x00006114                SPI_ReadWrite
                0x00006308                SPI_IntCmd
                0x00006370                SPI_GetIntStatus
                0x000063a8                SPI_ClearIntPending
                0x000063dc                SPI_GetStatus
                0x00006410                SPI_CheckStatus
 .text          0x00006464      0xab0 build\lib\source\lpc17xx_timer.o
                0x00006590                TIM_GetIntStatus
                0x00006638                TIM_GetIntCaptureStatus
                0x000066e4                TIM_ClearIntPending
                0x00006770                TIM_ClearIntCapturePending
                0x00006800                TIM_ConfigStructInit
                0x00006840                TIM_Init
                0x000069e8                TIM_DeInit
                0x00006a90                TIM_Cmd
                0x00006b00                TIM_ResetCounter
                0x00006b64                TIM_ConfigMatch
                0x00006d14                TIM_UpdateMatchValue
                0x00006da4                TIM_ConfigCapture
                0x00006e9c                TIM_GetCaptureValue
 .text          0x00006f14     0x16c0 build\lib\source\lpc17xx_uart.o
                0x0000721c                UART_Init
                0x00007540                UART_DeInit
                0x000075e8                UART_ConfigStructInit
                0x0000761c                UART_SendByte
                0x00007684                UART_ReceiveByte
                0x000076ec                UART_Send
                0x000077f8                UART_Receive
                0x000078d0                UART_ForceBreak
                0x00007948                UART_IntConfig
                0x00007ae0                UART_GetLineStatus
                0x00007b48                UART_GetIntId
                0x00007ba4                UART_CheckBusy
                0x00007bd0                UART_FIFOConfig
                0x00007d2c                UART_FIFOConfigStructInit
                0x00007d60                UART_ABCmd
                0x00007ea8                UART_ABClearIntPending
                0x00007f1c                UART_TxCmd
                0x00007fe8                UART_IrDAInvtInputCmd
                0x00008064                UART_IrDACmd
                0x000080d8                UART_IrDAPulseDivConfig
                0x00008178                UART_FullModemForcePinState
                0x00008234                UART_FullModemConfigMode
                0x000082fc                UART_FullModemGetStatus
                0x00008330                UART_RS485Config
                0x000084b8                UART_RS485ReceiverCmd
                0x00008500                UART_RS485Send
                0x00008584                UART_RS485SendSlvAddr
                0x000085ac                UART_RS485SendData
 .text          0x000085d4       0xf8 build\lib_sd\byteordering.o
                0x000085d4                read16
                0x00008604                read32
                0x00008648                write16
                0x00008678                write32
 .text          0x000086cc     0x1cb8 build\lib_sd\fat.o
                0x000086cc                fat_open
                0x00008768                fat_close
                0x00008d50                fat_get_dir_entry_of_path
                0x00008e88                fat_open_file
                0x00008f30                fat_close_file
                0x00008f50                fat_read_file
                0x000090e0                fat_write_file
                0x00009300                fat_seek_file
                0x0000939c                fat_resize_file
                0x000094e0                fat_open_dir
                0x0000957c                fat_close_dir
                0x0000959c                fat_read_dir
                0x00009724                fat_reset_dir
                0x00009f5c                fat_create_file
                0x0000a018                fat_delete_file
                0x0000a0d0                fat_create_dir
                0x0000a254                fat_get_fs_size
                0x0000a288                fat_get_fs_free
 .text          0x0000a384      0x16c build\lib_sd\partition.o
                0x0000a384                partition_open
                0x0000a4c4                partition_close
 .text          0x0000a4f0      0xb20 build\lib_sd\sd_raw.o
                0x0000a4f0                sd_raw_init
                0x0000a7d8                sd_raw_available
                0x0000a804                sd_raw_locked
                0x0000a930                sd_raw_read
                0x0000aa4c                sd_raw_read_interval
                0x0000aacc                sd_raw_write
                0x0000ac28                sd_raw_write_interval
                0x0000acc4                sd_raw_sync
                0x0000ad10                sd_raw_get_info
 .text          0x0000b010      0x214 build\IAP_internal_flash_write\IAP.o
                0x0000b010                IAP::read_ID()
                0x0000b044                IAP::read_serial()
                0x0000b078                IAP::blank_check(int, int)
                0x0000b0bc                IAP::erase(int, int)
                0x0000b10c                IAP::prepare(int, int)
                0x0000b150                IAP::write(char*, char*, int)
                0x0000b1a8                IAP::compare(char*, char*, int)
                0x0000b1f4                IAP::reserved_flash_area_start()
                0x0000b20c                IAP::reserved_flash_area_size()
 .text          0x0000b224      0x440 build\USBCDC\cdcuser.o
                0x0000b25c                CDC_RdOutBuf
                0x0000b2cc                CDC_WrOutBuf
                0x0000b324                CDC_OutBufAvailChar
                0x0000b354                CDC_SendEncapsulatedCommand
                0x0000b364                CDC_GetEncapsulatedResponse
                0x0000b374                CDC_SetCommFeature
                0x0000b390                CDC_GetCommFeature
                0x0000b3ac                CDC_ClearCommFeature
                0x0000b3c8                CDC_SetLineCoding
                0x0000b424                CDC_GetLineCoding
                0x0000b488                CDC_SetControlLineState
                0x0000b4a4                CDC_SendBreak
                0x0000b4c0                CDC_BulkIn
                0x0000b508                CDC_BulkOut
                0x0000b518                CDC_GetSerialState
                0x0000b5ec                CDC_NotificationIn
 .text          0x0000b664      0x224 build\USBCDC\serial.o
                0x0000b664                ser_OpenPort
                0x0000b678                ser_ClosePort
                0x0000b68c                ser_InitPort0
                0x0000b6e4                ser_Read
                0x0000b768                ser_Write
                0x0000b834                ser_AvailChar
                0x0000b860                ser_LineState
 .text          0x0000b888      0xe64 build\USBCDC\usbcore.o
                0x0000b888                USB_ResetCore
                0x0000b8dc                USB_SetupStage
                0x0000b8f0                USB_DataInStage
                0x0000b948                USB_DataOutStage
                0x0000b988                USB_StatusInStage
                0x0000b9a0                USB_StatusOutStage
                0x0000b9b4                USB_ReqGetStatus
                0x0000bad0                USB_ReqSetClrFeature
                0x0000bc10                USB_ReqSetAddress
                0x0000bc4c                USB_ReqGetDescriptor
                0x0000bd74                USB_ReqGetConfiguration
                0x0000bdac                USB_ReqSetConfiguration
                0x0000c034                USB_ReqGetInterface
                0x0000c094                USB_ReqSetInterface
                0x0000c278                USB_EndPoint0
 .text          0x0000c6ec        0x0 build\USBCDC\usbdesc.o
 .text          0x0000c6ec      0x8d4 build\USBCDC\usbhw.o
                0x0000c778                EPAdr
                0x0000c7ac                WrCmd
                0x0000c7e4                WrCmdDat
                0x0000c840                WrCmdEP
                0x0000c8a8                RdCmdDat
                0x0000c8e8                USB_Init
                0x0000c9c8                USB_Connect
                0x0000c9f8                USB_Reset
                0x0000ca68                USB_Suspend
                0x0000ca74                USB_Resume
                0x0000ca80                USB_WakeUp
                0x0000caa8                USB_WakeUpCfg
                0x0000cabc                USB_SetAddress
                0x0000cafc                USB_Configure
                0x0000cb54                USB_ConfigEP
                0x0000cbbc                USB_DirCtrlEP
                0x0000cbd0                USB_EnableEP
                0x0000cc00                USB_DisableEP
                0x0000cc30                USB_ResetEP
                0x0000cc60                USB_SetStallEP
                0x0000cc90                USB_ClrStallEP
                0x0000ccc0                USB_ClearEPBuf
                0x0000ccdc                USB_ReadEP
                0x0000cd84                USB_WriteEP
                0x0000ce04                USB_GetFrame
                0x0000ce40                USB_IRQHandler
 .text          0x0000cfc0      0x180 build\USBCDC\usbuser.o
                0x0000cfc0                USB_Reset_Event
                0x0000cfcc                USB_Configure_Event
                0x0000cfd8                USB_EndPoint1
                0x0000d014                USB_EndPoint2
                0x0000d03c                USB_EndPoint3
                0x0000d050                USB_EndPoint4
                0x0000d064                USB_EndPoint5
                0x0000d078                USB_EndPoint6
                0x0000d08c                USB_EndPoint7
                0x0000d0a0                USB_EndPoint8
                0x0000d0b4                USB_EndPoint9
                0x0000d0c8                USB_EndPoint10
                0x0000d0dc                USB_EndPoint11
                0x0000d0f0                USB_EndPoint12
                0x0000d104                USB_EndPoint13
                0x0000d118                USB_EndPoint14
                0x0000d12c                USB_EndPoint15
 .text          0x0000d140       0x20 build\USBCDC\vcomdemo.o
                0x0000d140                VCOM_Start
 .text          0x0000d160       0x68 build\Atomic.o
                0x0000d160                Atomic(EN_DIS_INT)
 .text          0x0000d1c8       0xb8 build\ButtonArray.o
                0x0000d1c8                ButtonArray::init()
                0x0000d1dc                ButtonArray::scanButtons()
                0x0000d1f8                ButtonArray::getButton(ButtonArray::ButtonName&)
 .text._ZN10Port_ClassC2Ev
                0x0000d280       0x20 build\ButtonArray.o
                0x0000d280                Port_Class::Port_Class()
                0x0000d280                Port_Class::Port_Class()
 .text          0x0000d2a0      0xbc8 build\Command.o
                0x0000d2a0                command::getRemainingCapacity()
                0x0000d2c0                command::pause(bool)
                0x0000d2e0                command::isPaused()
                0x0000d2f4                command::isEmpty()
                0x0000d308                command::push(unsigned char)
                0x0000d328                command::pop8()
                0x0000d33c                command::pop16()
                0x0000d368                command::pop32()
                0x0000d3a8                command::reset()
                0x0000d3dc                command::runCommandSlice()
 .text._ZN5PointC2Elllll
                0x0000de68       0x3c build\Command.o
                0x0000de68                Point::Point(long, long, long, long, long)
                0x0000de68                Point::Point(long, long, long, long, long)
 .text._ZN5PointC2Elll
                0x0000dea4       0x64 build\Command.o
                0x0000dea4                Point::Point(long, long, long)
                0x0000dea4                Point::Point(long, long, long)
 .text._ZNK5PointixEj
                0x0000df08       0x20 build\Command.o
                0x0000df08                Point::operator[](unsigned int) const
 .text._ZN5PointixEj
                0x0000df28       0x20 build\Command.o
                0x0000df28                Point::operator[](unsigned int)
 .text._ZNK6Packet8hasErrorEv
                0x0000df48       0x28 build\Command.o
                0x0000df48                Packet::hasError() const
 .text._ZN19CircularBufferTemplIhEC2EtPh
                0x0000df70       0x48 build\Command.o
                0x0000df70                CircularBufferTempl<unsigned char>::CircularBufferTempl(unsigned short, unsigned char*)
                0x0000df70                CircularBufferTempl<unsigned char>::CircularBufferTempl(unsigned short, unsigned char*)
 .text._ZNK19CircularBufferTemplIhE20getRemainingCapacityEv
                0x0000dfb8       0x24 build\Command.o
                0x0000dfb8                CircularBufferTempl<unsigned char>::getRemainingCapacity() const
 .text._ZNK19CircularBufferTemplIhE7isEmptyEv
                0x0000dfdc       0x24 build\Command.o
                0x0000dfdc                CircularBufferTempl<unsigned char>::isEmpty() const
 .text._ZN19CircularBufferTemplIhE4pushEh
                0x0000e000       0x5c build\Command.o
                0x0000e000                CircularBufferTempl<unsigned char>::push(unsigned char)
 .text._ZN19CircularBufferTemplIhE3popEv
                0x0000e05c       0x6c build\Command.o
                0x0000e05c                CircularBufferTempl<unsigned char>::pop()
 .text._ZN19CircularBufferTemplIhE5resetEv
                0x0000e0c8       0x34 build\Command.o
                0x0000e0c8                CircularBufferTempl<unsigned char>::reset()
 .text._ZNK19CircularBufferTemplIhE9getLengthEv
                0x0000e0fc       0x1c build\Command.o
                0x0000e0fc                CircularBufferTempl<unsigned char>::getLength() const
 .text._ZN19CircularBufferTemplIhEixEt
                0x0000e118       0x40 build\Command.o
                0x0000e118                CircularBufferTempl<unsigned char>::operator[](unsigned short)
 .text          0x0000e158      0x340 build\DebugPacketProcessor.o
                0x0000e158                processDebugPacket(InPacket const&, OutPacket&)
 .text._ZNK6Packet9getLengthEv
                0x0000e498       0x1c build\DebugPacketProcessor.o
                0x0000e498                Packet::getLength() const
 .text._ZN11Motherboard8getBoardEv
                0x0000e4b4       0x14 build\DebugPacketProcessor.o
                0x0000e4b4                Motherboard::getBoard()
 .text          0x0000e4c8      0x140 build\Delay.o
                0x0000e4c8                few_ticks
                0x0000e590                _delay_us
                0x0000e5c8                _delay_ms
                0x0000e5e8                _delay_s
 .text          0x0000e608      0x4c4 build\EepromMap.o
                0x0000e608                print_eeprom()
                0x0000e6a0                read_all_from_flash()
                0x0000e6f8                save_to_flash()
                0x0000e76c                microstep_pinout(unsigned char)
                0x0000e854                eeprom::init()
                0x0000e948                eeprom::getEeprom8(unsigned long, unsigned char)
                0x0000e97c                eeprom::getEeprom16(unsigned long, unsigned short)
 .text._ZN3IAPC2Ev
                0x0000eacc       0x3c build\EepromMap.o
                0x0000eacc                IAP::IAP()
                0x0000eacc                IAP::IAP()
 .text          0x0000eb08      0x6d8 build\Host.o
                0x0000eb08                host::runHostSlice()
                0x0000ec94                host::processCommandPacket(InPacket const&, OutPacket&)
                0x0000ed88                host::doToolPause(OutPacket&)
                0x0000eea4                host::processQueryPacket(InPacket const&, OutPacket&)
                0x0000f08c                host::getMachineName()
                0x0000f11c                host::getBuildName()
                0x0000f130                host::getHostState()
                0x0000f144                host::startBuildFromSD()
                0x0000f17c                host::stopBuild()
 .text._ZN6Packet5errorEh
                0x0000f1e0       0x24 build\Host.o
                0x0000f1e0                Packet::error(unsigned char)
 .text._ZNK6Packet12getErrorCodeEv
                0x0000f204       0x1c build\Host.o
                0x0000f204                Packet::getErrorCode() const
 .text._ZNK6Packet7getDataEv
                0x0000f220       0x1c build\Host.o
                0x0000f220                Packet::getData() const
 .text._ZNK8InPacket10isFinishedEv
                0x0000f23c       0x28 build\Host.o
                0x0000f23c                InPacket::isFinished() const
 .text._ZNK8InPacket9isStartedEv
                0x0000f264       0x28 build\Host.o
                0x0000f264                InPacket::isStarted() const
 .text._ZN8InPacket7timeoutEv
                0x0000f28c       0x1c build\Host.o
                0x0000f28c                InPacket::timeout()
 .text._ZNK9OutPacket9isSendingEv
                0x0000f2a8       0x38 build\Host.o
                0x0000f2a8                OutPacket::isSending() const
 .text._ZN4UART11getHostUARTEv
                0x0000f2e0       0x14 build\Host.o
                0x0000f2e0                UART::getHostUART()
 .text._ZNK7Timeout8isActiveEv
                0x0000f2f4       0x18 build\Host.o
                0x0000f2f4                Timeout::isActive() const
 .text._ZN11Motherboard19getStepperInterfaceEi
                0x0000f30c       0x28 build\Host.o
                0x0000f30c                Motherboard::getStepperInterface(int)
 .text._ZN4host13handleVersionERK8InPacketR9OutPacket
                0x0000f334       0x58 build\Host.o
                0x0000f334                host::handleVersion(InPacket const&, OutPacket&)
 .text._ZN4host18handleGetBuildNameERK8InPacketR9OutPacket
                0x0000f38c       0x5c build\Host.o
                0x0000f38c                host::handleGetBuildName(InPacket const&, OutPacket&)
 .text._ZN4host19handleGetBufferSizeERK8InPacketR9OutPacket
                0x0000f3e8       0x2c build\Host.o
                0x0000f3e8                host::handleGetBufferSize(InPacket const&, OutPacket&)
 .text._ZN4host17handleGetPositionERK8InPacketR9OutPacket
                0x0000f414      0x11c build\Host.o
                0x0000f414                host::handleGetPosition(InPacket const&, OutPacket&)
 .text._ZN4host20handleGetPositionExtERK8InPacketR9OutPacket
                0x0000f530      0x144 build\Host.o
                0x0000f530                host::handleGetPositionExt(InPacket const&, OutPacket&)
 .text._ZN4host19handleCaptureToFileERK8InPacketR9OutPacket
                0x0000f674       0x3c build\Host.o
                0x0000f674                host::handleCaptureToFile(InPacket const&, OutPacket&)
 .text._ZN4host16handleEndCaptureERK8InPacketR9OutPacket
                0x0000f6b0       0x2c build\Host.o
                0x0000f6b0                host::handleEndCapture(InPacket const&, OutPacket&)
 .text._ZN4host14handlePlaybackERK8InPacketR9OutPacket
                0x0000f6dc       0x84 build\Host.o
                0x0000f6dc                host::handlePlayback(InPacket const&, OutPacket&)
 .text._ZN4host18handleNextFilenameERK8InPacketR9OutPacket
                0x0000f760      0x10c build\Host.o
                0x0000f760                host::handleNextFilename(InPacket const&, OutPacket&)
 .text._ZN4host15handleToolQueryERK8InPacketR9OutPacket
                0x0000f86c      0x17c build\Host.o
                0x0000f86c                host::handleToolQuery(InPacket const&, OutPacket&)
 .text._ZN4host11handlePauseERK8InPacketR9OutPacket
                0x0000f9e8       0x34 build\Host.o
                0x0000f9e8                host::handlePause(InPacket const&, OutPacket&)
 .text._ZN4host16handleIsFinishedERK8InPacketR9OutPacket
                0x0000fa1c       0x6c build\Host.o
                0x0000fa1c                host::handleIsFinished(InPacket const&, OutPacket&)
 .text._ZN4host16handleReadEepromERK8InPacketR9OutPacket
                0x0000fa88       0x78 build\Host.o
                0x0000fa88                host::handleReadEeprom(InPacket const&, OutPacket&)
 .text._ZN4host17handleWriteEepromERK8InPacketR9OutPacket
                0x0000fb00       0x94 build\Host.o
                0x0000fb00                host::handleWriteEeprom(InPacket const&, OutPacket&)
 .text._ZN4host18handleExtendedStopERK8InPacketR9OutPacket
                0x0000fb94       0x54 build\Host.o
                0x0000fb94                host::handleExtendedStop(InPacket const&, OutPacket&)
 .text._ZN4host27handleGetCommunicationStatsERK8InPacketR9OutPacket
                0x0000fbe8       0x60 build\Host.o
                0x0000fbe8                host::handleGetCommunicationStats(InPacket const&, OutPacket&)
 .text          0x0000fc48      0x1dc build\Interface.o
                0x0000fc48                interface::isConnected()
                0x0000fd48                interface::init(InterfaceBoard*, LiquidCrystal*)
                0x0000fd70                interface::pushScreen(Screen*)
                0x0000fd90                interface::popScreen()
                0x0000fda4                interface::doInterrupt()
                0x0000fdb8                interface::getUpdateRate()
                0x0000fdd0                interface::doUpdate()
 .text._ZN10Port_ClassC2E8portname
                0x0000fe24       0x20 build\Interface.o
                0x0000fe24                Port_Class::Port_Class(portname)
                0x0000fe24                Port_Class::Port_Class(portname)
 .text._ZN10Port_Class15setPinDirectionEhb
                0x0000fe44       0x74 build\Interface.o
                0x0000fe44                Port_Class::setPinDirection(unsigned char, bool)
 .text._ZN10Port_Class6getPinEh
                0x0000feb8       0x4c build\Interface.o
                0x0000feb8                Port_Class::getPin(unsigned char)
 .text._ZN10Port_Class6setPinEhb
                0x0000ff04       0x5c build\Interface.o
                0x0000ff04                Port_Class::setPin(unsigned char, bool)
 .text._ZN3PinC2E8portnameh
                0x0000ff60       0x30 build\Interface.o
                0x0000ff60                Pin::Pin(portname, unsigned char)
                0x0000ff60                Pin::Pin(portname, unsigned char)
 .text._ZN3Pin12setDirectionEb
                0x0000ff90       0x28 build\Interface.o
                0x0000ff90                Pin::setDirection(bool)
 .text._ZN3Pin8getValueEv
                0x0000ffb8       0x24 build\Interface.o
                0x0000ffb8                Pin::getValue()
 .text._ZN3Pin8setValueEb
                0x0000ffdc       0x28 build\Interface.o
                0x0000ffdc                Pin::setValue(bool)
 .text          0x00010004      0x39c build\InterfaceBoard.o
                0x00010004                InterfaceBoard::InterfaceBoard(ButtonArray&, LiquidCrystal&, Pin const&, Pin const&, Screen*, Screen*)
                0x00010004                InterfaceBoard::InterfaceBoard(ButtonArray&, LiquidCrystal&, Pin const&, Pin const&, Screen*, Screen*)
                0x00010058                InterfaceBoard::init()
                0x000100fc                InterfaceBoard::doInterrupt()
                0x00010118                InterfaceBoard::getUpdateRate()
                0x00010158                InterfaceBoard::doUpdate()
                0x00010248                InterfaceBoard::pushScreen(Screen*)
                0x000102f8                InterfaceBoard::popScreen()
 .text          0x000103a0        0x0 build\LPCPort.o
 .text          0x000103a0      0xf78 build\LiquidCrystal.o
                0x000103a0                LiquidCrystal::LiquidCrystal(Pin, Pin, Pin, Pin, Pin, Pin, Pin, Pin, Pin, Pin, Pin)
                0x000103a0                LiquidCrystal::LiquidCrystal(Pin, Pin, Pin, Pin, Pin, Pin, Pin, Pin, Pin, Pin, Pin)
                0x000104e8                LiquidCrystal::LiquidCrystal(Pin, Pin, Pin, Pin, Pin, Pin, Pin, Pin, Pin, Pin)
                0x000104e8                LiquidCrystal::LiquidCrystal(Pin, Pin, Pin, Pin, Pin, Pin, Pin, Pin, Pin, Pin)
                0x00010638                LiquidCrystal::LiquidCrystal(Pin, Pin, Pin, Pin, Pin, Pin, Pin)
                0x00010638                LiquidCrystal::LiquidCrystal(Pin, Pin, Pin, Pin, Pin, Pin, Pin)
                0x000107a8                LiquidCrystal::LiquidCrystal(Pin, Pin, Pin, Pin, Pin, Pin)
                0x000107a8                LiquidCrystal::LiquidCrystal(Pin, Pin, Pin, Pin, Pin, Pin)
                0x00010920                LiquidCrystal::init(unsigned char, Pin, Pin, Pin, Pin, Pin, Pin, Pin, Pin, Pin, Pin, Pin)
                0x00010a8c                LiquidCrystal::begin(unsigned char, unsigned char, unsigned char)
                0x00010c20                LiquidCrystal::clear()
                0x00010c44                LiquidCrystal::home()
                0x00010c68                LiquidCrystal::setCursor(unsigned char, unsigned char)
                0x00010cd4                LiquidCrystal::noDisplay()
                0x00010d0c                LiquidCrystal::display()
                0x00010d44                LiquidCrystal::noCursor()
                0x00010d7c                LiquidCrystal::cursor()
                0x00010db4                LiquidCrystal::noBlink()
                0x00010dec                LiquidCrystal::blink()
                0x00010e24                LiquidCrystal::scrollDisplayLeft()
                0x00010e40                LiquidCrystal::scrollDisplayRight()
                0x00010e5c                LiquidCrystal::leftToRight()
                0x00010e94                LiquidCrystal::rightToLeft()
                0x00010ecc                LiquidCrystal::autoscroll()
                0x00010f04                LiquidCrystal::noAutoscroll()
                0x00010f3c                LiquidCrystal::createChar(unsigned char, unsigned char*)
                0x00010fa8                LiquidCrystal::writeInt(unsigned short, unsigned char)
                0x00011068                LiquidCrystal::writeString(char*)
                0x000110ac                LiquidCrystal::writeFromPgmspace(char const*)
                0x000110ec                LiquidCrystal::send(unsigned char, bool)
                0x00011170                LiquidCrystal::pulseEnable()
                0x000111c8                LiquidCrystal::write4bits(unsigned char)
                0x00011250                LiquidCrystal::write8bits(unsigned char)
 .text._ZN10Port_Class6isNullEv
                0x00011318       0x24 build\LiquidCrystal.o
                0x00011318                Port_Class::isNull()
 .text._ZN3PinC2Ev
                0x0001133c       0x2c build\LiquidCrystal.o
                0x0001133c                Pin::Pin()
                0x0001133c                Pin::Pin()
 .text._ZN3Pin6isNullEv
                0x00011368       0x1c build\LiquidCrystal.o
                0x00011368                Pin::isNull()
 .text._ZN13LiquidCrystal7commandEh
                0x00011384       0x24 build\LiquidCrystal.o
                0x00011384                LiquidCrystal::command(unsigned char)
 .text._ZN13LiquidCrystal5writeEh
                0x000113a8       0x24 build\LiquidCrystal.o
                0x000113a8                LiquidCrystal::write(unsigned char)
 .text          0x000113cc      0x330 build\Main.o
                0x00011418                reset(bool)
                0x000115e0                main
 .text          0x000116fc     0x12f4 build\Menu.o
                0x000116fc                queryExtruderParameter(unsigned char, OutPacket&)
                0x00011838                SplashScreen::update(LiquidCrystal&, bool)
                0x000118c4                SplashScreen::notifyButtonPressed(ButtonArray::ButtonName)
                0x000118dc                SplashScreen::reset()
                0x000118f0                JogMode::reset()
                0x00011914                JogMode::update(LiquidCrystal&, bool)
                0x000119d4                JogMode::jog(ButtonArray::ButtonName)
                0x00011af0                JogMode::notifyButtonPressed(ButtonArray::ButtonName)
                0x00011b7c                SnakeMode::update(LiquidCrystal&, bool)
                0x00011f1c                SnakeMode::reset()
                0x00011fdc                SnakeMode::notifyButtonPressed(ButtonArray::ButtonName)
                0x00012058                MonitorMode::reset()
                0x00012074                MonitorMode::update(LiquidCrystal&, bool)
                0x000122a0                MonitorMode::notifyButtonPressed(ButtonArray::ButtonName)
                0x000122dc                Menu::update(LiquidCrystal&, bool)
                0x000123e0                Menu::reset()
                0x00012418                Menu::resetState()
                0x0001242c                Menu::handleSelect(unsigned char)
                0x00012444                Menu::handleCancel()
                0x00012458                Menu::notifyButtonPressed(ButtonArray::ButtonName)
                0x00012518                CancelBuildMenu::CancelBuildMenu()
                0x00012518                CancelBuildMenu::CancelBuildMenu()
                0x00012550                CancelBuildMenu::resetState()
                0x00012574                CancelBuildMenu::drawItem(unsigned char, LiquidCrystal&)
                0x000125d4                CancelBuildMenu::handleSelect(unsigned char)
                0x00012604                MainMenu::MainMenu()
                0x00012604                MainMenu::MainMenu()
                0x0001266c                MainMenu::drawItem(unsigned char, LiquidCrystal&)
                0x000126dc                MainMenu::handleSelect(unsigned char)
                0x00012748                SDMenu::SDMenu()
                0x00012748                SDMenu::SDMenu()
                0x00012778                SDMenu::resetState()
                0x00012798                SDMenu::countFiles()
                0x00012808                SDMenu::getFilename(unsigned char, char*, unsigned char)
                0x000128a4                SDMenu::drawItem(unsigned char, LiquidCrystal&)
                0x00012950                SDMenu::handleSelect(unsigned char)
 .text._ZN4Menu13getUpdateRateEv
                0x000129f0       0x1c build\Menu.o
                0x000129f0                Menu::getUpdateRate()
 .text._ZN12SplashScreen13getUpdateRateEv
                0x00012a0c       0x18 build\Menu.o
                0x00012a0c                SplashScreen::getUpdateRate()
 .text._ZN7JogMode13getUpdateRateEv
                0x00012a24       0x18 build\Menu.o
                0x00012a24                JogMode::getUpdateRate()
 .text._ZN9SnakeMode13getUpdateRateEv
                0x00012a3c       0x18 build\Menu.o
                0x00012a3c                SnakeMode::getUpdateRate()
 .text._ZN11MonitorMode13getUpdateRateEv
                0x00012a54       0x1c build\Menu.o
                0x00012a54                MonitorMode::getUpdateRate()
 .text._Z9rcCompareh12ResponseCode
                0x00012a70       0x30 build\Menu.o
                0x00012a70                rcCompare(unsigned char, ResponseCode)
 .text._ZN6ScreenC2Ev
                0x00012aa0       0x20 build\Menu.o
                0x00012aa0                Screen::Screen()
                0x00012aa0                Screen::Screen()
 .text._ZN4MenuC2Ev
                0x00012ac0       0x28 build\Menu.o
                0x00012ac0                Menu::Menu()
                0x00012ac0                Menu::Menu()
 .text._ZN11MonitorModeC2Ev
                0x00012ae8       0x34 build\Menu.o
                0x00012ae8                MonitorMode::MonitorMode()
                0x00012ae8                MonitorMode::MonitorMode()
 .text._ZN7JogModeC2Ev
                0x00012b1c       0x28 build\Menu.o
                0x00012b1c                JogMode::JogMode()
                0x00012b1c                JogMode::JogMode()
 .text._ZN9SnakeModeC2Ev
                0x00012b44       0x28 build\Menu.o
                0x00012b44                SnakeMode::SnakeMode()
                0x00012b44                SnakeMode::SnakeMode()
 .text          0x00012b6c       0xec build\Microsteps.o
                0x00012b6c                microsteps::init()
 .text          0x00012c58      0xb94 build\Motherboard.o
                0x00012ce4                Motherboard::Motherboard()
                0x00012ce4                Motherboard::Motherboard()
                0x00013130                Motherboard::reset()
                0x000134fc                Motherboard::getCurrentMicros()
                0x00013518                Motherboard::doInterrupt()
                0x0001355c                Motherboard::runMotherboardSlice()
                0x000135b0                TIMER0_IRQHandler
                0x000135d0                Motherboard::indicateError(int)
                0x00013644                Motherboard::getCurrentError()
                0x00013664                TIMER1_IRQHandler
 .text._ZN4UART12getSlaveUARTEv
                0x000137ec       0x14 build\Motherboard.o
                0x000137ec                UART::getSlaveUART()
 .text._ZN16StepperInterfaceC2Ev
                0x00013800       0x4c build\Motherboard.o
                0x00013800                StepperInterface::StepperInterface()
                0x00013800                StepperInterface::StepperInterface()
 .text._ZN12SplashScreenC2Ev
                0x0001384c       0x28 build\Motherboard.o
                0x0001384c                SplashScreen::SplashScreen()
                0x0001384c                SplashScreen::SplashScreen()
 .text          0x00013874      0x28c build\PID.o
                0x00013874                PID::reset()
                0x000138ac                PID::reset_state()
                0x00013930                PID::calculate(int)
                0x00013a88                PID::setTarget(int)
                0x00013ab0                PID::getErrorTerm()
                0x00013ac8                PID::getDeltaTerm()
                0x00013ae8                PID::getLastOutput()
 .text          0x00013b00      0x54c build\Packet.o
                0x00013b00                _crc_ibutton_update
                0x00013b70                Packet::appendByte(unsigned char)
                0x00013bd0                Packet::reset()
                0x00013c08                InPacket::InPacket()
                0x00013c08                InPacket::InPacket()
                0x00013c2c                InPacket::reset()
                0x00013c44                InPacket::processByte(unsigned char)
                0x00013d6c                Packet::read8(unsigned char) const
                0x00013d90                Packet::read16(unsigned char) const
                0x00013dd0                Packet::read32(unsigned char) const
                0x00013e28                OutPacket::OutPacket()
                0x00013e28                OutPacket::OutPacket()
                0x00013e4c                OutPacket::reset()
                0x00013e70                OutPacket::prepareForResend()
                0x00013ea0                OutPacket::getNextByteToSend()
                0x00013f9c                OutPacket::append8(unsigned char)
                0x00013fbc                OutPacket::append16(unsigned short)
                0x00013ff4                OutPacket::append32(unsigned long)
 .text._ZN6PacketC2Ev
                0x0001404c       0x18 build\Packet.o
                0x0001404c                Packet::Packet()
                0x0001404c                Packet::Packet()
 .text          0x00014064      0x730 build\SDCard.o
                0x00014064                sdcard::openPartition()
                0x000140d4                sdcard::openFilesys()
                0x00014104                sdcard::openRoot()
                0x00014158                sdcard::initCard()
                0x00014208                sdcard::directoryReset()
                0x00014248                sdcard::directoryNextEntry(char*, unsigned char)
                0x0001431c                sdcard::findFileInDir(char const*, fat_dir_entry_struct*)
                0x00014378                sdcard::openFile(char const*, fat_file_struct**)
                0x000143cc                sdcard::deleteFile(char*)
                0x00014414                sdcard::createFile(char*)
                0x00014448                sdcard::isPlaying()
                0x0001445c                sdcard::isCapturing()
                0x00014470                sdcard::startCapture(char*)
                0x00014508                sdcard::capturePacket(Packet const&)
                0x00014560                sdcard::finishCapture()
                0x000145ac                sdcard::fetchNextByte()
                0x000145ec                sdcard::playbackHasNext()
                0x00014600                sdcard::playbackNext()
                0x00014620                sdcard::startPlayback(char*)
                0x000146ac                sdcard::playbackRewind(unsigned char)
                0x000146e0                sdcard::finishPlayback()
                0x00014714                sdcard::reset()
 .text          0x00014794      0x370 build\StepperAxis.o
                0x00014794                StepperAxis::StepperAxis()
                0x00014794                StepperAxis::StepperAxis()
                0x000147b4                StepperAxis::StepperAxis(StepperInterface&)
                0x000147b4                StepperAxis::StepperAxis(StepperInterface&)
                0x000147d8                StepperAxis::setTarget(long, bool)
                0x0001485c                StepperAxis::setHoming(bool)
                0x0001488c                StepperAxis::definePosition(long)
                0x000148a8                StepperAxis::enableStepper(bool)
                0x000148cc                StepperAxis::reset()
                0x00014910                StepperAxis::doInterrupt(long)
                0x000149d4                StepperAxis::doHoming(long)
 .text._ZN11StepperAxis12checkEndstopEb
                0x00014b04       0x3c build\StepperAxis.o
                0x00014b04                StepperAxis::checkEndstop(bool)
 .text          0x00014b40      0x30c build\StepperInterface.o
                0x00014b40                StepperInterface::StepperInterface(Pin const&, Pin const&, Pin const&, Pin const&, Pin const&, unsigned short)
                0x00014b40                StepperInterface::StepperInterface(Pin const&, Pin const&, Pin const&, Pin const&, Pin const&, unsigned short)
                0x00014bc0                StepperInterface::setDirection(bool)
                0x00014bf0                StepperInterface::step(bool)
                0x00014c14                StepperInterface::setEnabled(bool)
                0x00014c54                StepperInterface::isAtMaximum()
                0x00014ca0                StepperInterface::isAtMinimum()
                0x00014cec                StepperInterface::init(unsigned char)
 .text          0x00014e4c      0x6a4 build\Steppers.o
                0x00014e4c                steppers::isRunning()
                0x00014e80                steppers::init(Motherboard&)
                0x00014ef4                steppers::abort()
                0x00014f18                steppers::definePosition(Point const&)
                0x00014f6c                steppers::getPosition()
                0x00014fa0                steppers::setHoldZ(bool)
                0x00014ff0                steppers::setTarget(Point const&, long)
                0x0001513c                steppers::setTargetNew(Point const&, long, unsigned char)
                0x00015280                steppers::startHoming(bool, unsigned char, unsigned long)
                0x00015348                steppers::enableAxis(unsigned char, bool)
                0x0001537c                steppers::doInterrupt()
 .text          0x000154f0      0x14c build\Timeout.o
                0x000154f0                Timeout::Timeout()
                0x000154f0                Timeout::Timeout()
                0x00015518                Timeout::start(unsigned long)
                0x00015554                Timeout::hasElapsed()
                0x000155b4                Timeout::hasLeft()
                0x000155e0                Timeout::abort()
 .text          0x0001563c      0x6f4 build\Tool.o
                0x0001563c                tool::getInPacket()
                0x00015650                tool::getOutPacket()
                0x00015664                tool::getSentPacketCount()
                0x00015678                tool::getPacketFailureCount()
                0x0001568c                tool::getRetryCount()
                0x000156a0                tool::getNoiseByteCount()
                0x000156b4                tool::getToolVersion()
                0x000157cc                tool::setToolIndicatorLED()
                0x0001588c                tool::reset()
                0x0001597c                tool::test()
                0x00015a10                tool::getLock()
                0x00015a48                tool::releaseLock()
                0x00015a60                tool::startTransaction()
                0x00015aec                tool::isTransactionDone()
                0x00015b08                tool::runToolSlice()
                0x00015cb0                tool::setCurrentToolheadIndex(unsigned char)
                0x00015cd0                tool::getCurrentToolheadIndex()
 .text          0x00015d30      0x544 build\UART.o
                0x00015dbc                UART::UART(unsigned char)
                0x00015dbc                UART::UART(unsigned char)
                0x00015f4c                UART::beginSend()
                0x0001605c                UART::enable(bool)
                0x000160a8                UART::reset()
                0x000160d0                UART1_IRQHandler
                0x000161b0                CANActivity_IRQHandler
 .text._Z6listenv
                0x00016274       0x30 build\UART.o
                0x00016274                listen()
 .text._Z5speakv
                0x000162a4       0x30 build\UART.o
                0x000162a4                speak()
 .text          0x000162d4      0x148 build\test.o
                0x000162d4                test_uart()
 .text          0x0001641c      0x150 build\test_led.o
                0x0001641c                test_led(unsigned char)
                0x0001648c                test_led2(unsigned char)
                0x000164fc                test_led3(unsigned char)
 .text          0x0001656c       0x74 build\test_u.o
                0x0001656c                test_u()
 .text          0x000165e0        0x0 c:/progra~2/codesourcery/source~1/bin/../lib/gcc/arm-none-eabi/4.5.2/../../../../arm-none-eabi/lib/thumb2\libstdc++.a(si_class_type_info.o)
 .text._ZNK10__cxxabiv120__si_class_type_info11__do_upcastEPKNS_17__class_type_infoEPKvRNS1_15__upcast_resultE
                0x000165e0       0x28 c:/progra~2/codesourcery/source~1/bin/../lib/gcc/arm-none-eabi/4.5.2/../../../../arm-none-eabi/lib/thumb2\libstdc++.a(si_class_type_info.o)
                0x000165e0                __cxxabiv1::__si_class_type_info::__do_upcast(__cxxabiv1::__class_type_info const*, void const*, __cxxabiv1::__class_type_info::__upcast_result&) const
 .text._ZNK10__cxxabiv120__si_class_type_info12__do_dyncastEiNS_17__class_type_info10__sub_kindEPKS1_PKvS4_S6_RNS1_16__dyncast_resultE
                0x00016608       0x90 c:/progra~2/codesourcery/source~1/bin/../lib/gcc/arm-none-eabi/4.5.2/../../../../arm-none-eabi/lib/thumb2\libstdc++.a(si_class_type_info.o)
                0x00016608                __cxxabiv1::__si_class_type_info::__do_dyncast(int, __cxxabiv1::__class_type_info::__sub_kind, __cxxabiv1::__class_type_info const*, void const*, __cxxabiv1::__class_type_info const*, void const*, __cxxabiv1::__class_type_info::__dyncast_result&) const
 .text._ZNK10__cxxabiv120__si_class_type_info20__do_find_public_srcEiPKvPKNS_17__class_type_infoES2_
                0x00016698       0x38 c:/progra~2/codesourcery/source~1/bin/../lib/gcc/arm-none-eabi/4.5.2/../../../../arm-none-eabi/lib/thumb2\libstdc++.a(si_class_type_info.o)
                0x00016698                __cxxabiv1::__si_class_type_info::__do_find_public_src(int, void const*, __cxxabiv1::__class_type_info const*, void const*) const
 .text._ZN10__cxxabiv120__si_class_type_infoD2Ev
                0x000166d0       0x14 c:/progra~2/codesourcery/source~1/bin/../lib/gcc/arm-none-eabi/4.5.2/../../../../arm-none-eabi/lib/thumb2\libstdc++.a(si_class_type_info.o)
                0x000166d0                __cxxabiv1::__si_class_type_info::~__si_class_type_info()
                0x000166d0                __cxxabiv1::__si_class_type_info::~__si_class_type_info()
 .text._ZN10__cxxabiv120__si_class_type_infoD0Ev
                0x000166e4       0x1c c:/progra~2/codesourcery/source~1/bin/../lib/gcc/arm-none-eabi/4.5.2/../../../../arm-none-eabi/lib/thumb2\libstdc++.a(si_class_type_info.o)
                0x000166e4                __cxxabiv1::__si_class_type_info::~__si_class_type_info()
 .text          0x00016700        0x0 c:/progra~2/codesourcery/source~1/bin/../lib/gcc/arm-none-eabi/4.5.2/../../../../arm-none-eabi/lib/thumb2\libstdc++.a(pure.o)
 .text.__cxa_pure_virtual
                0x00016700       0x18 c:/progra~2/codesourcery/source~1/bin/../lib/gcc/arm-none-eabi/4.5.2/../../../../arm-none-eabi/lib/thumb2\libstdc++.a(pure.o)
                0x00016700                __cxa_pure_virtual
 .text          0x00016718        0x0 c:/progra~2/codesourcery/source~1/bin/../lib/gcc/arm-none-eabi/4.5.2/../../../../arm-none-eabi/lib/thumb2\libstdc++.a(class_type_info.o)
 .text._ZNK10__cxxabiv117__class_type_info11__do_upcastEPKS0_PPv
                0x00016718       0x38 c:/progra~2/codesourcery/source~1/bin/../lib/gcc/arm-none-eabi/4.5.2/../../../../arm-none-eabi/lib/thumb2\libstdc++.a(class_type_info.o)
                0x00016718                __cxxabiv1::__class_type_info::__do_upcast(__cxxabiv1::__class_type_info const*, void**) const
 .text._ZNK10__cxxabiv117__class_type_info20__do_find_public_srcEiPKvPKS0_S2_
                0x00016750        0xc c:/progra~2/codesourcery/source~1/bin/../lib/gcc/arm-none-eabi/4.5.2/../../../../arm-none-eabi/lib/thumb2\libstdc++.a(class_type_info.o)
                0x00016750                __cxxabiv1::__class_type_info::__do_find_public_src(int, void const*, __cxxabiv1::__class_type_info const*, void const*) const
 .text._ZNK10__cxxabiv117__class_type_info11__do_upcastEPKS0_PKvRNS0_15__upcast_resultE
                0x0001675c       0x1c c:/progra~2/codesourcery/source~1/bin/../lib/gcc/arm-none-eabi/4.5.2/../../../../arm-none-eabi/lib/thumb2\libstdc++.a(class_type_info.o)
                0x0001675c                __cxxabiv1::__class_type_info::__do_upcast(__cxxabiv1::__class_type_info const*, void const*, __cxxabiv1::__class_type_info::__upcast_result&) const
 .text._ZNK10__cxxabiv117__class_type_info12__do_dyncastEiNS0_10__sub_kindEPKS0_PKvS3_S5_RNS0_16__dyncast_resultE
                0x00016778       0x3c c:/progra~2/codesourcery/source~1/bin/../lib/gcc/arm-none-eabi/4.5.2/../../../../arm-none-eabi/lib/thumb2\libstdc++.a(class_type_info.o)
                0x00016778                __cxxabiv1::__class_type_info::__do_dyncast(int, __cxxabiv1::__class_type_info::__sub_kind, __cxxabiv1::__class_type_info const*, void const*, __cxxabiv1::__class_type_info const*, void const*, __cxxabiv1::__class_type_info::__dyncast_result&) const
 .text._ZNK10__cxxabiv117__class_type_info10__do_catchEPKSt9type_infoPPvj
                0x000167b4       0x28 c:/progra~2/codesourcery/source~1/bin/../lib/gcc/arm-none-eabi/4.5.2/../../../../arm-none-eabi/lib/thumb2\libstdc++.a(class_type_info.o)
                0x000167b4                __cxxabiv1::__class_type_info::__do_catch(std::type_info const*, void**, unsigned int) const
 .text._ZN10__cxxabiv117__class_type_infoD2Ev
                0x000167dc       0x14 c:/progra~2/codesourcery/source~1/bin/../lib/gcc/arm-none-eabi/4.5.2/../../../../arm-none-eabi/lib/thumb2\libstdc++.a(class_type_info.o)
                0x000167dc                __cxxabiv1::__class_type_info::~__class_type_info()
                0x000167dc                __cxxabiv1::__class_type_info::~__class_type_info()
 .text._ZN10__cxxabiv117__class_type_infoD0Ev
                0x000167f0       0x1c c:/progra~2/codesourcery/source~1/bin/../lib/gcc/arm-none-eabi/4.5.2/../../../../arm-none-eabi/lib/thumb2\libstdc++.a(class_type_info.o)
                0x000167f0                __cxxabiv1::__class_type_info::~__class_type_info()
 .text          0x0001680c        0x0 c:/progra~2/codesourcery/source~1/bin/../lib/gcc/arm-none-eabi/4.5.2/../../../../arm-none-eabi/lib/thumb2\libstdc++.a(tinfo.o)
 .text._ZNSt9type_infoD2Ev
                0x0001680c        0xc c:/progra~2/codesourcery/source~1/bin/../lib/gcc/arm-none-eabi/4.5.2/../../../../arm-none-eabi/lib/thumb2\libstdc++.a(tinfo.o)
                0x0001680c                std::type_info::~type_info()
                0x0001680c                std::type_info::~type_info()
 .text._ZNKSt9type_info14__is_pointer_pEv
                0x00016818        0x4 c:/progra~2/codesourcery/source~1/bin/../lib/gcc/arm-none-eabi/4.5.2/../../../../arm-none-eabi/lib/thumb2\libstdc++.a(tinfo.o)
                0x00016818                std::type_info::__is_pointer_p() const
 .text._ZNKSt9type_info15__is_function_pEv
                0x0001681c        0x4 c:/progra~2/codesourcery/source~1/bin/../lib/gcc/arm-none-eabi/4.5.2/../../../../arm-none-eabi/lib/thumb2\libstdc++.a(tinfo.o)
                0x0001681c                std::type_info::__is_function_p() const
 .text._ZNKSt9type_info11__do_upcastEPKN10__cxxabiv117__class_type_infoEPPv
                0x00016820        0x4 c:/progra~2/codesourcery/source~1/bin/../lib/gcc/arm-none-eabi/4.5.2/../../../../arm-none-eabi/lib/thumb2\libstdc++.a(tinfo.o)
                0x00016820                std::type_info::__do_upcast(__cxxabiv1::__class_type_info const*, void**) const
 .text._ZNSt9type_infoD0Ev
                0x00016824       0x14 c:/progra~2/codesourcery/source~1/bin/../lib/gcc/arm-none-eabi/4.5.2/../../../../arm-none-eabi/lib/thumb2\libstdc++.a(tinfo.o)
                0x00016824                std::type_info::~type_info()
 .text._ZNKSt9type_infoeqERKS_
                0x00016838       0x3c c:/progra~2/codesourcery/source~1/bin/../lib/gcc/arm-none-eabi/4.5.2/../../../../arm-none-eabi/lib/thumb2\libstdc++.a(tinfo.o)
                0x00016838                std::type_info::operator==(std::type_info const&) const
 .text._ZNKSt9type_info10__do_catchEPKS_PPvj
                0x00016874        0x4 c:/progra~2/codesourcery/source~1/bin/../lib/gcc/arm-none-eabi/4.5.2/../../../../arm-none-eabi/lib/thumb2\libstdc++.a(tinfo.o)
                0x00016874                std::type_info::__do_catch(std::type_info const*, void**, unsigned int) const
 .text          0x00016878        0x0 c:/progra~2/codesourcery/source~1/bin/../lib/gcc/arm-none-eabi/4.5.2/../../../../arm-none-eabi/lib/thumb2\libstdc++.a(eh_terminate.o)
 .text._ZN10__cxxabiv111__terminateEPFvvE
                0x00016878       0x28 c:/progra~2/codesourcery/source~1/bin/../lib/gcc/arm-none-eabi/4.5.2/../../../../arm-none-eabi/lib/thumb2\libstdc++.a(eh_terminate.o)
                0x00016878                __cxxabiv1::__terminate(void (*)())
 .text._ZSt9terminatev
                0x000168a0       0x10 c:/progra~2/codesourcery/source~1/bin/../lib/gcc/arm-none-eabi/4.5.2/../../../../arm-none-eabi/lib/thumb2\libstdc++.a(eh_terminate.o)
                0x000168a0                std::terminate()
 .text._ZN10__cxxabiv112__unexpectedEPFvvE
                0x000168b0        0x8 c:/progra~2/codesourcery/source~1/bin/../lib/gcc/arm-none-eabi/4.5.2/../../../../arm-none-eabi/lib/thumb2\libstdc++.a(eh_terminate.o)
                0x000168b0                __cxxabiv1::__unexpected(void (*)())
 .text._ZSt10unexpectedv
                0x000168b8       0x14 c:/progra~2/codesourcery/source~1/bin/../lib/gcc/arm-none-eabi/4.5.2/../../../../arm-none-eabi/lib/thumb2\libstdc++.a(eh_terminate.o)
                0x000168b8                std::unexpected()
 .text._ZSt13set_terminatePFvvE
                0x000168cc       0x10 c:/progra~2/codesourcery/source~1/bin/../lib/gcc/arm-none-eabi/4.5.2/../../../../arm-none-eabi/lib/thumb2\libstdc++.a(eh_terminate.o)
                0x000168cc                std::set_terminate(void (*)())
 .text._ZSt14set_unexpectedPFvvE
                0x000168dc       0x10 c:/progra~2/codesourcery/source~1/bin/../lib/gcc/arm-none-eabi/4.5.2/../../../../arm-none-eabi/lib/thumb2\libstdc++.a(eh_terminate.o)
                0x000168dc                std::set_unexpected(void (*)())
 .text          0x000168ec        0x0 c:/progra~2/codesourcery/source~1/bin/../lib/gcc/arm-none-eabi/4.5.2/../../../../arm-none-eabi/lib/thumb2\libstdc++.a(eh_call.o)
 .text.__cxa_call_terminate
                0x000168ec       0x50 c:/progra~2/codesourcery/source~1/bin/../lib/gcc/arm-none-eabi/4.5.2/../../../../arm-none-eabi/lib/thumb2\libstdc++.a(eh_call.o)
                0x000168ec                __cxa_call_terminate
 .text.__cxa_call_unexpected
                0x0001693c      0x130 c:/progra~2/codesourcery/source~1/bin/../lib/gcc/arm-none-eabi/4.5.2/../../../../arm-none-eabi/lib/thumb2\libstdc++.a(eh_call.o)
                0x0001693c                __cxa_call_unexpected
 .text          0x00016a6c        0x0 c:/progra~2/codesourcery/source~1/bin/../lib/gcc/arm-none-eabi/4.5.2/../../../../arm-none-eabi/lib/thumb2\libstdc++.a(eh_term_handler.o)
 .text          0x00016a6c        0x0 c:/progra~2/codesourcery/source~1/bin/../lib/gcc/arm-none-eabi/4.5.2/../../../../arm-none-eabi/lib/thumb2\libstdc++.a(eh_personality.o)
 .text._ZL12read_sleb128PKhPl
                0x00016a6c       0x3c c:/progra~2/codesourcery/source~1/bin/../lib/gcc/arm-none-eabi/4.5.2/../../../../arm-none-eabi/lib/thumb2\libstdc++.a(eh_personality.o)
 .text._ZL28read_encoded_value_with_basehjPKhPj
                0x00016aa8       0xac c:/progra~2/codesourcery/source~1/bin/../lib/gcc/arm-none-eabi/4.5.2/../../../../arm-none-eabi/lib/thumb2\libstdc++.a(eh_personality.o)
 .text._ZL21base_of_encoded_valuehP15_Unwind_Context
                0x00016b54       0x4c c:/progra~2/codesourcery/source~1/bin/../lib/gcc/arm-none-eabi/4.5.2/../../../../arm-none-eabi/lib/thumb2\libstdc++.a(eh_personality.o)
 .text._ZL17parse_lsda_headerP15_Unwind_ContextPKhP16lsda_header_info
                0x00016ba0       0x8c c:/progra~2/codesourcery/source~1/bin/../lib/gcc/arm-none-eabi/4.5.2/../../../../arm-none-eabi/lib/thumb2\libstdc++.a(eh_personality.o)
 .text.__gxx_personality_v0
                0x00016c2c      0x3ec c:/progra~2/codesourcery/source~1/bin/../lib/gcc/arm-none-eabi/4.5.2/../../../../arm-none-eabi/lib/thumb2\libstdc++.a(eh_personality.o)
                0x00016c2c                __gxx_personality_v0
 .text          0x00017018        0x0 c:/progra~2/codesourcery/source~1/bin/../lib/gcc/arm-none-eabi/4.5.2/../../../../arm-none-eabi/lib/thumb2\libstdc++.a(eh_throw.o)
 .text._ZL23__gxx_exception_cleanup19_Unwind_Reason_CodeP21_Unwind_Control_Block
                0x00017018       0x4c c:/progra~2/codesourcery/source~1/bin/../lib/gcc/arm-none-eabi/4.5.2/../../../../arm-none-eabi/lib/thumb2\libstdc++.a(eh_throw.o)
 .text.__cxa_throw
                0x00017064       0x80 c:/progra~2/codesourcery/source~1/bin/../lib/gcc/arm-none-eabi/4.5.2/../../../../arm-none-eabi/lib/thumb2\libstdc++.a(eh_throw.o)
                0x00017064                __cxa_throw
 .text.__cxa_rethrow
                0x000170e4       0x78 c:/progra~2/codesourcery/source~1/bin/../lib/gcc/arm-none-eabi/4.5.2/../../../../arm-none-eabi/lib/thumb2\libstdc++.a(eh_throw.o)
                0x000170e4                __cxa_rethrow
 .text          0x0001715c        0x0 c:/progra~2/codesourcery/source~1/bin/../lib/gcc/arm-none-eabi/4.5.2/../../../../arm-none-eabi/lib/thumb2\libstdc++.a(eh_unex_handler.o)
 .text          0x0001715c        0x0 c:/progra~2/codesourcery/source~1/bin/../lib/gcc/arm-none-eabi/4.5.2/../../../../arm-none-eabi/lib/thumb2\libstdc++.a(eh_globals.o)
 .text.__cxa_get_globals_fast
                0x0001715c        0xc c:/progra~2/codesourcery/source~1/bin/../lib/gcc/arm-none-eabi/4.5.2/../../../../arm-none-eabi/lib/thumb2\libstdc++.a(eh_globals.o)
                0x0001715c                __cxa_get_globals_fast
 .text.__cxa_get_globals
                0x00017168        0xc c:/progra~2/codesourcery/source~1/bin/../lib/gcc/arm-none-eabi/4.5.2/../../../../arm-none-eabi/lib/thumb2\libstdc++.a(eh_globals.o)
                0x00017168                __cxa_get_globals
 .text          0x00017174        0x0 c:/progra~2/codesourcery/source~1/bin/../lib/gcc/arm-none-eabi/4.5.2/../../../../arm-none-eabi/lib/thumb2\libstdc++.a(eh_catch.o)
 .text.__cxa_get_exception_ptr
                0x00017174        0x4 c:/progra~2/codesourcery/source~1/bin/../lib/gcc/arm-none-eabi/4.5.2/../../../../arm-none-eabi/lib/thumb2\libstdc++.a(eh_catch.o)
                0x00017174                __cxa_get_exception_ptr
 .text.__cxa_begin_catch
                0x00017178       0x9c c:/progra~2/codesourcery/source~1/bin/../lib/gcc/arm-none-eabi/4.5.2/../../../../arm-none-eabi/lib/thumb2\libstdc++.a(eh_catch.o)
                0x00017178                __cxa_begin_catch
 .text.__cxa_end_catch
                0x00017214       0x98 c:/progra~2/codesourcery/source~1/bin/../lib/gcc/arm-none-eabi/4.5.2/../../../../arm-none-eabi/lib/thumb2\libstdc++.a(eh_catch.o)
                0x00017214                __cxa_end_catch
 .text._ZSt18uncaught_exceptionv
                0x000172ac       0x10 c:/progra~2/codesourcery/source~1/bin/../lib/gcc/arm-none-eabi/4.5.2/../../../../arm-none-eabi/lib/thumb2\libstdc++.a(eh_catch.o)
                0x000172ac                std::uncaught_exception()
 .text          0x000172bc        0x0 c:/progra~2/codesourcery/source~1/bin/../lib/gcc/arm-none-eabi/4.5.2/../../../../arm-none-eabi/lib/thumb2\libstdc++.a(vterminate.o)
 .text._ZN9__gnu_cxx27__verbose_terminate_handlerEv
                0x000172bc      0x148 c:/progra~2/codesourcery/source~1/bin/../lib/gcc/arm-none-eabi/4.5.2/../../../../arm-none-eabi/lib/thumb2\libstdc++.a(vterminate.o)
                0x000172bc                __gnu_cxx::__verbose_terminate_handler()
 .text          0x00017404        0x0 c:/progra~2/codesourcery/source~1/bin/../lib/gcc/arm-none-eabi/4.5.2/../../../../arm-none-eabi/lib/thumb2\libstdc++.a(eh_exception.o)
 .text._ZNSt9exceptionD2Ev
                0x00017404        0xc c:/progra~2/codesourcery/source~1/bin/../lib/gcc/arm-none-eabi/4.5.2/../../../../arm-none-eabi/lib/thumb2\libstdc++.a(eh_exception.o)
                0x00017404                std::exception::~exception()
                0x00017404                std::exception::~exception()
 .text._ZNSt13bad_exceptionD2Ev
                0x00017410        0xc c:/progra~2/codesourcery/source~1/bin/../lib/gcc/arm-none-eabi/4.5.2/../../../../arm-none-eabi/lib/thumb2\libstdc++.a(eh_exception.o)
                0x00017410                std::bad_exception::~bad_exception()
                0x00017410                std::bad_exception::~bad_exception()
 .text._ZN10__cxxabiv115__forced_unwindD2Ev
                0x0001741c        0xc c:/progra~2/codesourcery/source~1/bin/../lib/gcc/arm-none-eabi/4.5.2/../../../../arm-none-eabi/lib/thumb2\libstdc++.a(eh_exception.o)
                0x0001741c                __cxxabiv1::__forced_unwind::~__forced_unwind()
                0x0001741c                __cxxabiv1::__forced_unwind::~__forced_unwind()
 .text._ZN10__cxxabiv119__foreign_exceptionD2Ev
                0x00017428        0xc c:/progra~2/codesourcery/source~1/bin/../lib/gcc/arm-none-eabi/4.5.2/../../../../arm-none-eabi/lib/thumb2\libstdc++.a(eh_exception.o)
                0x00017428                __cxxabiv1::__foreign_exception::~__foreign_exception()
                0x00017428                __cxxabiv1::__foreign_exception::~__foreign_exception()
 .text._ZNKSt9exception4whatEv
                0x00017434        0xc c:/progra~2/codesourcery/source~1/bin/../lib/gcc/arm-none-eabi/4.5.2/../../../../arm-none-eabi/lib/thumb2\libstdc++.a(eh_exception.o)
                0x00017434                std::exception::what() const
 .text._ZNKSt13bad_exception4whatEv
                0x00017440        0xc c:/progra~2/codesourcery/source~1/bin/../lib/gcc/arm-none-eabi/4.5.2/../../../../arm-none-eabi/lib/thumb2\libstdc++.a(eh_exception.o)
                0x00017440                std::bad_exception::what() const
 .text._ZN10__cxxabiv119__foreign_exceptionD0Ev
                0x0001744c       0x14 c:/progra~2/codesourcery/source~1/bin/../lib/gcc/arm-none-eabi/4.5.2/../../../../arm-none-eabi/lib/thumb2\libstdc++.a(eh_exception.o)
                0x0001744c                __cxxabiv1::__foreign_exception::~__foreign_exception()
 .text._ZN10__cxxabiv115__forced_unwindD0Ev
                0x00017460       0x14 c:/progra~2/codesourcery/source~1/bin/../lib/gcc/arm-none-eabi/4.5.2/../../../../arm-none-eabi/lib/thumb2\libstdc++.a(eh_exception.o)
                0x00017460                __cxxabiv1::__forced_unwind::~__forced_unwind()
 .text._ZNSt13bad_exceptionD0Ev
                0x00017474       0x14 c:/progra~2/codesourcery/source~1/bin/../lib/gcc/arm-none-eabi/4.5.2/../../../../arm-none-eabi/lib/thumb2\libstdc++.a(eh_exception.o)
                0x00017474                std::bad_exception::~bad_exception()
 .text._ZNSt9exceptionD0Ev
                0x00017488       0x14 c:/progra~2/codesourcery/source~1/bin/../lib/gcc/arm-none-eabi/4.5.2/../../../../arm-none-eabi/lib/thumb2\libstdc++.a(eh_exception.o)
                0x00017488                std::exception::~exception()
 .text          0x0001749c        0x0 c:/progra~2/codesourcery/source~1/bin/../lib/gcc/arm-none-eabi/4.5.2/../../../../arm-none-eabi/lib/thumb2\libstdc++.a(eh_type.o)
 .text.__cxa_current_exception_type
                0x0001749c       0x1c c:/progra~2/codesourcery/source~1/bin/../lib/gcc/arm-none-eabi/4.5.2/../../../../arm-none-eabi/lib/thumb2\libstdc++.a(eh_type.o)
                0x0001749c                __cxa_current_exception_type
 .text          0x000174b8        0xc c:/progra~2/codesourcery/source~1/bin/../lib/gcc/arm-none-eabi/4.5.2/../../../../arm-none-eabi/lib/thumb2\libstdc++.a(eh_arm.o)
                0x000174b8                __cxa_end_cleanup
 .text.__cxa_type_match
                0x000174c4       0xd0 c:/progra~2/codesourcery/source~1/bin/../lib/gcc/arm-none-eabi/4.5.2/../../../../arm-none-eabi/lib/thumb2\libstdc++.a(eh_arm.o)
                0x000174c4                __cxa_type_match
 .text.__cxa_begin_cleanup
                0x00017594       0x70 c:/progra~2/codesourcery/source~1/bin/../lib/gcc/arm-none-eabi/4.5.2/../../../../arm-none-eabi/lib/thumb2\libstdc++.a(eh_arm.o)
                0x00017594                __cxa_begin_cleanup
 .text.__gnu_end_cleanup
                0x00017604       0x7c c:/progra~2/codesourcery/source~1/bin/../lib/gcc/arm-none-eabi/4.5.2/../../../../arm-none-eabi/lib/thumb2\libstdc++.a(eh_arm.o)
                0x00017604                __gnu_end_cleanup
 .text          0x00017680        0x0 c:/progra~2/codesourcery/source~1/bin/../lib/gcc/arm-none-eabi/4.5.2/../../../../arm-none-eabi/lib/thumb2\libstdc++.a(eh_alloc.o)
 .text.__cxa_allocate_exception
                0x00017680       0x7c c:/progra~2/codesourcery/source~1/bin/../lib/gcc/arm-none-eabi/4.5.2/../../../../arm-none-eabi/lib/thumb2\libstdc++.a(eh_alloc.o)
                0x00017680                __cxa_allocate_exception
 .text.__cxa_free_exception
                0x000176fc       0x3c c:/progra~2/codesourcery/source~1/bin/../lib/gcc/arm-none-eabi/4.5.2/../../../../arm-none-eabi/lib/thumb2\libstdc++.a(eh_alloc.o)
                0x000176fc                __cxa_free_exception
 .text.__cxa_allocate_dependent_exception
                0x00017738       0x78 c:/progra~2/codesourcery/source~1/bin/../lib/gcc/arm-none-eabi/4.5.2/../../../../arm-none-eabi/lib/thumb2\libstdc++.a(eh_alloc.o)
                0x00017738                __cxa_allocate_dependent_exception
 .text.__cxa_free_dependent_exception
                0x000177b0       0x4c c:/progra~2/codesourcery/source~1/bin/../lib/gcc/arm-none-eabi/4.5.2/../../../../arm-none-eabi/lib/thumb2\libstdc++.a(eh_alloc.o)
                0x000177b0                __cxa_free_dependent_exception
 .text._GLOBAL__I___cxa_allocate_exception
                0x000177fc        0x4 c:/progra~2/codesourcery/source~1/bin/../lib/gcc/arm-none-eabi/4.5.2/../../../../arm-none-eabi/lib/thumb2\libstdc++.a(eh_alloc.o)
 .text          0x00017800     0x912c c:/progra~2/codesourcery/source~1/bin/../lib/gcc/arm-none-eabi/4.5.2/../../../../arm-none-eabi/lib/thumb2\libstdc++.a(cp-demangle.o)
                0x00020824                __cxa_demangle
                0x00020900                __gcclibcxx_demangle_callback
 .text          0x0002092c      0x21c c:/progra~2/codesourcery/source~1/bin/../lib/gcc/arm-none-eabi/4.5.2/thumb2\libgcc.a(_arm_addsubsf3.o)
                0x0002092c                __aeabi_frsub
                0x00020934                __subsf3
                0x00020934                __aeabi_fsub
                0x00020938                __aeabi_fadd
                0x00020938                __addsf3
                0x00020a98                __aeabi_ui2f
                0x00020a98                __floatunsisf
                0x00020aa0                __aeabi_i2f
                0x00020aa0                __floatsisf
                0x00020abc                __aeabi_ul2f
                0x00020abc                __floatundisf
                0x00020acc                __aeabi_l2f
                0x00020acc                __floatdisf
 .text          0x00020b48      0x2a0 c:/progra~2/codesourcery/source~1/bin/../lib/gcc/arm-none-eabi/4.5.2/thumb2\libgcc.a(_arm_muldivsf3.o)
                0x00020b48                __mulsf3
                0x00020b48                __aeabi_fmul
                0x00020cb0                __aeabi_fdiv
                0x00020cb0                __divsf3
 .text          0x00020de8       0x4c c:/progra~2/codesourcery/source~1/bin/../lib/gcc/arm-none-eabi/4.5.2/thumb2\libgcc.a(_arm_fixsfsi.o)
                0x00020de8                __aeabi_f2iz
                0x00020de8                __fixsfsi
 .text          0x00020e34       0x2c c:/progra~2/codesourcery/source~1/bin/../lib/gcc/arm-none-eabi/4.5.2/thumb2\libgcc.a(_aeabi_uldivmod.o)
                0x00020e34                __aeabi_uldivmod
 .text          0x00020e60       0x60 c:/progra~2/codesourcery/source~1/bin/../lib/gcc/arm-none-eabi/4.5.2/thumb2\libgcc.a(bpabi.o)
                0x00020e60                __gnu_ldivmod_helper
                0x00020e90                __gnu_uldivmod_helper
 .text          0x00020ec0      0xc38 c:/progra~2/codesourcery/source~1/bin/../lib/gcc/arm-none-eabi/4.5.2/thumb2\libgcc.a(unwind-arm.o)
                0x0002119c                _Unwind_VRS_Get
                0x000211e8                _Unwind_VRS_Set
                0x00021584                __aeabi_unwind_cpp_pr2
                0x00021588                __aeabi_unwind_cpp_pr1
                0x0002158c                __aeabi_unwind_cpp_pr0
                0x00021590                _Unwind_VRS_Pop
                0x00021978                _Unwind_GetCFA
                0x0002197c                __gnu_Unwind_RaiseException
                0x000219ec                __gnu_Unwind_ForcedUnwind
                0x00021a00                __gnu_Unwind_Resume
                0x00021a3c                __gnu_Unwind_Resume_or_Rethrow
                0x00021a54                _Unwind_Complete
                0x00021a58                _Unwind_DeleteException
                0x00021a68                __gnu_Unwind_Backtrace
 .text          0x00021af8      0x1ac c:/progra~2/codesourcery/source~1/bin/../lib/gcc/arm-none-eabi/4.5.2/thumb2\libgcc.a(libunwind.o)
                0x00021af8                __restore_core_regs
                0x00021af8                restore_core_regs
                0x00021b10                __gnu_Unwind_Restore_VFP
                0x00021b18                __gnu_Unwind_Save_VFP
                0x00021b20                __gnu_Unwind_Restore_VFP_D
                0x00021b28                __gnu_Unwind_Save_VFP_D
                0x00021b30                __gnu_Unwind_Restore_VFP_D_16_to_31
                0x00021b38                __gnu_Unwind_Save_VFP_D_16_to_31
                0x00021b40                __gnu_Unwind_Restore_WMMXD
                0x00021b84                __gnu_Unwind_Save_WMMXD
                0x00021bc8                __gnu_Unwind_Restore_WMMXC
                0x00021bdc                __gnu_Unwind_Save_WMMXC
                0x00021bf0                ___Unwind_RaiseException
                0x00021bf0                _Unwind_RaiseException
                0x00021c14                _Unwind_Resume
                0x00021c14                ___Unwind_Resume
                0x00021c38                _Unwind_Resume_or_Rethrow
                0x00021c38                ___Unwind_Resume_or_Rethrow
                0x00021c5c                _Unwind_ForcedUnwind
                0x00021c5c                ___Unwind_ForcedUnwind
                0x00021c80                ___Unwind_Backtrace
                0x00021c80                _Unwind_Backtrace
 .text          0x00021ca4      0x3c0 c:/progra~2/codesourcery/source~1/bin/../lib/gcc/arm-none-eabi/4.5.2/thumb2\libgcc.a(pr-support.o)
                0x00021cf8                __gnu_unwind_execute
                0x00022008                __gnu_unwind_frame
                0x00022034                _Unwind_GetRegionStart
                0x00022040                _Unwind_GetLanguageSpecificData
                0x00022054                _Unwind_GetDataRelBase
                0x0002205c                _Unwind_GetTextRelBase
 .text          0x00022064        0x4 c:/progra~2/codesourcery/source~1/bin/../lib/gcc/arm-none-eabi/4.5.2/thumb2\libgcc.a(_dvmd_tls.o)
                0x00022064                __aeabi_idiv0
                0x00022064                __aeabi_ldiv0
 .text          0x00022068      0x360 c:/progra~2/codesourcery/source~1/bin/../lib/gcc/arm-none-eabi/4.5.2/thumb2\libgcc.a(_divdi3.o)
                0x00022068                __divdi3
 .text          0x000223c8      0x308 c:/progra~2/codesourcery/source~1/bin/../lib/gcc/arm-none-eabi/4.5.2/thumb2\libgcc.a(_udivdi3.o)
                0x000223c8                __udivdi3
 .text          0x000226d0      0x278 c:/progra~2/codesourcery/source~1/bin/../lib/gcc/arm-none-eabi/4.5.2/thumb2\libgcc.a(_udivsi3.o)
                0x000226d0                __aeabi_uidiv
                0x000226d0                __udivsi3
                0x0002292c                __aeabi_uidivmod
 .text          0x00022948       0x10 c:/progra~2/codesourcery/source~1/bin/../lib/gcc/arm-none-eabi/4.5.2/../../../../arm-none-eabi/lib/thumb2\libc.a(lib_a-abort.o)
                0x00022948                abort
 .text          0x00022958       0xac c:/progra~2/codesourcery/source~1/bin/../lib/gcc/arm-none-eabi/4.5.2/../../../../arm-none-eabi/lib/thumb2\libc.a(lib_a-fputc.o)
                0x00022958                _fputc_r
                0x000229ac                fputc
 .text          0x00022a04       0x90 c:/progra~2/codesourcery/source~1/bin/../lib/gcc/arm-none-eabi/4.5.2/../../../../arm-none-eabi/lib/thumb2\libc.a(lib_a-fputs.o)
                0x00022a04                _fputs_r
                0x00022a84                fputs
 .text          0x00022a94      0x338 c:/progra~2/codesourcery/source~1/bin/../lib/gcc/arm-none-eabi/4.5.2/../../../../arm-none-eabi/lib/thumb2\libc.a(lib_a-fvwrite.o)
                0x00022a94                __sfvwrite_r
 .text          0x00022dcc       0xc0 c:/progra~2/codesourcery/source~1/bin/../lib/gcc/arm-none-eabi/4.5.2/../../../../arm-none-eabi/lib/thumb2\libc.a(lib_a-fwrite.o)
                0x00022dcc                _fwrite_r
                0x00022e68                fwrite
 .text          0x00022e8c        0x0 c:/progra~2/codesourcery/source~1/bin/../lib/gcc/arm-none-eabi/4.5.2/../../../../arm-none-eabi/lib/thumb2\libc.a(lib_a-impure.o)
 .text          0x00022e8c       0x20 c:/progra~2/codesourcery/source~1/bin/../lib/gcc/arm-none-eabi/4.5.2/../../../../arm-none-eabi/lib/thumb2\libc.a(lib_a-malloc.o)
                0x00022e8c                malloc
                0x00022e9c                free
 .text          0x00022eac      0x57c c:/progra~2/codesourcery/source~1/bin/../lib/gcc/arm-none-eabi/4.5.2/../../../../arm-none-eabi/lib/thumb2\libc.a(lib_a-mallocr.o)
                0x00022eac                _malloc_r
 .text          0x00023428       0x8c c:/progra~2/codesourcery/source~1/bin/../lib/gcc/arm-none-eabi/4.5.2/../../../../arm-none-eabi/lib/thumb2\libc.a(lib_a-memchr.o)
                0x00023428                memchr
 .text          0x000234b4       0x64 c:/progra~2/codesourcery/source~1/bin/../lib/gcc/arm-none-eabi/4.5.2/../../../../arm-none-eabi/lib/thumb2\libc.a(lib_a-memcmp.o)
                0x000234b4                memcmp
 .text          0x00023518      0x150 c:/progra~2/codesourcery/source~1/bin/../lib/gcc/arm-none-eabi/4.5.2/../../../../arm-none-eabi/lib/thumb2\libc.a(lib_a-memcpy.o)
                0x00023518                memcpy
 .text          0x00023668       0xb4 c:/progra~2/codesourcery/source~1/bin/../lib/gcc/arm-none-eabi/4.5.2/../../../../arm-none-eabi/lib/thumb2\libc.a(lib_a-memmove.o)
                0x00023668                memmove
 .text          0x0002371c       0xb4 c:/progra~2/codesourcery/source~1/bin/../lib/gcc/arm-none-eabi/4.5.2/../../../../arm-none-eabi/lib/thumb2\libc.a(lib_a-memset.o)
                0x0002371c                memset
 .text          0x000237d0        0x8 c:/progra~2/codesourcery/source~1/bin/../lib/gcc/arm-none-eabi/4.5.2/../../../../arm-none-eabi/lib/thumb2\libc.a(lib_a-mlock.o)
                0x000237d0                __malloc_lock
                0x000237d4                __malloc_unlock
 .text          0x000237d8       0x64 c:/progra~2/codesourcery/source~1/bin/../lib/gcc/arm-none-eabi/4.5.2/../../../../arm-none-eabi/lib/thumb2\libc.a(lib_a-printf.o)
                0x000237d8                _printf_r
                0x00023804                printf
 .text          0x0002383c      0x138 c:/progra~2/codesourcery/source~1/bin/../lib/gcc/arm-none-eabi/4.5.2/../../../../arm-none-eabi/lib/thumb2\libc.a(lib_a-putc.o)
                0x0002383c                _putc_r
                0x000238cc                putc
 *fill*         0x00023974        0x4 00
 .text          0x00023978      0x100 c:/progra~2/codesourcery/source~1/bin/../lib/gcc/arm-none-eabi/4.5.2/../../../../arm-none-eabi/lib/thumb2\libc.a(lib_a-rand.o)
                0x00023978                srand
                0x000239d4                rand
 .text          0x00023a78       0x14 c:/progra~2/codesourcery/source~1/bin/../lib/gcc/arm-none-eabi/4.5.2/../../../../arm-none-eabi/lib/thumb2\libc.a(lib_a-realloc.o)
                0x00023a78                realloc
 .text          0x00023a8c      0x41c c:/progra~2/codesourcery/source~1/bin/../lib/gcc/arm-none-eabi/4.5.2/../../../../arm-none-eabi/lib/thumb2\libc.a(lib_a-reallocr.o)
                0x00023a8c                _realloc_r
 .text          0x00023ea8      0x118 c:/progra~2/codesourcery/source~1/bin/../lib/gcc/arm-none-eabi/4.5.2/../../../../arm-none-eabi/lib/thumb2\libc.a(lib_a-reent.o)
                0x00023ea8                cleanup_glue
                0x00023ec4                _reclaim_reent
                0x00023f84                _wrapup_reent
 .text          0x00023fc0       0x28 c:/progra~2/codesourcery/source~1/bin/../lib/gcc/arm-none-eabi/4.5.2/../../../../arm-none-eabi/lib/thumb2\libc.a(lib_a-sbrkr.o)
                0x00023fc0                _sbrk_r
 .text          0x00023fe8      0x154 c:/progra~2/codesourcery/source~1/bin/../lib/gcc/arm-none-eabi/4.5.2/../../../../arm-none-eabi/lib/thumb2\libc.a(lib_a-signal.o)
                0x00023fe8                _init_signal_r
                0x00024018                _signal_r
                0x00024054                _raise_r
                0x000240ac                __sigtramp_r
                0x00024100                raise
                0x00024110                signal
                0x00024120                _init_signal
                0x0002412c                __sigtramp
 .text          0x0002413c       0x30 c:/progra~2/codesourcery/source~1/bin/../lib/gcc/arm-none-eabi/4.5.2/../../../../arm-none-eabi/lib/thumb2\libc.a(lib_a-signalr.o)
                0x0002413c                _kill_r
                0x00024168                _getpid_r
 .text          0x0002416c       0x94 c:/progra~2/codesourcery/source~1/bin/../lib/gcc/arm-none-eabi/4.5.2/../../../../arm-none-eabi/lib/thumb2\libc.a(lib_a-sprintf.o)
                0x0002416c                _sprintf_r
                0x000241b0                sprintf
 .text          0x00024200      0x10c c:/progra~2/codesourcery/source~1/bin/../lib/gcc/arm-none-eabi/4.5.2/../../../../arm-none-eabi/lib/thumb2\libc.a(lib_a-strchr.o)
                0x00024200                strchr
 .text          0x0002430c      0x1dc c:/progra~2/codesourcery/source~1/bin/../lib/gcc/arm-none-eabi/4.5.2/../../../../arm-none-eabi/lib/thumb2\libc.a(lib_a-strcmp.o)
                0x0002430c                strcmp
 .text          0x000244e8       0xbc c:/progra~2/codesourcery/source~1/bin/../lib/gcc/arm-none-eabi/4.5.2/../../../../arm-none-eabi/lib/thumb2\libc.a(lib_a-strcpy.o)
                0x000244e8                strcpy
 .text          0x000245a4       0x60 c:/progra~2/codesourcery/source~1/bin/../lib/gcc/arm-none-eabi/4.5.2/../../../../arm-none-eabi/lib/thumb2\libc.a(lib_a-strlen.o)
                0x000245a4                strlen
 .text          0x00024604       0xac c:/progra~2/codesourcery/source~1/bin/../lib/gcc/arm-none-eabi/4.5.2/../../../../arm-none-eabi/lib/thumb2\libc.a(lib_a-strncmp.o)
                0x00024604                strncmp
 .text          0x000246b0       0x78 c:/progra~2/codesourcery/source~1/bin/../lib/gcc/arm-none-eabi/4.5.2/../../../../arm-none-eabi/lib/thumb2\libc.a(lib_a-strncpy.o)
                0x000246b0                strncpy
 .text          0x00024728       0x28 c:/progra~2/codesourcery/source~1/bin/../lib/gcc/arm-none-eabi/4.5.2/../../../../arm-none-eabi/lib/thumb2\libc.a(lib_a-strrchr.o)
                0x00024728                strrchr
 .text          0x00024750     0x1640 c:/progra~2/codesourcery/source~1/bin/../lib/gcc/arm-none-eabi/4.5.2/../../../../arm-none-eabi/lib/thumb2\libc.a(lib_a-svfprintf.o)
                0x00024750                _svfprintf_r
 .text          0x00025d90       0x1c c:/progra~2/codesourcery/source~1/bin/../lib/gcc/arm-none-eabi/4.5.2/../../../../arm-none-eabi/lib/thumb2\libc.a(lib_a-syswrite.o)
                0x00025d90                write
 .text          0x00025dac     0x1980 c:/progra~2/codesourcery/source~1/bin/../lib/gcc/arm-none-eabi/4.5.2/../../../../arm-none-eabi/lib/thumb2\libc.a(lib_a-vfprintf.o)
                0x00025dac                _vfprintf_r