Archive member included because of file (symbol)

c:/progra~2/codesourcery/source~1/bin/../lib/gcc/arm-none-eabi/4.5.2/../../../../arm-none-eabi/lib/thumb2\libstdc++.a(si_class_type_info.o)
                              build\Menu.o (vtable for __cxxabiv1::__si_class_type_info)
c:/progra~2/codesourcery/source~1/bin/../lib/gcc/arm-none-eabi/4.5.2/../../../../arm-none-eabi/lib/thumb2\libstdc++.a(pure.o)
                              build\InterfaceBoard.o (__cxa_pure_virtual)
c:/progra~2/codesourcery/source~1/bin/../lib/gcc/arm-none-eabi/4.5.2/../../../../arm-none-eabi/lib/thumb2\libstdc++.a(class_type_info.o)
                              c:/progra~2/codesourcery/source~1/bin/../lib/gcc/arm-none-eabi/4.5.2/../../../../arm-none-eabi/lib/thumb2\libstdc++.a(si_class_type_info.o) (__cxxabiv1::__class_type_info::__do_upcast(__cxxabiv1::__class_type_info const*, void**) const)
c:/progra~2/codesourcery/source~1/bin/../lib/gcc/arm-none-eabi/4.5.2/../../../../arm-none-eabi/lib/thumb2\libstdc++.a(tinfo.o)
                              c:/progra~2/codesourcery/source~1/bin/../lib/gcc/arm-none-eabi/4.5.2/../../../../arm-none-eabi/lib/thumb2\libstdc++.a(class_type_info.o) (std::type_info::~type_info())
c:/progra~2/codesourcery/source~1/bin/../lib/gcc/arm-none-eabi/4.5.2/../../../../arm-none-eabi/lib/thumb2\libstdc++.a(eh_terminate.o)
                              c:/progra~2/codesourcery/source~1/bin/../lib/gcc/arm-none-eabi/4.5.2/../../../../arm-none-eabi/lib/thumb2\libstdc++.a(pure.o) (std::terminate())
c:/progra~2/codesourcery/source~1/bin/../lib/gcc/arm-none-eabi/4.5.2/../../../../arm-none-eabi/lib/thumb2\libstdc++.a(eh_call.o)
                              c:/progra~2/codesourcery/source~1/bin/../lib/gcc/arm-none-eabi/4.5.2/../../../../arm-none-eabi/lib/thumb2\libstdc++.a(eh_terminate.o) (__cxa_call_unexpected)
c:/progra~2/codesourcery/source~1/bin/../lib/gcc/arm-none-eabi/4.5.2/../../../../arm-none-eabi/lib/thumb2\libstdc++.a(eh_term_handler.o)
                              c:/progra~2/codesourcery/source~1/bin/../lib/gcc/arm-none-eabi/4.5.2/../../../../arm-none-eabi/lib/thumb2\libstdc++.a(eh_terminate.o) (__cxxabiv1::__terminate_handler)
c:/progra~2/codesourcery/source~1/bin/../lib/gcc/arm-none-eabi/4.5.2/../../../../arm-none-eabi/lib/thumb2\libstdc++.a(eh_personality.o)
                              c:/progra~2/codesourcery/source~1/bin/../lib/gcc/arm-none-eabi/4.5.2/../../../../arm-none-eabi/lib/thumb2\libstdc++.a(eh_terminate.o) (__gxx_personality_v0)
c:/progra~2/codesourcery/source~1/bin/../lib/gcc/arm-none-eabi/4.5.2/../../../../arm-none-eabi/lib/thumb2\libstdc++.a(eh_throw.o)
                              c:/progra~2/codesourcery/source~1/bin/../lib/gcc/arm-none-eabi/4.5.2/../../../../arm-none-eabi/lib/thumb2\libstdc++.a(eh_call.o) (__cxa_throw)
c:/progra~2/codesourcery/source~1/bin/../lib/gcc/arm-none-eabi/4.5.2/../../../../arm-none-eabi/lib/thumb2\libstdc++.a(eh_unex_handler.o)
                              c:/progra~2/codesourcery/source~1/bin/../lib/gcc/arm-none-eabi/4.5.2/../../../../arm-none-eabi/lib/thumb2\libstdc++.a(eh_terminate.o) (__cxxabiv1::__unexpected_handler)
c:/progra~2/codesourcery/source~1/bin/../lib/gcc/arm-none-eabi/4.5.2/../../../../arm-none-eabi/lib/thumb2\libstdc++.a(eh_globals.o)
                              c:/progra~2/codesourcery/source~1/bin/../lib/gcc/arm-none-eabi/4.5.2/../../../../arm-none-eabi/lib/thumb2\libstdc++.a(eh_call.o) (__cxa_get_globals_fast)
c:/progra~2/codesourcery/source~1/bin/../lib/gcc/arm-none-eabi/4.5.2/../../../../arm-none-eabi/lib/thumb2\libstdc++.a(eh_catch.o)
                              c:/progra~2/codesourcery/source~1/bin/../lib/gcc/arm-none-eabi/4.5.2/../../../../arm-none-eabi/lib/thumb2\libstdc++.a(eh_terminate.o) (__cxa_begin_catch)
c:/progra~2/codesourcery/source~1/bin/../lib/gcc/arm-none-eabi/4.5.2/../../../../arm-none-eabi/lib/thumb2\libstdc++.a(vterminate.o)
                              c:/progra~2/codesourcery/source~1/bin/../lib/gcc/arm-none-eabi/4.5.2/../../../../arm-none-eabi/lib/thumb2\libstdc++.a(eh_term_handler.o) (__gnu_cxx::__verbose_terminate_handler())
c:/progra~2/codesourcery/source~1/bin/../lib/gcc/arm-none-eabi/4.5.2/../../../../arm-none-eabi/lib/thumb2\libstdc++.a(eh_exception.o)
                              c:/progra~2/codesourcery/source~1/bin/../lib/gcc/arm-none-eabi/4.5.2/../../../../arm-none-eabi/lib/thumb2\libstdc++.a(eh_call.o) (std::bad_exception::~bad_exception())
c:/progra~2/codesourcery/source~1/bin/../lib/gcc/arm-none-eabi/4.5.2/../../../../arm-none-eabi/lib/thumb2\libstdc++.a(eh_type.o)
                              c:/progra~2/codesourcery/source~1/bin/../lib/gcc/arm-none-eabi/4.5.2/../../../../arm-none-eabi/lib/thumb2\libstdc++.a(vterminate.o) (__cxa_current_exception_type)
c:/progra~2/codesourcery/source~1/bin/../lib/gcc/arm-none-eabi/4.5.2/../../../../arm-none-eabi/lib/thumb2\libstdc++.a(eh_arm.o)
[...]
Memory Configuration

Name             Origin             Length             Attributes
IROM             0x00002000         0x0007e000         xr
IRAM0            0x10000000         0x00008000         xrw
IRAM1            0x2007c000         0x00004000         xrw
IRAM2            0x20080000         0x00004000         xrw
*default*        0x00000000         0xffffffff

Linker script and memory map

LOAD c:/progra~2/codesourcery/source~1/bin/../lib/gcc/arm-none-eabi/4.5.2/thumb2/crti.o
LOAD c:/progra~2/codesourcery/source~1/bin/../lib/gcc/arm-none-eabi/4.5.2/thumb2/crtbegin.o
LOAD build\system\core_cm3.o
LOAD build\system\startup_LPC17xx.o
LOAD build\system\syscalls.o
LOAD build\system\system_LPC17xx.o
LOAD build\system\mini_cpp.o
LOAD build\lib\source\Uart32.o
LOAD build\lib\source\debug_frmwrk.o
LOAD build\lib\source\lpc17xx_adc.o
LOAD build\lib\source\lpc17xx_clkpwr.o
LOAD build\lib\source\lpc17xx_gpio.o
LOAD build\lib\source\lpc17xx_i2c.o
LOAD build\lib\source\lpc17xx_libcfg_default.o
LOAD build\lib\source\lpc17xx_nvic.o
LOAD build\lib\source\lpc17xx_pinsel.o
LOAD build\lib\source\lpc17xx_spi.o
LOAD build\lib\source\lpc17xx_timer.o
LOAD build\lib\source\lpc17xx_uart.o
LOAD build\lib_sd\byteordering.o
LOAD build\lib_sd\fat.o
LOAD build\lib_sd\partition.o
LOAD build\lib_sd\sd_raw.o
LOAD build\IAP_internal_flash_write\IAP.o
LOAD build\VCOM_GV\intenable.o
LOAD build\VCOM_GV\serial_fifo.o
LOAD build\VCOM_GV\usbSerial.o
LOAD build\VCOM_GV\usbcontrol.o
LOAD build\VCOM_GV\usbhw_lpc.o
LOAD build\VCOM_GV\usbinit.o
LOAD build\VCOM_GV\usbstdreq.o
LOAD src\shared\PID.o
LOAD src\shared\Packet.o
LOAD build\Command.o
LOAD build\DebugPacketProcessor.o
LOAD build\Delay.o
LOAD build\EepromMap.o
LOAD build\Host.o
LOAD build\Interface.o
LOAD build\InterfaceBoard.o
LOAD build\LPCPort.o
LOAD build\LiquidCrystal.o
LOAD build\Main.o
LOAD build\Menu.o
LOAD build\Microsteps.o
LOAD build\Motherboard.o
LOAD build\PID.o
LOAD build\Packet.o
LOAD build\SDCard.o
LOAD build\StepperInterface.o
LOAD build\Steppers.o
LOAD build\Timeout.o
LOAD build\Tool.o
LOAD build\UART.o

.text           0x00002000    0x2824c
 *(.isr_vector .isr_vector.*)
 .isr_vector    0x00002000       0xc4 build\system\startup_LPC17xx.o
                0x00002000                g_pfnVectors
 *(.text .text.*)
 .text          0x000020c4        0x0 c:/progra~2/codesourcery/source~1/bin/../lib/gcc/arm-none-eabi/4.5.2/thumb2/crti.o
 .text          0x000020c4       0x30 c:/progra~2/codesourcery/source~1/bin/../lib/gcc/arm-none-eabi/4.5.2/thumb2/crtbegin.o
 .text          0x000020f4      0x28c build\system\core_cm3.o
                0x000020f4                __get_PSP
                0x00002104                __set_PSP
                0x0000210c                __get_MSP
                0x0000211c                __set_MSP
                0x00002124                __get_BASEPRI
                0x00002144                __set_BASEPRI
                0x0000215c                __get_PRIMASK
                0x0000217c                __set_PRIMASK
                0x00002194                __get_FAULTMASK
                0x000021b4                __set_FAULTMASK
                0x000021cc                __get_CONTROL
                0x000021ec                __set_CONTROL
                0x00002204                __REV
                0x00002228                __REV16
                0x0000224c                __REVSH
                0x00002270                __RBIT
                0x00002294                __LDREXB
                0x000022b8                __LDREXH
                0x000022dc                __LDREXW
                0x00002300                __STREXB
                0x0000232c                __STREXH
                0x00002358                __STREXW
 .text          0x00002380       0xc8 build\system\startup_LPC17xx.o
                0x00002380                Reset_Handler
                0x00002440                DebugMon_Handler
                0x00002440                RIT_IRQHandler
                0x00002440                I2C0_IRQHandler
                0x00002440                SysTick_Handler
                0x00002440                PWM1_IRQHandler
                0x00002440                PendSV_Handler
                0x00002440                I2C1_IRQHandler
                0x00002440                EINT2_IRQHandler
                0x00002440                UART1_IRQHandler
                0x00002440                EINT3_IRQHandler
                0x00002440                TIMER3_IRQHandler
                0x00002440                UART0_IRQHandler
                0x00002440                UsageFault_Handler
                0x00002440                PLL0_IRQHandler
                0x00002440                CAN_IRQHandler
                0x00002440                PLL1_IRQHandler
                0x00002440                SSP0_IRQHandler
                0x00002440                I2S_IRQHandler
                0x00002440                I2C2_IRQHandler
                0x00002440                RTC_IRQHandler
                0x00002440                TIMER0_IRQHandler
                0x00002440                TIMER2_IRQHandler
                0x00002440                SPI_IRQHandler
                0x00002440                EINT1_IRQHandler
                0x00002440                TIMER1_IRQHandler
                0x00002440                UART2_IRQHandler
                0x00002440                Default_Handler
                0x00002440                ADC_IRQHandler
                0x00002440                SSP1_IRQHandler
                0x00002440                BOD_IRQHandler
                0x00002440                MemManage_Handler
                0x00002440                WDT_IRQHandler
                0x00002440                SVC_Handler
                0x00002440                QEI_IRQHandler
                0x00002440                EINT0_IRQHandler
                0x00002440                DMA_IRQHandler
                0x00002440                BusFault_Handler
                0x00002440                UART3_IRQHandler
                0x00002440                MCPWM_IRQHandler
                0x00002440                ENET_IRQHandler
 .text          0x00002448      0x184 build\system\syscalls.o
                0x00002448                _kill
                0x00002470                _exit
                0x0000247c                _getpid
                0x0000248c                get_heap_end
                0x000024a0                get_stack_top
                0x000024b0                _sbrk
                0x00002504                _close
                0x0000251c                _fstat
                0x00002540                _isatty
                0x00002558                _lseek
                0x00002574                _read
                0x00002590                _write
 .text          0x000025cc      0x310 build\system\system_LPC17xx.o
                0x000025cc                SystemCoreClockUpdate
                0x00002778                SystemInit
 .text          0x000028dc       0x6c build\system\mini_cpp.o
                0x000028dc                operator new(unsigned int)
                0x000028f8                operator new[](unsigned int)
                0x00002914                operator delete(void*)
                0x0000292c                __aeabi_atexit
 .text          0x00002948       0xe4 build\lib\source\Uart32.o
                0x00002948                UART_8
                0x00002968                UART_32_DEC
                0x000029c8                UART_32_HEX
 .text          0x00002a2c      0x75c build\lib\source\debug_frmwrk.o
                0x00002a2c                UARTPutChar
                0x00002a54                UARTGetChar
                0x00002a84                UARTPuts
                0x00002ab8                UARTPuts_
                0x00002ae0                UARTPutDec
                0x00002b98                UARTPutDec16
                0x00002cd4                UARTPutDec32
                0x00002f38                UARTPutHex
                0x00002fac                UARTPutHex16
                0x00003020                UARTPutHex32
                0x00003090                debug_frmwrk_init
 .text          0x00003188      0x518 build\lib\source\lpc17xx_adc.o
                0x00003188                ADC_Init
                0x00003220                ADC_DeInit
                0x00003264                ADC_GetData
                0x00003298                ADC_StartCmd
                0x0000331c                ADC_BurstCmd
                0x00003368                ADC_PowerdownCmd
                0x000033b4                ADC_EdgeStartConfig
                0x00003418                ADC_IntConfig
                0x000034bc                ADC_ChannelCmd
                0x00003524                ADC_ChannelGetData
                0x00003578                ADC_ChannelGetStatus
                0x000035fc                ADC_GlobalGetData
                0x0000362c                ADC_GlobalGetStatus
 .text          0x000036a0      0x24c build\lib\source\lpc17xx_clkpwr.o
                0x000036ac                CLKPWR_SetPCLKDiv
                0x0000374c                CLKPWR_GetPCLKSEL
                0x00003798                CLKPWR_GetPCLK
                0x00003808                CLKPWR_ConfigPPWR
                0x00003868                CLKPWR_Sleep
                0x00003880                CLKPWR_DeepSleep
                0x000038a4                CLKPWR_PowerDown
                0x000038c8                CLKPWR_DeepPowerDown
 .text          0x000038ec      0x860 build\lib\source\lpc17xx_gpio.o
                0x00003a48                GPIO_SetDir
                0x00003a94                GPIO_SetValue
                0x00003ac0                GPIO_ClearValue
                0x00003aec                GPIO_ReadValue
                0x00003b1c                GPIO_IntCmd
                0x00003b8c                GPIO_GetIntStatus
                0x00003c30                GPIO_ClearInt
                0x00003c68                FIO_SetDir
                0x00003c90                FIO_SetValue
                0x00003cb0                FIO_ClearValue
                0x00003cd0                FIO_ReadValue
                0x00003cf0                FIO_IntCmd
                0x00003d18                FIO_GetIntStatus
                0x00003d44                FIO_ClearInt
                0x00003d64                FIO_SetMask
                0x00003db0                FIO_HalfWordSetDir
                0x00003e4c                FIO_HalfWordSetMask
                0x00003ee8                FIO_HalfWordSetValue
                0x00003f28                FIO_HalfWordClearValue
                0x00003f68                FIO_HalfWordReadValue
                0x00003fac                FIO_ByteSetDir
                0x0000401c                FIO_ByteSetMask
                0x00004094                FIO_ByteSetValue
                0x000040d0                FIO_ByteClearValue
                0x0000410c                FIO_ByteReadValue
 .text          0x0000414c     0x1348 build\lib\source\lpc17xx_i2c.o
                0x000043dc                I2C_Init
                0x00004498                I2C_DeInit
                0x00004524                I2C_Cmd
                0x00004598                I2C_IntCmd
                0x00004628                I2C_MasterHandler
                0x000049ec                I2C_SlaveHandler
                0x00004bc0                I2C_MasterTransferData
                0x00004ef4                I2C_SlaveTransferData
                0x00005154                I2C_SetOwnSlaveAddr
                0x00005258                I2C_MonitorModeConfig
                0x000052e0                I2C_MonitorModeCmd
                0x00005380                I2C_MonitorGetDatabuffer
                0x000053cc                I2C_MonitorHandler
                0x00005424                I2C_MasterTransferComplete
                0x0000545c                I2C_SlaveTransferComplete
 .text          0x00005494        0xc build\lib\source\lpc17xx_libcfg_default.o
                0x00005494                check_failed
 .text          0x000054a0       0xfc build\lib\source\lpc17xx_nvic.o
                0x000054a0                NVIC_DeInit
                0x00005500                NVIC_SCBDeInit
                0x00005580                NVIC_SetVTOR
 .text          0x0000559c      0x284 build\lib\source\lpc17xx_pinsel.o
                0x00005750                PINSEL_ConfigTraceFunc
                0x00005790                PINSEL_SetI2C0Pins
                0x000057cc                PINSEL_ConfigPin
 .text          0x00005820      0x58c build\lib\source\lpc17xx_spi.o
                0x00005820                SPI_SetClock
                0x0000589c                SPI_DeInit
                0x000058dc                SPI_GetDataSize
                0x00005918                SPI_Init
                0x000059b0                SPI_ConfigStructInit
                0x000059f4                SPI_SendData
                0x00005a28                SPI_ReceiveData
                0x00005a5c                SPI_ReadWrite
                0x00005c50                SPI_IntCmd
                0x00005cb8                SPI_GetIntStatus
                0x00005cf0                SPI_ClearIntPending
                0x00005d24                SPI_GetStatus
                0x00005d58                SPI_CheckStatus
 .text          0x00005dac      0xab0 build\lib\source\lpc17xx_timer.o
                0x00005ed8                TIM_GetIntStatus
                0x00005f80                TIM_GetIntCaptureStatus
                0x0000602c                TIM_ClearIntPending
                0x000060b8                TIM_ClearIntCapturePending
                0x00006148                TIM_ConfigStructInit
                0x00006188                TIM_Init
                0x00006330                TIM_DeInit
                0x000063d8                TIM_Cmd
                0x00006448                TIM_ResetCounter
                0x000064ac                TIM_ConfigMatch
                0x0000665c                TIM_UpdateMatchValue
                0x000066ec                TIM_ConfigCapture
                0x000067e4                TIM_GetCaptureValue
 .text          0x0000685c     0x16c0 build\lib\source\lpc17xx_uart.o
                0x00006b64                UART_Init
                0x00006e88                UART_DeInit
                0x00006f30                UART_ConfigStructInit
                0x00006f64                UART_SendByte
                0x00006fcc                UART_ReceiveByte
                0x00007034                UART_Send
                0x00007140                UART_Receive
                0x00007218                UART_ForceBreak
                0x00007290                UART_IntConfig
                0x00007428                UART_GetLineStatus
                0x00007490                UART_GetIntId
                0x000074ec                UART_CheckBusy
                0x00007518                UART_FIFOConfig
                0x00007674                UART_FIFOConfigStructInit
                0x000076a8                UART_ABCmd
                0x000077f0                UART_ABClearIntPending
                0x00007864                UART_TxCmd
                0x00007930                UART_IrDAInvtInputCmd
                0x000079ac                UART_IrDACmd
                0x00007a20                UART_IrDAPulseDivConfig
                0x00007ac0                UART_FullModemForcePinState
                0x00007b7c                UART_FullModemConfigMode
                0x00007c44                UART_FullModemGetStatus
                0x00007c78                UART_RS485Config
                0x00007e00                UART_RS485ReceiverCmd
                0x00007e48                UART_RS485Send
                0x00007ecc                UART_RS485SendSlvAddr
                0x00007ef4                UART_RS485SendData
 .text          0x00007f1c       0xf8 build\lib_sd\byteordering.o
                0x00007f1c                read16
                0x00007f4c                read32
                0x00007f90                write16
                0x00007fc0                write32
 .text          0x00008014     0x1cb8 build\lib_sd\fat.o
                0x00008014                fat_open
                0x000080b0                fat_close
                0x00008698                fat_get_dir_entry_of_path
                0x000087d0                fat_open_file
                0x00008878                fat_close_file
                0x00008898                fat_read_file
                0x00008a28                fat_write_file
                0x00008c48                fat_seek_file
                0x00008ce4                fat_resize_file
                0x00008e28                fat_open_dir
                0x00008ec4                fat_close_dir
                0x00008ee4                fat_read_dir
                0x0000906c                fat_reset_dir
                0x000098a4                fat_create_file
                0x00009960                fat_delete_file
                0x00009a18                fat_create_dir
                0x00009b9c                fat_get_fs_size
                0x00009bd0                fat_get_fs_free
 .text          0x00009ccc      0x16c build\lib_sd\partition.o
                0x00009ccc                partition_open
                0x00009e0c                partition_close
 .text          0x00009e38      0xae4 build\lib_sd\sd_raw.o
                0x00009e38                sd_raw_init
                0x0000a0b8                sd_raw_available
                0x0000a0cc                sd_raw_locked
                0x0000a1fc                sd_raw_read
                0x0000a328                sd_raw_read_interval
                0x0000a3a8                sd_raw_write
                0x0000a514                sd_raw_write_interval
                0x0000a5b0                sd_raw_sync
                0x0000a5fc                sd_raw_get_info
 .text          0x0000a91c      0x214 build\IAP_internal_flash_write\IAP.o
                0x0000a91c                IAP::read_ID()
                0x0000a950                IAP::read_serial()
                0x0000a984                IAP::blank_check(int, int)
                0x0000a9c8                IAP::erase(int, int)
                0x0000aa18                IAP::prepare(int, int)
                0x0000aa5c                IAP::write(char*, char*, int)
                0x0000aab4                IAP::compare(char*, char*, int)
                0x0000ab00                IAP::reserved_flash_area_start()
                0x0000ab18                IAP::reserved_flash_area_size()
 .text          0x0000ab30       0x44 build\VCOM_GV\intenable.o
                0x0000ab64                enable_USB_interrupts
 .text          0x0000ab74      0x164 build\VCOM_GV\serial_fifo.o
                0x0000ab74                fifo_init
                0x0000aba0                fifo_put
                0x0000ac08                fifo_get
                0x0000ac74                fifo_avail
                0x0000acb4                fifo_free
 .text          0x0000acd8      0x8f4 build\VCOM_GV\usbSerial.o
                0x0000ae70                VCOM_init
                0x0000ae98                VCOM_putchar
                0x0000aec8                VCOM_getchar
                0x0000aef8                USB_IRQHandler
                0x0000af30                usbSerialInit
                0x0000afac                VCOM_puts
                0x0000afd8                VCOM_putc
                0x0000affc                VCOM_getc
                0x0000b028                VCOM_putHex
                0x0000b08c                VCOM_gets
                0x0000b0d0                VCOM_getc_echo
                0x0000b0f4                VCOM_gets_echo
                0x0000b138                xatoi
                0x0000b2bc                xitoa
                0x0000b418                VCOM_printf
 .text          0x0000b5cc      0x27c build\VCOM_GV\usbcontrol.o
                0x0000b6a0                USBHandleControlTransfer
                0x0000b814                USBRegisterRequestHandler
 .text          0x0000b848      0x76c build\VCOM_GV\usbhw_lpc.o
                0x0000b9b0                USBHwEPConfig
                0x0000b9f4                USBHwRegisterEPIntHandler
                0x0000ba6c                USBHwRegisterDevIntHandler
                0x0000ba9c                USBHwRegisterFrameHandler
                0x0000bacc                USBHwSetAddress
                0x0000baf0                USBHwConnect
                0x0000bb18                USBHwNakIntEnable
                0x0000bb38                USBHwEPGetStatus
                0x0000bb70                USBHwEPStall
                0x0000bbc0                USBHwEPWrite
                0x0000bc74                USBHwEPRead
                0x0000bd5c                USBHwConfigDevice
                0x0000bd84                USBHwISR
                0x0000bedc                USBHwInit
 .text          0x0000bfb4       0x74 build\VCOM_GV\usbinit.o
                0x0000bfc8                USBInit
 .text          0x0000c028      0x4c0 build\VCOM_GV\usbstdreq.o
                0x0000c028                USBRegisterDescriptors
                0x0000c044                USBGetDescriptor
                0x0000c450                USBHandleStandardRequest
                0x0000c4cc                USBRegisterCustomReqHandler
 .text          0x0000c4e8      0x28c src\shared\PID.o
                0x0000c4e8                PID::reset()
                0x0000c520                PID::reset_state()
                0x0000c5a4                PID::calculate(int)
                0x0000c6fc                PID::setTarget(int)
                0x0000c724                PID::getErrorTerm()
                0x0000c73c                PID::getDeltaTerm()
                0x0000c75c                PID::getLastOutput()
 .text          0x0000c774      0x54c src\shared\Packet.o
                0x0000c774                _crc_ibutton_update(unsigned char, unsigned char)
                0x0000c7e4                Packet::appendByte(unsigned char)
                0x0000c844                Packet::reset()
                0x0000c87c                InPacket::InPacket()
                0x0000c87c                InPacket::InPacket()
                0x0000c8a0                InPacket::reset()
                0x0000c8b8                InPacket::processByte(unsigned char)
                0x0000c9e0                Packet::read8(unsigned char) const
                0x0000ca04                Packet::read16(unsigned char) const
                0x0000ca44                Packet::read32(unsigned char) const
                0x0000ca9c                OutPacket::OutPacket()
                0x0000ca9c                OutPacket::OutPacket()
                0x0000cac0                OutPacket::reset()
                0x0000cae4                OutPacket::prepareForResend()
                0x0000cb14                OutPacket::getNextByteToSend()
                0x0000cc10                OutPacket::append8(unsigned char)
                0x0000cc30                OutPacket::append16(unsigned short)
                0x0000cc68                OutPacket::append32(unsigned long)
 .text._ZN6Packet5errorEh
                0x0000ccc0       0x24 src\shared\Packet.o
                0x0000ccc0                Packet::error(unsigned char)
 .text._ZN6PacketC2Ev
                0x0000cce4       0x18 src\shared\Packet.o
                0x0000cce4                Packet::Packet()
                0x0000cce4                Packet::Packet()
 .text          0x0000ccfc      0xa88 build\Command.o
                0x0000ccfc                command::getRemainingCapacity()
                0x0000cd1c                command::pause(bool)
                0x0000cd3c                command::isPaused()
                0x0000cd50                command::isEmpty()
                0x0000cd64                command::push(unsigned char)
                0x0000cd84                command::pop8()
                0x0000cd98                command::pop16()
                0x0000cdc4                command::pop32()
                0x0000ce04                command::reset()
                0x0000ce20                command::runCommandSlice()
 .text._ZN5PointC2Elllll
                0x0000d784       0x3c build\Command.o
                0x0000d784                Point::Point(long, long, long, long, long)
                0x0000d784                Point::Point(long, long, long, long, long)
 .text._ZN5PointC2Elll
                0x0000d7c0       0x64 build\Command.o
                0x0000d7c0                Point::Point(long, long, long)
                0x0000d7c0                Point::Point(long, long, long)
 .text._ZNK5PointixEj
                0x0000d824       0x20 build\Command.o
                0x0000d824                Point::operator[](unsigned int) const
 .text._ZN5PointixEj
                0x0000d844       0x20 build\Command.o
                0x0000d844                Point::operator[](unsigned int)
 .text._ZNK6Packet8hasErrorEv
                0x0000d864       0x28 build\Command.o
                0x0000d864                Packet::hasError() const
 .text._ZN19CircularBufferTemplIhEC2EtPh
                0x0000d88c       0x48 build\Command.o
                0x0000d88c                CircularBufferTempl<unsigned char>::CircularBufferTempl(unsigned short, unsigned char*)
                0x0000d88c                CircularBufferTempl<unsigned char>::CircularBufferTempl(unsigned short, unsigned char*)
 .text._ZNK19CircularBufferTemplIhE20getRemainingCapacityEv
                0x0000d8d4       0x24 build\Command.o
                0x0000d8d4                CircularBufferTempl<unsigned char>::getRemainingCapacity() const
 .text._ZNK19CircularBufferTemplIhE7isEmptyEv
                0x0000d8f8       0x24 build\Command.o
                0x0000d8f8                CircularBufferTempl<unsigned char>::isEmpty() const
 .text._ZN19CircularBufferTemplIhE4pushEh
                0x0000d91c       0x5c build\Command.o
                0x0000d91c                CircularBufferTempl<unsigned char>::push(unsigned char)
 .text._ZN19CircularBufferTemplIhE3popEv
                0x0000d978       0x6c build\Command.o
                0x0000d978                CircularBufferTempl<unsigned char>::pop()
 .text._ZN19CircularBufferTemplIhE5resetEv
                0x0000d9e4       0x34 build\Command.o
                0x0000d9e4                CircularBufferTempl<unsigned char>::reset()
 .text._ZNK19CircularBufferTemplIhE9getLengthEv
                0x0000da18       0x1c build\Command.o
                0x0000da18                CircularBufferTempl<unsigned char>::getLength() const
 .text._ZN19CircularBufferTemplIhEixEt
                0x0000da34       0x3c build\Command.o
                0x0000da34                CircularBufferTempl<unsigned char>::operator[](unsigned short)
 .text          0x0000da70      0x334 build\DebugPacketProcessor.o
                0x0000da70                processDebugPacket(InPacket const&, OutPacket&)
 .text._ZNK6Packet9getLengthEv
                0x0000dda4       0x1c build\DebugPacketProcessor.o
                0x0000dda4                Packet::getLength() const
 .text._ZN11Motherboard8getBoardEv
                0x0000ddc0       0x14 build\DebugPacketProcessor.o
                0x0000ddc0                Motherboard::getBoard()
 .text          0x0000ddd4      0x140 build\Delay.o
                0x0000ddd4                few_ticks
                0x0000de9c                _delay_us
                0x0000ded4                _delay_ms
                0x0000def4                _delay_s
 .text          0x0000df14      0x2d4 build\EepromMap.o
                0x0000df2c                read_all_from_flash()
                0x0000df78                save_to_flash()
                0x0000dfc8                eeprom::init()
                0x0000e074                eeprom::getEeprom8(unsigned long, unsigned char)
                0x0000e0a0                eeprom::getEeprom16(unsigned long, unsigned short)
 .text._ZN3IAPC2Ev
                0x0000e1e8       0x3c build\EepromMap.o
                0x0000e1e8                IAP::IAP()
                0x0000e1e8                IAP::IAP()
 .text          0x0000e224      0x6e0 build\Host.o
                0x0000e23c                host::runHostSlice()
                0x0000e3c8                host::processCommandPacket(InPacket const&, OutPacket&)
                0x0000e4b4                host::doToolPause(OutPacket&)
                0x0000e5d0                host::processQueryPacket(InPacket const&, OutPacket&)
                0x0000e7b8                host::getMachineName()
                0x0000e84c                host::getBuildName()
                0x0000e860                host::getHostState()
                0x0000e874                host::startBuildFromSD()
                0x0000e8ac                host::stopBuild()
 .text._ZNK6Packet12getErrorCodeEv
                0x0000e904       0x1c build\Host.o
                0x0000e904                Packet::getErrorCode() const
 .text._ZNK6Packet7getDataEv
                0x0000e920       0x1c build\Host.o
                0x0000e920                Packet::getData() const
 .text._ZNK8InPacket10isFinishedEv
                0x0000e93c       0x28 build\Host.o
                0x0000e93c                InPacket::isFinished() const
 .text._ZNK8InPacket9isStartedEv
                0x0000e964       0x28 build\Host.o
                0x0000e964                InPacket::isStarted() const
 .text._ZN8InPacket7timeoutEv
                0x0000e98c       0x1c build\Host.o
                0x0000e98c                InPacket::timeout()
 .text._ZNK9OutPacket9isSendingEv
                0x0000e9a8       0x38 build\Host.o
                0x0000e9a8                OutPacket::isSending() const
 .text._ZN4UART11getHostUARTEv
                0x0000e9e0       0x14 build\Host.o
                0x0000e9e0                UART::getHostUART()
 .text._ZNK7Timeout8isActiveEv
                0x0000e9f4       0x18 build\Host.o
                0x0000e9f4                Timeout::isActive() const
 .text._ZN11Motherboard19getStepperInterfaceEi
                0x0000ea0c       0x28 build\Host.o
                0x0000ea0c                Motherboard::getStepperInterface(int)
 .text._ZN4host13handleVersionERK8InPacketR9OutPacket
                0x0000ea34       0x28 build\Host.o
                0x0000ea34                host::handleVersion(InPacket const&, OutPacket&)
 .text._ZN4host18handleGetBuildNameERK8InPacketR9OutPacket
                0x0000ea5c       0x5c build\Host.o
                0x0000ea5c                host::handleGetBuildName(InPacket const&, OutPacket&)
 .text._ZN4host19handleGetBufferSizeERK8InPacketR9OutPacket
                0x0000eab8       0x2c build\Host.o
                0x0000eab8                host::handleGetBufferSize(InPacket const&, OutPacket&)
 .text._ZN4host17handleGetPositionERK8InPacketR9OutPacket
                0x0000eae4      0x114 build\Host.o
                0x0000eae4                host::handleGetPosition(InPacket const&, OutPacket&)
 .text._ZN4host20handleGetPositionExtERK8InPacketR9OutPacket
                0x0000ebf8      0x14c build\Host.o
                0x0000ebf8                host::handleGetPositionExt(InPacket const&, OutPacket&)
 .text._ZN4host19handleCaptureToFileERK8InPacketR9OutPacket
                0x0000ed44       0x3c build\Host.o
                0x0000ed44                host::handleCaptureToFile(InPacket const&, OutPacket&)
 .text._ZN4host16handleEndCaptureERK8InPacketR9OutPacket
                0x0000ed80       0x2c build\Host.o
                0x0000ed80                host::handleEndCapture(InPacket const&, OutPacket&)
 .text._ZN4host14handlePlaybackERK8InPacketR9OutPacket
                0x0000edac       0x84 build\Host.o
                0x0000edac                host::handlePlayback(InPacket const&, OutPacket&)
 .text._ZN4host18handleNextFilenameERK8InPacketR9OutPacket
                0x0000ee30      0x10c build\Host.o
                0x0000ee30                host::handleNextFilename(InPacket const&, OutPacket&)
 .text._ZN4host15handleToolQueryERK8InPacketR9OutPacket
                0x0000ef3c      0x17c build\Host.o
                0x0000ef3c                host::handleToolQuery(InPacket const&, OutPacket&)
 .text._ZN4host11handlePauseERK8InPacketR9OutPacket
                0x0000f0b8       0x34 build\Host.o
                0x0000f0b8                host::handlePause(InPacket const&, OutPacket&)
 .text._ZN4host16handleIsFinishedERK8InPacketR9OutPacket
                0x0000f0ec       0x64 build\Host.o
                0x0000f0ec                host::handleIsFinished(InPacket const&, OutPacket&)
 .text._ZN4host16handleReadEepromERK8InPacketR9OutPacket
                0x0000f150       0x74 build\Host.o
                0x0000f150                host::handleReadEeprom(InPacket const&, OutPacket&)
 .text._ZN4host17handleWriteEepromERK8InPacketR9OutPacket
                0x0000f1c4       0x90 build\Host.o
                0x0000f1c4                host::handleWriteEeprom(InPacket const&, OutPacket&)
 .text._ZN4host18handleExtendedStopERK8InPacketR9OutPacket
                0x0000f254       0x54 build\Host.o
                0x0000f254                host::handleExtendedStop(InPacket const&, OutPacket&)
 .text._ZN4host27handleGetCommunicationStatsERK8InPacketR9OutPacket
                0x0000f2a8       0x60 build\Host.o
                0x0000f2a8                host::handleGetCommunicationStats(InPacket const&, OutPacket&)
 .text          0x0000f308       0xc8 build\Interface.o
                0x0000f308                interfaceboard::isConnected()
                0x0000f320                interfaceboard::init()
                0x0000f330                interfaceboard::pushScreen(Screen*)
                0x0000f34c                interfaceboard::popScreen()
                0x0000f35c                interfaceboard::doInterrupt()
                0x0000f36c                interfaceboard::getUpdateRate()
                0x0000f380                interfaceboard::doUpdate()
 .text          0x0000f3d0      0x604 build\InterfaceBoard.o
                0x0000f3e8                ButtonArray::init()
                0x0000f40c                ButtonArray::scanButtons()
                0x0000f538                ButtonArray::getButton(InterfaceBoardDefinitions::ButtonName&)
                0x0000f578                InterfaceBoard::InterfaceBoard()
                0x0000f578                InterfaceBoard::InterfaceBoard()
                0x0000f74c                InterfaceBoard::init()
                0x0000f760                InterfaceBoard::doInterrupt()
                0x0000f77c                InterfaceBoard::getUpdateRate()
                0x0000f7c0                InterfaceBoard::doUpdate()
                0x0000f8b8                InterfaceBoard::pushScreen(Screen*)
                0x0000f96c                InterfaceBoard::popScreen()
 .text._ZN4Port15setPinDirectionEhb
                0x0000f9d4       0x2c build\InterfaceBoard.o
                0x0000f9d4                Port::setPinDirection(unsigned char, bool)
 .text._ZN4Port6setPinEhb
                0x0000fa00       0x4c build\InterfaceBoard.o
                0x0000fa00                Port::setPin(unsigned char, bool)
 .text._ZN3PinC2ER4Porth
                0x0000fa4c       0x38 build\InterfaceBoard.o
                0x0000fa4c                Pin::Pin(Port&, unsigned char)
                0x0000fa4c                Pin::Pin(Port&, unsigned char)
 .text._ZN3Pin12setDirectionEb
                0x0000fa84       0x30 build\InterfaceBoard.o
                0x0000fa84                Pin::setDirection(bool)
 .text._ZN3Pin8setValueEb
                0x0000fab4       0x30 build\InterfaceBoard.o
                0x0000fab4                Pin::setValue(bool)
 .text._ZN6ScreenC2Ev
                0x0000fae4       0x20 build\InterfaceBoard.o
                0x0000fae4                Screen::Screen()
                0x0000fae4                Screen::Screen()
 .text._ZN12SplashScreenC2Ev
                0x0000fb04       0x28 build\InterfaceBoard.o
                0x0000fb04                SplashScreen::SplashScreen()
                0x0000fb04                SplashScreen::SplashScreen()
 .text._ZN11MonitorModeC2Ev
                0x0000fb2c       0x34 build\InterfaceBoard.o
                0x0000fb2c                MonitorMode::MonitorMode()
                0x0000fb2c                MonitorMode::MonitorMode()
 .text          0x0000fb60       0x70 build\LPCPort.o
 .text._ZN4PortC2Eh
                0x0000fbd0       0x20 build\LPCPort.o
                0x0000fbd0                Port::Port(unsigned char)
                0x0000fbd0                Port::Port(unsigned char)
 .text          0x0000fbf0      0xbe0 build\LiquidCrystal.o
                0x0000fbf0                LiquidCrystal::LiquidCrystal(Pin, Pin, Pin, Pin, Pin, Pin, Pin, Pin, Pin, Pin, Pin)
                0x0000fbf0                LiquidCrystal::LiquidCrystal(Pin, Pin, Pin, Pin, Pin, Pin, Pin, Pin, Pin, Pin, Pin)
                0x0000fca8                LiquidCrystal::LiquidCrystal(Pin, Pin, Pin, Pin, Pin, Pin, Pin, Pin, Pin, Pin)
                0x0000fca8                LiquidCrystal::LiquidCrystal(Pin, Pin, Pin, Pin, Pin, Pin, Pin, Pin, Pin, Pin)
                0x0000fd6c                LiquidCrystal::LiquidCrystal(Pin, Pin, Pin, Pin, Pin, Pin, Pin)
                0x0000fd6c                LiquidCrystal::LiquidCrystal(Pin, Pin, Pin, Pin, Pin, Pin, Pin)
                0x0000fe4c                LiquidCrystal::LiquidCrystal(Pin, Pin, Pin, Pin, Pin, Pin)
                0x0000fe4c                LiquidCrystal::LiquidCrystal(Pin, Pin, Pin, Pin, Pin, Pin)
                0x0000ff38                LiquidCrystal::init(unsigned char, Pin, Pin, Pin, Pin, Pin, Pin, Pin, Pin, Pin, Pin, Pin)
                0x00010004                LiquidCrystal::begin(unsigned char, unsigned char, unsigned char)
                0x0001017c                LiquidCrystal::clear()
                0x000101a0                LiquidCrystal::home()
                0x000101c4                LiquidCrystal::setCursor(unsigned char, unsigned char)
                0x0001022c                LiquidCrystal::noDisplay()
                0x0001025c                LiquidCrystal::display()
                0x0001028c                LiquidCrystal::noCursor()
                0x000102bc                LiquidCrystal::cursor()
                0x000102ec                LiquidCrystal::noBlink()
                0x0001031c                LiquidCrystal::blink()
                0x0001034c                LiquidCrystal::scrollDisplayLeft()
                0x00010368                LiquidCrystal::scrollDisplayRight()
                0x00010384                LiquidCrystal::leftToRight()
                0x000103b4                LiquidCrystal::rightToLeft()
                0x000103e4                LiquidCrystal::autoscroll()
                0x00010414                LiquidCrystal::noAutoscroll()
                0x00010444                LiquidCrystal::createChar(unsigned char, unsigned char*)
                0x000104b0                LiquidCrystal::writeInt(unsigned short, unsigned char)
                0x00010570                LiquidCrystal::writeString(char*)
                0x000105b4                LiquidCrystal::writeFromPgmspace(char const*)
                0x000105f4                LiquidCrystal::send(unsigned char, bool)
                0x00010678                LiquidCrystal::pulseEnable()
                0x000106d0                LiquidCrystal::write4bits(unsigned char)
                0x00010750                LiquidCrystal::write8bits(unsigned char)
 .text._ZN4PortC2Ev
                0x000107d0       0x20 build\LiquidCrystal.o
                0x000107d0                Port::Port()
                0x000107d0                Port::Port()
 .text._ZN4Port6isNullEv
                0x000107f0       0x24 build\LiquidCrystal.o
                0x000107f0                Port::isNull()
 .text._ZN3PinC2Ev
                0x00010814       0x28 build\LiquidCrystal.o
                0x00010814                Pin::Pin()
                0x00010814                Pin::Pin()
 .text._ZN3Pin6isNullEv
                0x0001083c       0x1c build\LiquidCrystal.o
                0x0001083c                Pin::isNull()
 .text._ZN13LiquidCrystal7commandEh
                0x00010858       0x24 build\LiquidCrystal.o
                0x00010858                LiquidCrystal::command(unsigned char)
 .text._ZN13LiquidCrystal5writeEh
                0x0001087c       0x24 build\LiquidCrystal.o
                0x0001087c                LiquidCrystal::write(unsigned char)
 .text          0x000108a0      0x76c build\Main.o
                0x00010904                print_menu()
                0x0001094c                test_uart()
                0x00010a0c                test_led(unsigned char)
                0x00010a7c                test_led2(unsigned char)
                0x00010aec                test_led3(unsigned char)
                0x00010b5c                test_u()
                0x00010bd0                UART_8(LPC_UART_TypeDef*, unsigned char)
                0x00010bf0                UART_32_DEC(LPC_UART_TypeDef*, unsigned long)
                0x00010c50                UART_32_HEX(LPC_UART_TypeDef*, unsigned long)
                0x00010cb4                reset(bool)
                0x00010f88                main
 .text          0x0001100c     0x1254 build\Menu.o
                0x0001100c                queryExtruderParameter(unsigned char, OutPacket&)
                0x00011140                SplashScreen::update(LiquidCrystal&, bool)
                0x000111cc                SplashScreen::notifyButtonPressed(InterfaceBoardDefinitions::ButtonName)
                0x000111e4                SplashScreen::reset()
                0x000111f8                JogMode::reset()
                0x0001121c                JogMode::update(LiquidCrystal&, bool)
                0x000112dc                JogMode::jog(InterfaceBoardDefinitions::ButtonName)
                0x000113f8                JogMode::notifyButtonPressed(InterfaceBoardDefinitions::ButtonName)
                0x00011484                SnakeMode::update(LiquidCrystal&, bool)
                0x00011824                SnakeMode::reset()
                0x000118e4                SnakeMode::notifyButtonPressed(InterfaceBoardDefinitions::ButtonName)
                0x00011960                MonitorMode::reset()
                0x00011974                MonitorMode::update(LiquidCrystal&, bool)
                0x00011b2c                MonitorMode::notifyButtonPressed(InterfaceBoardDefinitions::ButtonName)
                0x00011b68                Menu::update(LiquidCrystal&, bool)
                0x00011c6c                Menu::reset()
                0x00011ca4                Menu::resetState()
                0x00011cb8                Menu::handleSelect(unsigned char)
                0x00011cd0                Menu::handleCancel()
                0x00011ce4                Menu::notifyButtonPressed(InterfaceBoardDefinitions::ButtonName)
                0x00011da4                CancelBuildMenu::CancelBuildMenu()
                0x00011da4                CancelBuildMenu::CancelBuildMenu()
                0x00011ddc                CancelBuildMenu::resetState()
                0x00011e00                CancelBuildMenu::drawItem(unsigned char, LiquidCrystal&)
                0x00011e60                CancelBuildMenu::handleSelect(unsigned char)
                0x00011e90                MainMenu::MainMenu()
                0x00011e90                MainMenu::MainMenu()
                0x00011ec8                MainMenu::drawItem(unsigned char, LiquidCrystal&)
                0x00011f38                MainMenu::handleSelect(unsigned char)
                0x00011f9c                SDMenu::SDMenu()
                0x00011f9c                SDMenu::SDMenu()
                0x00011fcc                SDMenu::resetState()
                0x00011fec                SDMenu::countFiles()
                0x0001205c                SDMenu::getFilename(unsigned char, char*, unsigned char)
                0x000120f0                SDMenu::drawItem(unsigned char, LiquidCrystal&)
                0x000121a0                SDMenu::handleSelect(unsigned char)
 .text._ZN4Menu13getUpdateRateEv
                0x00012260       0x1c build\Menu.o
                0x00012260                Menu::getUpdateRate()
 .text._ZN12SplashScreen13getUpdateRateEv
                0x0001227c       0x18 build\Menu.o
                0x0001227c                SplashScreen::getUpdateRate()
 .text._ZN7JogMode13getUpdateRateEv
                0x00012294       0x18 build\Menu.o
                0x00012294                JogMode::getUpdateRate()
 .text._ZN9SnakeMode13getUpdateRateEv
                0x000122ac       0x18 build\Menu.o
                0x000122ac                SnakeMode::getUpdateRate()
 .text._ZN11MonitorMode13getUpdateRateEv
                0x000122c4       0x1c build\Menu.o
                0x000122c4                MonitorMode::getUpdateRate()
 .text._ZN7JogModeC2Ev
                0x000122e0       0x28 build\Menu.o
                0x000122e0                JogMode::JogMode()
                0x000122e0                JogMode::JogMode()
 .text._ZN9SnakeModeC2Ev
                0x00012308       0x28 build\Menu.o
                0x00012308                SnakeMode::SnakeMode()
                0x00012308                SnakeMode::SnakeMode()
 .text._ZN4MenuC2Ev
                0x00012330       0x28 build\Menu.o
                0x00012330                Menu::Menu()
                0x00012330                Menu::Menu()
 .text          0x00012358      0x2dc build\Microsteps.o
                0x00012358                microsteps::init()
                0x00012444                microsteps::microstep_pinout(bool)
 .text          0x00012634      0x924 build\Motherboard.o
                0x00012810                Motherboard::Motherboard()
                0x00012810                Motherboard::Motherboard()
                0x00012ac0                Motherboard::reset()
                0x00012cd0                Motherboard::getCurrentMicros()
                0x00012cec                Motherboard::doInterrupt()
                0x00012d28                Motherboard::runMotherboardSlice()
                0x00012d6c                TIMER0_IRQHandler()
                0x00012da0                Motherboard::indicateError(int)
                0x00012e14                Motherboard::getCurrentError()
                0x00012e34                TIMER1_IRQHandler()
 .text._ZN4UART12getSlaveUARTEv
                0x00012f58       0x14 build\Motherboard.o
                0x00012f58                UART::getSlaveUART()
 .text._ZN16StepperInterfaceC2Ev
                0x00012f6c       0x4c build\Motherboard.o
                0x00012f6c                StepperInterface::StepperInterface()
                0x00012f6c                StepperInterface::StepperInterface()
 .text._ZN16StepperInterfaceC2ERK3PinS2_S2_S2_S2_
                0x00012fb8       0x64 build\Motherboard.o
                0x00012fb8                StepperInterface::StepperInterface(Pin const&, Pin const&, Pin const&, Pin const&, Pin const&)
                0x00012fb8                StepperInterface::StepperInterface(Pin const&, Pin const&, Pin const&, Pin const&, Pin const&)
 .text          0x0001301c      0x28c build\PID.o
 .text          0x000132a8      0x54c build\Packet.o
                0x000132a8                _crc_ibutton_update
 .text          0x000137f4      0x730 build\SDCard.o
                0x000137f4                sdcard::openPartition()
                0x00013864                sdcard::openFilesys()
                0x00013894                sdcard::openRoot()
                0x000138e8                sdcard::initCard()
                0x00013998                sdcard::directoryReset()
                0x000139d8                sdcard::directoryNextEntry(char*, unsigned char)
                0x00013aac                sdcard::findFileInDir(char const*, fat_dir_entry_struct*)
                0x00013b08                sdcard::openFile(char const*, fat_file_struct**)
                0x00013b5c                sdcard::deleteFile(char*)
                0x00013ba4                sdcard::createFile(char*)
                0x00013bd8                sdcard::isPlaying()
                0x00013bec                sdcard::isCapturing()
                0x00013c00                sdcard::startCapture(char*)
                0x00013c98                sdcard::capturePacket(Packet const&)
                0x00013cf0                sdcard::finishCapture()
                0x00013d3c                sdcard::fetchNextByte()
                0x00013d7c                sdcard::playbackHasNext()
                0x00013d90                sdcard::playbackNext()
                0x00013db0                sdcard::startPlayback(char*)
                0x00013e3c                sdcard::playbackRewind(unsigned char)
                0x00013e70                sdcard::finishPlayback()
                0x00013ea4                sdcard::reset()
 .text          0x00013f24      0x248 build\StepperInterface.o
                0x00013f24                StepperInterface::setDirection(bool)
                0x00013f54                StepperInterface::step(bool)
                0x00013f78                StepperInterface::setEnabled(bool)
                0x00013fa4                StepperInterface::isAtMaximum()
                0x00013ff0                StepperInterface::isAtMinimum()
                0x0001403c                StepperInterface::init(unsigned char)
 .text._ZN4Port6getPinEh
                0x0001416c       0x34 build\StepperInterface.o
                0x0001416c                Port::getPin(unsigned char)
 .text._ZN3Pin8getValueEv
                0x000141a0       0x28 build\StepperInterface.o
                0x000141a0                Pin::getValue()
 .text          0x000141c8      0x66c build\Steppers.o
                0x000141c8                steppers::isRunning()
                0x000141fc                steppers::init(Motherboard&)
                0x00014270                steppers::abort()
                0x00014294                steppers::definePosition(Point const&)
                0x000142e8                steppers::getPosition()
                0x0001431c                steppers::setHoldZ(bool)
                0x0001433c                steppers::setTarget(Point const&, long)
                0x00014488                steppers::setTargetNew(Point const&, long, unsigned char)
                0x000145cc                steppers::startHoming(bool, unsigned char, unsigned long)
                0x00014694                steppers::enableAxis(unsigned char, bool)
                0x000146c8                steppers::doInterrupt()
 .text._ZN8steppers4AxisC2Ev
                0x00014834       0x20 build\Steppers.o
                0x00014834                steppers::Axis::Axis()
                0x00014834                steppers::Axis::Axis()
 .text._ZN8steppers4AxisC2ER16StepperInterface
                0x00014854       0x24 build\Steppers.o
                0x00014854                steppers::Axis::Axis(StepperInterface&)
                0x00014854                steppers::Axis::Axis(StepperInterface&)
 .text._ZN8steppers4Axis9setTargetElb
                0x00014878       0x84 build\Steppers.o
                0x00014878                steppers::Axis::setTarget(long, bool)
 .text._ZN8steppers4Axis9setHomingEb
                0x000148fc       0x30 build\Steppers.o
                0x000148fc                steppers::Axis::setHoming(bool)
 .text._ZN8steppers4Axis14definePositionEl
                0x0001492c       0x1c build\Steppers.o
                0x0001492c                steppers::Axis::definePosition(long)
 .text._ZN8steppers4Axis13enableStepperEb
                0x00014948       0x24 build\Steppers.o
                0x00014948                steppers::Axis::enableStepper(bool)
 .text._ZN8steppers4Axis5resetEv
                0x0001496c       0x44 build\Steppers.o
                0x0001496c                steppers::Axis::reset()
 .text._ZN8steppers4Axis11doInterruptEl
                0x000149b0       0xcc build\Steppers.o
                0x000149b0                steppers::Axis::doInterrupt(long)
 .text._ZN8steppers4Axis8doHomingEl
                0x00014a7c       0xf8 build\Steppers.o
                0x00014a7c                steppers::Axis::doHoming(long)
 .text          0x00014b74      0x10c build\Timeout.o
                0x00014b74                Timeout::Timeout()
                0x00014b74                Timeout::Timeout()
                0x00014b9c                Timeout::start(unsigned long)
                0x00014bd8                Timeout::hasElapsed()
                0x00014c38                Timeout::hasLeft()
                0x00014c64                Timeout::abort()
 .text          0x00014c80      0x750 build\Tool.o
                0x00014dd0                tool::getInPacket()
                0x00014de4                tool::getOutPacket()
                0x00014df8                tool::getSentPacketCount()
                0x00014e0c                tool::getPacketFailureCount()
                0x00014e20                tool::getRetryCount()
                0x00014e34                tool::getNoiseByteCount()
                0x00014e48                tool::getToolVersion()
                0x00014f60                tool::setToolIndicatorLED()
                0x00015020                tool::reset()
                0x000150b8                tool::getLock()
                0x000150f0                tool::releaseLock()
                0x00015108                tool::startTransaction()
                0x00015194                tool::isTransactionDone()
                0x000151b0                tool::runToolSlice()
 .text          0x000153d0      0x3ac build\UART.o
                0x00015404                UART::UART(unsigned char)
                0x00015404                UART::UART(unsigned char)
                0x00015524                UART::beginSend()
                0x000155c0                UART::enable(bool)
                0x0001560c                UART::reset()
                0x00015634                UART1_IRQHandler()
 .text._Z6listenv
                0x0001577c       0x30 build\UART.o
                0x0001577c                listen()
 .text._Z5speakv
                0x000157ac       0x30 build\UART.o
                0x000157ac                speak()
 .text          0x000157dc        0x0 c:/progra~2/codesourcery/source~1/bin/../lib/gcc/arm-none-eabi/4.5.2/../../../../arm-none-eabi/lib/thumb2\libstdc++.a(si_class_type_info.o)
 .text._ZNK10__cxxabiv120__si_class_type_info11__do_upcastEPKNS_17__class_type_infoEPKvRNS1_15__upcast_resultE
                0x000157dc       0x28 c:/progra~2/codesourcery/source~1/bin/../lib/gcc/arm-none-eabi/4.5.2/../../../../arm-none-eabi/lib/thumb2\libstdc++.a(si_class_type_info.o)
                0x000157dc                __cxxabiv1::__si_class_type_info::__do_upcast(__cxxabiv1::__class_type_info const*, void const*, __cxxabiv1::__class_type_info::__upcast_result&) const
 .text._ZNK10__cxxabiv120__si_class_type_info12__do_dyncastEiNS_17__class_type_info10__sub_kindEPKS1_PKvS4_S6_RNS1_16__dyncast_resultE
                0x00015804       0x90 c:/progra~2/codesourcery/source~1/bin/../lib/gcc/arm-none-eabi/4.5.2/../../../../arm-none-eabi/lib/thumb2\libstdc++.a(si_class_type_info.o)
                0x00015804                __cxxabiv1::__si_class_type_info::__do_dyncast(int, __cxxabiv1::__class_type_info::__sub_kind, __cxxabiv1::__class_type_info const*, void const*, __cxxabiv1::__class_type_info const*, void const*, __cxxabiv1::__class_type_info::__dyncast_result&) const
 .text._ZNK10__cxxabiv120__si_class_type_info20__do_find_public_srcEiPKvPKNS_17__class_type_infoES2_
                0x00015894       0x38 c:/progra~2/codesourcery/source~1/bin/../lib/gcc/arm-none-eabi/4.5.2/../../../../arm-none-eabi/lib/thumb2\libstdc++.a(si_class_type_info.o)
                0x00015894                __cxxabiv1::__si_class_type_info::__do_find_public_src(int, void const*, __cxxabiv1::__class_type_info const*, void const*) const
 .text._ZN10__cxxabiv120__si_class_type_infoD2Ev
                0x000158cc       0x14 c:/progra~2/codesourcery/source~1/bin/../lib/gcc/arm-none-eabi/4.5.2/../../../../arm-none-eabi/lib/thumb2\libstdc++.a(si_class_type_info.o)
                0x000158cc                __cxxabiv1::__si_class_type_info::~__si_class_type_info()
                0x000158cc                __cxxabiv1::__si_class_type_info::~__si_class_type_info()
 .text._ZN10__cxxabiv120__si_class_type_infoD0Ev
                0x000158e0       0x1c c:/progra~2/codesourcery/source~1/bin/../lib/gcc/arm-none-eabi/4.5.2/../../../../arm-none-eabi/lib/thumb2\libstdc++.a(si_class_type_info.o)
                0x000158e0                __cxxabiv1::__si_class_type_info::~__si_class_type_info()
 .text          0x000158fc        0x0 c:/progra~2/codesourcery/source~1/bin/../lib/gcc/arm-none-eabi/4.5.2/../../../../arm-none-eabi/lib/thumb2\libstdc++.a(pure.o)
 .text.__cxa_pure_virtual
                0x000158fc       0x18 c:/progra~2/codesourcery/source~1/bin/../lib/gcc/arm-none-eabi/4.5.2/../../../../arm-none-eabi/lib/thumb2\libstdc++.a(pure.o)
                0x000158fc                __cxa_pure_virtual
 .text          0x00015914        0x0 c:/progra~2/codesourcery/source~1/bin/../lib/gcc/arm-none-eabi/4.5.2/../../../../arm-none-eabi/lib/thumb2\libstdc++.a(class_type_info.o)
 .text._ZNK10__cxxabiv117__class_type_info11__do_upcastEPKS0_PPv
                0x00015914       0x38 c:/progra~2/codesourcery/source~1/bin/../lib/gcc/arm-none-eabi/4.5.2/../../../../arm-none-eabi/lib/thumb2\libstdc++.a(class_type_info.o)
                0x00015914                __cxxabiv1::__class_type_info::__do_upcast(__cxxabiv1::__class_type_info const*, void**) const
 .text._ZNK10__cxxabiv117__class_type_info20__do_find_public_srcEiPKvPKS0_S2_
                0x0001594c        0xc c:/progra~2/codesourcery/source~1/bin/../lib/gcc/arm-none-eabi/4.5.2/../../../../arm-none-eabi/lib/thumb2\libstdc++.a(class_type_info.o)
                0x0001594c                __cxxabiv1::__class_type_info::__do_find_public_src(int, void const*, __cxxabiv1::__class_type_info const*, void const*) const
 .text._ZNK10__cxxabiv117__class_type_info11__do_upcastEPKS0_PKvRNS0_15__upcast_resultE
                0x00015958       0x1c c:/progra~2/codesourcery/source~1/bin/../lib/gcc/arm-none-eabi/4.5.2/../../../../arm-none-eabi/lib/thumb2\libstdc++.a(class_type_info.o)
                0x00015958                __cxxabiv1::__class_type_info::__do_upcast(__cxxabiv1::__class_type_info const*, void const*, __cxxabiv1::__class_type_info::__upcast_result&) const
 .text._ZNK10__cxxabiv117__class_type_info12__do_dyncastEiNS0_10__sub_kindEPKS0_PKvS3_S5_RNS0_16__dyncast_resultE
                0x00015974       0x3c c:/progra~2/codesourcery/source~1/bin/../lib/gcc/arm-none-eabi/4.5.2/../../../../arm-none-eabi/lib/thumb2\libstdc++.a(class_type_info.o)
                0x00015974                __cxxabiv1::__class_type_info::__do_dyncast(int, __cxxabiv1::__class_type_info::__sub_kind, __cxxabiv1::__class_type_info const*, void const*, __cxxabiv1::__class_type_info const*, void const*, __cxxabiv1::__class_type_info::__dyncast_result&) const
 .text._ZNK10__cxxabiv117__class_type_info10__do_catchEPKSt9type_infoPPvj
                0x000159b0       0x28 c:/progra~2/codesourcery/source~1/bin/../lib/gcc/arm-none-eabi/4.5.2/../../../../arm-none-eabi/lib/thumb2\libstdc++.a(class_type_info.o)
                0x000159b0                __cxxabiv1::__class_type_info::__do_catch(std::type_info const*, void**, unsigned int) const
 .text._ZN10__cxxabiv117__class_type_infoD2Ev
                0x000159d8       0x14 c:/progra~2/codesourcery/source~1/bin/../lib/gcc/arm-none-eabi/4.5.2/../../../../arm-none-eabi/lib/thumb2\libstdc++.a(class_type_info.o)
                0x000159d8                __cxxabiv1::__class_type_info::~__class_type_info()
                0x000159d8                __cxxabiv1::__class_type_info::~__class_type_info()
 .text._ZN10__cxxabiv117__class_type_infoD0Ev
                0x000159ec       0x1c c:/progra~2/codesourcery/source~1/bin/../lib/gcc/arm-none-eabi/4.5.2/../../../../arm-none-eabi/lib/thumb2\libstdc++.a(class_type_info.o)
                0x000159ec                __cxxabiv1::__class_type_info::~__class_type_info()
 .text          0x00015a08        0x0 c:/progra~2/codesourcery/source~1/bin/../lib/gcc/arm-none-eabi/4.5.2/../../../../arm-none-eabi/lib/thumb2\libstdc++.a(tinfo.o)
 .text._ZNSt9type_infoD2Ev
                0x00015a08        0xc c:/progra~2/codesourcery/source~1/bin/../lib/gcc/arm-none-eabi/4.5.2/../../../../arm-none-eabi/lib/thumb2\libstdc++.a(tinfo.o)
                0x00015a08                std::type_info::~type_info()
                0x00015a08                std::type_info::~type_info()
 .text._ZNKSt9type_info14__is_pointer_pEv
                0x00015a14        0x4 c:/progra~2/codesourcery/source~1/bin/../lib/gcc/arm-none-eabi/4.5.2/../../../../arm-none-eabi/lib/thumb2\libstdc++.a(tinfo.o)
                0x00015a14                std::type_info::__is_pointer_p() const
 .text._ZNKSt9type_info15__is_function_pEv
                0x00015a18        0x4 c:/progra~2/codesourcery/source~1/bin/../lib/gcc/arm-none-eabi/4.5.2/../../../../arm-none-eabi/lib/thumb2\libstdc++.a(tinfo.o)
                0x00015a18                std::type_info::__is_function_p() const
 .text._ZNKSt9type_info11__do_upcastEPKN10__cxxabiv117__class_type_infoEPPv
                0x00015a1c        0x4 c:/progra~2/codesourcery/source~1/bin/../lib/gcc/arm-none-eabi/4.5.2/../../../../arm-none-eabi/lib/thumb2\libstdc++.a(tinfo.o)
                0x00015a1c                std::type_info::__do_upcast(__cxxabiv1::__class_type_info const*, void**) const
 .text._ZNSt9type_infoD0Ev
                0x00015a20       0x14 c:/progra~2/codesourcery/source~1/bin/../lib/gcc/arm-none-eabi/4.5.2/../../../../arm-none-eabi/lib/thumb2\libstdc++.a(tinfo.o)
                0x00015a20                std::type_info::~type_info()
 .text._ZNKSt9type_infoeqERKS_
                0x00015a34       0x3c c:/progra~2/codesourcery/source~1/bin/../lib/gcc/arm-none-eabi/4.5.2/../../../../arm-none-eabi/lib/thumb2\libstdc++.a(tinfo.o)
                0x00015a34                std::type_info::operator==(std::type_info const&) const
 .text._ZNKSt9type_info10__do_catchEPKS_PPvj
                0x00015a70        0x4 c:/progra~2/codesourcery/source~1/bin/../lib/gcc/arm-none-eabi/4.5.2/../../../../arm-none-eabi/lib/thumb2\libstdc++.a(tinfo.o)
                0x00015a70                std::type_info::__do_catch(std::type_info const*, void**, unsigned int) const
 .text          0x00015a74        0x0 c:/progra~2/codesourcery/source~1/bin/../lib/gcc/arm-none-eabi/4.5.2/../../../../arm-none-eabi/lib/thumb2\libstdc++.a(eh_terminate.o)
 .text._ZN10__cxxabiv111__terminateEPFvvE
                0x00015a74       0x28 c:/progra~2/codesourcery/source~1/bin/../lib/gcc/arm-none-eabi/4.5.2/../../../../arm-none-eabi/lib/thumb2\libstdc++.a(eh_terminate.o)
                0x00015a74                __cxxabiv1::__terminate(void (*)())
 .text._ZSt9terminatev
                0x00015a9c       0x10 c:/progra~2/codesourcery/source~1/bin/../lib/gcc/arm-none-eabi/4.5.2/../../../../arm-none-eabi/lib/thumb2\libstdc++.a(eh_terminate.o)
                0x00015a9c                std::terminate()
 .text._ZN10__cxxabiv112__unexpectedEPFvvE
                0x00015aac        0x8 c:/progra~2/codesourcery/source~1/bin/../lib/gcc/arm-none-eabi/4.5.2/../../../../arm-none-eabi/lib/thumb2\libstdc++.a(eh_terminate.o)
                0x00015aac                __cxxabiv1::__unexpected(void (*)())
 .text._ZSt10unexpectedv
                0x00015ab4       0x14 c:/progra~2/codesourcery/source~1/bin/../lib/gcc/arm-none-eabi/4.5.2/../../../../arm-none-eabi/lib/thumb2\libstdc++.a(eh_terminate.o)
                0x00015ab4                std::unexpected()
 .text._ZSt13set_terminatePFvvE
                0x00015ac8       0x10 c:/progra~2/codesourcery/source~1/bin/../lib/gcc/arm-none-eabi/4.5.2/../../../../arm-none-eabi/lib/thumb2\libstdc++.a(eh_terminate.o)
                0x00015ac8                std::set_terminate(void (*)())
 .text._ZSt14set_unexpectedPFvvE
                0x00015ad8       0x10 c:/progra~2/codesourcery/source~1/bin/../lib/gcc/arm-none-eabi/4.5.2/../../../../arm-none-eabi/lib/thumb2\libstdc++.a(eh_terminate.o)
                0x00015ad8                std::set_unexpected(void (*)())
 .text          0x00015ae8        0x0 c:/progra~2/codesourcery/source~1/bin/../lib/gcc/arm-none-eabi/4.5.2/../../../../arm-none-eabi/lib/thumb2\libstdc++.a(eh_call.o)
 .text.__cxa_call_terminate
                0x00015ae8       0x50 c:/progra~2/codesourcery/source~1/bin/../lib/gcc/arm-none-eabi/4.5.2/../../../../arm-none-eabi/lib/thumb2\libstdc++.a(eh_call.o)
                0x00015ae8                __cxa_call_terminate
 .text.__cxa_call_unexpected
                0x00015b38      0x130 c:/progra~2/codesourcery/source~1/bin/../lib/gcc/arm-none-eabi/4.5.2/../../../../arm-none-eabi/lib/thumb2\libstdc++.a(eh_call.o)
                0x00015b38                __cxa_call_unexpected
 .text          0x00015c68        0x0 c:/progra~2/codesourcery/source~1/bin/../lib/gcc/arm-none-eabi/4.5.2/../../../../arm-none-eabi/lib/thumb2\libstdc++.a(eh_term_handler.o)
 .text          0x00015c68        0x0 c:/progra~2/codesourcery/source~1/bin/../lib/gcc/arm-none-eabi/4.5.2/../../../../arm-none-eabi/lib/thumb2\libstdc++.a(eh_personality.o)
 .text._ZL12read_sleb128PKhPl
                0x00015c68       0x3c c:/progra~2/codesourcery/source~1/bin/../lib/gcc/arm-none-eabi/4.5.2/../../../../arm-none-eabi/lib/thumb2\libstdc++.a(eh_personality.o)
 .text._ZL28read_encoded_value_with_basehjPKhPj
                0x00015ca4       0xac c:/progra~2/codesourcery/source~1/bin/../lib/gcc/arm-none-eabi/4.5.2/../../../../arm-none-eabi/lib/thumb2\libstdc++.a(eh_personality.o)
 .text._ZL21base_of_encoded_valuehP15_Unwind_Context
                0x00015d50       0x4c c:/progra~2/codesourcery/source~1/bin/../lib/gcc/arm-none-eabi/4.5.2/../../../../arm-none-eabi/lib/thumb2\libstdc++.a(eh_personality.o)
 .text._ZL17parse_lsda_headerP15_Unwind_ContextPKhP16lsda_header_info
                0x00015d9c       0x8c c:/progra~2/codesourcery/source~1/bin/../lib/gcc/arm-none-eabi/4.5.2/../../../../arm-none-eabi/lib/thumb2\libstdc++.a(eh_personality.o)
 .text.__gxx_personality_v0
                0x00015e28      0x3ec c:/progra~2/codesourcery/source~1/bin/../lib/gcc/arm-none-eabi/4.5.2/../../../../arm-none-eabi/lib/thumb2\libstdc++.a(eh_personality.o)
                0x00015e28                __gxx_personality_v0
 .text          0x00016214        0x0 c:/progra~2/codesourcery/source~1/bin/../lib/gcc/arm-none-eabi/4.5.2/../../../../arm-none-eabi/lib/thumb2\libstdc++.a(eh_throw.o)
 .text._ZL23__gxx_exception_cleanup19_Unwind_Reason_CodeP21_Unwind_Control_Block
                0x00016214       0x4c c:/progra~2/codesourcery/source~1/bin/../lib/gcc/arm-none-eabi/4.5.2/../../../../arm-none-eabi/lib/thumb2\libstdc++.a(eh_throw.o)
 .text.__cxa_throw
                0x00016260       0x80 c:/progra~2/codesourcery/source~1/bin/../lib/gcc/arm-none-eabi/4.5.2/../../../../arm-none-eabi/lib/thumb2\libstdc++.a(eh_throw.o)
                0x00016260                __cxa_throw
 .text.__cxa_rethrow
                0x000162e0       0x78 c:/progra~2/codesourcery/source~1/bin/../lib/gcc/arm-none-eabi/4.5.2/../../../../arm-none-eabi/lib/thumb2\libstdc++.a(eh_throw.o)
                0x000162e0                __cxa_rethrow
 .text          0x00016358        0x0 c:/progra~2/codesourcery/source~1/bin/../lib/gcc/arm-none-eabi/4.5.2/../../../../arm-none-eabi/lib/thumb2\libstdc++.a(eh_unex_handler.o)
 .text          0x00016358        0x0 c:/progra~2/codesourcery/source~1/bin/../lib/gcc/arm-none-eabi/4.5.2/../../../../arm-none-eabi/lib/thumb2\libstdc++.a(eh_globals.o)
 .text.__cxa_get_globals_fast
                0x00016358        0xc c:/progra~2/codesourcery/source~1/bin/../lib/gcc/arm-none-eabi/4.5.2/../../../../arm-none-eabi/lib/thumb2\libstdc++.a(eh_globals.o)
                0x00016358                __cxa_get_globals_fast
 .text.__cxa_get_globals
                0x00016364        0xc c:/progra~2/codesourcery/source~1/bin/../lib/gcc/arm-none-eabi/4.5.2/../../../../arm-none-eabi/lib/thumb2\libstdc++.a(eh_globals.o)
                0x00016364                __cxa_get_globals
 .text          0x00016370        0x0 c:/progra~2/codesourcery/source~1/bin/../lib/gcc/arm-none-eabi/4.5.2/../../../../arm-none-eabi/lib/thumb2\libstdc++.a(eh_catch.o)
 .text.__cxa_get_exception_ptr
                0x00016370        0x4 c:/progra~2/codesourcery/source~1/bin/../lib/gcc/arm-none-eabi/4.5.2/../../../../arm-none-eabi/lib/thumb2\libstdc++.a(eh_catch.o)
                0x00016370                __cxa_get_exception_ptr
 .text.__cxa_begin_catch
                0x00016374       0x9c c:/progra~2/codesourcery/source~1/bin/../lib/gcc/arm-none-eabi/4.5.2/../../../../arm-none-eabi/lib/thumb2\libstdc++.a(eh_catch.o)
                0x00016374                __cxa_begin_catch
 .text.__cxa_end_catch
                0x00016410       0x98 c:/progra~2/codesourcery/source~1/bin/../lib/gcc/arm-none-eabi/4.5.2/../../../../arm-none-eabi/lib/thumb2\libstdc++.a(eh_catch.o)
                0x00016410                __cxa_end_catch
 .text._ZSt18uncaught_exceptionv
                0x000164a8       0x10 c:/progra~2/codesourcery/source~1/bin/../lib/gcc/arm-none-eabi/4.5.2/../../../../arm-none-eabi/lib/thumb2\libstdc++.a(eh_catch.o)
                0x000164a8                std::uncaught_exception()
 .text          0x000164b8        0x0 c:/progra~2/codesourcery/source~1/bin/../lib/gcc/arm-none-eabi/4.5.2/../../../../arm-none-eabi/lib/thumb2\libstdc++.a(vterminate.o)
 .text._ZN9__gnu_cxx27__verbose_terminate_handlerEv
                0x000164b8      0x148 c:/progra~2/codesourcery/source~1/bin/../lib/gcc/arm-none-eabi/4.5.2/../../../../arm-none-eabi/lib/thumb2\libstdc++.a(vterminate.o)
                0x000164b8                __gnu_cxx::__verbose_terminate_handler()
 .text          0x00016600        0x0 c:/progra~2/codesourcery/source~1/bin/../lib/gcc/arm-none-eabi/4.5.2/../../../../arm-none-eabi/lib/thumb2\libstdc++.a(eh_exception.o)
 .text._ZNSt9exceptionD2Ev
                0x00016600        0xc c:/progra~2/codesourcery/source~1/bin/../lib/gcc/arm-none-eabi/4.5.2/../../../../arm-none-eabi/lib/thumb2\libstdc++.a(eh_exception.o)
                0x00016600                std::exception::~exception()
                0x00016600                std::exception::~exception()
 .text._ZNSt13bad_exceptionD2Ev
                0x0001660c        0xc c:/progra~2/codesourcery/source~1/bin/../lib/gcc/arm-none-eabi/4.5.2/../../../../arm-none-eabi/lib/thumb2\libstdc++.a(eh_exception.o)
                0x0001660c                std::bad_exception::~bad_exception()
                0x0001660c                std::bad_exception::~bad_exception()
 .text._ZN10__cxxabiv115__forced_unwindD2Ev
                0x00016618        0xc c:/progra~2/codesourcery/source~1/bin/../lib/gcc/arm-none-eabi/4.5.2/../../../../arm-none-eabi/lib/thumb2\libstdc++.a(eh_exception.o)
                0x00016618                __cxxabiv1::__forced_unwind::~__forced_unwind()
                0x00016618                __cxxabiv1::__forced_unwind::~__forced_unwind()
 .text._ZN10__cxxabiv119__foreign_exceptionD2Ev
                0x00016624        0xc c:/progra~2/codesourcery/source~1/bin/../lib/gcc/arm-none-eabi/4.5.2/../../../../arm-none-eabi/lib/thumb2\libstdc++.a(eh_exception.o)
                0x00016624                __cxxabiv1::__foreign_exception::~__foreign_exception()
                0x00016624                __cxxabiv1::__foreign_exception::~__foreign_exception()
 .text._ZNKSt9exception4whatEv
                0x00016630        0xc c:/progra~2/codesourcery/source~1/bin/../lib/gcc/arm-none-eabi/4.5.2/../../../../arm-none-eabi/lib/thumb2\libstdc++.a(eh_exception.o)
                0x00016630                std::exception::what() const
 .text._ZNKSt13bad_exception4whatEv
                0x0001663c        0xc c:/progra~2/codesourcery/source~1/bin/../lib/gcc/arm-none-eabi/4.5.2/../../../../arm-none-eabi/lib/thumb2\libstdc++.a(eh_exception.o)
                0x0001663c                std::bad_exception::what() const
 .text._ZN10__cxxabiv119__foreign_exceptionD0Ev
                0x00016648       0x14 c:/progra~2/codesourcery/source~1/bin/../lib/gcc/arm-none-eabi/4.5.2/../../../../arm-none-eabi/lib/thumb2\libstdc++.a(eh_exception.o)
                0x00016648                __cxxabiv1::__foreign_exception::~__foreign_exception()
 .text._ZN10__cxxabiv115__forced_unwindD0Ev
                0x0001665c       0x14 c:/progra~2/codesourcery/source~1/bin/../lib/gcc/arm-none-eabi/4.5.2/../../../../arm-none-eabi/lib/thumb2\libstdc++.a(eh_exception.o)
                0x0001665c                __cxxabiv1::__forced_unwind::~__forced_unwind()
 .text._ZNSt13bad_exceptionD0Ev
                0x00016670       0x14 c:/progra~2/codesourcery/source~1/bin/../lib/gcc/arm-none-eabi/4.5.2/../../../../arm-none-eabi/lib/thumb2\libstdc++.a(eh_exception.o)
                0x00016670                std::bad_exception::~bad_exception()
 .text._ZNSt9exceptionD0Ev
                0x00016684       0x14 c:/progra~2/codesourcery/source~1/bin/../lib/gcc/arm-none-eabi/4.5.2/../../../../arm-none-eabi/lib/thumb2\libstdc++.a(eh_exception.o)
                0x00016684                std::exception::~exception()
 .text          0x00016698        0x0 c:/progra~2/codesourcery/source~1/bin/../lib/gcc/arm-none-eabi/4.5.2/../../../../arm-none-eabi/lib/thumb2\libstdc++.a(eh_type.o)
 .text.__cxa_current_exception_type
                0x00016698       0x1c c:/progra~2/codesourcery/source~1/bin/../lib/gcc/arm-none-eabi/4.5.2/../../../../arm-none-eabi/lib/thumb2\libstdc++.a(eh_type.o)
                0x00016698                __cxa_current_exception_type
 .text          0x000166b4        0xc c:/progra~2/codesourcery/source~1/bin/../lib/gcc/arm-none-eabi/4.5.2/../../../../arm-none-eabi/lib/thumb2\libstdc++.a(eh_arm.o)
                0x000166b4                __cxa_end_cleanup
 .text.__cxa_type_match
                0x000166c0       0xd0 c:/progra~2/codesourcery/source~1/bin/../lib/gcc/arm-none-eabi/4.5.2/../../../../arm-none-eabi/lib/thumb2\libstdc++.a(eh_arm.o)
                0x000166c0                __cxa_type_match
 .text.__cxa_begin_cleanup
                0x00016790       0x70 c:/progra~2/codesourcery/source~1/bin/../lib/gcc/arm-none-eabi/4.5.2/../../../../arm-none-eabi/lib/thumb2\libstdc++.a(eh_arm.o)
                0x00016790                __cxa_begin_cleanup
 .text.__gnu_end_cleanup
                0x00016800       0x7c c:/progra~2/codesourcery/source~1/bin/../lib/gcc/arm-none-eabi/4.5.2/../../../../arm-none-eabi/lib/thumb2\libstdc++.a(eh_arm.o)
                0x00016800                __gnu_end_cleanup
 .text          0x0001687c        0x0 c:/progra~2/codesourcery/source~1/bin/../lib/gcc/arm-none-eabi/4.5.2/../../../../arm-none-eabi/lib/thumb2\libstdc++.a(eh_alloc.o)
 .text.__cxa_allocate_exception
                0x0001687c       0x7c c:/progra~2/codesourcery/source~1/bin/../lib/gcc/arm-none-eabi/4.5.2/../../../../arm-none-eabi/lib/thumb2\libstdc++.a(eh_alloc.o)
                0x0001687c                __cxa_allocate_exception
 .text.__cxa_free_exception
                0x000168f8       0x3c c:/progra~2/codesourcery/source~1/bin/../lib/gcc/arm-none-eabi/4.5.2/../../../../arm-none-eabi/lib/thumb2\libstdc++.a(eh_alloc.o)
                0x000168f8                __cxa_free_exception
 .text.__cxa_allocate_dependent_exception
                0x00016934       0x78 c:/progra~2/codesourcery/source~1/bin/../lib/gcc/arm-none-eabi/4.5.2/../../../../arm-none-eabi/lib/thumb2\libstdc++.a(eh_alloc.o)
                0x00016934                __cxa_allocate_dependent_exception
 .text.__cxa_free_dependent_exception
                0x000169ac       0x4c c:/progra~2/codesourcery/source~1/bin/../lib/gcc/arm-none-eabi/4.5.2/../../../../arm-none-eabi/lib/thumb2\libstdc++.a(eh_alloc.o)
                0x000169ac                __cxa_free_dependent_exception
 .text._GLOBAL__I___cxa_allocate_exception
                0x000169f8        0x4 c:/progra~2/codesourcery/source~1/bin/../lib/gcc/arm-none-eabi/4.5.2/../../../../arm-none-eabi/lib/thumb2\libstdc++.a(eh_alloc.o)
 .text          0x000169fc     0x912c c:/progra~2/codesourcery/source~1/bin/../lib/gcc/arm-none-eabi/4.5.2/../../../../arm-none-eabi/lib/thumb2\libstdc++.a(cp-demangle.o)
                0x0001fa20                __cxa_demangle
                0x0001fafc                __gcclibcxx_demangle_callback
 .text          0x0001fb28      0x21c c:/progra~2/codesourcery/source~1/bin/../lib/gcc/arm-none-eabi/4.5.2/thumb2\libgcc.a(_arm_addsubsf3.o)
                0x0001fb28                __aeabi_frsub
                0x0001fb30                __subsf3
                0x0001fb30                __aeabi_fsub
                0x0001fb34                __aeabi_fadd
                0x0001fb34                __addsf3
                0x0001fc94                __aeabi_ui2f
                0x0001fc94                __floatunsisf
                0x0001fc9c                __aeabi_i2f
                0x0001fc9c                __floatsisf
                0x0001fcb8                __aeabi_ul2f
                0x0001fcb8                __floatundisf
                0x0001fcc8                __aeabi_l2f
                0x0001fcc8                __floatdisf
 .text          0x0001fd44      0x2a0 c:/progra~2/codesourcery/source~1/bin/../lib/gcc/arm-none-eabi/4.5.2/thumb2\libgcc.a(_arm_muldivsf3.o)
                0x0001fd44                __mulsf3
                0x0001fd44                __aeabi_fmul
                0x0001feac                __aeabi_fdiv
                0x0001feac                __divsf3
 .text          0x0001ffe4       0x4c c:/progra~2/codesourcery/source~1/bin/../lib/gcc/arm-none-eabi/4.5.2/thumb2\libgcc.a(_arm_fixsfsi.o)
                0x0001ffe4                __aeabi_f2iz
                0x0001ffe4                __fixsfsi
 .text          0x00020030       0x2c c:/progra~2/codesourcery/source~1/bin/../lib/gcc/arm-none-eabi/4.5.2/thumb2\libgcc.a(_aeabi_uldivmod.o)
                0x00020030                __aeabi_uldivmod
 .text          0x0002005c       0x60 c:/progra~2/codesourcery/source~1/bin/../lib/gcc/arm-none-eabi/4.5.2/thumb2\libgcc.a(bpabi.o)
                0x0002005c                __gnu_ldivmod_helper
                0x0002008c                __gnu_uldivmod_helper
 .text          0x000200bc      0xc38 c:/progra~2/codesourcery/source~1/bin/../lib/gcc/arm-none-eabi/4.5.2/thumb2\libgcc.a(unwind-arm.o)
                0x00020398                _Unwind_VRS_Get
                0x000203e4                _Unwind_VRS_Set
                0x00020780                __aeabi_unwind_cpp_pr2
                0x00020784                __aeabi_unwind_cpp_pr1
                0x00020788                __aeabi_unwind_cpp_pr0
                0x0002078c                _Unwind_VRS_Pop
                0x00020b74                _Unwind_GetCFA
                0x00020b78                __gnu_Unwind_RaiseException
                0x00020be8                __gnu_Unwind_ForcedUnwind
                0x00020bfc                __gnu_Unwind_Resume
                0x00020c38                __gnu_Unwind_Resume_or_Rethrow
                0x00020c50                _Unwind_Complete
                0x00020c54                _Unwind_DeleteException
                0x00020c64                __gnu_Unwind_Backtrace
 .text          0x00020cf4      0x1ac c:/progra~2/codesourcery/source~1/bin/../lib/gcc/arm-none-eabi/4.5.2/thumb2\libgcc.a(libunwind.o)
                0x00020cf4                __restore_core_regs
                0x00020cf4                restore_core_regs
                0x00020d0c                __gnu_Unwind_Restore_VFP
                0x00020d14                __gnu_Unwind_Save_VFP
                0x00020d1c                __gnu_Unwind_Restore_VFP_D
                0x00020d24                __gnu_Unwind_Save_VFP_D
                0x00020d2c                __gnu_Unwind_Restore_VFP_D_16_to_31
                0x00020d34                __gnu_Unwind_Save_VFP_D_16_to_31
                0x00020d3c                __gnu_Unwind_Restore_WMMXD
                0x00020d80                __gnu_Unwind_Save_WMMXD
                0x00020dc4                __gnu_Unwind_Restore_WMMXC
                0x00020dd8                __gnu_Unwind_Save_WMMXC
                0x00020dec                ___Unwind_RaiseException
                0x00020dec                _Unwind_RaiseException
                0x00020e10                _Unwind_Resume
                0x00020e10                ___Unwind_Resume
                0x00020e34                _Unwind_Resume_or_Rethrow
                0x00020e34                ___Unwind_Resume_or_Rethrow
                0x00020e58                _Unwind_ForcedUnwind
                0x00020e58                ___Unwind_ForcedUnwind
                0x00020e7c                ___Unwind_Backtrace
                0x00020e7c                _Unwind_Backtrace
 .text          0x00020ea0      0x3c0 c:/progra~2/codesourcery/source~1/bin/../lib/gcc/arm-none-eabi/4.5.2/thumb2\libgcc.a(pr-support.o)
                0x00020ef4                __gnu_unwind_execute
                0x00021204                __gnu_unwind_frame
                0x00021230                _Unwind_GetRegionStart
                0x0002123c                _Unwind_GetLanguageSpecificData
                0x00021250                _Unwind_GetDataRelBase
                0x00021258                _Unwind_GetTextRelBase
 .text          0x00021260        0x4 c:/progra~2/codesourcery/source~1/bin/../lib/gcc/arm-none-eabi/4.5.2/thumb2\libgcc.a(_dvmd_tls.o)
                0x00021260                __aeabi_idiv0
                0x00021260                __aeabi_ldiv0
 .text          0x00021264      0x360 c:/progra~2/codesourcery/source~1/bin/../lib/gcc/arm-none-eabi/4.5.2/thumb2\libgcc.a(_divdi3.o)
                0x00021264                __divdi3
 .text          0x000215c4      0x308 c:/progra~2/codesourcery/source~1/bin/../lib/gcc/arm-none-eabi/4.5.2/thumb2\libgcc.a(_udivdi3.o)
                0x000215c4                __udivdi3
 *fill*         0x000218cc        0x4 00
 .text          0x000218d0      0x278 c:/progra~2/codesourcery/source~1/bin/../lib/gcc/arm-none-eabi/4.5.2/thumb2\libgcc.a(_udivsi3.o)
                0x000218d0                __aeabi_uidiv
                0x000218d0                __udivsi3
                0x00021b2c                __aeabi_uidivmod
 .text          0x00021b48       0x10 c:/progra~2/codesourcery/source~1/bin/../lib/gcc/arm-none-eabi/4.5.2/../../../../arm-none-eabi/lib/thumb2\libc.a(lib_a-abort.o)
                0x00021b48                abort
 .text          0x00021b58       0xac c:/progra~2/codesourcery/source~1/bin/../lib/gcc/arm-none-eabi/4.5.2/../../../../arm-none-eabi/lib/thumb2\libc.a(lib_a-fputc.o)
                0x00021b58                _fputc_r
                0x00021bac                fputc
 .text          0x00021c04       0x90 c:/progra~2/codesourcery/source~1/bin/../lib/gcc/arm-none-eabi/4.5.2/../../../../arm-none-eabi/lib/thumb2\libc.a(lib_a-fputs.o)
                0x00021c04                _fputs_r
                0x00021c84                fputs
 .text          0x00021c94      0x338 c:/progra~2/codesourcery/source~1/bin/../lib/gcc/arm-none-eabi/4.5.2/../../../../arm-none-eabi/lib/thumb2\libc.a(lib_a-fvwrite.o)
                0x00021c94                __sfvwrite_r
 .text          0x00021fcc       0xc0 c:/progra~2/codesourcery/source~1/bin/../lib/gcc/arm-none-eabi/4.5.2/../../../../arm-none-eabi/lib/thumb2\libc.a(lib_a-fwrite.o)
                0x00021fcc                _fwrite_r
                0x00022068                fwrite
 .text          0x0002208c        0x0 c:/progra~2/codesourcery/source~1/bin/../lib/gcc/arm-none-eabi/4.5.2/../../../../arm-none-eabi/lib/thumb2\libc.a(lib_a-impure.o)
 .text          0x0002208c       0x50 c:/progra~2/codesourcery/source~1/bin/../lib/gcc/arm-none-eabi/4.5.2/../../../../arm-none-eabi/lib/thumb2\libc.a(lib_a-init.o)
                0x0002208c                __libc_init_array
 .text          0x000220dc       0x20 c:/progra~2/codesourcery/source~1/bin/../lib/gcc/arm-none-eabi/4.5.2/../../../../arm-none-eabi/lib/thumb2\libc.a(lib_a-malloc.o)
                0x000220dc                malloc
                0x000220ec                free
 .text          0x000220fc      0x57c c:/progra~2/codesourcery/source~1/bin/../lib/gcc/arm-none-eabi/4.5.2/../../../../arm-none-eabi/lib/thumb2\libc.a(lib_a-mallocr.o)
                0x000220fc                _malloc_r
 .text          0x00022678       0x8c c:/progra~2/codesourcery/source~1/bin/../lib/gcc/arm-none-eabi/4.5.2/../../../../arm-none-eabi/lib/thumb2\libc.a(lib_a-memchr.o)
                0x00022678                memchr
 .text          0x00022704       0x64 c:/progra~2/codesourcery/source~1/bin/../lib/gcc/arm-none-eabi/4.5.2/../../../../arm-none-eabi/lib/thumb2\libc.a(lib_a-memcmp.o)
                0x00022704                memcmp
 .text          0x00022768      0x150 c:/progra~2/codesourcery/source~1/bin/../lib/gcc/arm-none-eabi/4.5.2/../../../../arm-none-eabi/lib/thumb2\libc.a(lib_a-memcpy.o)
                0x00022768                memcpy
 .text          0x000228b8       0xb4 c:/progra~2/codesourcery/source~1/bin/../lib/gcc/arm-none-eabi/4.5.2/../../../../arm-none-eabi/lib/thumb2\libc.a(lib_a-memmove.o)
                0x000228b8                memmove
 .text          0x0002296c       0xb4 c:/progra~2/codesourcery/source~1/bin/../lib/gcc/arm-none-eabi/4.5.2/../../../../arm-none-eabi/lib/thumb2\libc.a(lib_a-memset.o)
                0x0002296c                memset
 .text          0x00022a20        0x8 c:/progra~2/codesourcery/source~1/bin/../lib/gcc/arm-none-eabi/4.5.2/../../../../arm-none-eabi/lib/thumb2\libc.a(lib_a-mlock.o)
                0x00022a20                __malloc_lock
                0x00022a24                __malloc_unlock
 .text          0x00022a28      0x138 c:/progra~2/codesourcery/source~1/bin/../lib/gcc/arm-none-eabi/4.5.2/../../../../arm-none-eabi/lib/thumb2\libc.a(lib_a-putc.o)
                0x00022a28                _putc_r
                0x00022ab8                putc
 .text          0x00022b60      0x100 c:/progra~2/codesourcery/source~1/bin/../lib/gcc/arm-none-eabi/4.5.2/../../../../arm-none-eabi/lib/thumb2\libc.a(lib_a-rand.o)
                0x00022b60                srand
                0x00022bbc                rand
 .text          0x00022c60       0x14 c:/progra~2/codesourcery/source~1/bin/../lib/gcc/arm-none-eabi/4.5.2/../../../../arm-none-eabi/lib/thumb2\libc.a(lib_a-realloc.o)
                0x00022c60                realloc
 .text          0x00022c74      0x41c c:/progra~2/codesourcery/source~1/bin/../lib/gcc/arm-none-eabi/4.5.2/../../../../arm-none-eabi/lib/thumb2\libc.a(lib_a-reallocr.o)
                0x00022c74                _realloc_r
 .text          0x00023090      0x118 c:/progra~2/codesourcery/source~1/bin/../lib/gcc/arm-none-eabi/4.5.2/../../../../arm-none-eabi/lib/thumb2\libc.a(lib_a-reent.o)
                0x00023090                cleanup_glue
                0x000230ac                _reclaim_reent
                0x0002316c                _wrapup_reent
 .text          0x000231a8       0x28 c:/progra~2/codesourcery/source~1/bin/../lib/gcc/arm-none-eabi/4.5.2/../../../../arm-none-eabi/lib/thumb2\libc.a(lib_a-sbrkr.o)
                0x000231a8                _sbrk_r
 .text          0x000231d0      0x154 c:/progra~2/codesourcery/source~1/bin/../lib/gcc/arm-none-eabi/4.5.2/../../../../arm-none-eabi/lib/thumb2\libc.a(lib_a-signal.o)
                0x000231d0                _init_signal_r
                0x00023200                _signal_r
                0x0002323c                _raise_r
                0x00023294                __sigtramp_r
                0x000232e8                raise
                0x000232f8                signal
                0x00023308                _init_signal
                0x00023314                __sigtramp
 .text          0x00023324       0x30 c:/progra~2/codesourcery/source~1/bin/../lib/gcc/arm-none-eabi/4.5.2/../../../../arm-none-eabi/lib/thumb2\libc.a(lib_a-signalr.o)
                0x00023324                _kill_r
                0x00023350                _getpid_r
 .text          0x00023354       0x94 c:/progra~2/codesourcery/source~1/bin/../lib/gcc/arm-none-eabi/4.5.2/../../../../arm-none-eabi/lib/thumb2\libc.a(lib_a-sprintf.o)
                0x00023354                _sprintf_r
                0x00023398                sprintf
 .text          0x000233e8      0x10c c:/progra~2/codesourcery/source~1/bin/../lib/gcc/arm-none-eabi/4.5.2/../../../../arm-none-eabi/lib/thumb2\libc.a(lib_a-strchr.o)
                0x000233e8                strchr
 .text          0x000234f4      0x1dc c:/progra~2/codesourcery/source~1/bin/../lib/gcc/arm-none-eabi/4.5.2/../../../../arm-none-eabi/lib/thumb2\libc.a(lib_a-strcmp.o)
                0x000234f4                strcmp
 .text          0x000236d0       0xbc c:/progra~2/codesourcery/source~1/bin/../lib/gcc/arm-none-eabi/4.5.2/../../../../arm-none-eabi/lib/thumb2\libc.a(lib_a-strcpy.o)
                0x000236d0                strcpy
 .text          0x0002378c       0x60 c:/progra~2/codesourcery/source~1/bin/../lib/gcc/arm-none-eabi/4.5.2/../../../../arm-none-eabi/lib/thumb2\libc.a(lib_a-strlen.o)
                0x0002378c                strlen
 .text          0x000237ec       0xac c:/progra~2/codesourcery/source~1/bin/../lib/gcc/arm-none-eabi/4.5.2/../../../../arm-none-eabi/lib/thumb2\libc.a(lib_a-strncmp.o)
                0x000237ec                strncmp
 .text          0x00023898       0x78 c:/progra~2/codesourcery/source~1/bin/../lib/gcc/arm-none-eabi/4.5.2/../../../../arm-none-eabi/lib/thumb2\libc.a(lib_a-strncpy.o)
                0x00023898                strncpy
 .text          0x00023910       0x28 c:/progra~2/codesourcery/source~1/bin/../lib/gcc/arm-none-eabi/4.5.2/../../../../arm-none-eabi/lib/thumb2\libc.a(lib_a-strrchr.o)
                0x00023910                strrchr
 .text          0x00023938     0x1640 c:/progra~2/codesourcery/source~1/bin/../lib/gcc/arm-none-eabi/4.5.2/../../../../arm-none-eabi/lib/thumb2\libc.a(lib_a-svfprintf.o)
                0x00023938                _svfprintf_r
 .text          0x00024f78       0x1c c:/progra~2/codesourcery/source~1/bin/../lib/gcc/arm-none-eabi/4.5.2/../../../../arm-none-eabi/lib/thumb2\libc.a(lib_a-syswrite.o)
                0x00024f78                write
 .text          0x00024f94       0xfc c:/progra~2/codesourcery/source~1/bin/../lib/gcc/arm-none-eabi/4.5.2/../../../../arm-none-eabi/lib/thumb2\libc.a(lib_a-wbuf.o)
                0x00024f94                __swbuf_r
                0x00025080                __swbuf
 .text          0x00025090       0x2c c:/progra~2/codesourcery/source~1/bin/../lib/gcc/arm-none-eabi/4.5.2/../../../../arm-none-eabi/lib/thumb2\libc.a(lib_a-writer.o)
                0x00025090                _write_r
 .text          0x000250bc      0x104 c:/progra~2/codesourcery/source~1/bin/../lib/gcc/arm-none-eabi/4.5.2/../../../../arm-none-eabi/lib/thumb2\libc.a(lib_a-wsetup.o)
                0x000250bc                __swsetup_r
 .text          0x000251c0      0xfe8 c:/progra~2/codesourcery/source~1/bin/../lib/gcc/arm-none-eabi/4.5.2/../../../../arm-none-eabi/lib/thumb2\libc.a(lib_a-dtoa.o)
                0x000252ec                _dtoa_r
 .text          0x000261a8      0x1ec c:/progra~2/codesourcery/source~1/bin/../lib/gcc/arm-none-eabi/4.5.2/../../../../arm-none-eabi/lib/thumb2\libc.a(lib_a-fflush.o)
                0x000261a8                _fflush_r
                0x0002636c                fflush
 .text          0x00026394      0x220 c:/progra~2/codesourcery/source~1/bin/../lib/gcc/arm-none-eabi/4.5.2/../../../../arm-none-eabi/lib/thumb2\libc.a(lib_a-findfp.o)
                0x0002639c                _cleanup_r
                0x000263a8                __sfmoreglue
                0x000263d8                _cleanup
                0x000263e4                __sinit
                0x000264ec                __sfp
                0x00026574                __sfp_lock_acquire
                0x00026578                __sfp_lock_release
                0x0002657c                __sinit_lock_acquire
                0x00026580                __sinit_lock_release
                0x00026584                __fp_lock_all
                0x0002659c                __fp_unlock_all