Archive member included because of file (symbol)

c:/progra~2/codesourcery/source~1/bin/../lib/gcc/arm-none-eabi/4.5.2/../../../../arm-none-eabi/lib/thumb2\libstdc++.a(si_class_type_info.o)
                              build\Menu.o (vtable for __cxxabiv1::__si_class_type_info)
c:/progra~2/codesourcery/source~1/bin/../lib/gcc/arm-none-eabi/4.5.2/../../../../arm-none-eabi/lib/thumb2\libstdc++.a(del_op.o)
                              c:/progra~2/codesourcery/source~1/bin/../lib/gcc/arm-none-eabi/4.5.2/../../../../arm-none-eabi/lib/thumb2\libstdc++.a(si_class_type_info.o) (operator delete(void*))
c:/progra~2/codesourcery/source~1/bin/../lib/gcc/arm-none-eabi/4.5.2/../../../../arm-none-eabi/lib/thumb2\libstdc++.a(pure.o)
                              build\InterfaceBoard.o (__cxa_pure_virtual)
c:/progra~2/codesourcery/source~1/bin/../lib/gcc/arm-none-eabi/4.5.2/../../../../arm-none-eabi/lib/thumb2\libstdc++.a(class_type_info.o)
                              c:/progra~2/codesourcery/source~1/bin/../lib/gcc/arm-none-eabi/4.5.2/../../../../arm-none-eabi/lib/thumb2\libstdc++.a(si_class_type_info.o) (__cxxabiv1::__class_type_info::__do_upcast(__cxxabiv1::__class_type_info const*, void**) const)
c:/progra~2/codesourcery/source~1/bin/../lib/gcc/arm-none-eabi/4.5.2/../../../../arm-none-eabi/lib/thumb2\libstdc++.a(tinfo.o)
                              c:/progra~2/codesourcery/source~1/bin/../lib/gcc/arm-none-eabi/4.5.2/../../../../arm-none-eabi/lib/thumb2\libstdc++.a(class_type_info.o) (std::type_info::~type_info())
c:/progra~2/codesourcery/source~1/bin/../lib/gcc/arm-none-eabi/4.5.2/../../../../arm-none-eabi/lib/thumb2\libstdc++.a(eh_terminate.o)
                              c:/progra~2/codesourcery/source~1/bin/../lib/gcc/arm-none-eabi/4.5.2/../../../../arm-none-eabi/lib/thumb2\libstdc++.a(pure.o) (std::terminate())
c:/progra~2/codesourcery/source~1/bin/../lib/gcc/arm-none-eabi/4.5.2/../../../../arm-none-eabi/lib/thumb2\libstdc++.a(eh_call.o)
                              c:/progra~2/codesourcery/source~1/bin/../lib/gcc/arm-none-eabi/4.5.2/../../../../arm-none-eabi/lib/thumb2\libstdc++.a(eh_terminate.o) (__cxa_call_unexpected)
c:/progra~2/codesourcery/source~1/bin/../lib/gcc/arm-none-eabi/4.5.2/../../../../arm-none-eabi/lib/thumb2\libstdc++.a(eh_term_handler.o)
                              c:/progra~2/codesourcery/source~1/bin/../lib/gcc/arm-none-eabi/4.5.2/../../../../arm-none-eabi/lib/thumb2\libstdc++.a(eh_terminate.o) (__cxxabiv1::__terminate_handler)
c:/progra~2/codesourcery/source~1/bin/../lib/gcc/arm-none-eabi/4.5.2/../../../../arm-none-eabi/lib/thumb2\libstdc++.a(eh_personality.o)
                              c:/progra~2/codesourcery/source~1/bin/../lib/gcc/arm-none-eabi/4.5.2/../../../../arm-none-eabi/lib/thumb2\libstdc++.a(eh_terminate.o) (__gxx_personality_v0)
c:/progra~2/codesourcery/source~1/bin/../lib/gcc/arm-none-eabi/4.5.2/../../../../arm-none-eabi/lib/thumb2\libstdc++.a(eh_throw.o)
                              c:/progra~2/codesourcery/source~1/bin/../lib/gcc/arm-none-eabi/4.5.2/../../../../arm-none-eabi/lib/thumb2\libstdc++.a(eh_call.o) (__cxa_throw)
c:/progra~2/codesourcery/source~1/bin/../lib/gcc/arm-none-eabi/4.5.2/../../../../arm-none-eabi/lib/thumb2\libstdc++.a(eh_unex_handler.o)
                              c:/progra~2/codesourcery/source~1/bin/../lib/gcc/arm-none-eabi/4.5.2/../../../../arm-none-eabi/lib/thumb2\libstdc++.a(eh_terminate.o) (__cxxabiv1::__unexpected_handler)
c:/progra~2/codesourcery/source~1/bin/../lib/gcc/arm-none-eabi/4.5.2/../../../../arm-none-eabi/lib/thumb2\libstdc++.a(eh_globals.o)
                              c:/progra~2/codesourcery/source~1/bin/../lib/gcc/arm-none-eabi/4.5.2/../../../../arm-none-eabi/lib/thumb2\libstdc++.a(eh_call.o) (__cxa_get_globals_fast)
c:/progra~2/codesourcery/source~1/bin/../lib/gcc/arm-none-eabi/4.5.2/../../../../arm-none-eabi/lib/thumb2\libstdc++.a(eh_catch.o)
                              c:/progra~2/codesourcery/source~1/bin/../lib/gcc/arm-none-eabi/4.5.2/../../../../arm-none-eabi/lib/thumb2\libstdc++.a(eh_terminate.o) (__cxa_begin_catch)
c:/progra~2/codesourcery/source~1/bin/../lib/gcc/arm-none-eabi/4.5.2/../../../../arm-none-eabi/lib/thumb2\libstdc++.a(vterminate.o)
                              c:/progra~2/codesourcery/source~1/bin/../lib/gcc/arm-none-eabi/4.5.2/../../../../arm-none-eabi/lib/thumb2\libstdc++.a(eh_term_handler.o) (__gnu_cxx::__verbose_terminate_handler())
c:/progra~2/codesourcery/source~1/bin/../lib/gcc/arm-none-eabi/4.5.2/../../../../arm-none-eabi/lib/thumb2\libstdc++.a(eh_exception.o)
                              c:/progra~2/codesourcery/source~1/bin/../lib/gcc/arm-none-eabi/4.5.2/../../../../arm-none-eabi/lib/thumb2\libstdc++.a(eh_call.o) (std::bad_exception::~bad_exception())
c:/progra~2/codesourcery/source~1/bin/../lib/gcc/arm-none-eabi/4.5.2/../../../../arm-none-eabi/lib/thumb2\libstdc++.a(eh_type.o)
[...]
Memory Configuration

Name             Origin             Length             Attributes
rom              0x00000000         0x00080000         xr
ram              0x10000000         0x00008000         xrw
ram1             0x2007c000         0x00004000         xrw
ram2             0x20080000         0x00004000         xrw
*default*        0x00000000         0xffffffff

Linker script and memory map

LOAD build\lib_sd\byteordering.o
LOAD build\lib_sd\fat.o
LOAD build\lib_sd\partition.o
LOAD build\lib_sd\sd_raw.o
LOAD build\lib\source\debug_frmwrk.o
LOAD build\lib\source\lpc17xx_adc.o
LOAD build\lib\source\lpc17xx_clkpwr.o
LOAD build\lib\source\lpc17xx_dac.o
LOAD build\lib\source\lpc17xx_exti.o
LOAD build\lib\source\lpc17xx_gpdma.o
LOAD build\lib\source\lpc17xx_gpio.o
LOAD build\lib\source\lpc17xx_i2c.o
LOAD build\lib\source\lpc17xx_i2s.o
LOAD build\lib\source\lpc17xx_libcfg_default.o
LOAD build\lib\source\lpc17xx_mcpwm.o
LOAD build\lib\source\lpc17xx_nvic.o
LOAD build\lib\source\lpc17xx_pinsel.o
LOAD build\lib\source\lpc17xx_pwm.o
LOAD build\lib\source\lpc17xx_qei.o
LOAD build\lib\source\lpc17xx_rit.o
LOAD build\lib\source\lpc17xx_spi.o
LOAD build\lib\source\lpc17xx_systick.o
LOAD build\lib\source\lpc17xx_timer.o
LOAD build\lib\source\lpc17xx_uart.o
LOAD build\lib\source\lpc17xx_wdt.o
LOAD build\system\core_cm3.o
LOAD build\system\system_LPC17xx.o
LOAD build\system\startup_LPC17xx.o
LOAD build\USBCDC\cdcuser.o
LOAD build\USBCDC\serial.o
LOAD build\USBCDC\usbcore.o
LOAD build\USBCDC\usbdesc.o
LOAD build\USBCDC\usbhw.o
LOAD build\USBCDC\usbuser.o
LOAD build\USBCDC\vcomdemo.o
LOAD src\shared\PID.o
LOAD src\shared\Packet.o
LOAD build\Command.o
LOAD build\DebugPacketProcessor.o
LOAD build\EepromMap.o
LOAD build\Host.o
LOAD build\Interface.o
LOAD build\InterfaceBoard.o
LOAD build\LPCPort.o
LOAD build\LiquidCrystal.o
LOAD build\Main.o
LOAD build\Menu.o
LOAD build\Motherboard.o
LOAD build\PID.o
LOAD build\PSU.o
LOAD build\Packet.o
LOAD build\SDCard.o
LOAD build\StepperInterface.o
LOAD build\Steppers.o
LOAD build\Timeout.o
LOAD build\Tool.o
LOAD build\UART.o
                0x10008000                PROVIDE (__cs3_stack, (__cs3_region_start_ram + __cs3_region_size_ram))
                0x000054a0                PROVIDE (__cs3_stack_size, ((__cs3_region_start_ram + __cs3_region_size_ram) - _end))
                0x10002b60                PROVIDE (__cs3_heap_start, _end)
                0x10008000                PROVIDE (__cs3_heap_end, (__cs3_region_start_ram + __cs3_region_size_ram))

.text           0x00000000    0x2b848
 CREATE_OBJECT_SYMBOLS
                0x00000000                __cs3_region_start_rom = .
 *(.cs3.region-head.rom)
                0x00000000                __cs3_interrupt_vector = __cs3_interrupt_vector_cortex_m
 *(.cs3.interrupt_vector)
 .cs3.interrupt_vector
                0x00000000       0xcc build\system\startup_LPC17xx.o
                0x00000000                __cs3_interrupt_vector_cortex_m
                0x00000001                ASSERT ((. != __cs3_interrupt_vector_cortex_m), No interrupt vector)
 *(.rom)
 *(.rom.b)
                0x000000cc                __cs3_reset = __cs3_reset_cortex_m
 *(.cs3.reset)
 .cs3.reset     0x000000cc       0x10 build\system\startup_LPC17xx.o
                0x000000cc                __cs3_reset_cortex_m
                0x00000001                ASSERT ((. != __cs3_reset), No reset code)
 *(.text .text.* .gnu.linkonce.t.*)
 .text          0x000000dc        0x0 build\lib_sd\byteordering.o
 .text          0x000000dc     0x1cb0 build\lib_sd\fat.o
                0x000000dc                fat_open
                0x00000178                fat_close
                0x00000760                fat_get_dir_entry_of_path
                0x00000898                fat_open_file
                0x00000940                fat_close_file
                0x0000097c                fat_read_file
                0x00000b0c                fat_write_file
                0x00000d08                fat_seek_file
                0x00000da4                fat_resize_file
                0x00000ee8                fat_open_dir
                0x00000f84                fat_close_dir
                0x00000fa4                fat_read_dir
                0x0000112c                fat_reset_dir
                0x00001964                fat_create_file
                0x00001a20                fat_delete_file
                0x00001ad8                fat_create_dir
                0x00001c5c                fat_get_fs_size
                0x00001c90                fat_get_fs_free
 .text          0x00001d8c      0x16c build\lib_sd\partition.o
                0x00001d8c                partition_open
                0x00001ecc                partition_close
 .text          0x00001ef8      0xc30 build\lib_sd\sd_raw.o
                0x00001ef8                sd_raw_init
                0x000021f8                sd_raw_available
                0x0000220c                sd_raw_locked
                0x0000233c                sd_raw_read
                0x000024c4                sd_raw_read_interval
                0x00002544                sd_raw_write
                0x00002720                sd_raw_write_interval
                0x000027bc                sd_raw_sync
                0x00002808                sd_raw_get_info
 .text          0x00002b28      0x75c build\lib\source\debug_frmwrk.o
                0x00002b28                UARTPutChar
                0x00002b50                UARTGetChar
                0x00002b80                UARTPuts
                0x00002bb4                UARTPuts_
                0x00002bdc                UARTPutDec
                0x00002c94                UARTPutDec16
                0x00002dd0                UARTPutDec32
                0x00003034                UARTPutHex
                0x000030a8                UARTPutHex16
                0x0000311c                UARTPutHex32
                0x0000318c                debug_frmwrk_init
 .text          0x00003284      0x518 build\lib\source\lpc17xx_adc.o
                0x00003284                ADC_Init
                0x0000331c                ADC_DeInit
                0x00003360                ADC_GetData
                0x00003394                ADC_StartCmd
                0x00003418                ADC_BurstCmd
                0x00003464                ADC_PowerdownCmd
                0x000034b0                ADC_EdgeStartConfig
                0x00003514                ADC_IntConfig
                0x000035b8                ADC_ChannelCmd
                0x00003620                ADC_ChannelGetData
                0x00003674                ADC_ChannelGetStatus
                0x000036f8                ADC_GlobalGetData
                0x00003728                ADC_GlobalGetStatus
 .text          0x0000379c      0x250 build\lib\source\lpc17xx_clkpwr.o
                0x0000379c                CLKPWR_SetPCLKDiv
                0x0000383c                CLKPWR_GetPCLKSEL
                0x00003888                CLKPWR_GetPCLK
                0x000038f8                CLKPWR_ConfigPPWR
                0x00003958                CLKPWR_Sleep
                0x00003974                CLKPWR_DeepSleep
                0x0000399c                CLKPWR_PowerDown
                0x000039c4                CLKPWR_DeepPowerDown
 .text          0x000039ec      0x17c build\lib\source\lpc17xx_dac.o
                0x000039ec                DAC_Init
                0x00003a20                DAC_UpdateValue
                0x00003a74                DAC_SetBias
                0x00003ac0                DAC_ConfigDAConverterControl
                0x00003b34                DAC_SetDMATimeOut
 .text          0x00003b68      0x174 build\lib\source\lpc17xx_exti.o
                0x00003b68                EXTI_Init
                0x00003b94                EXTI_DeInit
                0x00003ba0                EXTI_Config
                0x00003be0                EXTI_SetMode
                0x00003c44                EXTI_SetPolarity
                0x00003ca8                EXTI_ClearEXTIFlag
 .text          0x00003cdc      0x628 build\lib\source\lpc17xx_gpdma.o
                0x00003cdc                GPDMA_Init
                0x00003d64                GPDMA_Setup
                0x000040ec                GPDMA_ChannelCmd
                0x00004134                GPDMA_IntGetStatus
                0x00004294                GPDMA_ClearIntPending
 .text          0x00004304      0x88c build\lib\source\lpc17xx_gpio.o
                0x00004460                GPIO_SetDir
                0x000044ac                GPIO_SetValue
                0x000044d8                GPIO_ClearValue
                0x00004504                GPIO_ReadValue
                0x00004534                GPIO_IntCmd
                0x000045a4                isenabled
                0x000045c4                GPIO_GetIntStatus
                0x00004674                GPIO_ClearInt
                0x000046ac                FIO_SetDir
                0x000046d4                FIO_SetValue
                0x000046f4                FIO_ClearValue
                0x00004714                FIO_ReadValue
                0x00004734                FIO_IntCmd
                0x0000475c                FIO_GetIntStatus
                0x00004788                FIO_ClearInt
                0x000047a8                FIO_SetMask
                0x000047f4                FIO_HalfWordSetDir
                0x00004890                FIO_HalfWordSetMask
                0x0000492c                FIO_HalfWordSetValue
                0x0000496c                FIO_HalfWordClearValue
                0x000049ac                FIO_HalfWordReadValue
                0x000049f0                FIO_ByteSetDir
                0x00004a60                FIO_ByteSetMask
                0x00004ad8                FIO_ByteSetValue
                0x00004b14                FIO_ByteClearValue
                0x00004b50                FIO_ByteReadValue
 .text          0x00004b90     0x1348 build\lib\source\lpc17xx_i2c.o
                0x00004e20                I2C_Init
                0x00004edc                I2C_DeInit
                0x00004f68                I2C_Cmd
                0x00004fdc                I2C_IntCmd
                0x0000506c                I2C_MasterHandler
                0x00005430                I2C_SlaveHandler
                0x00005604                I2C_MasterTransferData
                0x00005938                I2C_SlaveTransferData
                0x00005b98                I2C_SetOwnSlaveAddr
                0x00005c9c                I2C_MonitorModeConfig
                0x00005d24                I2C_MonitorModeCmd
                0x00005dc4                I2C_MonitorGetDatabuffer
                0x00005e10                I2C_MonitorHandler
                0x00005e68                I2C_MasterTransferComplete
                0x00005ea0                I2C_SlaveTransferComplete
 .text          0x00005ed8      0xb2c build\lib\source\lpc17xx_i2s.o
                0x00005fd8                I2S_Init
                0x0000601c                I2S_Config
                0x00006150                I2S_DeInit
                0x00006188                I2S_GetLevel
                0x000061ec                I2S_Start
                0x0000623c                I2S_Send
                0x00006270                I2S_Receive
                0x000062a0                I2S_Pause
                0x00006304                I2S_Mute
                0x00006368                I2S_Stop
                0x000063f0                I2S_FreqConfig
                0x000064ec                I2S_SetBitRate
                0x00006558                I2S_ModeConfig
                0x00006684                I2S_DMAConfig
                0x00006730                I2S_DMACmd
                0x0000683c                I2S_IRQConfig
                0x000068ac                I2S_IRQCmd
                0x0000695c                I2S_GetIRQStatus
                0x000069b8                I2S_GetIRQDepth
 .text          0x00006a04        0xc build\lib\source\lpc17xx_libcfg_default.o
                0x00006a04                check_failed
 .text          0x00006a10      0x7dc build\lib\source\lpc17xx_mcpwm.o
                0x00006a10                MCPWM_Init
                0x00006a44                MCPWM_ConfigChannel
                0x00006c68                MCPWM_WriteToShadow
                0x00006cc4                MCPWM_ConfigCapture
                0x00006e64                MCPWM_ClearCapture
                0x00006e94                MCPWM_GetCapture
                0x00006ed4                MCPWM_CountConfig
                0x00007028                MCPWM_Start
                0x00007084                MCPWM_Stop
                0x000070e0                MCPWM_ACMode
                0x0000710c                MCPWM_DCMode
                0x0000715c                MCPWM_IntConfig
                0x00007188                MCPWM_IntSet
                0x000071a4                MCPWM_IntClear
                0x000071c0                MCPWM_GetIntStatus
 .text          0x000071ec       0xfc build\lib\source\lpc17xx_nvic.o
                0x000071ec                NVIC_DeInit
                0x0000724c                NVIC_SCBDeInit
                0x000072cc                NVIC_SetVTOR
 .text          0x000072e8      0x284 build\lib\source\lpc17xx_pinsel.o
                0x0000749c                PINSEL_ConfigTraceFunc
                0x000074dc                PINSEL_SetI2C0Pins
                0x00007518                PINSEL_ConfigPin
 .text          0x0000756c      0xaac build\lib\source\lpc17xx_pwm.o
                0x0000756c                PWM_GetIntStatus
                0x000075f4                PWM_ClearIntPending
                0x0000766c                PWM_ConfigStructInit
                0x000076d0                PWM_Init
                0x00007864                PWM_DeInit
                0x000078a4                PWM_Cmd
                0x00007908                PWM_CounterCmd
                0x0000796c                PWM_ResetCounter
                0x000079b0                PWM_ConfigMatch
                0x00007b84                PWM_ConfigCapture
                0x00007d54                PWM_GetCaptureValue
                0x00007db8                PWM_MatchUpdate
                0x00007eb0                PWM_ChannelConfig
                0x00007f6c                PWM_ChannelCmd
 .text          0x00008018      0x8a8 build\lib\source\lpc17xx_qei.o
                0x00008018                QEI_Reset
                0x0000806c                QEI_Init
                0x000081ac                QEI_DeInit
                0x000081e4                QEI_ConfigStructInit
                0x00008220                QEI_GetStatus
                0x00008274                QEI_GetPosition
                0x000082a4                QEI_SetMaxPosition
                0x000082d8                QEI_SetPositionComp
                0x0000833c                QEI_GetIndex
                0x0000836c                QEI_SetIndexComp
                0x000083a0                QEI_SetTimerReload
                0x0000844c                QEI_GetTimer
                0x0000847c                QEI_GetVelocity
                0x000084ac                QEI_GetVelocityCap
                0x000084dc                QEI_SetVelocityComp
                0x00008510                QEI_SetDigiFilter
                0x00008544                QEI_GetIntStatus
                0x000085ec                QEI_IntCmd
                0x000086ac                QEI_IntSet
                0x00008744                QEI_IntClear
                0x000087dc                QEI_CalculateRPM
 .text          0x000088c0      0x248 build\lib\source\lpc17xx_rit.o
                0x000088c0                RIT_Init
                0x00008918                RIT_DeInit
                0x00008970                RIT_TimerConfig
                0x000089d4                RIT_Cmd
                0x00008a40                RIT_TimerDebugCmd
                0x00008aac                RIT_GetIntStatus
 .text          0x00008b08      0x58c build\lib\source\lpc17xx_spi.o
                0x00008b08                SPI_SetClock
                0x00008b84                SPI_DeInit
                0x00008bc4                SPI_GetDataSize
                0x00008c00                SPI_Init
                0x00008c98                SPI_ConfigStructInit
                0x00008cdc                SPI_SendData
                0x00008d10                SPI_ReceiveData
                0x00008d44                SPI_ReadWrite
                0x00008f38                SPI_IntCmd
                0x00008fa0                SPI_GetIntStatus
                0x00008fd8                SPI_ClearIntPending
                0x0000900c                SPI_GetStatus
                0x00009040                SPI_CheckStatus
 .text          0x00009094      0x20c build\lib\source\lpc17xx_systick.o
                0x00009094                SYSTICK_InternalInit
                0x00009128                SYSTICK_ExternalInit
                0x000091d0                SYSTICK_Cmd
                0x00009220                SYSTICK_IntCmd
                0x00009270                SYSTICK_GetCurrentValue
                0x00009284                SYSTICK_ClearCounterFlag
 .text          0x000092a0      0xab8 build\lib\source\lpc17xx_timer.o
                0x000093cc                TIM_GetIntStatus
                0x00009474                TIM_GetIntCaptureStatus
                0x00009520                TIM_ClearIntPending
                0x000095b0                TIM_ClearIntCapturePending
                0x00009644                TIM_ConfigStructInit
                0x00009684                TIM_Init
                0x0000982c                TIM_DeInit
                0x000098d4                TIM_Cmd
                0x00009944                TIM_ResetCounter
                0x000099a8                TIM_ConfigMatch
                0x00009b58                TIM_UpdateMatchValue
                0x00009be8                TIM_ConfigCapture
                0x00009ce0                TIM_GetCaptureValue
 .text          0x00009d58     0x1610 build\lib\source\lpc17xx_uart.o
                0x00009fb0                UART_Init
                0x0000a2d4                UART_DeInit
                0x0000a37c                UART_ConfigStructInit
                0x0000a3b0                UART_SendByte
                0x0000a418                UART_ReceiveByte
                0x0000a480                UART_Send
                0x0000a58c                UART_Receive
                0x0000a664                UART_ForceBreak
                0x0000a6dc                UART_IntConfig
                0x0000a874                UART_GetLineStatus
                0x0000a8dc                UART_GetIntId
                0x0000a938                UART_CheckBusy
                0x0000a964                UART_FIFOConfig
                0x0000aac0                UART_FIFOConfigStructInit
                0x0000aaf4                UART_ABCmd
                0x0000ac3c                UART_ABClearIntPending
                0x0000acb0                UART_TxCmd
                0x0000ad7c                UART_IrDAInvtInputCmd
                0x0000adf8                UART_IrDACmd
                0x0000ae6c                UART_IrDAPulseDivConfig
                0x0000af0c                UART_FullModemForcePinState
                0x0000afc8                UART_FullModemConfigMode
                0x0000b090                UART_FullModemGetStatus
                0x0000b0c4                UART_RS485Config
                0x0000b24c                UART_RS485ReceiverCmd
                0x0000b294                UART_RS485Send
                0x0000b318                UART_RS485SendSlvAddr
                0x0000b340                UART_RS485SendData
 .text          0x0000b368      0x2f8 build\lib\source\lpc17xx_wdt.o
                0x0000b4e0                WDT_Init
                0x0000b574                WDT_Start
                0x0000b5b8                WDT_ReadTimeOutFlag
                0x0000b5d8                WDT_ClrTimeOutFlag
                0x0000b5f8                WDT_UpdateTimeOut
                0x0000b628                WDT_Feed
                0x0000b64c                WDT_GetCurrentCount
 .text          0x0000b660        0x0 build\system\core_cm3.o
 .text          0x0000b660      0x510 build\system\system_LPC17xx.o
                0x0000b660                _undef_open_r
                0x0000b680                _undef_close_r
                0x0000b69c                _undef_write_r
                0x0000b6b8                _undef_read_r
                0x0000b6d4                _write_r
                0x0000b708                _read_r
                0x0000b73c                _open_r
                0x0000b7c8                _close_r
                0x0000b7f4                _sbrk_r
                0x0000b848                SystemCoreClockUpdate
                0x0000b9f0                SystemInit
 .text          0x0000bb70       0x14 build\system\startup_LPC17xx.o
                0x0000bb70                NMI_Handler
                0x0000bb72                HardFault_Handler
                0x0000bb74                MemManage_Handler
                0x0000bb76                BusFault_Handler
                0x0000bb78                UsageFault_Handler
                0x0000bb7a                SVC_Handler
                0x0000bb7c                DebugMon_Handler
                0x0000bb7e                PendSV_Handler
                0x0000bb80                SysTick_Handler
                0x0000bb82                PWM1_IRQHandler
                0x0000bb82                I2C1_IRQHandler
                0x0000bb82                EINT2_IRQHandler
                0x0000bb82                EINT3_IRQHandler
                0x0000bb82                CANActivity_IRQHandler
                0x0000bb82                TIMER3_IRQHandler
                0x0000bb82                I2C0_IRQHandler
                0x0000bb82                PLL0_IRQHandler
                0x0000bb82                RIT_IRQHandler
                0x0000bb82                PLL1_IRQHandler
                0x0000bb82                SSP0_IRQHandler
                0x0000bb82                I2S_IRQHandler
                0x0000bb82                I2C2_IRQHandler
                0x0000bb82                RTC_IRQHandler
                0x0000bb82                TIMER0_IRQHandler
                0x0000bb82                SPI_IRQHandler
                0x0000bb82                EINT1_IRQHandler
                0x0000bb82                TIMER1_IRQHandler
                0x0000bb82                UART2_IRQHandler
                0x0000bb82                Default_Handler
                0x0000bb82                ADC_IRQHandler
                0x0000bb82                SSP1_IRQHandler
                0x0000bb82                BOD_IRQHandler
                0x0000bb82                USBActivity_IRQHandler
                0x0000bb82                WDT_IRQHandler
                0x0000bb82                CAN_IRQHandler
                0x0000bb82                QEI_IRQHandler
                0x0000bb82                EINT0_IRQHandler
                0x0000bb82                DMA_IRQHandler
                0x0000bb82                TIMER2_IRQHandler
                0x0000bb82                UART3_IRQHandler
                0x0000bb82                MCPWM_IRQHandler
                0x0000bb82                ENET_IRQHandler
 .text          0x0000bb84      0x4d8 build\USBCDC\cdcuser.o
                0x0000bb84                CDC_RdOutBuf
                0x0000bbf4                CDC_WrOutBuf
                0x0000bc4c                CDC_OutBufAvailChar
                0x0000bc7c                CDC_Init
                0x0000bd0c                CDC_SendEncapsulatedCommand
                0x0000bd1c                CDC_GetEncapsulatedResponse
                0x0000bd2c                CDC_SetCommFeature
                0x0000bd48                CDC_GetCommFeature
                0x0000bd64                CDC_ClearCommFeature
                0x0000bd80                CDC_SetLineCoding
                0x0000be00                CDC_GetLineCoding
                0x0000be64                CDC_SetControlLineState
                0x0000be80                CDC_SendBreak
                0x0000be9c                CDC_BulkIn
                0x0000bee4                CDC_BulkOut
                0x0000bf10                CDC_GetSerialState
                0x0000bfe4                CDC_NotificationIn
 .text          0x0000c05c      0x7f0 build\USBCDC\serial.o
                0x0000c0c8                ser_OpenPort
                0x0000c128                ser_ClosePort
                0x0000c188                ser_InitPort0
                0x0000c33c                ser_InitPort1
                0x0000c4f0                ser_Read
                0x0000c574                ser_Write
                0x0000c640                ser_AvailChar
                0x0000c66c                ser_LineState
                0x0000c694                UART0_IRQHandler
                0x0000c764                UART1_IRQHandler
 .text          0x0000c84c      0xe64 build\USBCDC\usbcore.o
                0x0000c84c                USB_ResetCore
                0x0000c8a0                USB_SetupStage
                0x0000c8b4                USB_DataInStage
                0x0000c90c                USB_DataOutStage
                0x0000c94c                USB_StatusInStage
                0x0000c964                USB_StatusOutStage
                0x0000c978                USB_ReqGetStatus
                0x0000ca94                USB_ReqSetClrFeature
                0x0000cbd4                USB_ReqSetAddress
                0x0000cc10                USB_ReqGetDescriptor
                0x0000cd38                USB_ReqGetConfiguration
                0x0000cd70                USB_ReqSetConfiguration
                0x0000cff8                USB_ReqGetInterface
                0x0000d058                USB_ReqSetInterface
                0x0000d23c                USB_EndPoint0
 .text          0x0000d6b0        0x0 build\USBCDC\usbdesc.o
 .text          0x0000d6b0      0x83c build\USBCDC\usbhw.o
                0x0000d6e4                EPAdr
                0x0000d718                WrCmd
                0x0000d750                WrCmdDat
                0x0000d7ac                WrCmdEP
                0x0000d814                RdCmdDat
                0x0000d854                USB_Init
                0x0000d8f4                USB_Connect
                0x0000d924                USB_Reset
                0x0000d994                USB_Suspend
                0x0000d9a0                USB_Resume
                0x0000d9ac                USB_WakeUp
                0x0000d9d4                USB_WakeUpCfg
                0x0000d9e8                USB_SetAddress
                0x0000da28                USB_Configure
                0x0000da80                USB_ConfigEP
                0x0000dae8                USB_DirCtrlEP
                0x0000dafc                USB_EnableEP
                0x0000db2c                USB_DisableEP
                0x0000db5c                USB_ResetEP
                0x0000db8c                USB_SetStallEP
                0x0000dbbc                USB_ClrStallEP
                0x0000dbec                USB_ClearEPBuf
                0x0000dc08                USB_ReadEP
                0x0000dcb0                USB_WriteEP
                0x0000dd30                USB_GetFrame
                0x0000dd6c                USB_IRQHandler
 .text          0x0000deec      0x180 build\USBCDC\usbuser.o
                0x0000deec                USB_Reset_Event
                0x0000def8                USB_Configure_Event
                0x0000df04                USB_EndPoint1
                0x0000df40                USB_EndPoint2
                0x0000df68                USB_EndPoint3
                0x0000df7c                USB_EndPoint4
                0x0000df90                USB_EndPoint5
                0x0000dfa4                USB_EndPoint6
                0x0000dfb8                USB_EndPoint7
                0x0000dfcc                USB_EndPoint8
                0x0000dfe0                USB_EndPoint9
                0x0000dff4                USB_EndPoint10
                0x0000e008                USB_EndPoint11
                0x0000e01c                USB_EndPoint12
                0x0000e030                USB_EndPoint13
                0x0000e044                USB_EndPoint14
                0x0000e058                USB_EndPoint15
 .text          0x0000e06c      0x10c build\USBCDC\vcomdemo.o
                0x0000e06c                VCOM_Init
                0x0000e07c                VCOM_Serial2Usb
                0x0000e0cc                VCOM_Usb2Serial
                0x0000e118                VCOM_CheckSerialState
                0x0000e148                main
 .text          0x0000e178      0x28c src\shared\PID.o
                0x0000e178                PID::reset()
                0x0000e1b0                PID::reset_state()
                0x0000e234                PID::calculate(int)
                0x0000e38c                PID::setTarget(int)
                0x0000e3b4                PID::getErrorTerm()
                0x0000e3cc                PID::getDeltaTerm()
                0x0000e3ec                PID::getLastOutput()
 .text          0x0000e404      0x54c src\shared\Packet.o
                0x0000e404                _crc_ibutton_update(unsigned char, unsigned char)
                0x0000e474                Packet::appendByte(unsigned char)
                0x0000e4d4                Packet::reset()
                0x0000e50c                InPacket::InPacket()
                0x0000e50c                InPacket::InPacket()
                0x0000e530                InPacket::reset()
                0x0000e548                InPacket::processByte(unsigned char)
                0x0000e670                Packet::read8(unsigned char) const
                0x0000e694                Packet::read16(unsigned char) const
                0x0000e6d4                Packet::read32(unsigned char) const
                0x0000e72c                OutPacket::OutPacket()
                0x0000e72c                OutPacket::OutPacket()
                0x0000e750                OutPacket::reset()
                0x0000e774                OutPacket::prepareForResend()
                0x0000e7a4                OutPacket::getNextByteToSend()
                0x0000e8a0                OutPacket::append8(unsigned char)
                0x0000e8c0                OutPacket::append16(unsigned short)
                0x0000e8f8                OutPacket::append32(unsigned long)
 .text._ZN6Packet5errorEh
                0x0000e950       0x24 src\shared\Packet.o
                0x0000e950                Packet::error(unsigned char)
 .text._ZN6PacketC2Ev
                0x0000e974       0x18 src\shared\Packet.o
                0x0000e974                Packet::Packet()
                0x0000e974                Packet::Packet()
 .text          0x0000e98c      0xb94 build\Command.o
                0x0000e98c                command::getRemainingCapacity()
                0x0000e9ac                command::pause(bool)
                0x0000e9cc                command::isPaused()
                0x0000e9e0                command::isEmpty()
                0x0000e9f4                command::push(unsigned char)
                0x0000ea14                command::pop8()
                0x0000ea28                command::pop16()
                0x0000ea54                command::pop32()
                0x0000ea94                command::reset()
                0x0000eab0                command::runCommandSlice()
 .text._ZN5PointC2Elllll
                0x0000f520       0x3c build\Command.o
                0x0000f520                Point::Point(long, long, long, long, long)
                0x0000f520                Point::Point(long, long, long, long, long)
 .text._ZN5PointC2Elll
                0x0000f55c       0x64 build\Command.o
                0x0000f55c                Point::Point(long, long, long)
                0x0000f55c                Point::Point(long, long, long)
 .text._ZNK5PointixEj
                0x0000f5c0       0x20 build\Command.o
                0x0000f5c0                Point::operator[](unsigned int) const
 .text._ZNK6Packet8hasErrorEv
                0x0000f5e0       0x28 build\Command.o
                0x0000f5e0                Packet::hasError() const
 .text._ZN19CircularBufferTemplIhEC2EtPh
                0x0000f608       0x48 build\Command.o
                0x0000f608                CircularBufferTempl<unsigned char>::CircularBufferTempl(unsigned short, unsigned char*)
                0x0000f608                CircularBufferTempl<unsigned char>::CircularBufferTempl(unsigned short, unsigned char*)
 .text._ZNK19CircularBufferTemplIhE20getRemainingCapacityEv
                0x0000f650       0x24 build\Command.o
                0x0000f650                CircularBufferTempl<unsigned char>::getRemainingCapacity() const
 .text._ZNK19CircularBufferTemplIhE7isEmptyEv
                0x0000f674       0x24 build\Command.o
                0x0000f674                CircularBufferTempl<unsigned char>::isEmpty() const
 .text._ZN19CircularBufferTemplIhE4pushEh
                0x0000f698       0x5c build\Command.o
                0x0000f698                CircularBufferTempl<unsigned char>::push(unsigned char)
 .text._ZN19CircularBufferTemplIhE3popEv
                0x0000f6f4       0x6c build\Command.o
                0x0000f6f4                CircularBufferTempl<unsigned char>::pop()
 .text._ZN19CircularBufferTemplIhE5resetEv
                0x0000f760       0x34 build\Command.o
                0x0000f760                CircularBufferTempl<unsigned char>::reset()
 .text._ZNK19CircularBufferTemplIhE9getLengthEv
                0x0000f794       0x1c build\Command.o
                0x0000f794                CircularBufferTempl<unsigned char>::getLength() const
 .text._ZN19CircularBufferTemplIhEixEt
                0x0000f7b0       0x3c build\Command.o
                0x0000f7b0                CircularBufferTempl<unsigned char>::operator[](unsigned short)
 .text          0x0000f7ec      0x334 build\DebugPacketProcessor.o
                0x0000f7ec                processDebugPacket(InPacket const&, OutPacket&)
 .text._ZNK6Packet9getLengthEv
                0x0000fb20       0x1c build\DebugPacketProcessor.o
                0x0000fb20                Packet::getLength() const
 .text._ZN11Motherboard8getBoardEv
                0x0000fb3c       0x14 build\DebugPacketProcessor.o
                0x0000fb3c                Motherboard::getBoard()
 .text          0x0000fb50       0xa0 build\EepromMap.o
                0x0000fb50                eeprom::init()
                0x0000fb9c                eeprom::getEeprom8(unsigned short, unsigned char)
                0x0000fbc4                eeprom::getEeprom16(unsigned short, unsigned short)
 .text          0x0000fbf0      0x6c0 build\Host.o
                0x0000fbf0                host::runHostSlice()
                0x0000fd94                host::processCommandPacket(InPacket const&, OutPacket&)
                0x0000fe7c                host::doToolPause(OutPacket&)
                0x0000ff98                host::processQueryPacket(InPacket const&, OutPacket&)
                0x00010164                host::getMachineName()
                0x000101f8                host::getBuildName()
                0x0001020c                host::getHostState()
                0x00010220                host::startBuildFromSD()
                0x00010258                host::stopBuild()
 .text._ZNK6Packet12getErrorCodeEv
                0x000102b0       0x1c build\Host.o
                0x000102b0                Packet::getErrorCode() const
 .text._ZNK6Packet7getDataEv
                0x000102cc       0x1c build\Host.o
                0x000102cc                Packet::getData() const
 .text._ZNK8InPacket10isFinishedEv
                0x000102e8       0x28 build\Host.o
                0x000102e8                InPacket::isFinished() const
 .text._ZNK8InPacket9isStartedEv
                0x00010310       0x28 build\Host.o
                0x00010310                InPacket::isStarted() const
 .text._ZN8InPacket7timeoutEv
                0x00010338       0x1c build\Host.o
                0x00010338                InPacket::timeout()
 .text._ZNK9OutPacket9isSendingEv
                0x00010354       0x38 build\Host.o
                0x00010354                OutPacket::isSending() const
 .text._ZN4UART11getHostUARTEv
                0x0001038c       0x14 build\Host.o
                0x0001038c                UART::getHostUART()
 .text._ZNK7Timeout8isActiveEv
                0x000103a0       0x18 build\Host.o
                0x000103a0                Timeout::isActive() const
 .text._ZN11Motherboard11getHostUARTEv
                0x000103b8       0x18 build\Host.o
                0x000103b8                Motherboard::getHostUART()
 .text._ZN11Motherboard19getStepperInterfaceEi
                0x000103d0       0x28 build\Host.o
                0x000103d0                Motherboard::getStepperInterface(int)
 .text._ZN4host13handleVersionERK8InPacketR9OutPacket
                0x000103f8       0x28 build\Host.o
                0x000103f8                host::handleVersion(InPacket const&, OutPacket&)
 .text._ZN4host18handleGetBuildNameERK8InPacketR9OutPacket
                0x00010420       0x5c build\Host.o
                0x00010420                host::handleGetBuildName(InPacket const&, OutPacket&)
 .text._ZN4host19handleGetBufferSizeERK8InPacketR9OutPacket
                0x0001047c       0x2c build\Host.o
                0x0001047c                host::handleGetBufferSize(InPacket const&, OutPacket&)
 .text._ZN4host17handleGetPositionERK8InPacketR9OutPacket
                0x000104a8      0x110 build\Host.o
                0x000104a8                host::handleGetPosition(InPacket const&, OutPacket&)
 .text._ZN4host20handleGetPositionExtERK8InPacketR9OutPacket
                0x000105b8      0x148 build\Host.o
                0x000105b8                host::handleGetPositionExt(InPacket const&, OutPacket&)
 .text._ZN4host19handleCaptureToFileERK8InPacketR9OutPacket
                0x00010700       0x3c build\Host.o
                0x00010700                host::handleCaptureToFile(InPacket const&, OutPacket&)
 .text._ZN4host16handleEndCaptureERK8InPacketR9OutPacket
                0x0001073c       0x2c build\Host.o
                0x0001073c                host::handleEndCapture(InPacket const&, OutPacket&)
 .text._ZN4host14handlePlaybackERK8InPacketR9OutPacket
                0x00010768       0x84 build\Host.o
                0x00010768                host::handlePlayback(InPacket const&, OutPacket&)
 .text._ZN4host18handleNextFilenameERK8InPacketR9OutPacket
                0x000107ec      0x10c build\Host.o
                0x000107ec                host::handleNextFilename(InPacket const&, OutPacket&)
 .text._ZN4host15handleToolQueryERK8InPacketR9OutPacket
                0x000108f8      0x17c build\Host.o
                0x000108f8                host::handleToolQuery(InPacket const&, OutPacket&)
 .text._ZN4host11handlePauseERK8InPacketR9OutPacket
                0x00010a74       0x34 build\Host.o
                0x00010a74                host::handlePause(InPacket const&, OutPacket&)
 .text._ZN4host16handleIsFinishedERK8InPacketR9OutPacket
                0x00010aa8       0x60 build\Host.o
                0x00010aa8                host::handleIsFinished(InPacket const&, OutPacket&)
 .text._ZN4host16handleReadEepromERK8InPacketR9OutPacket
                0x00010b08       0x70 build\Host.o
                0x00010b08                host::handleReadEeprom(InPacket const&, OutPacket&)
 .text._ZN4host17handleWriteEepromERK8InPacketR9OutPacket
                0x00010b78       0x8c build\Host.o
                0x00010b78                host::handleWriteEeprom(InPacket const&, OutPacket&)
 .text._ZN4host18handleExtendedStopERK8InPacketR9OutPacket
                0x00010c04       0x54 build\Host.o
                0x00010c04                host::handleExtendedStop(InPacket const&, OutPacket&)
 .text          0x00010c58      0x1a4 build\Interface.o
                0x00010c58                interfaceboard::isConnected()
                0x00010d4c                interfaceboard::init()
                0x00010d5c                interfaceboard::pushScreen(Screen*)
                0x00010d78                interfaceboard::popScreen()
                0x00010d88                interfaceboard::doInterrupt()
                0x00010d98                interfaceboard::getUpdateRate()
                0x00010dac                interfaceboard::doUpdate()
 .text._ZN4Port15setPinDirectionEhb
                0x00010dfc       0x2c build\Interface.o
                0x00010dfc                Port::setPinDirection(unsigned char, bool)
 .text._ZN4Port6getPinEh
                0x00010e28       0x34 build\Interface.o
                0x00010e28                Port::getPin(unsigned char)
 .text._ZN4Port6setPinEhb
                0x00010e5c       0x4c build\Interface.o
                0x00010e5c                Port::setPin(unsigned char, bool)
 .text._ZN3PinC2ER4Porth
                0x00010ea8       0x38 build\Interface.o
                0x00010ea8                Pin::Pin(Port&, unsigned char)
                0x00010ea8                Pin::Pin(Port&, unsigned char)
 .text._ZN3Pin12setDirectionEb
                0x00010ee0       0x30 build\Interface.o
                0x00010ee0                Pin::setDirection(bool)
 .text._ZN3Pin8getValueEv
                0x00010f10       0x28 build\Interface.o
                0x00010f10                Pin::getValue()
 .text._ZN3Pin8setValueEb
                0x00010f38       0x30 build\Interface.o
                0x00010f38                Pin::setValue(bool)
 .text          0x00010f68      0x5e8 build\InterfaceBoard.o
                0x00010f68                ButtonArray::init()
                0x00010f8c                ButtonArray::scanButtons()
                0x000110b8                ButtonArray::getButton(InterfaceBoardDefinitions::ButtonName&)
                0x000110f4                InterfaceBoard::InterfaceBoard()
                0x000110f4                InterfaceBoard::InterfaceBoard()
                0x000112c8                InterfaceBoard::init()
                0x000112dc                InterfaceBoard::doInterrupt()
                0x000112f8                InterfaceBoard::getUpdateRate()
                0x0001133c                InterfaceBoard::doUpdate()
                0x00011434                InterfaceBoard::pushScreen(Screen*)
                0x000114e8                InterfaceBoard::popScreen()
 .text._ZN6ScreenC2Ev
                0x00011550       0x20 build\InterfaceBoard.o
                0x00011550                Screen::Screen()
                0x00011550                Screen::Screen()
 .text._ZN12SplashScreenC2Ev
                0x00011570       0x28 build\InterfaceBoard.o
                0x00011570                SplashScreen::SplashScreen()
                0x00011570                SplashScreen::SplashScreen()
 .text._ZN11MonitorModeC2Ev
                0x00011598       0x34 build\InterfaceBoard.o
                0x00011598                MonitorMode::MonitorMode()
                0x00011598                MonitorMode::MonitorMode()
 .text          0x000115cc       0x70 build\LPCPort.o
 .text._ZN4PortC2Eh
                0x0001163c       0x20 build\LPCPort.o
                0x0001163c                Port::Port(unsigned char)
                0x0001163c                Port::Port(unsigned char)
 .text          0x0001165c      0xc30 build\LiquidCrystal.o
                0x0001165c                SysTick_Handler()
                0x000116ac                LiquidCrystal::LiquidCrystal(Pin, Pin, Pin, Pin, Pin, Pin, Pin, Pin, Pin, Pin, Pin)
                0x000116ac                LiquidCrystal::LiquidCrystal(Pin, Pin, Pin, Pin, Pin, Pin, Pin, Pin, Pin, Pin, Pin)
                0x00011764                LiquidCrystal::LiquidCrystal(Pin, Pin, Pin, Pin, Pin, Pin, Pin, Pin, Pin, Pin)
                0x00011764                LiquidCrystal::LiquidCrystal(Pin, Pin, Pin, Pin, Pin, Pin, Pin, Pin, Pin, Pin)
                0x00011828                LiquidCrystal::LiquidCrystal(Pin, Pin, Pin, Pin, Pin, Pin, Pin)
                0x00011828                LiquidCrystal::LiquidCrystal(Pin, Pin, Pin, Pin, Pin, Pin, Pin)
                0x00011908                LiquidCrystal::LiquidCrystal(Pin, Pin, Pin, Pin, Pin, Pin)
                0x00011908                LiquidCrystal::LiquidCrystal(Pin, Pin, Pin, Pin, Pin, Pin)
                0x000119f4                LiquidCrystal::init(unsigned char, Pin, Pin, Pin, Pin, Pin, Pin, Pin, Pin, Pin, Pin, Pin)
                0x00011ac0                LiquidCrystal::begin(unsigned char, unsigned char, unsigned char)
                0x00011c38                LiquidCrystal::clear()
                0x00011c5c                LiquidCrystal::home()
                0x00011c80                LiquidCrystal::setCursor(unsigned char, unsigned char)
                0x00011ce8                LiquidCrystal::noDisplay()
                0x00011d18                LiquidCrystal::display()
                0x00011d48                LiquidCrystal::noCursor()
                0x00011d78                LiquidCrystal::cursor()
                0x00011da8                LiquidCrystal::noBlink()
                0x00011dd8                LiquidCrystal::blink()
                0x00011e08                LiquidCrystal::scrollDisplayLeft()
                0x00011e24                LiquidCrystal::scrollDisplayRight()
                0x00011e40                LiquidCrystal::leftToRight()
                0x00011e70                LiquidCrystal::rightToLeft()
                0x00011ea0                LiquidCrystal::autoscroll()
                0x00011ed0                LiquidCrystal::noAutoscroll()
                0x00011f00                LiquidCrystal::createChar(unsigned char, unsigned char*)
                0x00011f6c                LiquidCrystal::writeInt(unsigned short, unsigned char)
                0x0001202c                LiquidCrystal::writeString(char*)
                0x00012070                LiquidCrystal::writeFromPgmspace(char const*)
                0x000120b0                LiquidCrystal::send(unsigned char, bool)
                0x00012134                LiquidCrystal::pulseEnable()
                0x0001218c                LiquidCrystal::write4bits(unsigned char)
                0x0001220c                LiquidCrystal::write8bits(unsigned char)
 .text._ZN4PortC2Ev
                0x0001228c       0x20 build\LiquidCrystal.o
                0x0001228c                Port::Port()
                0x0001228c                Port::Port()
 .text._ZN4Port6isNullEv
                0x000122ac       0x24 build\LiquidCrystal.o
                0x000122ac                Port::isNull()
 .text._ZN3PinC2Ev
                0x000122d0       0x28 build\LiquidCrystal.o
                0x000122d0                Pin::Pin()
                0x000122d0                Pin::Pin()
 .text._ZN3Pin6isNullEv
                0x000122f8       0x1c build\LiquidCrystal.o
                0x000122f8                Pin::isNull()
 .text._ZN13LiquidCrystal7commandEh
                0x00012314       0x24 build\LiquidCrystal.o
                0x00012314                LiquidCrystal::command(unsigned char)
 .text._ZN13LiquidCrystal5writeEh
                0x00012338       0x24 build\LiquidCrystal.o
                0x00012338                LiquidCrystal::write(unsigned char)
 .text          0x0001235c      0x1d0 build\Main.o
                0x00012458                reset(bool)
 .text          0x0001252c     0x1298 build\Menu.o
                0x0001257c                queryExtruderParameter(unsigned char, OutPacket&)
                0x000126a4                SplashScreen::update(LiquidCrystal&, bool)
                0x00012730                SplashScreen::notifyButtonPressed(InterfaceBoardDefinitions::ButtonName)
                0x00012748                SplashScreen::reset()
                0x0001275c                JogMode::reset()
                0x00012780                JogMode::update(LiquidCrystal&, bool)
                0x00012840                JogMode::jog(InterfaceBoardDefinitions::ButtonName)
                0x0001295c                JogMode::notifyButtonPressed(InterfaceBoardDefinitions::ButtonName)
                0x000129e8                SnakeMode::update(LiquidCrystal&, bool)
                0x00012d88                SnakeMode::reset()
                0x00012e48                SnakeMode::notifyButtonPressed(InterfaceBoardDefinitions::ButtonName)
                0x00012ec4                MonitorMode::reset()
                0x00012ed8                MonitorMode::update(LiquidCrystal&, bool)
                0x00013090                MonitorMode::notifyButtonPressed(InterfaceBoardDefinitions::ButtonName)
                0x000130cc                Menu::update(LiquidCrystal&, bool)
                0x000131d0                Menu::reset()
                0x00013208                Menu::resetState()
                0x0001321c                Menu::handleSelect(unsigned char)
                0x00013234                Menu::handleCancel()
                0x00013248                Menu::notifyButtonPressed(InterfaceBoardDefinitions::ButtonName)
                0x00013308                CancelBuildMenu::CancelBuildMenu()
                0x00013308                CancelBuildMenu::CancelBuildMenu()
                0x00013340                CancelBuildMenu::resetState()
                0x00013364                CancelBuildMenu::drawItem(unsigned char, LiquidCrystal&)
                0x000133c4                CancelBuildMenu::handleSelect(unsigned char)
                0x000133f4                MainMenu::MainMenu()
                0x000133f4                MainMenu::MainMenu()
                0x0001342c                MainMenu::drawItem(unsigned char, LiquidCrystal&)
                0x0001349c                MainMenu::handleSelect(unsigned char)
                0x00013500                SDMenu::SDMenu()
                0x00013500                SDMenu::SDMenu()
                0x00013530                SDMenu::resetState()
                0x00013550                SDMenu::countFiles()
                0x000135c0                SDMenu::getFilename(unsigned char, char*, unsigned char)
                0x00013654                SDMenu::drawItem(unsigned char, LiquidCrystal&)
                0x00013704                SDMenu::handleSelect(unsigned char)
 .text._ZN5PointixEj
                0x000137c4       0x20 build\Menu.o
                0x000137c4                Point::operator[](unsigned int)
 .text._ZN4Menu13getUpdateRateEv
                0x000137e4       0x1c build\Menu.o
                0x000137e4                Menu::getUpdateRate()
 .text._ZN12SplashScreen13getUpdateRateEv
                0x00013800       0x18 build\Menu.o
                0x00013800                SplashScreen::getUpdateRate()
 .text._ZN7JogMode13getUpdateRateEv
                0x00013818       0x18 build\Menu.o
                0x00013818                JogMode::getUpdateRate()
 .text._ZN9SnakeMode13getUpdateRateEv
                0x00013830       0x18 build\Menu.o
                0x00013830                SnakeMode::getUpdateRate()
 .text._ZN11MonitorMode13getUpdateRateEv
                0x00013848       0x1c build\Menu.o
                0x00013848                MonitorMode::getUpdateRate()
 .text._ZN7JogModeC2Ev
                0x00013864       0x28 build\Menu.o
                0x00013864                JogMode::JogMode()
                0x00013864                JogMode::JogMode()
 .text._ZN9SnakeModeC2Ev
                0x0001388c       0x28 build\Menu.o
                0x0001388c                SnakeMode::SnakeMode()
                0x0001388c                SnakeMode::SnakeMode()
 .text._ZN4MenuC2Ev
                0x000138b4       0x28 build\Menu.o
                0x000138b4                Menu::Menu()
                0x000138b4                Menu::Menu()
 .text          0x000138dc      0x72c build\Motherboard.o
                0x000138dc                Motherboard::Motherboard()
                0x000138dc                Motherboard::Motherboard()
                0x00013b8c                Motherboard::reset()
                0x00013d4c                Motherboard::getCurrentMicros()
                0x00013d68                Motherboard::doInterrupt()
                0x00013da4                Motherboard::runMotherboardSlice()
                0x00013de8                TIMER1_IRQHandler()
                0x00013e08                Motherboard::indicateError(int)
                0x00013e7c                Motherboard::getCurrentError()
                0x00013e9c                TIMER2_IRQHandler()
 .text._ZN4UART12getSlaveUARTEv
                0x00014008       0x14 build\Motherboard.o
                0x00014008                UART::getSlaveUART()
 .text._ZN16StepperInterfaceC2Ev
                0x0001401c       0x4c build\Motherboard.o
                0x0001401c                StepperInterface::StepperInterface()
                0x0001401c                StepperInterface::StepperInterface()
 .text._ZN16StepperInterfaceC2ERK3PinS2_S2_S2_S2_
                0x00014068       0x64 build\Motherboard.o
                0x00014068                StepperInterface::StepperInterface(Pin const&, Pin const&, Pin const&, Pin const&, Pin const&)
                0x00014068                StepperInterface::StepperInterface(Pin const&, Pin const&, Pin const&, Pin const&, Pin const&)
 .text._ZN11Motherboard12getSlaveUARTEv
                0x000140cc       0x18 build\Motherboard.o
                0x000140cc                Motherboard::getSlaveUART()
 .text._ZN11Motherboard6getPSUEv
                0x000140e4       0x1c build\Motherboard.o
                0x000140e4                Motherboard::getPSU()
 .text          0x00014100      0x28c build\PID.o
 .text          0x0001438c       0x2c build\PSU.o
                0x0001438c                PSU::init()
                0x000143a0                PSU::turnOn(bool)
 .text          0x000143b8      0x54c build\Packet.o
 .text          0x00014904      0x730 build\SDCard.o
                0x00014904                sdcard::openPartition()
                0x00014974                sdcard::openFilesys()
                0x000149a4                sdcard::openRoot()
                0x000149f8                sdcard::initCard()
                0x00014aa8                sdcard::directoryReset()
                0x00014ae8                sdcard::directoryNextEntry(char*, unsigned char)
                0x00014bbc                sdcard::findFileInDir(char const*, fat_dir_entry_struct*)
                0x00014c18                sdcard::openFile(char const*, fat_file_struct**)
                0x00014c6c                sdcard::deleteFile(char*)
                0x00014cb4                sdcard::createFile(char*)
                0x00014ce8                sdcard::isPlaying()
                0x00014cfc                sdcard::isCapturing()
                0x00014d10                sdcard::startCapture(char*)
                0x00014da8                sdcard::capturePacket(Packet const&)
                0x00014e00                sdcard::finishCapture()
                0x00014e4c                sdcard::fetchNextByte()
                0x00014e8c                sdcard::playbackHasNext()
                0x00014ea0                sdcard::playbackNext()
                0x00014ec0                sdcard::startPlayback(char*)
                0x00014f4c                sdcard::playbackRewind(unsigned char)
                0x00014f80                sdcard::finishPlayback()
                0x00014fb4                sdcard::reset()
 .text          0x00015034      0x244 build\StepperInterface.o
                0x00015034                StepperInterface::setDirection(bool)
                0x00015064                StepperInterface::step(bool)
                0x00015088                StepperInterface::setEnabled(bool)
                0x000150b4                StepperInterface::isAtMaximum()
                0x00015100                StepperInterface::isAtMinimum()
                0x0001514c                StepperInterface::init(unsigned char)
 .text          0x00015278      0x66c build\Steppers.o
                0x00015278                steppers::isRunning()
                0x000152ac                steppers::init(Motherboard&)
                0x00015320                steppers::abort()
                0x00015344                steppers::definePosition(Point const&)
                0x00015398                steppers::getPosition()
                0x000153cc                steppers::setHoldZ(bool)
                0x000153ec                steppers::setTarget(Point const&, long)
                0x00015538                steppers::setTargetNew(Point const&, long, unsigned char)
                0x0001567c                steppers::startHoming(bool, unsigned char, unsigned long)
                0x00015744                steppers::enableAxis(unsigned char, bool)
                0x00015778                steppers::doInterrupt()
 .text._ZN8steppers4AxisC2Ev
                0x000158e4       0x20 build\Steppers.o
                0x000158e4                steppers::Axis::Axis()
                0x000158e4                steppers::Axis::Axis()
 .text._ZN8steppers4AxisC2ER16StepperInterface
                0x00015904       0x24 build\Steppers.o
                0x00015904                steppers::Axis::Axis(StepperInterface&)
                0x00015904                steppers::Axis::Axis(StepperInterface&)
 .text._ZN8steppers4Axis9setTargetElb
                0x00015928       0x84 build\Steppers.o
                0x00015928                steppers::Axis::setTarget(long, bool)
 .text._ZN8steppers4Axis9setHomingEb
                0x000159ac       0x30 build\Steppers.o
                0x000159ac                steppers::Axis::setHoming(bool)
 .text._ZN8steppers4Axis14definePositionEl
                0x000159dc       0x1c build\Steppers.o
                0x000159dc                steppers::Axis::definePosition(long)
 .text._ZN8steppers4Axis13enableStepperEb
                0x000159f8       0x24 build\Steppers.o
                0x000159f8                steppers::Axis::enableStepper(bool)
 .text._ZN8steppers4Axis5resetEv
                0x00015a1c       0x44 build\Steppers.o
                0x00015a1c                steppers::Axis::reset()
 .text._ZN8steppers4Axis11doInterruptEl
                0x00015a60       0xcc build\Steppers.o
                0x00015a60                steppers::Axis::doInterrupt(long)
 .text._ZN8steppers4Axis8doHomingEl
                0x00015b2c       0xf8 build\Steppers.o
                0x00015b2c                steppers::Axis::doHoming(long)
 .text          0x00015c24       0xe0 build\Timeout.o
                0x00015c24                Timeout::Timeout()
                0x00015c24                Timeout::Timeout()
                0x00015c4c                Timeout::start(unsigned long)
                0x00015c88                Timeout::hasElapsed()
                0x00015ce8                Timeout::abort()
 .text          0x00015d04      0x384 build\Tool.o
                0x00015d04                tool::getInPacket()
                0x00015d20                tool::getOutPacket()
                0x00015d3c                tool::reset()
                0x00015e1c                tool::getLock()
                0x00015e54                tool::releaseLock()
                0x00015e6c                tool::startTransaction()
                0x00015ec4                tool::isTransactionDone()
                0x00015ee0                tool::runToolSlice()
 .text          0x00016088      0x33c build\UART.o
                0x000160d8                UART::UART(unsigned char)
                0x000160d8                UART::UART(unsigned char)
                0x000161b8                UART::beginSend()
                0x00016238                UART::enable(bool)
                0x0001629c                UART::reset()
                0x000162c4                UART1_IRQHandler()
 .text._Z6listenv
                0x000163c4       0x30 build\UART.o
                0x000163c4                listen()
 .text._Z5speakv
                0x000163f4       0x30 build\UART.o
                0x000163f4                speak()
 .text          0x00016424        0x0 c:/progra~2/codesourcery/source~1/bin/../lib/gcc/arm-none-eabi/4.5.2/../../../../arm-none-eabi/lib/thumb2\libstdc++.a(si_class_type_info.o)
 .text._ZNK10__cxxabiv120__si_class_type_info11__do_upcastEPKNS_17__class_type_infoEPKvRNS1_15__upcast_resultE
                0x00016424       0x28 c:/progra~2/codesourcery/source~1/bin/../lib/gcc/arm-none-eabi/4.5.2/../../../../arm-none-eabi/lib/thumb2\libstdc++.a(si_class_type_info.o)
                0x00016424                __cxxabiv1::__si_class_type_info::__do_upcast(__cxxabiv1::__class_type_info const*, void const*, __cxxabiv1::__class_type_info::__upcast_result&) const
 .text._ZNK10__cxxabiv120__si_class_type_info12__do_dyncastEiNS_17__class_type_info10__sub_kindEPKS1_PKvS4_S6_RNS1_16__dyncast_resultE
                0x0001644c       0x90 c:/progra~2/codesourcery/source~1/bin/../lib/gcc/arm-none-eabi/4.5.2/../../../../arm-none-eabi/lib/thumb2\libstdc++.a(si_class_type_info.o)
                0x0001644c                __cxxabiv1::__si_class_type_info::__do_dyncast(int, __cxxabiv1::__class_type_info::__sub_kind, __cxxabiv1::__class_type_info const*, void const*, __cxxabiv1::__class_type_info const*, void const*, __cxxabiv1::__class_type_info::__dyncast_result&) const
 .text._ZNK10__cxxabiv120__si_class_type_info20__do_find_public_srcEiPKvPKNS_17__class_type_infoES2_
                0x000164dc       0x38 c:/progra~2/codesourcery/source~1/bin/../lib/gcc/arm-none-eabi/4.5.2/../../../../arm-none-eabi/lib/thumb2\libstdc++.a(si_class_type_info.o)
                0x000164dc                __cxxabiv1::__si_class_type_info::__do_find_public_src(int, void const*, __cxxabiv1::__class_type_info const*, void const*) const
 .text._ZN10__cxxabiv120__si_class_type_infoD2Ev
                0x00016514       0x14 c:/progra~2/codesourcery/source~1/bin/../lib/gcc/arm-none-eabi/4.5.2/../../../../arm-none-eabi/lib/thumb2\libstdc++.a(si_class_type_info.o)
                0x00016514                __cxxabiv1::__si_class_type_info::~__si_class_type_info()
                0x00016514                __cxxabiv1::__si_class_type_info::~__si_class_type_info()
 .text._ZN10__cxxabiv120__si_class_type_infoD0Ev
                0x00016528       0x1c c:/progra~2/codesourcery/source~1/bin/../lib/gcc/arm-none-eabi/4.5.2/../../../../arm-none-eabi/lib/thumb2\libstdc++.a(si_class_type_info.o)
                0x00016528                __cxxabiv1::__si_class_type_info::~__si_class_type_info()
 .text          0x00016544        0x0 c:/progra~2/codesourcery/source~1/bin/../lib/gcc/arm-none-eabi/4.5.2/../../../../arm-none-eabi/lib/thumb2\libstdc++.a(del_op.o)
 .text._ZdlPv   0x00016544        0x8 c:/progra~2/codesourcery/source~1/bin/../lib/gcc/arm-none-eabi/4.5.2/../../../../arm-none-eabi/lib/thumb2\libstdc++.a(del_op.o)
                0x00016544                operator delete(void*)
 .text          0x0001654c        0x0 c:/progra~2/codesourcery/source~1/bin/../lib/gcc/arm-none-eabi/4.5.2/../../../../arm-none-eabi/lib/thumb2\libstdc++.a(pure.o)
 .text.__cxa_pure_virtual
                0x0001654c       0x18 c:/progra~2/codesourcery/source~1/bin/../lib/gcc/arm-none-eabi/4.5.2/../../../../arm-none-eabi/lib/thumb2\libstdc++.a(pure.o)
                0x0001654c                __cxa_pure_virtual
 .text          0x00016564        0x0 c:/progra~2/codesourcery/source~1/bin/../lib/gcc/arm-none-eabi/4.5.2/../../../../arm-none-eabi/lib/thumb2\libstdc++.a(class_type_info.o)
 .text._ZNK10__cxxabiv117__class_type_info11__do_upcastEPKS0_PPv
                0x00016564       0x38 c:/progra~2/codesourcery/source~1/bin/../lib/gcc/arm-none-eabi/4.5.2/../../../../arm-none-eabi/lib/thumb2\libstdc++.a(class_type_info.o)
                0x00016564                __cxxabiv1::__class_type_info::__do_upcast(__cxxabiv1::__class_type_info const*, void**) const
 .text._ZNK10__cxxabiv117__class_type_info20__do_find_public_srcEiPKvPKS0_S2_
                0x0001659c        0xc c:/progra~2/codesourcery/source~1/bin/../lib/gcc/arm-none-eabi/4.5.2/../../../../arm-none-eabi/lib/thumb2\libstdc++.a(class_type_info.o)
                0x0001659c                __cxxabiv1::__class_type_info::__do_find_public_src(int, void const*, __cxxabiv1::__class_type_info const*, void const*) const
 .text._ZNK10__cxxabiv117__class_type_info11__do_upcastEPKS0_PKvRNS0_15__upcast_resultE
                0x000165a8       0x1c c:/progra~2/codesourcery/source~1/bin/../lib/gcc/arm-none-eabi/4.5.2/../../../../arm-none-eabi/lib/thumb2\libstdc++.a(class_type_info.o)
                0x000165a8                __cxxabiv1::__class_type_info::__do_upcast(__cxxabiv1::__class_type_info const*, void const*, __cxxabiv1::__class_type_info::__upcast_result&) const
 .text._ZNK10__cxxabiv117__class_type_info12__do_dyncastEiNS0_10__sub_kindEPKS0_PKvS3_S5_RNS0_16__dyncast_resultE
                0x000165c4       0x3c c:/progra~2/codesourcery/source~1/bin/../lib/gcc/arm-none-eabi/4.5.2/../../../../arm-none-eabi/lib/thumb2\libstdc++.a(class_type_info.o)
                0x000165c4                __cxxabiv1::__class_type_info::__do_dyncast(int, __cxxabiv1::__class_type_info::__sub_kind, __cxxabiv1::__class_type_info const*, void const*, __cxxabiv1::__class_type_info const*, void const*, __cxxabiv1::__class_type_info::__dyncast_result&) const
 .text._ZNK10__cxxabiv117__class_type_info10__do_catchEPKSt9type_infoPPvj
                0x00016600       0x28 c:/progra~2/codesourcery/source~1/bin/../lib/gcc/arm-none-eabi/4.5.2/../../../../arm-none-eabi/lib/thumb2\libstdc++.a(class_type_info.o)
                0x00016600                __cxxabiv1::__class_type_info::__do_catch(std::type_info const*, void**, unsigned int) const
 .text._ZN10__cxxabiv117__class_type_infoD2Ev
                0x00016628       0x14 c:/progra~2/codesourcery/source~1/bin/../lib/gcc/arm-none-eabi/4.5.2/../../../../arm-none-eabi/lib/thumb2\libstdc++.a(class_type_info.o)
                0x00016628                __cxxabiv1::__class_type_info::~__class_type_info()
                0x00016628                __cxxabiv1::__class_type_info::~__class_type_info()
 .text._ZN10__cxxabiv117__class_type_infoD0Ev
                0x0001663c       0x1c c:/progra~2/codesourcery/source~1/bin/../lib/gcc/arm-none-eabi/4.5.2/../../../../arm-none-eabi/lib/thumb2\libstdc++.a(class_type_info.o)
                0x0001663c                __cxxabiv1::__class_type_info::~__class_type_info()
 .text          0x00016658        0x0 c:/progra~2/codesourcery/source~1/bin/../lib/gcc/arm-none-eabi/4.5.2/../../../../arm-none-eabi/lib/thumb2\libstdc++.a(tinfo.o)
 .text._ZNSt9type_infoD2Ev
                0x00016658        0xc c:/progra~2/codesourcery/source~1/bin/../lib/gcc/arm-none-eabi/4.5.2/../../../../arm-none-eabi/lib/thumb2\libstdc++.a(tinfo.o)
                0x00016658                std::type_info::~type_info()
                0x00016658                std::type_info::~type_info()
 .text._ZNKSt9type_info14__is_pointer_pEv
                0x00016664        0x4 c:/progra~2/codesourcery/source~1/bin/../lib/gcc/arm-none-eabi/4.5.2/../../../../arm-none-eabi/lib/thumb2\libstdc++.a(tinfo.o)
                0x00016664                std::type_info::__is_pointer_p() const
 .text._ZNKSt9type_info15__is_function_pEv
                0x00016668        0x4 c:/progra~2/codesourcery/source~1/bin/../lib/gcc/arm-none-eabi/4.5.2/../../../../arm-none-eabi/lib/thumb2\libstdc++.a(tinfo.o)
                0x00016668                std::type_info::__is_function_p() const
 .text._ZNKSt9type_info11__do_upcastEPKN10__cxxabiv117__class_type_infoEPPv
                0x0001666c        0x4 c:/progra~2/codesourcery/source~1/bin/../lib/gcc/arm-none-eabi/4.5.2/../../../../arm-none-eabi/lib/thumb2\libstdc++.a(tinfo.o)
                0x0001666c                std::type_info::__do_upcast(__cxxabiv1::__class_type_info const*, void**) const
 .text._ZNSt9type_infoD0Ev
                0x00016670       0x14 c:/progra~2/codesourcery/source~1/bin/../lib/gcc/arm-none-eabi/4.5.2/../../../../arm-none-eabi/lib/thumb2\libstdc++.a(tinfo.o)
                0x00016670                std::type_info::~type_info()
 .text._ZNKSt9type_infoeqERKS_
                0x00016684       0x3c c:/progra~2/codesourcery/source~1/bin/../lib/gcc/arm-none-eabi/4.5.2/../../../../arm-none-eabi/lib/thumb2\libstdc++.a(tinfo.o)
                0x00016684                std::type_info::operator==(std::type_info const&) const
 .text._ZNKSt9type_info10__do_catchEPKS_PPvj
                0x000166c0        0x4 c:/progra~2/codesourcery/source~1/bin/../lib/gcc/arm-none-eabi/4.5.2/../../../../arm-none-eabi/lib/thumb2\libstdc++.a(tinfo.o)
                0x000166c0                std::type_info::__do_catch(std::type_info const*, void**, unsigned int) const
 .text          0x000166c4        0x0 c:/progra~2/codesourcery/source~1/bin/../lib/gcc/arm-none-eabi/4.5.2/../../../../arm-none-eabi/lib/thumb2\libstdc++.a(eh_terminate.o)
 .text._ZN10__cxxabiv111__terminateEPFvvE
                0x000166c4       0x28 c:/progra~2/codesourcery/source~1/bin/../lib/gcc/arm-none-eabi/4.5.2/../../../../arm-none-eabi/lib/thumb2\libstdc++.a(eh_terminate.o)
                0x000166c4                __cxxabiv1::__terminate(void (*)())
 .text._ZSt9terminatev
                0x000166ec       0x10 c:/progra~2/codesourcery/source~1/bin/../lib/gcc/arm-none-eabi/4.5.2/../../../../arm-none-eabi/lib/thumb2\libstdc++.a(eh_terminate.o)
                0x000166ec                std::terminate()
 .text._ZN10__cxxabiv112__unexpectedEPFvvE
                0x000166fc        0x8 c:/progra~2/codesourcery/source~1/bin/../lib/gcc/arm-none-eabi/4.5.2/../../../../arm-none-eabi/lib/thumb2\libstdc++.a(eh_terminate.o)
                0x000166fc                __cxxabiv1::__unexpected(void (*)())
 .text._ZSt10unexpectedv
                0x00016704       0x14 c:/progra~2/codesourcery/source~1/bin/../lib/gcc/arm-none-eabi/4.5.2/../../../../arm-none-eabi/lib/thumb2\libstdc++.a(eh_terminate.o)
                0x00016704                std::unexpected()
 .text._ZSt13set_terminatePFvvE
                0x00016718       0x10 c:/progra~2/codesourcery/source~1/bin/../lib/gcc/arm-none-eabi/4.5.2/../../../../arm-none-eabi/lib/thumb2\libstdc++.a(eh_terminate.o)
                0x00016718                std::set_terminate(void (*)())
 .text._ZSt14set_unexpectedPFvvE
                0x00016728       0x10 c:/progra~2/codesourcery/source~1/bin/../lib/gcc/arm-none-eabi/4.5.2/../../../../arm-none-eabi/lib/thumb2\libstdc++.a(eh_terminate.o)
                0x00016728                std::set_unexpected(void (*)())
 .text          0x00016738        0x0 c:/progra~2/codesourcery/source~1/bin/../lib/gcc/arm-none-eabi/4.5.2/../../../../arm-none-eabi/lib/thumb2\libstdc++.a(eh_call.o)
 .text.__cxa_call_terminate
                0x00016738       0x50 c:/progra~2/codesourcery/source~1/bin/../lib/gcc/arm-none-eabi/4.5.2/../../../../arm-none-eabi/lib/thumb2\libstdc++.a(eh_call.o)
                0x00016738                __cxa_call_terminate
 .text.__cxa_call_unexpected
                0x00016788      0x130 c:/progra~2/codesourcery/source~1/bin/../lib/gcc/arm-none-eabi/4.5.2/../../../../arm-none-eabi/lib/thumb2\libstdc++.a(eh_call.o)
                0x00016788                __cxa_call_unexpected
 .text          0x000168b8        0x0 c:/progra~2/codesourcery/source~1/bin/../lib/gcc/arm-none-eabi/4.5.2/../../../../arm-none-eabi/lib/thumb2\libstdc++.a(eh_term_handler.o)
 .text          0x000168b8        0x0 c:/progra~2/codesourcery/source~1/bin/../lib/gcc/arm-none-eabi/4.5.2/../../../../arm-none-eabi/lib/thumb2\libstdc++.a(eh_personality.o)
 .text._ZL12read_sleb128PKhPl
                0x000168b8       0x3c c:/progra~2/codesourcery/source~1/bin/../lib/gcc/arm-none-eabi/4.5.2/../../../../arm-none-eabi/lib/thumb2\libstdc++.a(eh_personality.o)
 .text._ZL28read_encoded_value_with_basehjPKhPj
                0x000168f4       0xac c:/progra~2/codesourcery/source~1/bin/../lib/gcc/arm-none-eabi/4.5.2/../../../../arm-none-eabi/lib/thumb2\libstdc++.a(eh_personality.o)
 .text._ZL21base_of_encoded_valuehP15_Unwind_Context
                0x000169a0       0x4c c:/progra~2/codesourcery/source~1/bin/../lib/gcc/arm-none-eabi/4.5.2/../../../../arm-none-eabi/lib/thumb2\libstdc++.a(eh_personality.o)
 .text._ZL17parse_lsda_headerP15_Unwind_ContextPKhP16lsda_header_info
                0x000169ec       0x8c c:/progra~2/codesourcery/source~1/bin/../lib/gcc/arm-none-eabi/4.5.2/../../../../arm-none-eabi/lib/thumb2\libstdc++.a(eh_personality.o)
 .text.__gxx_personality_v0
                0x00016a78      0x3ec c:/progra~2/codesourcery/source~1/bin/../lib/gcc/arm-none-eabi/4.5.2/../../../../arm-none-eabi/lib/thumb2\libstdc++.a(eh_personality.o)
                0x00016a78                __gxx_personality_v0
 .text          0x00016e64        0x0 c:/progra~2/codesourcery/source~1/bin/../lib/gcc/arm-none-eabi/4.5.2/../../../../arm-none-eabi/lib/thumb2\libstdc++.a(eh_throw.o)
 .text._ZL23__gxx_exception_cleanup19_Unwind_Reason_CodeP21_Unwind_Control_Block
                0x00016e64       0x4c c:/progra~2/codesourcery/source~1/bin/../lib/gcc/arm-none-eabi/4.5.2/../../../../arm-none-eabi/lib/thumb2\libstdc++.a(eh_throw.o)
 .text.__cxa_throw
                0x00016eb0       0x80 c:/progra~2/codesourcery/source~1/bin/../lib/gcc/arm-none-eabi/4.5.2/../../../../arm-none-eabi/lib/thumb2\libstdc++.a(eh_throw.o)
                0x00016eb0                __cxa_throw
 .text.__cxa_rethrow
                0x00016f30       0x78 c:/progra~2/codesourcery/source~1/bin/../lib/gcc/arm-none-eabi/4.5.2/../../../../arm-none-eabi/lib/thumb2\libstdc++.a(eh_throw.o)
                0x00016f30                __cxa_rethrow
 .text          0x00016fa8        0x0 c:/progra~2/codesourcery/source~1/bin/../lib/gcc/arm-none-eabi/4.5.2/../../../../arm-none-eabi/lib/thumb2\libstdc++.a(eh_unex_handler.o)
 .text          0x00016fa8        0x0 c:/progra~2/codesourcery/source~1/bin/../lib/gcc/arm-none-eabi/4.5.2/../../../../arm-none-eabi/lib/thumb2\libstdc++.a(eh_globals.o)
 .text.__cxa_get_globals_fast
                0x00016fa8        0xc c:/progra~2/codesourcery/source~1/bin/../lib/gcc/arm-none-eabi/4.5.2/../../../../arm-none-eabi/lib/thumb2\libstdc++.a(eh_globals.o)
                0x00016fa8                __cxa_get_globals_fast
 .text.__cxa_get_globals
                0x00016fb4        0xc c:/progra~2/codesourcery/source~1/bin/../lib/gcc/arm-none-eabi/4.5.2/../../../../arm-none-eabi/lib/thumb2\libstdc++.a(eh_globals.o)
                0x00016fb4                __cxa_get_globals
 .text          0x00016fc0        0x0 c:/progra~2/codesourcery/source~1/bin/../lib/gcc/arm-none-eabi/4.5.2/../../../../arm-none-eabi/lib/thumb2\libstdc++.a(eh_catch.o)
 .text.__cxa_get_exception_ptr
                0x00016fc0        0x4 c:/progra~2/codesourcery/source~1/bin/../lib/gcc/arm-none-eabi/4.5.2/../../../../arm-none-eabi/lib/thumb2\libstdc++.a(eh_catch.o)
                0x00016fc0                __cxa_get_exception_ptr
 .text.__cxa_begin_catch
                0x00016fc4       0x9c c:/progra~2/codesourcery/source~1/bin/../lib/gcc/arm-none-eabi/4.5.2/../../../../arm-none-eabi/lib/thumb2\libstdc++.a(eh_catch.o)
                0x00016fc4                __cxa_begin_catch
 .text.__cxa_end_catch
                0x00017060       0x98 c:/progra~2/codesourcery/source~1/bin/../lib/gcc/arm-none-eabi/4.5.2/../../../../arm-none-eabi/lib/thumb2\libstdc++.a(eh_catch.o)
                0x00017060                __cxa_end_catch
 .text._ZSt18uncaught_exceptionv
                0x000170f8       0x10 c:/progra~2/codesourcery/source~1/bin/../lib/gcc/arm-none-eabi/4.5.2/../../../../arm-none-eabi/lib/thumb2\libstdc++.a(eh_catch.o)
                0x000170f8                std::uncaught_exception()
 .text          0x00017108        0x0 c:/progra~2/codesourcery/source~1/bin/../lib/gcc/arm-none-eabi/4.5.2/../../../../arm-none-eabi/lib/thumb2\libstdc++.a(vterminate.o)
 .text._ZN9__gnu_cxx27__verbose_terminate_handlerEv
                0x00017108      0x148 c:/progra~2/codesourcery/source~1/bin/../lib/gcc/arm-none-eabi/4.5.2/../../../../arm-none-eabi/lib/thumb2\libstdc++.a(vterminate.o)
                0x00017108                __gnu_cxx::__verbose_terminate_handler()
 .text          0x00017250        0x0 c:/progra~2/codesourcery/source~1/bin/../lib/gcc/arm-none-eabi/4.5.2/../../../../arm-none-eabi/lib/thumb2\libstdc++.a(eh_exception.o)
 .text._ZNSt9exceptionD2Ev
                0x00017250        0xc c:/progra~2/codesourcery/source~1/bin/../lib/gcc/arm-none-eabi/4.5.2/../../../../arm-none-eabi/lib/thumb2\libstdc++.a(eh_exception.o)
                0x00017250                std::exception::~exception()
                0x00017250                std::exception::~exception()
 .text._ZNSt13bad_exceptionD2Ev
                0x0001725c        0xc c:/progra~2/codesourcery/source~1/bin/../lib/gcc/arm-none-eabi/4.5.2/../../../../arm-none-eabi/lib/thumb2\libstdc++.a(eh_exception.o)
                0x0001725c                std::bad_exception::~bad_exception()
                0x0001725c                std::bad_exception::~bad_exception()
 .text._ZN10__cxxabiv115__forced_unwindD2Ev
                0x00017268        0xc c:/progra~2/codesourcery/source~1/bin/../lib/gcc/arm-none-eabi/4.5.2/../../../../arm-none-eabi/lib/thumb2\libstdc++.a(eh_exception.o)
                0x00017268                __cxxabiv1::__forced_unwind::~__forced_unwind()
                0x00017268                __cxxabiv1::__forced_unwind::~__forced_unwind()
 .text._ZN10__cxxabiv119__foreign_exceptionD2Ev
                0x00017274        0xc c:/progra~2/codesourcery/source~1/bin/../lib/gcc/arm-none-eabi/4.5.2/../../../../arm-none-eabi/lib/thumb2\libstdc++.a(eh_exception.o)
                0x00017274                __cxxabiv1::__foreign_exception::~__foreign_exception()
                0x00017274                __cxxabiv1::__foreign_exception::~__foreign_exception()
 .text._ZNKSt9exception4whatEv
                0x00017280        0xc c:/progra~2/codesourcery/source~1/bin/../lib/gcc/arm-none-eabi/4.5.2/../../../../arm-none-eabi/lib/thumb2\libstdc++.a(eh_exception.o)
                0x00017280                std::exception::what() const
 .text._ZNKSt13bad_exception4whatEv
                0x0001728c        0xc c:/progra~2/codesourcery/source~1/bin/../lib/gcc/arm-none-eabi/4.5.2/../../../../arm-none-eabi/lib/thumb2\libstdc++.a(eh_exception.o)
                0x0001728c                std::bad_exception::what() const
 .text._ZN10__cxxabiv119__foreign_exceptionD0Ev
                0x00017298       0x14 c:/progra~2/codesourcery/source~1/bin/../lib/gcc/arm-none-eabi/4.5.2/../../../../arm-none-eabi/lib/thumb2\libstdc++.a(eh_exception.o)
                0x00017298                __cxxabiv1::__foreign_exception::~__foreign_exception()
 .text._ZN10__cxxabiv115__forced_unwindD0Ev
                0x000172ac       0x14 c:/progra~2/codesourcery/source~1/bin/../lib/gcc/arm-none-eabi/4.5.2/../../../../arm-none-eabi/lib/thumb2\libstdc++.a(eh_exception.o)
                0x000172ac                __cxxabiv1::__forced_unwind::~__forced_unwind()
 .text._ZNSt13bad_exceptionD0Ev
                0x000172c0       0x14 c:/progra~2/codesourcery/source~1/bin/../lib/gcc/arm-none-eabi/4.5.2/../../../../arm-none-eabi/lib/thumb2\libstdc++.a(eh_exception.o)
                0x000172c0                std::bad_exception::~bad_exception()
 .text._ZNSt9exceptionD0Ev
                0x000172d4       0x14 c:/progra~2/codesourcery/source~1/bin/../lib/gcc/arm-none-eabi/4.5.2/../../../../arm-none-eabi/lib/thumb2\libstdc++.a(eh_exception.o)
                0x000172d4                std::exception::~exception()
 .text          0x000172e8        0x0 c:/progra~2/codesourcery/source~1/bin/../lib/gcc/arm-none-eabi/4.5.2/../../../../arm-none-eabi/lib/thumb2\libstdc++.a(eh_type.o)
 .text.__cxa_current_exception_type
                0x000172e8       0x1c c:/progra~2/codesourcery/source~1/bin/../lib/gcc/arm-none-eabi/4.5.2/../../../../arm-none-eabi/lib/thumb2\libstdc++.a(eh_type.o)
                0x000172e8                __cxa_current_exception_type
 .text          0x00017304        0xc c:/progra~2/codesourcery/source~1/bin/../lib/gcc/arm-none-eabi/4.5.2/../../../../arm-none-eabi/lib/thumb2\libstdc++.a(eh_arm.o)
                0x00017304                __cxa_end_cleanup
 .text.__cxa_type_match
                0x00017310       0xd0 c:/progra~2/codesourcery/source~1/bin/../lib/gcc/arm-none-eabi/4.5.2/../../../../arm-none-eabi/lib/thumb2\libstdc++.a(eh_arm.o)
                0x00017310                __cxa_type_match
 .text.__cxa_begin_cleanup
                0x000173e0       0x70 c:/progra~2/codesourcery/source~1/bin/../lib/gcc/arm-none-eabi/4.5.2/../../../../arm-none-eabi/lib/thumb2\libstdc++.a(eh_arm.o)
                0x000173e0                __cxa_begin_cleanup
 .text.__gnu_end_cleanup
                0x00017450       0x7c c:/progra~2/codesourcery/source~1/bin/../lib/gcc/arm-none-eabi/4.5.2/../../../../arm-none-eabi/lib/thumb2\libstdc++.a(eh_arm.o)
                0x00017450                __gnu_end_cleanup
 .text          0x000174cc        0x0 c:/progra~2/codesourcery/source~1/bin/../lib/gcc/arm-none-eabi/4.5.2/../../../../arm-none-eabi/lib/thumb2\libstdc++.a(eh_alloc.o)
 .text.__cxa_allocate_exception
                0x000174cc       0x7c c:/progra~2/codesourcery/source~1/bin/../lib/gcc/arm-none-eabi/4.5.2/../../../../arm-none-eabi/lib/thumb2\libstdc++.a(eh_alloc.o)
                0x000174cc                __cxa_allocate_exception
 .text.__cxa_free_exception
                0x00017548       0x3c c:/progra~2/codesourcery/source~1/bin/../lib/gcc/arm-none-eabi/4.5.2/../../../../arm-none-eabi/lib/thumb2\libstdc++.a(eh_alloc.o)
                0x00017548                __cxa_free_exception
 .text.__cxa_allocate_dependent_exception
                0x00017584       0x78 c:/progra~2/codesourcery/source~1/bin/../lib/gcc/arm-none-eabi/4.5.2/../../../../arm-none-eabi/lib/thumb2\libstdc++.a(eh_alloc.o)
                0x00017584                __cxa_allocate_dependent_exception
 .text.__cxa_free_dependent_exception
                0x000175fc       0x4c c:/progra~2/codesourcery/source~1/bin/../lib/gcc/arm-none-eabi/4.5.2/../../../../arm-none-eabi/lib/thumb2\libstdc++.a(eh_alloc.o)
                0x000175fc                __cxa_free_dependent_exception
 .text._GLOBAL__I___cxa_allocate_exception
                0x00017648        0x4 c:/progra~2/codesourcery/source~1/bin/../lib/gcc/arm-none-eabi/4.5.2/../../../../arm-none-eabi/lib/thumb2\libstdc++.a(eh_alloc.o)
 .text          0x0001764c     0x912c c:/progra~2/codesourcery/source~1/bin/../lib/gcc/arm-none-eabi/4.5.2/../../../../arm-none-eabi/lib/thumb2\libstdc++.a(cp-demangle.o)
                0x00020670                __cxa_demangle
                0x0002074c                __gcclibcxx_demangle_callback
 .text          0x00020778      0x21c c:/progra~2/codesourcery/source~1/bin/../lib/gcc/arm-none-eabi/4.5.2/thumb2\libgcc.a(_arm_addsubsf3.o)
                0x00020778                __aeabi_frsub
                0x00020780                __subsf3
                0x00020780                __aeabi_fsub
                0x00020784                __aeabi_fadd
                0x00020784                __addsf3
                0x000208e4                __aeabi_ui2f
                0x000208e4                __floatunsisf
                0x000208ec                __aeabi_i2f
                0x000208ec                __floatsisf
                0x00020908                __aeabi_ul2f
                0x00020908                __floatundisf
                0x00020918                __aeabi_l2f
                0x00020918                __floatdisf
 .text          0x00020994      0x2a0 c:/progra~2/codesourcery/source~1/bin/../lib/gcc/arm-none-eabi/4.5.2/thumb2\libgcc.a(_arm_muldivsf3.o)
                0x00020994                __mulsf3
                0x00020994                __aeabi_fmul
                0x00020afc                __aeabi_fdiv
                0x00020afc                __divsf3
 .text          0x00020c34       0xec c:/progra~2/codesourcery/source~1/bin/../lib/gcc/arm-none-eabi/4.5.2/thumb2\libgcc.a(_arm_cmpsf2.o)
                0x00020c34                __gesf2
                0x00020c34                __gtsf2
                0x00020c3c                __lesf2
                0x00020c3c                __ltsf2
                0x00020c44                __nesf2
                0x00020c44                __eqsf2
                0x00020c44                __cmpsf2
                0x00020ca4                __aeabi_cfrcmple
                0x00020cac                __aeabi_cfcmpeq
                0x00020cac                __aeabi_cfcmple
                0x00020cbc                __aeabi_fcmpeq
                0x00020cd0                __aeabi_fcmplt
                0x00020ce4                __aeabi_fcmple
                0x00020cf8                __aeabi_fcmpge
                0x00020d0c                __aeabi_fcmpgt
 .text          0x00020d20       0x4c c:/progra~2/codesourcery/source~1/bin/../lib/gcc/arm-none-eabi/4.5.2/thumb2\libgcc.a(_arm_fixsfsi.o)
                0x00020d20                __aeabi_f2iz
                0x00020d20                __fixsfsi
 .text          0x00020d6c       0x2c c:/progra~2/codesourcery/source~1/bin/../lib/gcc/arm-none-eabi/4.5.2/thumb2\libgcc.a(_aeabi_uldivmod.o)
                0x00020d6c                __aeabi_uldivmod
 .text          0x00020d98       0x60 c:/progra~2/codesourcery/source~1/bin/../lib/gcc/arm-none-eabi/4.5.2/thumb2\libgcc.a(bpabi.o)
                0x00020d98                __gnu_ldivmod_helper
                0x00020dc8                __gnu_uldivmod_helper
 .text          0x00020df8      0xc38 c:/progra~2/codesourcery/source~1/bin/../lib/gcc/arm-none-eabi/4.5.2/thumb2\libgcc.a(unwind-arm.o)
                0x000210d4                _Unwind_VRS_Get
                0x00021120                _Unwind_VRS_Set
                0x000214bc                __aeabi_unwind_cpp_pr2
                0x000214c0                __aeabi_unwind_cpp_pr1
                0x000214c4                __aeabi_unwind_cpp_pr0
                0x000214c8                _Unwind_VRS_Pop
                0x000218b0                _Unwind_GetCFA
                0x000218b4                __gnu_Unwind_RaiseException
                0x00021924                __gnu_Unwind_ForcedUnwind
                0x00021938                __gnu_Unwind_Resume
                0x00021974                __gnu_Unwind_Resume_or_Rethrow
                0x0002198c                _Unwind_Complete
                0x00021990                _Unwind_DeleteException
                0x000219a0                __gnu_Unwind_Backtrace
 .text          0x00021a30      0x1ac c:/progra~2/codesourcery/source~1/bin/../lib/gcc/arm-none-eabi/4.5.2/thumb2\libgcc.a(libunwind.o)
                0x00021a30                __restore_core_regs
                0x00021a30                restore_core_regs
                0x00021a48                __gnu_Unwind_Restore_VFP
                0x00021a50                __gnu_Unwind_Save_VFP
                0x00021a58                __gnu_Unwind_Restore_VFP_D
                0x00021a60                __gnu_Unwind_Save_VFP_D
                0x00021a68                __gnu_Unwind_Restore_VFP_D_16_to_31
                0x00021a70                __gnu_Unwind_Save_VFP_D_16_to_31
                0x00021a78                __gnu_Unwind_Restore_WMMXD
                0x00021abc                __gnu_Unwind_Save_WMMXD
                0x00021b00                __gnu_Unwind_Restore_WMMXC
                0x00021b14                __gnu_Unwind_Save_WMMXC
                0x00021b28                ___Unwind_RaiseException
                0x00021b28                _Unwind_RaiseException
                0x00021b4c                _Unwind_Resume
                0x00021b4c                ___Unwind_Resume
                0x00021b70                _Unwind_Resume_or_Rethrow
                0x00021b70                ___Unwind_Resume_or_Rethrow
                0x00021b94                _Unwind_ForcedUnwind
                0x00021b94                ___Unwind_ForcedUnwind
                0x00021bb8                ___Unwind_Backtrace
                0x00021bb8                _Unwind_Backtrace
 .text          0x00021bdc      0x3c0 c:/progra~2/codesourcery/source~1/bin/../lib/gcc/arm-none-eabi/4.5.2/thumb2\libgcc.a(pr-support.o)
                0x00021c30                __gnu_unwind_execute
                0x00021f40                __gnu_unwind_frame
                0x00021f6c                _Unwind_GetRegionStart
                0x00021f78                _Unwind_GetLanguageSpecificData
                0x00021f8c                _Unwind_GetDataRelBase
                0x00021f94                _Unwind_GetTextRelBase
 .text          0x00021f9c        0x4 c:/progra~2/codesourcery/source~1/bin/../lib/gcc/arm-none-eabi/4.5.2/thumb2\libgcc.a(_dvmd_tls.o)
                0x00021f9c                __aeabi_idiv0
                0x00021f9c                __aeabi_ldiv0
 .text          0x00021fa0      0x360 c:/progra~2/codesourcery/source~1/bin/../lib/gcc/arm-none-eabi/4.5.2/thumb2\libgcc.a(_divdi3.o)
                0x00021fa0                __divdi3
 .text          0x00022300      0x308 c:/progra~2/codesourcery/source~1/bin/../lib/gcc/arm-none-eabi/4.5.2/thumb2\libgcc.a(_udivdi3.o)
                0x00022300                __udivdi3
 .text          0x00022608      0x278 c:/progra~2/codesourcery/source~1/bin/../lib/gcc/arm-none-eabi/4.5.2/thumb2\libgcc.a(_udivsi3.o)
                0x00022608                __aeabi_uidiv
                0x00022608                __udivsi3
                0x00022864                __aeabi_uidivmod
 .text          0x00022880       0x10 c:/progra~2/codesourcery/source~1/bin/../lib/gcc/arm-none-eabi/4.5.2/../../../../arm-none-eabi/lib/thumb2\libc.a(lib_a-abort.o)
                0x00022880                abort
 .text          0x00022890       0xac c:/progra~2/codesourcery/source~1/bin/../lib/gcc/arm-none-eabi/4.5.2/../../../../arm-none-eabi/lib/thumb2\libc.a(lib_a-fputc.o)
                0x00022890                _fputc_r
                0x000228e4                fputc
 .text          0x0002293c       0x90 c:/progra~2/codesourcery/source~1/bin/../lib/gcc/arm-none-eabi/4.5.2/../../../../arm-none-eabi/lib/thumb2\libc.a(lib_a-fputs.o)
                0x0002293c                _fputs_r
                0x000229bc                fputs
 .text          0x000229cc      0x338 c:/progra~2/codesourcery/source~1/bin/../lib/gcc/arm-none-eabi/4.5.2/../../../../arm-none-eabi/lib/thumb2\libc.a(lib_a-fvwrite.o)
                0x000229cc                __sfvwrite_r
 .text          0x00022d04       0xc0 c:/progra~2/codesourcery/source~1/bin/../lib/gcc/arm-none-eabi/4.5.2/../../../../arm-none-eabi/lib/thumb2\libc.a(lib_a-fwrite.o)
                0x00022d04                _fwrite_r
                0x00022da0                fwrite
 .text          0x00022dc4        0x0 c:/progra~2/codesourcery/source~1/bin/../lib/gcc/arm-none-eabi/4.5.2/../../../../arm-none-eabi/lib/thumb2\libc.a(lib_a-impure.o)
 .text          0x00022dc4       0x20 c:/progra~2/codesourcery/source~1/bin/../lib/gcc/arm-none-eabi/4.5.2/../../../../arm-none-eabi/lib/thumb2\libc.a(lib_a-malloc.o)
                0x00022dc4                malloc
                0x00022dd4                free
 .text          0x00022de4      0x57c c:/progra~2/codesourcery/source~1/bin/../lib/gcc/arm-none-eabi/4.5.2/../../../../arm-none-eabi/lib/thumb2\libc.a(lib_a-mallocr.o)
                0x00022de4                _malloc_r
 .text          0x00023360       0x8c c:/progra~2/codesourcery/source~1/bin/../lib/gcc/arm-none-eabi/4.5.2/../../../../arm-none-eabi/lib/thumb2\libc.a(lib_a-memchr.o)
                0x00023360                memchr
 .text          0x000233ec       0x64 c:/progra~2/codesourcery/source~1/bin/../lib/gcc/arm-none-eabi/4.5.2/../../../../arm-none-eabi/lib/thumb2\libc.a(lib_a-memcmp.o)
                0x000233ec                memcmp
 .text          0x00023450      0x150 c:/progra~2/codesourcery/source~1/bin/../lib/gcc/arm-none-eabi/4.5.2/../../../../arm-none-eabi/lib/thumb2\libc.a(lib_a-memcpy.o)
                0x00023450                memcpy
 .text          0x000235a0       0xb4 c:/progra~2/codesourcery/source~1/bin/../lib/gcc/arm-none-eabi/4.5.2/../../../../arm-none-eabi/lib/thumb2\libc.a(lib_a-memmove.o)
                0x000235a0                memmove
 .text          0x00023654       0xb4 c:/progra~2/codesourcery/source~1/bin/../lib/gcc/arm-none-eabi/4.5.2/../../../../arm-none-eabi/lib/thumb2\libc.a(lib_a-memset.o)
                0x00023654                memset
 .text          0x00023708        0x8 c:/progra~2/codesourcery/source~1/bin/../lib/gcc/arm-none-eabi/4.5.2/../../../../arm-none-eabi/lib/thumb2\libc.a(lib_a-mlock.o)
                0x00023708                __malloc_lock
                0x0002370c                __malloc_unlock
 .text          0x00023710      0x138 c:/progra~2/codesourcery/source~1/bin/../lib/gcc/arm-none-eabi/4.5.2/../../../../arm-none-eabi/lib/thumb2\libc.a(lib_a-putc.o)
                0x00023710                _putc_r
                0x000237a0                putc
 .text          0x00023848      0x100 c:/progra~2/codesourcery/source~1/bin/../lib/gcc/arm-none-eabi/4.5.2/../../../../arm-none-eabi/lib/thumb2\libc.a(lib_a-rand.o)
                0x00023848                srand
                0x000238a4                rand
 .text          0x00023948       0x14 c:/progra~2/codesourcery/source~1/bin/../lib/gcc/arm-none-eabi/4.5.2/../../../../arm-none-eabi/lib/thumb2\libc.a(lib_a-realloc.o)
                0x00023948                realloc