Archive member included because of file (symbol)

c:/progra~2/codesourcery/source~1/bin/../lib/gcc/arm-none-eabi/4.5.2/../../../../arm-none-eabi/lib/thumb2\libstdc++.a(si_class_type_info.o)
                              build\Menu.o (vtable for __cxxabiv1::__si_class_type_info)
c:/progra~2/codesourcery/source~1/bin/../lib/gcc/arm-none-eabi/4.5.2/../../../../arm-none-eabi/lib/thumb2\libstdc++.a(del_op.o)
                              c:/progra~2/codesourcery/source~1/bin/../lib/gcc/arm-none-eabi/4.5.2/../../../../arm-none-eabi/lib/thumb2\libstdc++.a(si_class_type_info.o) (operator delete(void*))
c:/progra~2/codesourcery/source~1/bin/../lib/gcc/arm-none-eabi/4.5.2/../../../../arm-none-eabi/lib/thumb2\libstdc++.a(pure.o)
                              build\InterfaceBoard.o (__cxa_pure_virtual)
c:/progra~2/codesourcery/source~1/bin/../lib/gcc/arm-none-eabi/4.5.2/../../../../arm-none-eabi/lib/thumb2\libstdc++.a(class_type_info.o)
                              c:/progra~2/codesourcery/source~1/bin/../lib/gcc/arm-none-eabi/4.5.2/../../../../arm-none-eabi/lib/thumb2\libstdc++.a(si_class_type_info.o) (__cxxabiv1::__class_type_info::__do_upcast(__cxxabiv1::__class_type_info const*, void**) const)
c:/progra~2/codesourcery/source~1/bin/../lib/gcc/arm-none-eabi/4.5.2/../../../../arm-none-eabi/lib/thumb2\libstdc++.a(tinfo.o)
                              c:/progra~2/codesourcery/source~1/bin/../lib/gcc/arm-none-eabi/4.5.2/../../../../arm-none-eabi/lib/thumb2\libstdc++.a(class_type_info.o) (std::type_info::~type_info())
c:/progra~2/codesourcery/source~1/bin/../lib/gcc/arm-none-eabi/4.5.2/../../../../arm-none-eabi/lib/thumb2\libstdc++.a(eh_terminate.o)
                              c:/progra~2/codesourcery/source~1/bin/../lib/gcc/arm-none-eabi/4.5.2/../../../../arm-none-eabi/lib/thumb2\libstdc++.a(pure.o) (std::terminate())
c:/progra~2/codesourcery/source~1/bin/../lib/gcc/arm-none-eabi/4.5.2/../../../../arm-none-eabi/lib/thumb2\libstdc++.a(eh_call.o)
                              c:/progra~2/codesourcery/source~1/bin/../lib/gcc/arm-none-eabi/4.5.2/../../../../arm-none-eabi/lib/thumb2\libstdc++.a(eh_terminate.o) (__cxa_call_unexpected)
c:/progra~2/codesourcery/source~1/bin/../lib/gcc/arm-none-eabi/4.5.2/../../../../arm-none-eabi/lib/thumb2\libstdc++.a(eh_term_handler.o)
                              c:/progra~2/codesourcery/source~1/bin/../lib/gcc/arm-none-eabi/4.5.2/../../../../arm-none-eabi/lib/thumb2\libstdc++.a(eh_terminate.o) (__cxxabiv1::__terminate_handler)
c:/progra~2/codesourcery/source~1/bin/../lib/gcc/arm-none-eabi/4.5.2/../../../../arm-none-eabi/lib/thumb2\libstdc++.a(eh_personality.o)
                              c:/progra~2/codesourcery/source~1/bin/../lib/gcc/arm-none-eabi/4.5.2/../../../../arm-none-eabi/lib/thumb2\libstdc++.a(eh_terminate.o) (__gxx_personality_v0)
c:/progra~2/codesourcery/source~1/bin/../lib/gcc/arm-none-eabi/4.5.2/../../../../arm-none-eabi/lib/thumb2\libstdc++.a(eh_throw.o)
                              c:/progra~2/codesourcery/source~1/bin/../lib/gcc/arm-none-eabi/4.5.2/../../../../arm-none-eabi/lib/thumb2\libstdc++.a(eh_call.o) (__cxa_throw)
c:/progra~2/codesourcery/source~1/bin/../lib/gcc/arm-none-eabi/4.5.2/../../../../arm-none-eabi/lib/thumb2\libstdc++.a(eh_unex_handler.o)
                              c:/progra~2/codesourcery/source~1/bin/../lib/gcc/arm-none-eabi/4.5.2/../../../../arm-none-eabi/lib/thumb2\libstdc++.a(eh_terminate.o) (__cxxabiv1::__unexpected_handler)
c:/progra~2/codesourcery/source~1/bin/../lib/gcc/arm-none-eabi/4.5.2/../../../../arm-none-eabi/lib/thumb2\libstdc++.a(eh_globals.o)
                              c:/progra~2/codesourcery/source~1/bin/../lib/gcc/arm-none-eabi/4.5.2/../../../../arm-none-eabi/lib/thumb2\libstdc++.a(eh_call.o) (__cxa_get_globals_fast)
c:/progra~2/codesourcery/source~1/bin/../lib/gcc/arm-none-eabi/4.5.2/../../../../arm-none-eabi/lib/thumb2\libstdc++.a(eh_catch.o)
                              c:/progra~2/codesourcery/source~1/bin/../lib/gcc/arm-none-eabi/4.5.2/../../../../arm-none-eabi/lib/thumb2\libstdc++.a(eh_terminate.o) (__cxa_begin_catch)
c:/progra~2/codesourcery/source~1/bin/../lib/gcc/arm-none-eabi/4.5.2/../../../../arm-none-eabi/lib/thumb2\libstdc++.a(vterminate.o)
                              c:/progra~2/codesourcery/source~1/bin/../lib/gcc/arm-none-eabi/4.5.2/../../../../arm-none-eabi/lib/thumb2\libstdc++.a(eh_term_handler.o) (__gnu_cxx::__verbose_terminate_handler())
c:/progra~2/codesourcery/source~1/bin/../lib/gcc/arm-none-eabi/4.5.2/../../../../arm-none-eabi/lib/thumb2\libstdc++.a(eh_exception.o)
                              c:/progra~2/codesourcery/source~1/bin/../lib/gcc/arm-none-eabi/4.5.2/../../../../arm-none-eabi/lib/thumb2\libstdc++.a(eh_call.o) (std::bad_exception::~bad_exception())
c:/progra~2/codesourcery/source~1/bin/../lib/gcc/arm-none-eabi/4.5.2/../../../../arm-none-eabi/lib/thumb2\libstdc++.a(eh_type.o)
[...]
Memory Configuration

Name             Origin             Length             Attributes
rom              0x00000000         0x00080000         xr
ram              0x10000000         0x00008000         xrw
ram1             0x2007c000         0x00004000         xrw
ram2             0x20080000         0x00004000         xrw
*default*        0x00000000         0xffffffff

Linker script and memory map

LOAD build\system\core_cm3.o
LOAD build\system\libnosys_gnu.o
LOAD build\system\system_LPC17xx.o
LOAD build\system\startup_LPC17xx.o
LOAD build\lib\source\debug_frmwrk.o
LOAD build\lib\source\lpc17xx_adc.o
LOAD build\lib\source\lpc17xx_clkpwr.o
LOAD build\lib\source\lpc17xx_dac.o
LOAD build\lib\source\lpc17xx_exti.o
LOAD build\lib\source\lpc17xx_gpdma.o
LOAD build\lib\source\lpc17xx_gpio.o
LOAD build\lib\source\lpc17xx_i2c.o
LOAD build\lib\source\lpc17xx_i2s.o
LOAD build\lib\source\lpc17xx_libcfg_default.o
LOAD build\lib\source\lpc17xx_mcpwm.o
LOAD build\lib\source\lpc17xx_nvic.o
LOAD build\lib\source\lpc17xx_pinsel.o
LOAD build\lib\source\lpc17xx_pwm.o
LOAD build\lib\source\lpc17xx_qei.o
LOAD build\lib\source\lpc17xx_rit.o
LOAD build\lib\source\lpc17xx_spi.o
LOAD build\lib\source\lpc17xx_systick.o
LOAD build\lib\source\lpc17xx_timer.o
LOAD build\lib\source\lpc17xx_uart.o
LOAD build\lib\source\lpc17xx_wdt.o
LOAD build\lib_sd\byteordering.o
LOAD build\lib_sd\fat.o
LOAD build\lib_sd\partition.o
LOAD build\lib_sd\sd_raw.o
LOAD build\USBCDC\cdcuser.o
LOAD build\USBCDC\serial.o
LOAD build\USBCDC\usbcore.o
LOAD build\USBCDC\usbdesc.o
LOAD build\USBCDC\usbhw.o
LOAD build\USBCDC\usbuser.o
LOAD src\shared\PID.o
LOAD src\shared\Packet.o
LOAD build\Command.o
LOAD build\DebugPacketProcessor.o
LOAD build\EepromMap.o
LOAD build\Host.o
LOAD build\Interface.o
LOAD build\InterfaceBoard.o
LOAD build\LPCPort.o
LOAD build\LiquidCrystal.o
LOAD build\Main.o
LOAD build\Menu.o
LOAD build\Motherboard.o
LOAD build\PID.o
LOAD build\PSU.o
LOAD build\Packet.o
LOAD build\SDCard.o
LOAD build\StepperInterface.o
LOAD build\Steppers.o
LOAD build\Timeout.o
LOAD build\Tool.o
LOAD build\UART.o
                0x10008000                PROVIDE (__cs3_stack, (__cs3_region_start_ram + __cs3_region_size_ram))
                0x000054f0                PROVIDE (__cs3_stack_size, ((__cs3_region_start_ram + __cs3_region_size_ram) - _end))
                0x10002b10                PROVIDE (__cs3_heap_start, _end)
                0x10008000                PROVIDE (__cs3_heap_end, (__cs3_region_start_ram + __cs3_region_size_ram))

.text           0x00000000    0x2b9a0
 CREATE_OBJECT_SYMBOLS
                0x00000000                __cs3_region_start_rom = .
 *(.cs3.region-head.rom)
                0x00000000                __cs3_interrupt_vector = __cs3_interrupt_vector_cortex_m
 *(.cs3.interrupt_vector)
 .cs3.interrupt_vector
                0x00000000       0xcc build\system\startup_LPC17xx.o
                0x00000000                __cs3_interrupt_vector_cortex_m
                0x00000001                ASSERT ((. != __cs3_interrupt_vector_cortex_m), No interrupt vector)
 *(.rom)
 *(.rom.b)
                0x000000cc                __cs3_reset = __cs3_reset_cortex_m
 *(.cs3.reset)
 .cs3.reset     0x000000cc       0x10 build\system\startup_LPC17xx.o
                0x000000cc                __cs3_reset_cortex_m
                0x00000001                ASSERT ((. != __cs3_reset), No reset code)
 *(.text .text.* .gnu.linkonce.t.*)
 .text          0x000000dc        0x0 build\system\core_cm3.o
 .text          0x000000dc      0x260 build\system\libnosys_gnu.o
                0x000000dc                _close
                0x000000f4                _execve
                0x0000011c                _exit
                0x0000012c                _fork
                0x00000148                _fstat
                0x0000016c                _getpid
                0x0000017c                _kill
                0x000001a4                isatty
                0x000001bc                _isatty
                0x000001d4                _link
                0x000001fc                _lseek
                0x00000218                _open
                0x00000234                _read
                0x00000250                _sbrk
                0x0000029c                _stat
                0x000002c0                _times
                0x000002d8                _unlink
                0x000002fc                _wait
                0x00000320                _write
 .text          0x0000033c      0x510 build\system\system_LPC17xx.o
                0x0000033c                _undef_open_r
                0x0000035c                _undef_close_r
                0x00000378                _undef_write_r
                0x00000394                _undef_read_r
                0x000003b0                _write_r
                0x000003e4                _read_r
                0x00000418                _open_r
                0x000004a4                _close_r
                0x000004d0                _sbrk_r
                0x00000524                SystemCoreClockUpdate
                0x000006cc                SystemInit
 .text          0x0000084c       0x14 build\system\startup_LPC17xx.o
                0x0000084c                NMI_Handler
                0x0000084e                HardFault_Handler
                0x00000850                MemManage_Handler
                0x00000852                BusFault_Handler
                0x00000854                UsageFault_Handler
                0x00000856                SVC_Handler
                0x00000858                DebugMon_Handler
                0x0000085a                PendSV_Handler
                0x0000085c                SysTick_Handler
                0x0000085e                PWM1_IRQHandler
                0x0000085e                I2C1_IRQHandler
                0x0000085e                EINT2_IRQHandler
                0x0000085e                EINT3_IRQHandler
                0x0000085e                CANActivity_IRQHandler
                0x0000085e                TIMER3_IRQHandler
                0x0000085e                I2C0_IRQHandler
                0x0000085e                PLL0_IRQHandler
                0x0000085e                RIT_IRQHandler
                0x0000085e                PLL1_IRQHandler
                0x0000085e                SSP0_IRQHandler
                0x0000085e                I2S_IRQHandler
                0x0000085e                I2C2_IRQHandler
                0x0000085e                RTC_IRQHandler
                0x0000085e                TIMER0_IRQHandler
                0x0000085e                SPI_IRQHandler
                0x0000085e                EINT1_IRQHandler
                0x0000085e                TIMER1_IRQHandler
                0x0000085e                UART2_IRQHandler
                0x0000085e                Default_Handler
                0x0000085e                ADC_IRQHandler
                0x0000085e                SSP1_IRQHandler
                0x0000085e                BOD_IRQHandler
                0x0000085e                USBActivity_IRQHandler
                0x0000085e                WDT_IRQHandler
                0x0000085e                CAN_IRQHandler
                0x0000085e                QEI_IRQHandler
                0x0000085e                EINT0_IRQHandler
                0x0000085e                DMA_IRQHandler
                0x0000085e                TIMER2_IRQHandler
                0x0000085e                UART3_IRQHandler
                0x0000085e                MCPWM_IRQHandler
                0x0000085e                ENET_IRQHandler
 .text          0x00000860      0x75c build\lib\source\debug_frmwrk.o
                0x00000860                UARTPutChar
                0x00000888                UARTGetChar
                0x000008b8                UARTPuts
                0x000008ec                UARTPuts_
                0x00000914                UARTPutDec
                0x000009cc                UARTPutDec16
                0x00000b08                UARTPutDec32
                0x00000d6c                UARTPutHex
                0x00000de0                UARTPutHex16
                0x00000e54                UARTPutHex32
                0x00000ec4                debug_frmwrk_init
 .text          0x00000fbc      0x518 build\lib\source\lpc17xx_adc.o
                0x00000fbc                ADC_Init
                0x00001054                ADC_DeInit
                0x00001098                ADC_GetData
                0x000010cc                ADC_StartCmd
                0x00001150                ADC_BurstCmd
                0x0000119c                ADC_PowerdownCmd
                0x000011e8                ADC_EdgeStartConfig
                0x0000124c                ADC_IntConfig
                0x000012f0                ADC_ChannelCmd
                0x00001358                ADC_ChannelGetData
                0x000013ac                ADC_ChannelGetStatus
                0x00001430                ADC_GlobalGetData
                0x00001460                ADC_GlobalGetStatus
 .text          0x000014d4      0x250 build\lib\source\lpc17xx_clkpwr.o
                0x000014d4                CLKPWR_SetPCLKDiv
                0x00001574                CLKPWR_GetPCLKSEL
                0x000015c0                CLKPWR_GetPCLK
                0x00001630                CLKPWR_ConfigPPWR
                0x00001690                CLKPWR_Sleep
                0x000016ac                CLKPWR_DeepSleep
                0x000016d4                CLKPWR_PowerDown
                0x000016fc                CLKPWR_DeepPowerDown
 .text          0x00001724      0x17c build\lib\source\lpc17xx_dac.o
                0x00001724                DAC_Init
                0x00001758                DAC_UpdateValue
                0x000017ac                DAC_SetBias
                0x000017f8                DAC_ConfigDAConverterControl
                0x0000186c                DAC_SetDMATimeOut
 .text          0x000018a0      0x174 build\lib\source\lpc17xx_exti.o
                0x000018a0                EXTI_Init
                0x000018cc                EXTI_DeInit
                0x000018d8                EXTI_Config
                0x00001918                EXTI_SetMode
                0x0000197c                EXTI_SetPolarity
                0x000019e0                EXTI_ClearEXTIFlag
 .text          0x00001a14      0x628 build\lib\source\lpc17xx_gpdma.o
                0x00001a14                GPDMA_Init
                0x00001a9c                GPDMA_Setup
                0x00001e24                GPDMA_ChannelCmd
                0x00001e6c                GPDMA_IntGetStatus
                0x00001fcc                GPDMA_ClearIntPending
 .text          0x0000203c      0x88c build\lib\source\lpc17xx_gpio.o
                0x00002198                GPIO_SetDir
                0x000021e4                GPIO_SetValue
                0x00002210                GPIO_ClearValue
                0x0000223c                GPIO_ReadValue
                0x0000226c                GPIO_IntCmd
                0x000022dc                isenabled
                0x000022fc                GPIO_GetIntStatus
                0x000023ac                GPIO_ClearInt
                0x000023e4                FIO_SetDir
                0x0000240c                FIO_SetValue
                0x0000242c                FIO_ClearValue
                0x0000244c                FIO_ReadValue
                0x0000246c                FIO_IntCmd
                0x00002494                FIO_GetIntStatus
                0x000024c0                FIO_ClearInt
                0x000024e0                FIO_SetMask
                0x0000252c                FIO_HalfWordSetDir
                0x000025c8                FIO_HalfWordSetMask
                0x00002664                FIO_HalfWordSetValue
                0x000026a4                FIO_HalfWordClearValue
                0x000026e4                FIO_HalfWordReadValue
                0x00002728                FIO_ByteSetDir
                0x00002798                FIO_ByteSetMask
                0x00002810                FIO_ByteSetValue
                0x0000284c                FIO_ByteClearValue
                0x00002888                FIO_ByteReadValue
 .text          0x000028c8     0x1348 build\lib\source\lpc17xx_i2c.o
                0x00002b58                I2C_Init
                0x00002c14                I2C_DeInit
                0x00002ca0                I2C_Cmd
                0x00002d14                I2C_IntCmd
                0x00002da4                I2C_MasterHandler
                0x00003168                I2C_SlaveHandler
                0x0000333c                I2C_MasterTransferData
                0x00003670                I2C_SlaveTransferData
                0x000038d0                I2C_SetOwnSlaveAddr
                0x000039d4                I2C_MonitorModeConfig
                0x00003a5c                I2C_MonitorModeCmd
                0x00003afc                I2C_MonitorGetDatabuffer
                0x00003b48                I2C_MonitorHandler
                0x00003ba0                I2C_MasterTransferComplete
                0x00003bd8                I2C_SlaveTransferComplete
 .text          0x00003c10      0xb2c build\lib\source\lpc17xx_i2s.o
                0x00003d10                I2S_Init
                0x00003d54                I2S_Config
                0x00003e88                I2S_DeInit
                0x00003ec0                I2S_GetLevel
                0x00003f24                I2S_Start
                0x00003f74                I2S_Send
                0x00003fa8                I2S_Receive
                0x00003fd8                I2S_Pause
                0x0000403c                I2S_Mute
                0x000040a0                I2S_Stop
                0x00004128                I2S_FreqConfig
                0x00004224                I2S_SetBitRate
                0x00004290                I2S_ModeConfig
                0x000043bc                I2S_DMAConfig
                0x00004468                I2S_DMACmd
                0x00004574                I2S_IRQConfig
                0x000045e4                I2S_IRQCmd
                0x00004694                I2S_GetIRQStatus
                0x000046f0                I2S_GetIRQDepth
 .text          0x0000473c        0xc build\lib\source\lpc17xx_libcfg_default.o
                0x0000473c                check_failed
 .text          0x00004748      0x7dc build\lib\source\lpc17xx_mcpwm.o
                0x00004748                MCPWM_Init
                0x0000477c                MCPWM_ConfigChannel
                0x000049a0                MCPWM_WriteToShadow
                0x000049fc                MCPWM_ConfigCapture
                0x00004b9c                MCPWM_ClearCapture
                0x00004bcc                MCPWM_GetCapture
                0x00004c0c                MCPWM_CountConfig
                0x00004d60                MCPWM_Start
                0x00004dbc                MCPWM_Stop
                0x00004e18                MCPWM_ACMode
                0x00004e44                MCPWM_DCMode
                0x00004e94                MCPWM_IntConfig
                0x00004ec0                MCPWM_IntSet
                0x00004edc                MCPWM_IntClear
                0x00004ef8                MCPWM_GetIntStatus
 .text          0x00004f24       0xfc build\lib\source\lpc17xx_nvic.o
                0x00004f24                NVIC_DeInit
                0x00004f84                NVIC_SCBDeInit
                0x00005004                NVIC_SetVTOR
 .text          0x00005020      0x284 build\lib\source\lpc17xx_pinsel.o
                0x000051d4                PINSEL_ConfigTraceFunc
                0x00005214                PINSEL_SetI2C0Pins
                0x00005250                PINSEL_ConfigPin
 .text          0x000052a4      0xaac build\lib\source\lpc17xx_pwm.o
                0x000052a4                PWM_GetIntStatus
                0x0000532c                PWM_ClearIntPending
                0x000053a4                PWM_ConfigStructInit
                0x00005408                PWM_Init
                0x0000559c                PWM_DeInit
                0x000055dc                PWM_Cmd
                0x00005640                PWM_CounterCmd
                0x000056a4                PWM_ResetCounter
                0x000056e8                PWM_ConfigMatch
                0x000058bc                PWM_ConfigCapture
                0x00005a8c                PWM_GetCaptureValue
                0x00005af0                PWM_MatchUpdate
                0x00005be8                PWM_ChannelConfig
                0x00005ca4                PWM_ChannelCmd
 .text          0x00005d50      0x8a8 build\lib\source\lpc17xx_qei.o
                0x00005d50                QEI_Reset
                0x00005da4                QEI_Init
                0x00005ee4                QEI_DeInit
                0x00005f1c                QEI_ConfigStructInit
                0x00005f58                QEI_GetStatus
                0x00005fac                QEI_GetPosition
                0x00005fdc                QEI_SetMaxPosition
                0x00006010                QEI_SetPositionComp
                0x00006074                QEI_GetIndex
                0x000060a4                QEI_SetIndexComp
                0x000060d8                QEI_SetTimerReload
                0x00006184                QEI_GetTimer
                0x000061b4                QEI_GetVelocity
                0x000061e4                QEI_GetVelocityCap
                0x00006214                QEI_SetVelocityComp
                0x00006248                QEI_SetDigiFilter
                0x0000627c                QEI_GetIntStatus
                0x00006324                QEI_IntCmd
                0x000063e4                QEI_IntSet
                0x0000647c                QEI_IntClear
                0x00006514                QEI_CalculateRPM
 .text          0x000065f8      0x248 build\lib\source\lpc17xx_rit.o
                0x000065f8                RIT_Init
                0x00006650                RIT_DeInit
                0x000066a8                RIT_TimerConfig
                0x0000670c                RIT_Cmd
                0x00006778                RIT_TimerDebugCmd
                0x000067e4                RIT_GetIntStatus
 .text          0x00006840      0x58c build\lib\source\lpc17xx_spi.o
                0x00006840                SPI_SetClock
                0x000068bc                SPI_DeInit
                0x000068fc                SPI_GetDataSize
                0x00006938                SPI_Init
                0x000069d0                SPI_ConfigStructInit
                0x00006a14                SPI_SendData
                0x00006a48                SPI_ReceiveData
                0x00006a7c                SPI_ReadWrite
                0x00006c70                SPI_IntCmd
                0x00006cd8                SPI_GetIntStatus
                0x00006d10                SPI_ClearIntPending
                0x00006d44                SPI_GetStatus
                0x00006d78                SPI_CheckStatus
 .text          0x00006dcc      0x20c build\lib\source\lpc17xx_systick.o
                0x00006dcc                SYSTICK_InternalInit
                0x00006e60                SYSTICK_ExternalInit
                0x00006f08                SYSTICK_Cmd
                0x00006f58                SYSTICK_IntCmd
                0x00006fa8                SYSTICK_GetCurrentValue
                0x00006fbc                SYSTICK_ClearCounterFlag
 .text          0x00006fd8      0xab8 build\lib\source\lpc17xx_timer.o
                0x00007104                TIM_GetIntStatus
                0x000071ac                TIM_GetIntCaptureStatus
                0x00007258                TIM_ClearIntPending
                0x000072e8                TIM_ClearIntCapturePending
                0x0000737c                TIM_ConfigStructInit
                0x000073bc                TIM_Init
                0x00007564                TIM_DeInit
                0x0000760c                TIM_Cmd
                0x0000767c                TIM_ResetCounter
                0x000076e0                TIM_ConfigMatch
                0x00007890                TIM_UpdateMatchValue
                0x00007920                TIM_ConfigCapture
                0x00007a18                TIM_GetCaptureValue
 .text          0x00007a90     0x1610 build\lib\source\lpc17xx_uart.o
                0x00007ce8                UART_Init
                0x0000800c                UART_DeInit
                0x000080b4                UART_ConfigStructInit
                0x000080e8                UART_SendByte
                0x00008150                UART_ReceiveByte
                0x000081b8                UART_Send
                0x000082c4                UART_Receive
                0x0000839c                UART_ForceBreak
                0x00008414                UART_IntConfig
                0x000085ac                UART_GetLineStatus
                0x00008614                UART_GetIntId
                0x00008670                UART_CheckBusy
                0x0000869c                UART_FIFOConfig
                0x000087f8                UART_FIFOConfigStructInit
                0x0000882c                UART_ABCmd
                0x00008974                UART_ABClearIntPending
                0x000089e8                UART_TxCmd
                0x00008ab4                UART_IrDAInvtInputCmd
                0x00008b30                UART_IrDACmd
                0x00008ba4                UART_IrDAPulseDivConfig
                0x00008c44                UART_FullModemForcePinState
                0x00008d00                UART_FullModemConfigMode
                0x00008dc8                UART_FullModemGetStatus
                0x00008dfc                UART_RS485Config
                0x00008f84                UART_RS485ReceiverCmd
                0x00008fcc                UART_RS485Send
                0x00009050                UART_RS485SendSlvAddr
                0x00009078                UART_RS485SendData
 .text          0x000090a0      0x2f8 build\lib\source\lpc17xx_wdt.o
                0x00009218                WDT_Init
                0x000092ac                WDT_Start
                0x000092f0                WDT_ReadTimeOutFlag
                0x00009310                WDT_ClrTimeOutFlag
                0x00009330                WDT_UpdateTimeOut
                0x00009360                WDT_Feed
                0x00009384                WDT_GetCurrentCount
 .text          0x00009398        0x0 build\lib_sd\byteordering.o
 .text          0x00009398     0x1cb0 build\lib_sd\fat.o
                0x00009398                fat_open
                0x00009434                fat_close
                0x00009a1c                fat_get_dir_entry_of_path
                0x00009b54                fat_open_file
                0x00009bfc                fat_close_file
                0x00009c38                fat_read_file
                0x00009dc8                fat_write_file
                0x00009fc4                fat_seek_file
                0x0000a060                fat_resize_file
                0x0000a1a4                fat_open_dir
                0x0000a240                fat_close_dir
                0x0000a260                fat_read_dir
                0x0000a3e8                fat_reset_dir
                0x0000ac20                fat_create_file
                0x0000acdc                fat_delete_file
                0x0000ad94                fat_create_dir
                0x0000af18                fat_get_fs_size
                0x0000af4c                fat_get_fs_free
 .text          0x0000b048      0x16c build\lib_sd\partition.o
                0x0000b048                partition_open
                0x0000b188                partition_close
 .text          0x0000b1b4      0xc30 build\lib_sd\sd_raw.o
                0x0000b1b4                sd_raw_init
                0x0000b4b4                sd_raw_available
                0x0000b4c8                sd_raw_locked
                0x0000b5f8                sd_raw_read
                0x0000b780                sd_raw_read_interval
                0x0000b800                sd_raw_write
                0x0000b9dc                sd_raw_write_interval
                0x0000ba78                sd_raw_sync
                0x0000bac4                sd_raw_get_info
 .text          0x0000bde4      0x4d8 build\USBCDC\cdcuser.o
                0x0000bde4                CDC_RdOutBuf
                0x0000be54                CDC_WrOutBuf
                0x0000beac                CDC_OutBufAvailChar
                0x0000bedc                CDC_Init
                0x0000bf6c                CDC_SendEncapsulatedCommand
                0x0000bf7c                CDC_GetEncapsulatedResponse
                0x0000bf8c                CDC_SetCommFeature
                0x0000bfa8                CDC_GetCommFeature
                0x0000bfc4                CDC_ClearCommFeature
                0x0000bfe0                CDC_SetLineCoding
                0x0000c060                CDC_GetLineCoding
                0x0000c0c4                CDC_SetControlLineState
                0x0000c0e0                CDC_SendBreak
                0x0000c0fc                CDC_BulkIn
                0x0000c144                CDC_BulkOut
                0x0000c170                CDC_GetSerialState
                0x0000c244                CDC_NotificationIn
 .text          0x0000c2bc      0x7f0 build\USBCDC\serial.o
                0x0000c328                ser_OpenPort
                0x0000c388                ser_ClosePort
                0x0000c3e8                ser_InitPort0
                0x0000c59c                ser_InitPort1
                0x0000c750                ser_Read
                0x0000c7d4                ser_Write
                0x0000c8a0                ser_AvailChar
                0x0000c8cc                ser_LineState
                0x0000c8f4                UART0_IRQHandler
                0x0000c9c4                UART1_IRQHandler
 .text          0x0000caac      0xe64 build\USBCDC\usbcore.o
                0x0000caac                USB_ResetCore
                0x0000cb00                USB_SetupStage
                0x0000cb14                USB_DataInStage
                0x0000cb6c                USB_DataOutStage
                0x0000cbac                USB_StatusInStage
                0x0000cbc4                USB_StatusOutStage
                0x0000cbd8                USB_ReqGetStatus
                0x0000ccf4                USB_ReqSetClrFeature
                0x0000ce34                USB_ReqSetAddress
                0x0000ce70                USB_ReqGetDescriptor
                0x0000cf98                USB_ReqGetConfiguration
                0x0000cfd0                USB_ReqSetConfiguration
                0x0000d258                USB_ReqGetInterface
                0x0000d2b8                USB_ReqSetInterface
                0x0000d49c                USB_EndPoint0
 .text          0x0000d910        0x0 build\USBCDC\usbdesc.o
 .text          0x0000d910      0x83c build\USBCDC\usbhw.o
                0x0000d944                EPAdr
                0x0000d978                WrCmd
                0x0000d9b0                WrCmdDat
                0x0000da0c                WrCmdEP
                0x0000da74                RdCmdDat
                0x0000dab4                USB_Init
                0x0000db54                USB_Connect
                0x0000db84                USB_Reset
                0x0000dbf4                USB_Suspend
                0x0000dc00                USB_Resume
                0x0000dc0c                USB_WakeUp
                0x0000dc34                USB_WakeUpCfg
                0x0000dc48                USB_SetAddress
                0x0000dc88                USB_Configure
                0x0000dce0                USB_ConfigEP
                0x0000dd48                USB_DirCtrlEP
                0x0000dd5c                USB_EnableEP
                0x0000dd8c                USB_DisableEP
                0x0000ddbc                USB_ResetEP
                0x0000ddec                USB_SetStallEP
                0x0000de1c                USB_ClrStallEP
                0x0000de4c                USB_ClearEPBuf
                0x0000de68                USB_ReadEP
                0x0000df10                USB_WriteEP
                0x0000df90                USB_GetFrame
                0x0000dfcc                USB_IRQHandler
 .text          0x0000e14c      0x180 build\USBCDC\usbuser.o
                0x0000e14c                USB_Reset_Event
                0x0000e158                USB_Configure_Event
                0x0000e164                USB_EndPoint1
                0x0000e1a0                USB_EndPoint2
                0x0000e1c8                USB_EndPoint3
                0x0000e1dc                USB_EndPoint4
                0x0000e1f0                USB_EndPoint5
                0x0000e204                USB_EndPoint6
                0x0000e218                USB_EndPoint7
                0x0000e22c                USB_EndPoint8
                0x0000e240                USB_EndPoint9
                0x0000e254                USB_EndPoint10
                0x0000e268                USB_EndPoint11
                0x0000e27c                USB_EndPoint12
                0x0000e290                USB_EndPoint13
                0x0000e2a4                USB_EndPoint14
                0x0000e2b8                USB_EndPoint15
 .text          0x0000e2cc      0x28c src\shared\PID.o
                0x0000e2cc                PID::reset()
                0x0000e304                PID::reset_state()
                0x0000e388                PID::calculate(int)
                0x0000e4e0                PID::setTarget(int)
                0x0000e508                PID::getErrorTerm()
                0x0000e520                PID::getDeltaTerm()
                0x0000e540                PID::getLastOutput()
 .text          0x0000e558      0x54c src\shared\Packet.o
                0x0000e558                _crc_ibutton_update(unsigned char, unsigned char)
                0x0000e5c8                Packet::appendByte(unsigned char)
                0x0000e628                Packet::reset()
                0x0000e660                InPacket::InPacket()
                0x0000e660                InPacket::InPacket()
                0x0000e684                InPacket::reset()
                0x0000e69c                InPacket::processByte(unsigned char)
                0x0000e7c4                Packet::read8(unsigned char) const
                0x0000e7e8                Packet::read16(unsigned char) const
                0x0000e828                Packet::read32(unsigned char) const
                0x0000e880                OutPacket::OutPacket()
                0x0000e880                OutPacket::OutPacket()
                0x0000e8a4                OutPacket::reset()
                0x0000e8c8                OutPacket::prepareForResend()
                0x0000e8f8                OutPacket::getNextByteToSend()
                0x0000e9f4                OutPacket::append8(unsigned char)
                0x0000ea14                OutPacket::append16(unsigned short)
                0x0000ea4c                OutPacket::append32(unsigned long)
 .text._ZN6Packet5errorEh
                0x0000eaa4       0x24 src\shared\Packet.o
                0x0000eaa4                Packet::error(unsigned char)
 .text._ZN6PacketC2Ev
                0x0000eac8       0x18 src\shared\Packet.o
                0x0000eac8                Packet::Packet()
                0x0000eac8                Packet::Packet()
 .text          0x0000eae0      0xb94 build\Command.o
                0x0000eae0                command::getRemainingCapacity()
                0x0000eb00                command::pause(bool)
                0x0000eb20                command::isPaused()
                0x0000eb34                command::isEmpty()
                0x0000eb48                command::push(unsigned char)
                0x0000eb68                command::pop8()
                0x0000eb7c                command::pop16()
                0x0000eba8                command::pop32()
                0x0000ebe8                command::reset()
                0x0000ec04                command::runCommandSlice()
 .text._ZN5PointC2Elllll
                0x0000f674       0x3c build\Command.o
                0x0000f674                Point::Point(long, long, long, long, long)
                0x0000f674                Point::Point(long, long, long, long, long)
 .text._ZN5PointC2Elll
                0x0000f6b0       0x64 build\Command.o
                0x0000f6b0                Point::Point(long, long, long)
                0x0000f6b0                Point::Point(long, long, long)
 .text._ZNK5PointixEj
                0x0000f714       0x20 build\Command.o
                0x0000f714                Point::operator[](unsigned int) const
 .text._ZNK6Packet8hasErrorEv
                0x0000f734       0x28 build\Command.o
                0x0000f734                Packet::hasError() const
 .text._ZN19CircularBufferTemplIhEC2EtPh
                0x0000f75c       0x48 build\Command.o
                0x0000f75c                CircularBufferTempl<unsigned char>::CircularBufferTempl(unsigned short, unsigned char*)
                0x0000f75c                CircularBufferTempl<unsigned char>::CircularBufferTempl(unsigned short, unsigned char*)
 .text._ZNK19CircularBufferTemplIhE20getRemainingCapacityEv
                0x0000f7a4       0x24 build\Command.o
                0x0000f7a4                CircularBufferTempl<unsigned char>::getRemainingCapacity() const
 .text._ZNK19CircularBufferTemplIhE7isEmptyEv
                0x0000f7c8       0x24 build\Command.o
                0x0000f7c8                CircularBufferTempl<unsigned char>::isEmpty() const
 .text._ZN19CircularBufferTemplIhE4pushEh
                0x0000f7ec       0x5c build\Command.o
                0x0000f7ec                CircularBufferTempl<unsigned char>::push(unsigned char)
 .text._ZN19CircularBufferTemplIhE3popEv
                0x0000f848       0x6c build\Command.o
                0x0000f848                CircularBufferTempl<unsigned char>::pop()
 .text._ZN19CircularBufferTemplIhE5resetEv
                0x0000f8b4       0x34 build\Command.o
                0x0000f8b4                CircularBufferTempl<unsigned char>::reset()
 .text._ZNK19CircularBufferTemplIhE9getLengthEv
                0x0000f8e8       0x1c build\Command.o
                0x0000f8e8                CircularBufferTempl<unsigned char>::getLength() const
 .text._ZN19CircularBufferTemplIhEixEt
                0x0000f904       0x3c build\Command.o
                0x0000f904                CircularBufferTempl<unsigned char>::operator[](unsigned short)
 .text          0x0000f940      0x334 build\DebugPacketProcessor.o
                0x0000f940                processDebugPacket(InPacket const&, OutPacket&)
 .text._ZNK6Packet9getLengthEv
                0x0000fc74       0x1c build\DebugPacketProcessor.o
                0x0000fc74                Packet::getLength() const
 .text._ZN11Motherboard8getBoardEv
                0x0000fc90       0x14 build\DebugPacketProcessor.o
                0x0000fc90                Motherboard::getBoard()
 .text          0x0000fca4       0xa0 build\EepromMap.o
                0x0000fca4                eeprom::init()
                0x0000fcf0                eeprom::getEeprom8(unsigned short, unsigned char)
                0x0000fd18                eeprom::getEeprom16(unsigned short, unsigned short)
 .text          0x0000fd44      0x6c0 build\Host.o
                0x0000fd44                host::runHostSlice()
                0x0000fee8                host::processCommandPacket(InPacket const&, OutPacket&)
                0x0000ffd0                host::doToolPause(OutPacket&)
                0x000100ec                host::processQueryPacket(InPacket const&, OutPacket&)
                0x000102b8                host::getMachineName()
                0x0001034c                host::getBuildName()
                0x00010360                host::getHostState()
                0x00010374                host::startBuildFromSD()
                0x000103ac                host::stopBuild()
 .text._ZNK6Packet12getErrorCodeEv
                0x00010404       0x1c build\Host.o
                0x00010404                Packet::getErrorCode() const
 .text._ZNK6Packet7getDataEv
                0x00010420       0x1c build\Host.o
                0x00010420                Packet::getData() const
 .text._ZNK8InPacket10isFinishedEv
                0x0001043c       0x28 build\Host.o
                0x0001043c                InPacket::isFinished() const
 .text._ZNK8InPacket9isStartedEv
                0x00010464       0x28 build\Host.o
                0x00010464                InPacket::isStarted() const
 .text._ZN8InPacket7timeoutEv
                0x0001048c       0x1c build\Host.o
                0x0001048c                InPacket::timeout()
 .text._ZNK9OutPacket9isSendingEv
                0x000104a8       0x38 build\Host.o
                0x000104a8                OutPacket::isSending() const
 .text._ZN4UART11getHostUARTEv
                0x000104e0       0x14 build\Host.o
                0x000104e0                UART::getHostUART()
 .text._ZNK7Timeout8isActiveEv
                0x000104f4       0x18 build\Host.o
                0x000104f4                Timeout::isActive() const
 .text._ZN11Motherboard11getHostUARTEv
                0x0001050c       0x18 build\Host.o
                0x0001050c                Motherboard::getHostUART()
 .text._ZN11Motherboard19getStepperInterfaceEi
                0x00010524       0x28 build\Host.o
                0x00010524                Motherboard::getStepperInterface(int)
 .text._ZN4host13handleVersionERK8InPacketR9OutPacket
                0x0001054c       0x28 build\Host.o
                0x0001054c                host::handleVersion(InPacket const&, OutPacket&)
 .text._ZN4host18handleGetBuildNameERK8InPacketR9OutPacket
                0x00010574       0x5c build\Host.o
                0x00010574                host::handleGetBuildName(InPacket const&, OutPacket&)
 .text._ZN4host19handleGetBufferSizeERK8InPacketR9OutPacket
                0x000105d0       0x2c build\Host.o
                0x000105d0                host::handleGetBufferSize(InPacket const&, OutPacket&)
 .text._ZN4host17handleGetPositionERK8InPacketR9OutPacket
                0x000105fc      0x110 build\Host.o
                0x000105fc                host::handleGetPosition(InPacket const&, OutPacket&)
 .text._ZN4host20handleGetPositionExtERK8InPacketR9OutPacket
                0x0001070c      0x148 build\Host.o
                0x0001070c                host::handleGetPositionExt(InPacket const&, OutPacket&)
 .text._ZN4host19handleCaptureToFileERK8InPacketR9OutPacket
                0x00010854       0x3c build\Host.o
                0x00010854                host::handleCaptureToFile(InPacket const&, OutPacket&)
 .text._ZN4host16handleEndCaptureERK8InPacketR9OutPacket
                0x00010890       0x2c build\Host.o
                0x00010890                host::handleEndCapture(InPacket const&, OutPacket&)
 .text._ZN4host14handlePlaybackERK8InPacketR9OutPacket
                0x000108bc       0x84 build\Host.o
                0x000108bc                host::handlePlayback(InPacket const&, OutPacket&)
 .text._ZN4host18handleNextFilenameERK8InPacketR9OutPacket
                0x00010940      0x10c build\Host.o
                0x00010940                host::handleNextFilename(InPacket const&, OutPacket&)
 .text._ZN4host15handleToolQueryERK8InPacketR9OutPacket
                0x00010a4c      0x17c build\Host.o
                0x00010a4c                host::handleToolQuery(InPacket const&, OutPacket&)
 .text._ZN4host11handlePauseERK8InPacketR9OutPacket
                0x00010bc8       0x34 build\Host.o
                0x00010bc8                host::handlePause(InPacket const&, OutPacket&)
 .text._ZN4host16handleIsFinishedERK8InPacketR9OutPacket
                0x00010bfc       0x60 build\Host.o
                0x00010bfc                host::handleIsFinished(InPacket const&, OutPacket&)
 .text._ZN4host16handleReadEepromERK8InPacketR9OutPacket
                0x00010c5c       0x70 build\Host.o
                0x00010c5c                host::handleReadEeprom(InPacket const&, OutPacket&)
 .text._ZN4host17handleWriteEepromERK8InPacketR9OutPacket
                0x00010ccc       0x8c build\Host.o
                0x00010ccc                host::handleWriteEeprom(InPacket const&, OutPacket&)
 .text._ZN4host18handleExtendedStopERK8InPacketR9OutPacket
                0x00010d58       0x54 build\Host.o
                0x00010d58                host::handleExtendedStop(InPacket const&, OutPacket&)
 .text          0x00010dac      0x1a4 build\Interface.o
                0x00010dac                interfaceboard::isConnected()
                0x00010ea0                interfaceboard::init()
                0x00010eb0                interfaceboard::pushScreen(Screen*)
                0x00010ecc                interfaceboard::popScreen()
                0x00010edc                interfaceboard::doInterrupt()
                0x00010eec                interfaceboard::getUpdateRate()
                0x00010f00                interfaceboard::doUpdate()
 .text._ZN4Port15setPinDirectionEhb
                0x00010f50       0x2c build\Interface.o
                0x00010f50                Port::setPinDirection(unsigned char, bool)
 .text._ZN4Port6getPinEh
                0x00010f7c       0x34 build\Interface.o
                0x00010f7c                Port::getPin(unsigned char)
 .text._ZN4Port6setPinEhb
                0x00010fb0       0x4c build\Interface.o
                0x00010fb0                Port::setPin(unsigned char, bool)
 .text._ZN3PinC2ER4Porth
                0x00010ffc       0x38 build\Interface.o
                0x00010ffc                Pin::Pin(Port&, unsigned char)
                0x00010ffc                Pin::Pin(Port&, unsigned char)
 .text._ZN3Pin12setDirectionEb
                0x00011034       0x30 build\Interface.o
                0x00011034                Pin::setDirection(bool)
 .text._ZN3Pin8getValueEv
                0x00011064       0x28 build\Interface.o
                0x00011064                Pin::getValue()
 .text._ZN3Pin8setValueEb
                0x0001108c       0x30 build\Interface.o
                0x0001108c                Pin::setValue(bool)
 .text          0x000110bc      0x5e8 build\InterfaceBoard.o
                0x000110bc                ButtonArray::init()
                0x000110e0                ButtonArray::scanButtons()
                0x0001120c                ButtonArray::getButton(InterfaceBoardDefinitions::ButtonName&)
                0x00011248                InterfaceBoard::InterfaceBoard()
                0x00011248                InterfaceBoard::InterfaceBoard()
                0x0001141c                InterfaceBoard::init()
                0x00011430                InterfaceBoard::doInterrupt()
                0x0001144c                InterfaceBoard::getUpdateRate()
                0x00011490                InterfaceBoard::doUpdate()
                0x00011588                InterfaceBoard::pushScreen(Screen*)
                0x0001163c                InterfaceBoard::popScreen()
 .text._ZN6ScreenC2Ev
                0x000116a4       0x20 build\InterfaceBoard.o
                0x000116a4                Screen::Screen()
                0x000116a4                Screen::Screen()
 .text._ZN12SplashScreenC2Ev
                0x000116c4       0x28 build\InterfaceBoard.o
                0x000116c4                SplashScreen::SplashScreen()
                0x000116c4                SplashScreen::SplashScreen()
 .text._ZN11MonitorModeC2Ev
                0x000116ec       0x34 build\InterfaceBoard.o
                0x000116ec                MonitorMode::MonitorMode()
                0x000116ec                MonitorMode::MonitorMode()
 .text          0x00011720       0x70 build\LPCPort.o
 .text._ZN4PortC2Eh
                0x00011790       0x20 build\LPCPort.o
                0x00011790                Port::Port(unsigned char)
                0x00011790                Port::Port(unsigned char)
 .text          0x000117b0      0xc30 build\LiquidCrystal.o
                0x000117b0                SysTick_Handler()
                0x00011800                LiquidCrystal::LiquidCrystal(Pin, Pin, Pin, Pin, Pin, Pin, Pin, Pin, Pin, Pin, Pin)
                0x00011800                LiquidCrystal::LiquidCrystal(Pin, Pin, Pin, Pin, Pin, Pin, Pin, Pin, Pin, Pin, Pin)
                0x000118b8                LiquidCrystal::LiquidCrystal(Pin, Pin, Pin, Pin, Pin, Pin, Pin, Pin, Pin, Pin)
                0x000118b8                LiquidCrystal::LiquidCrystal(Pin, Pin, Pin, Pin, Pin, Pin, Pin, Pin, Pin, Pin)
                0x0001197c                LiquidCrystal::LiquidCrystal(Pin, Pin, Pin, Pin, Pin, Pin, Pin)
                0x0001197c                LiquidCrystal::LiquidCrystal(Pin, Pin, Pin, Pin, Pin, Pin, Pin)
                0x00011a5c                LiquidCrystal::LiquidCrystal(Pin, Pin, Pin, Pin, Pin, Pin)
                0x00011a5c                LiquidCrystal::LiquidCrystal(Pin, Pin, Pin, Pin, Pin, Pin)
                0x00011b48                LiquidCrystal::init(unsigned char, Pin, Pin, Pin, Pin, Pin, Pin, Pin, Pin, Pin, Pin, Pin)
                0x00011c14                LiquidCrystal::begin(unsigned char, unsigned char, unsigned char)
                0x00011d8c                LiquidCrystal::clear()
                0x00011db0                LiquidCrystal::home()
                0x00011dd4                LiquidCrystal::setCursor(unsigned char, unsigned char)
                0x00011e3c                LiquidCrystal::noDisplay()
                0x00011e6c                LiquidCrystal::display()
                0x00011e9c                LiquidCrystal::noCursor()
                0x00011ecc                LiquidCrystal::cursor()
                0x00011efc                LiquidCrystal::noBlink()
                0x00011f2c                LiquidCrystal::blink()
                0x00011f5c                LiquidCrystal::scrollDisplayLeft()
                0x00011f78                LiquidCrystal::scrollDisplayRight()
                0x00011f94                LiquidCrystal::leftToRight()
                0x00011fc4                LiquidCrystal::rightToLeft()
                0x00011ff4                LiquidCrystal::autoscroll()
                0x00012024                LiquidCrystal::noAutoscroll()
                0x00012054                LiquidCrystal::createChar(unsigned char, unsigned char*)
                0x000120c0                LiquidCrystal::writeInt(unsigned short, unsigned char)
                0x00012180                LiquidCrystal::writeString(char*)
                0x000121c4                LiquidCrystal::writeFromPgmspace(char const*)
                0x00012204                LiquidCrystal::send(unsigned char, bool)
                0x00012288                LiquidCrystal::pulseEnable()
                0x000122e0                LiquidCrystal::write4bits(unsigned char)
                0x00012360                LiquidCrystal::write8bits(unsigned char)
 .text._ZN4PortC2Ev
                0x000123e0       0x20 build\LiquidCrystal.o
                0x000123e0                Port::Port()
                0x000123e0                Port::Port()
 .text._ZN4Port6isNullEv
                0x00012400       0x24 build\LiquidCrystal.o
                0x00012400                Port::isNull()
 .text._ZN3PinC2Ev
                0x00012424       0x28 build\LiquidCrystal.o
                0x00012424                Pin::Pin()
                0x00012424                Pin::Pin()
 .text._ZN3Pin6isNullEv
                0x0001244c       0x1c build\LiquidCrystal.o
                0x0001244c                Pin::isNull()
 .text._ZN13LiquidCrystal7commandEh
                0x00012468       0x24 build\LiquidCrystal.o
                0x00012468                LiquidCrystal::command(unsigned char)
 .text._ZN13LiquidCrystal5writeEh
                0x0001248c       0x24 build\LiquidCrystal.o
                0x0001248c                LiquidCrystal::write(unsigned char)
 .text          0x000124b0      0x1d0 build\Main.o
                0x000125ac                reset(bool)
                0x00012648                main
 .text          0x00012680     0x1298 build\Menu.o
                0x000126d0                queryExtruderParameter(unsigned char, OutPacket&)
                0x000127f8                SplashScreen::update(LiquidCrystal&, bool)
                0x00012884                SplashScreen::notifyButtonPressed(InterfaceBoardDefinitions::ButtonName)
                0x0001289c                SplashScreen::reset()
                0x000128b0                JogMode::reset()
                0x000128d4                JogMode::update(LiquidCrystal&, bool)
                0x00012994                JogMode::jog(InterfaceBoardDefinitions::ButtonName)
                0x00012ab0                JogMode::notifyButtonPressed(InterfaceBoardDefinitions::ButtonName)
                0x00012b3c                SnakeMode::update(LiquidCrystal&, bool)
                0x00012edc                SnakeMode::reset()
                0x00012f9c                SnakeMode::notifyButtonPressed(InterfaceBoardDefinitions::ButtonName)
                0x00013018                MonitorMode::reset()
                0x0001302c                MonitorMode::update(LiquidCrystal&, bool)
                0x000131e4                MonitorMode::notifyButtonPressed(InterfaceBoardDefinitions::ButtonName)
                0x00013220                Menu::update(LiquidCrystal&, bool)
                0x00013324                Menu::reset()
                0x0001335c                Menu::resetState()
                0x00013370                Menu::handleSelect(unsigned char)
                0x00013388                Menu::handleCancel()
                0x0001339c                Menu::notifyButtonPressed(InterfaceBoardDefinitions::ButtonName)
                0x0001345c                CancelBuildMenu::CancelBuildMenu()
                0x0001345c                CancelBuildMenu::CancelBuildMenu()
                0x00013494                CancelBuildMenu::resetState()
                0x000134b8                CancelBuildMenu::drawItem(unsigned char, LiquidCrystal&)
                0x00013518                CancelBuildMenu::handleSelect(unsigned char)
                0x00013548                MainMenu::MainMenu()
                0x00013548                MainMenu::MainMenu()
                0x00013580                MainMenu::drawItem(unsigned char, LiquidCrystal&)
                0x000135f0                MainMenu::handleSelect(unsigned char)
                0x00013654                SDMenu::SDMenu()
                0x00013654                SDMenu::SDMenu()
                0x00013684                SDMenu::resetState()
                0x000136a4                SDMenu::countFiles()
                0x00013714                SDMenu::getFilename(unsigned char, char*, unsigned char)
                0x000137a8                SDMenu::drawItem(unsigned char, LiquidCrystal&)
                0x00013858                SDMenu::handleSelect(unsigned char)
 .text._ZN5PointixEj
                0x00013918       0x20 build\Menu.o
                0x00013918                Point::operator[](unsigned int)
 .text._ZN4Menu13getUpdateRateEv
                0x00013938       0x1c build\Menu.o
                0x00013938                Menu::getUpdateRate()
 .text._ZN12SplashScreen13getUpdateRateEv
                0x00013954       0x18 build\Menu.o
                0x00013954                SplashScreen::getUpdateRate()
 .text._ZN7JogMode13getUpdateRateEv
                0x0001396c       0x18 build\Menu.o
                0x0001396c                JogMode::getUpdateRate()
 .text._ZN9SnakeMode13getUpdateRateEv
                0x00013984       0x18 build\Menu.o
                0x00013984                SnakeMode::getUpdateRate()
 .text._ZN11MonitorMode13getUpdateRateEv
                0x0001399c       0x1c build\Menu.o
                0x0001399c                MonitorMode::getUpdateRate()
 .text._ZN7JogModeC2Ev
                0x000139b8       0x28 build\Menu.o
                0x000139b8                JogMode::JogMode()
                0x000139b8                JogMode::JogMode()
 .text._ZN9SnakeModeC2Ev
                0x000139e0       0x28 build\Menu.o
                0x000139e0                SnakeMode::SnakeMode()
                0x000139e0                SnakeMode::SnakeMode()
 .text._ZN4MenuC2Ev
                0x00013a08       0x28 build\Menu.o
                0x00013a08                Menu::Menu()
                0x00013a08                Menu::Menu()
 .text          0x00013a30      0x72c build\Motherboard.o
                0x00013a30                Motherboard::Motherboard()
                0x00013a30                Motherboard::Motherboard()
                0x00013ce0                Motherboard::reset()
                0x00013ea0                Motherboard::getCurrentMicros()
                0x00013ebc                Motherboard::doInterrupt()
                0x00013ef8                Motherboard::runMotherboardSlice()
                0x00013f3c                TIMER1_IRQHandler()
                0x00013f5c                Motherboard::indicateError(int)
                0x00013fd0                Motherboard::getCurrentError()
                0x00013ff0                TIMER2_IRQHandler()
 .text._ZN4UART12getSlaveUARTEv
                0x0001415c       0x14 build\Motherboard.o
                0x0001415c                UART::getSlaveUART()
 .text._ZN16StepperInterfaceC2Ev
                0x00014170       0x4c build\Motherboard.o
                0x00014170                StepperInterface::StepperInterface()
                0x00014170                StepperInterface::StepperInterface()
 .text._ZN16StepperInterfaceC2ERK3PinS2_S2_S2_S2_
                0x000141bc       0x64 build\Motherboard.o
                0x000141bc                StepperInterface::StepperInterface(Pin const&, Pin const&, Pin const&, Pin const&, Pin const&)
                0x000141bc                StepperInterface::StepperInterface(Pin const&, Pin const&, Pin const&, Pin const&, Pin const&)
 .text._ZN11Motherboard12getSlaveUARTEv
                0x00014220       0x18 build\Motherboard.o
                0x00014220                Motherboard::getSlaveUART()
 .text._ZN11Motherboard6getPSUEv
                0x00014238       0x1c build\Motherboard.o
                0x00014238                Motherboard::getPSU()
 .text          0x00014254      0x28c build\PID.o
 .text          0x000144e0       0x2c build\PSU.o
                0x000144e0                PSU::init()
                0x000144f4                PSU::turnOn(bool)
 .text          0x0001450c      0x54c build\Packet.o
                0x0001450c                _crc_ibutton_update
 .text          0x00014a58      0x730 build\SDCard.o
                0x00014a58                sdcard::openPartition()
                0x00014ac8                sdcard::openFilesys()
                0x00014af8                sdcard::openRoot()
                0x00014b4c                sdcard::initCard()
                0x00014bfc                sdcard::directoryReset()
                0x00014c3c                sdcard::directoryNextEntry(char*, unsigned char)
                0x00014d10                sdcard::findFileInDir(char const*, fat_dir_entry_struct*)
                0x00014d6c                sdcard::openFile(char const*, fat_file_struct**)
                0x00014dc0                sdcard::deleteFile(char*)
                0x00014e08                sdcard::createFile(char*)
                0x00014e3c                sdcard::isPlaying()
                0x00014e50                sdcard::isCapturing()
                0x00014e64                sdcard::startCapture(char*)
                0x00014efc                sdcard::capturePacket(Packet const&)
                0x00014f54                sdcard::finishCapture()
                0x00014fa0                sdcard::fetchNextByte()
                0x00014fe0                sdcard::playbackHasNext()
                0x00014ff4                sdcard::playbackNext()
                0x00015014                sdcard::startPlayback(char*)
                0x000150a0                sdcard::playbackRewind(unsigned char)
                0x000150d4                sdcard::finishPlayback()
                0x00015108                sdcard::reset()
 .text          0x00015188      0x244 build\StepperInterface.o
                0x00015188                StepperInterface::setDirection(bool)
                0x000151b8                StepperInterface::step(bool)
                0x000151dc                StepperInterface::setEnabled(bool)
                0x00015208                StepperInterface::isAtMaximum()
                0x00015254                StepperInterface::isAtMinimum()
                0x000152a0                StepperInterface::init(unsigned char)
 .text          0x000153cc      0x66c build\Steppers.o
                0x000153cc                steppers::isRunning()
                0x00015400                steppers::init(Motherboard&)
                0x00015474                steppers::abort()
                0x00015498                steppers::definePosition(Point const&)
                0x000154ec                steppers::getPosition()
                0x00015520                steppers::setHoldZ(bool)
                0x00015540                steppers::setTarget(Point const&, long)
                0x0001568c                steppers::setTargetNew(Point const&, long, unsigned char)
                0x000157d0                steppers::startHoming(bool, unsigned char, unsigned long)
                0x00015898                steppers::enableAxis(unsigned char, bool)
                0x000158cc                steppers::doInterrupt()
 .text._ZN8steppers4AxisC2Ev
                0x00015a38       0x20 build\Steppers.o
                0x00015a38                steppers::Axis::Axis()
                0x00015a38                steppers::Axis::Axis()
 .text._ZN8steppers4AxisC2ER16StepperInterface
                0x00015a58       0x24 build\Steppers.o
                0x00015a58                steppers::Axis::Axis(StepperInterface&)
                0x00015a58                steppers::Axis::Axis(StepperInterface&)
 .text._ZN8steppers4Axis9setTargetElb
                0x00015a7c       0x84 build\Steppers.o
                0x00015a7c                steppers::Axis::setTarget(long, bool)
 .text._ZN8steppers4Axis9setHomingEb
                0x00015b00       0x30 build\Steppers.o
                0x00015b00                steppers::Axis::setHoming(bool)
 .text._ZN8steppers4Axis14definePositionEl
                0x00015b30       0x1c build\Steppers.o
                0x00015b30                steppers::Axis::definePosition(long)
 .text._ZN8steppers4Axis13enableStepperEb
                0x00015b4c       0x24 build\Steppers.o
                0x00015b4c                steppers::Axis::enableStepper(bool)
 .text._ZN8steppers4Axis5resetEv
                0x00015b70       0x44 build\Steppers.o
                0x00015b70                steppers::Axis::reset()
 .text._ZN8steppers4Axis11doInterruptEl
                0x00015bb4       0xcc build\Steppers.o
                0x00015bb4                steppers::Axis::doInterrupt(long)
 .text._ZN8steppers4Axis8doHomingEl
                0x00015c80       0xf8 build\Steppers.o
                0x00015c80                steppers::Axis::doHoming(long)
 .text          0x00015d78       0xe0 build\Timeout.o
                0x00015d78                Timeout::Timeout()
                0x00015d78                Timeout::Timeout()
                0x00015da0                Timeout::start(unsigned long)
                0x00015ddc                Timeout::hasElapsed()
                0x00015e3c                Timeout::abort()
 .text          0x00015e58      0x384 build\Tool.o
                0x00015e58                tool::getInPacket()
                0x00015e74                tool::getOutPacket()
                0x00015e90                tool::reset()
                0x00015f70                tool::getLock()
                0x00015fa8                tool::releaseLock()
                0x00015fc0                tool::startTransaction()
                0x00016018                tool::isTransactionDone()
                0x00016034                tool::runToolSlice()
 .text          0x000161dc      0x33c build\UART.o
                0x0001622c                UART::UART(unsigned char)
                0x0001622c                UART::UART(unsigned char)
                0x0001630c                UART::beginSend()
                0x0001638c                UART::enable(bool)
                0x000163f0                UART::reset()
                0x00016418                UART1_IRQHandler()
 .text._Z6listenv
                0x00016518       0x30 build\UART.o
                0x00016518                listen()
 .text._Z5speakv
                0x00016548       0x30 build\UART.o
                0x00016548                speak()
 .text          0x00016578        0x0 c:/progra~2/codesourcery/source~1/bin/../lib/gcc/arm-none-eabi/4.5.2/../../../../arm-none-eabi/lib/thumb2\libstdc++.a(si_class_type_info.o)
 .text._ZNK10__cxxabiv120__si_class_type_info11__do_upcastEPKNS_17__class_type_infoEPKvRNS1_15__upcast_resultE
                0x00016578       0x28 c:/progra~2/codesourcery/source~1/bin/../lib/gcc/arm-none-eabi/4.5.2/../../../../arm-none-eabi/lib/thumb2\libstdc++.a(si_class_type_info.o)
                0x00016578                __cxxabiv1::__si_class_type_info::__do_upcast(__cxxabiv1::__class_type_info const*, void const*, __cxxabiv1::__class_type_info::__upcast_result&) const
 .text._ZNK10__cxxabiv120__si_class_type_info12__do_dyncastEiNS_17__class_type_info10__sub_kindEPKS1_PKvS4_S6_RNS1_16__dyncast_resultE
                0x000165a0       0x90 c:/progra~2/codesourcery/source~1/bin/../lib/gcc/arm-none-eabi/4.5.2/../../../../arm-none-eabi/lib/thumb2\libstdc++.a(si_class_type_info.o)
                0x000165a0                __cxxabiv1::__si_class_type_info::__do_dyncast(int, __cxxabiv1::__class_type_info::__sub_kind, __cxxabiv1::__class_type_info const*, void const*, __cxxabiv1::__class_type_info const*, void const*, __cxxabiv1::__class_type_info::__dyncast_result&) const
 .text._ZNK10__cxxabiv120__si_class_type_info20__do_find_public_srcEiPKvPKNS_17__class_type_infoES2_
                0x00016630       0x38 c:/progra~2/codesourcery/source~1/bin/../lib/gcc/arm-none-eabi/4.5.2/../../../../arm-none-eabi/lib/thumb2\libstdc++.a(si_class_type_info.o)
                0x00016630                __cxxabiv1::__si_class_type_info::__do_find_public_src(int, void const*, __cxxabiv1::__class_type_info const*, void const*) const
 .text._ZN10__cxxabiv120__si_class_type_infoD2Ev
                0x00016668       0x14 c:/progra~2/codesourcery/source~1/bin/../lib/gcc/arm-none-eabi/4.5.2/../../../../arm-none-eabi/lib/thumb2\libstdc++.a(si_class_type_info.o)
                0x00016668                __cxxabiv1::__si_class_type_info::~__si_class_type_info()
                0x00016668                __cxxabiv1::__si_class_type_info::~__si_class_type_info()
 .text._ZN10__cxxabiv120__si_class_type_infoD0Ev
                0x0001667c       0x1c c:/progra~2/codesourcery/source~1/bin/../lib/gcc/arm-none-eabi/4.5.2/../../../../arm-none-eabi/lib/thumb2\libstdc++.a(si_class_type_info.o)
                0x0001667c                __cxxabiv1::__si_class_type_info::~__si_class_type_info()
 .text          0x00016698        0x0 c:/progra~2/codesourcery/source~1/bin/../lib/gcc/arm-none-eabi/4.5.2/../../../../arm-none-eabi/lib/thumb2\libstdc++.a(del_op.o)
 .text._ZdlPv   0x00016698        0x8 c:/progra~2/codesourcery/source~1/bin/../lib/gcc/arm-none-eabi/4.5.2/../../../../arm-none-eabi/lib/thumb2\libstdc++.a(del_op.o)
                0x00016698                operator delete(void*)
 .text          0x000166a0        0x0 c:/progra~2/codesourcery/source~1/bin/../lib/gcc/arm-none-eabi/4.5.2/../../../../arm-none-eabi/lib/thumb2\libstdc++.a(pure.o)
 .text.__cxa_pure_virtual
                0x000166a0       0x18 c:/progra~2/codesourcery/source~1/bin/../lib/gcc/arm-none-eabi/4.5.2/../../../../arm-none-eabi/lib/thumb2\libstdc++.a(pure.o)
                0x000166a0                __cxa_pure_virtual
 .text          0x000166b8        0x0 c:/progra~2/codesourcery/source~1/bin/../lib/gcc/arm-none-eabi/4.5.2/../../../../arm-none-eabi/lib/thumb2\libstdc++.a(class_type_info.o)
 .text._ZNK10__cxxabiv117__class_type_info11__do_upcastEPKS0_PPv
                0x000166b8       0x38 c:/progra~2/codesourcery/source~1/bin/../lib/gcc/arm-none-eabi/4.5.2/../../../../arm-none-eabi/lib/thumb2\libstdc++.a(class_type_info.o)
                0x000166b8                __cxxabiv1::__class_type_info::__do_upcast(__cxxabiv1::__class_type_info const*, void**) const
 .text._ZNK10__cxxabiv117__class_type_info20__do_find_public_srcEiPKvPKS0_S2_
                0x000166f0        0xc c:/progra~2/codesourcery/source~1/bin/../lib/gcc/arm-none-eabi/4.5.2/../../../../arm-none-eabi/lib/thumb2\libstdc++.a(class_type_info.o)
                0x000166f0                __cxxabiv1::__class_type_info::__do_find_public_src(int, void const*, __cxxabiv1::__class_type_info const*, void const*) const
 .text._ZNK10__cxxabiv117__class_type_info11__do_upcastEPKS0_PKvRNS0_15__upcast_resultE
                0x000166fc       0x1c c:/progra~2/codesourcery/source~1/bin/../lib/gcc/arm-none-eabi/4.5.2/../../../../arm-none-eabi/lib/thumb2\libstdc++.a(class_type_info.o)
                0x000166fc                __cxxabiv1::__class_type_info::__do_upcast(__cxxabiv1::__class_type_info const*, void const*, __cxxabiv1::__class_type_info::__upcast_result&) const
 .text._ZNK10__cxxabiv117__class_type_info12__do_dyncastEiNS0_10__sub_kindEPKS0_PKvS3_S5_RNS0_16__dyncast_resultE
                0x00016718       0x3c c:/progra~2/codesourcery/source~1/bin/../lib/gcc/arm-none-eabi/4.5.2/../../../../arm-none-eabi/lib/thumb2\libstdc++.a(class_type_info.o)
                0x00016718                __cxxabiv1::__class_type_info::__do_dyncast(int, __cxxabiv1::__class_type_info::__sub_kind, __cxxabiv1::__class_type_info const*, void const*, __cxxabiv1::__class_type_info const*, void const*, __cxxabiv1::__class_type_info::__dyncast_result&) const
 .text._ZNK10__cxxabiv117__class_type_info10__do_catchEPKSt9type_infoPPvj
                0x00016754       0x28 c:/progra~2/codesourcery/source~1/bin/../lib/gcc/arm-none-eabi/4.5.2/../../../../arm-none-eabi/lib/thumb2\libstdc++.a(class_type_info.o)
                0x00016754                __cxxabiv1::__class_type_info::__do_catch(std::type_info const*, void**, unsigned int) const
 .text._ZN10__cxxabiv117__class_type_infoD2Ev
                0x0001677c       0x14 c:/progra~2/codesourcery/source~1/bin/../lib/gcc/arm-none-eabi/4.5.2/../../../../arm-none-eabi/lib/thumb2\libstdc++.a(class_type_info.o)
                0x0001677c                __cxxabiv1::__class_type_info::~__class_type_info()
                0x0001677c                __cxxabiv1::__class_type_info::~__class_type_info()
 .text._ZN10__cxxabiv117__class_type_infoD0Ev
                0x00016790       0x1c c:/progra~2/codesourcery/source~1/bin/../lib/gcc/arm-none-eabi/4.5.2/../../../../arm-none-eabi/lib/thumb2\libstdc++.a(class_type_info.o)
                0x00016790                __cxxabiv1::__class_type_info::~__class_type_info()
 .text          0x000167ac        0x0 c:/progra~2/codesourcery/source~1/bin/../lib/gcc/arm-none-eabi/4.5.2/../../../../arm-none-eabi/lib/thumb2\libstdc++.a(tinfo.o)
 .text._ZNSt9type_infoD2Ev
                0x000167ac        0xc c:/progra~2/codesourcery/source~1/bin/../lib/gcc/arm-none-eabi/4.5.2/../../../../arm-none-eabi/lib/thumb2\libstdc++.a(tinfo.o)
                0x000167ac                std::type_info::~type_info()
                0x000167ac                std::type_info::~type_info()
 .text._ZNKSt9type_info14__is_pointer_pEv
                0x000167b8        0x4 c:/progra~2/codesourcery/source~1/bin/../lib/gcc/arm-none-eabi/4.5.2/../../../../arm-none-eabi/lib/thumb2\libstdc++.a(tinfo.o)
                0x000167b8                std::type_info::__is_pointer_p() const
 .text._ZNKSt9type_info15__is_function_pEv
                0x000167bc        0x4 c:/progra~2/codesourcery/source~1/bin/../lib/gcc/arm-none-eabi/4.5.2/../../../../arm-none-eabi/lib/thumb2\libstdc++.a(tinfo.o)
                0x000167bc                std::type_info::__is_function_p() const
 .text._ZNKSt9type_info11__do_upcastEPKN10__cxxabiv117__class_type_infoEPPv
                0x000167c0        0x4 c:/progra~2/codesourcery/source~1/bin/../lib/gcc/arm-none-eabi/4.5.2/../../../../arm-none-eabi/lib/thumb2\libstdc++.a(tinfo.o)
                0x000167c0                std::type_info::__do_upcast(__cxxabiv1::__class_type_info const*, void**) const
 .text._ZNSt9type_infoD0Ev
                0x000167c4       0x14 c:/progra~2/codesourcery/source~1/bin/../lib/gcc/arm-none-eabi/4.5.2/../../../../arm-none-eabi/lib/thumb2\libstdc++.a(tinfo.o)
                0x000167c4                std::type_info::~type_info()
 .text._ZNKSt9type_infoeqERKS_
                0x000167d8       0x3c c:/progra~2/codesourcery/source~1/bin/../lib/gcc/arm-none-eabi/4.5.2/../../../../arm-none-eabi/lib/thumb2\libstdc++.a(tinfo.o)
                0x000167d8                std::type_info::operator==(std::type_info const&) const
 .text._ZNKSt9type_info10__do_catchEPKS_PPvj
                0x00016814        0x4 c:/progra~2/codesourcery/source~1/bin/../lib/gcc/arm-none-eabi/4.5.2/../../../../arm-none-eabi/lib/thumb2\libstdc++.a(tinfo.o)
                0x00016814                std::type_info::__do_catch(std::type_info const*, void**, unsigned int) const
 .text          0x00016818        0x0 c:/progra~2/codesourcery/source~1/bin/../lib/gcc/arm-none-eabi/4.5.2/../../../../arm-none-eabi/lib/thumb2\libstdc++.a(eh_terminate.o)
 .text._ZN10__cxxabiv111__terminateEPFvvE
                0x00016818       0x28 c:/progra~2/codesourcery/source~1/bin/../lib/gcc/arm-none-eabi/4.5.2/../../../../arm-none-eabi/lib/thumb2\libstdc++.a(eh_terminate.o)
                0x00016818                __cxxabiv1::__terminate(void (*)())
 .text._ZSt9terminatev
                0x00016840       0x10 c:/progra~2/codesourcery/source~1/bin/../lib/gcc/arm-none-eabi/4.5.2/../../../../arm-none-eabi/lib/thumb2\libstdc++.a(eh_terminate.o)
                0x00016840                std::terminate()
 .text._ZN10__cxxabiv112__unexpectedEPFvvE
                0x00016850        0x8 c:/progra~2/codesourcery/source~1/bin/../lib/gcc/arm-none-eabi/4.5.2/../../../../arm-none-eabi/lib/thumb2\libstdc++.a(eh_terminate.o)
                0x00016850                __cxxabiv1::__unexpected(void (*)())
 .text._ZSt10unexpectedv
                0x00016858       0x14 c:/progra~2/codesourcery/source~1/bin/../lib/gcc/arm-none-eabi/4.5.2/../../../../arm-none-eabi/lib/thumb2\libstdc++.a(eh_terminate.o)
                0x00016858                std::unexpected()
 .text._ZSt13set_terminatePFvvE
                0x0001686c       0x10 c:/progra~2/codesourcery/source~1/bin/../lib/gcc/arm-none-eabi/4.5.2/../../../../arm-none-eabi/lib/thumb2\libstdc++.a(eh_terminate.o)
                0x0001686c                std::set_terminate(void (*)())
 .text._ZSt14set_unexpectedPFvvE
                0x0001687c       0x10 c:/progra~2/codesourcery/source~1/bin/../lib/gcc/arm-none-eabi/4.5.2/../../../../arm-none-eabi/lib/thumb2\libstdc++.a(eh_terminate.o)
                0x0001687c                std::set_unexpected(void (*)())
 .text          0x0001688c        0x0 c:/progra~2/codesourcery/source~1/bin/../lib/gcc/arm-none-eabi/4.5.2/../../../../arm-none-eabi/lib/thumb2\libstdc++.a(eh_call.o)
 .text.__cxa_call_terminate
                0x0001688c       0x50 c:/progra~2/codesourcery/source~1/bin/../lib/gcc/arm-none-eabi/4.5.2/../../../../arm-none-eabi/lib/thumb2\libstdc++.a(eh_call.o)
                0x0001688c                __cxa_call_terminate
 .text.__cxa_call_unexpected
                0x000168dc      0x130 c:/progra~2/codesourcery/source~1/bin/../lib/gcc/arm-none-eabi/4.5.2/../../../../arm-none-eabi/lib/thumb2\libstdc++.a(eh_call.o)
                0x000168dc                __cxa_call_unexpected
 .text          0x00016a0c        0x0 c:/progra~2/codesourcery/source~1/bin/../lib/gcc/arm-none-eabi/4.5.2/../../../../arm-none-eabi/lib/thumb2\libstdc++.a(eh_term_handler.o)
 .text          0x00016a0c        0x0 c:/progra~2/codesourcery/source~1/bin/../lib/gcc/arm-none-eabi/4.5.2/../../../../arm-none-eabi/lib/thumb2\libstdc++.a(eh_personality.o)
 .text._ZL12read_sleb128PKhPl
                0x00016a0c       0x3c c:/progra~2/codesourcery/source~1/bin/../lib/gcc/arm-none-eabi/4.5.2/../../../../arm-none-eabi/lib/thumb2\libstdc++.a(eh_personality.o)
 .text._ZL28read_encoded_value_with_basehjPKhPj
                0x00016a48       0xac c:/progra~2/codesourcery/source~1/bin/../lib/gcc/arm-none-eabi/4.5.2/../../../../arm-none-eabi/lib/thumb2\libstdc++.a(eh_personality.o)
 .text._ZL21base_of_encoded_valuehP15_Unwind_Context
                0x00016af4       0x4c c:/progra~2/codesourcery/source~1/bin/../lib/gcc/arm-none-eabi/4.5.2/../../../../arm-none-eabi/lib/thumb2\libstdc++.a(eh_personality.o)
 .text._ZL17parse_lsda_headerP15_Unwind_ContextPKhP16lsda_header_info
                0x00016b40       0x8c c:/progra~2/codesourcery/source~1/bin/../lib/gcc/arm-none-eabi/4.5.2/../../../../arm-none-eabi/lib/thumb2\libstdc++.a(eh_personality.o)
 .text.__gxx_personality_v0
                0x00016bcc      0x3ec c:/progra~2/codesourcery/source~1/bin/../lib/gcc/arm-none-eabi/4.5.2/../../../../arm-none-eabi/lib/thumb2\libstdc++.a(eh_personality.o)
                0x00016bcc                __gxx_personality_v0
 .text          0x00016fb8        0x0 c:/progra~2/codesourcery/source~1/bin/../lib/gcc/arm-none-eabi/4.5.2/../../../../arm-none-eabi/lib/thumb2\libstdc++.a(eh_throw.o)
 .text._ZL23__gxx_exception_cleanup19_Unwind_Reason_CodeP21_Unwind_Control_Block
                0x00016fb8       0x4c c:/progra~2/codesourcery/source~1/bin/../lib/gcc/arm-none-eabi/4.5.2/../../../../arm-none-eabi/lib/thumb2\libstdc++.a(eh_throw.o)
 .text.__cxa_throw
                0x00017004       0x80 c:/progra~2/codesourcery/source~1/bin/../lib/gcc/arm-none-eabi/4.5.2/../../../../arm-none-eabi/lib/thumb2\libstdc++.a(eh_throw.o)
                0x00017004                __cxa_throw
 .text.__cxa_rethrow
                0x00017084       0x78 c:/progra~2/codesourcery/source~1/bin/../lib/gcc/arm-none-eabi/4.5.2/../../../../arm-none-eabi/lib/thumb2\libstdc++.a(eh_throw.o)
                0x00017084                __cxa_rethrow
 .text          0x000170fc        0x0 c:/progra~2/codesourcery/source~1/bin/../lib/gcc/arm-none-eabi/4.5.2/../../../../arm-none-eabi/lib/thumb2\libstdc++.a(eh_unex_handler.o)
 .text          0x000170fc        0x0 c:/progra~2/codesourcery/source~1/bin/../lib/gcc/arm-none-eabi/4.5.2/../../../../arm-none-eabi/lib/thumb2\libstdc++.a(eh_globals.o)
 .text.__cxa_get_globals_fast
                0x000170fc        0xc c:/progra~2/codesourcery/source~1/bin/../lib/gcc/arm-none-eabi/4.5.2/../../../../arm-none-eabi/lib/thumb2\libstdc++.a(eh_globals.o)
                0x000170fc                __cxa_get_globals_fast
 .text.__cxa_get_globals
                0x00017108        0xc c:/progra~2/codesourcery/source~1/bin/../lib/gcc/arm-none-eabi/4.5.2/../../../../arm-none-eabi/lib/thumb2\libstdc++.a(eh_globals.o)
                0x00017108                __cxa_get_globals
 .text          0x00017114        0x0 c:/progra~2/codesourcery/source~1/bin/../lib/gcc/arm-none-eabi/4.5.2/../../../../arm-none-eabi/lib/thumb2\libstdc++.a(eh_catch.o)
 .text.__cxa_get_exception_ptr
                0x00017114        0x4 c:/progra~2/codesourcery/source~1/bin/../lib/gcc/arm-none-eabi/4.5.2/../../../../arm-none-eabi/lib/thumb2\libstdc++.a(eh_catch.o)
                0x00017114                __cxa_get_exception_ptr
 .text.__cxa_begin_catch
                0x00017118       0x9c c:/progra~2/codesourcery/source~1/bin/../lib/gcc/arm-none-eabi/4.5.2/../../../../arm-none-eabi/lib/thumb2\libstdc++.a(eh_catch.o)
                0x00017118                __cxa_begin_catch
 .text.__cxa_end_catch
                0x000171b4       0x98 c:/progra~2/codesourcery/source~1/bin/../lib/gcc/arm-none-eabi/4.5.2/../../../../arm-none-eabi/lib/thumb2\libstdc++.a(eh_catch.o)
                0x000171b4                __cxa_end_catch
 .text._ZSt18uncaught_exceptionv
                0x0001724c       0x10 c:/progra~2/codesourcery/source~1/bin/../lib/gcc/arm-none-eabi/4.5.2/../../../../arm-none-eabi/lib/thumb2\libstdc++.a(eh_catch.o)
                0x0001724c                std::uncaught_exception()
 .text          0x0001725c        0x0 c:/progra~2/codesourcery/source~1/bin/../lib/gcc/arm-none-eabi/4.5.2/../../../../arm-none-eabi/lib/thumb2\libstdc++.a(vterminate.o)
 .text._ZN9__gnu_cxx27__verbose_terminate_handlerEv
                0x0001725c      0x148 c:/progra~2/codesourcery/source~1/bin/../lib/gcc/arm-none-eabi/4.5.2/../../../../arm-none-eabi/lib/thumb2\libstdc++.a(vterminate.o)
                0x0001725c                __gnu_cxx::__verbose_terminate_handler()
 .text          0x000173a4        0x0 c:/progra~2/codesourcery/source~1/bin/../lib/gcc/arm-none-eabi/4.5.2/../../../../arm-none-eabi/lib/thumb2\libstdc++.a(eh_exception.o)
 .text._ZNSt9exceptionD2Ev
                0x000173a4        0xc c:/progra~2/codesourcery/source~1/bin/../lib/gcc/arm-none-eabi/4.5.2/../../../../arm-none-eabi/lib/thumb2\libstdc++.a(eh_exception.o)
                0x000173a4                std::exception::~exception()
                0x000173a4                std::exception::~exception()
 .text._ZNSt13bad_exceptionD2Ev
                0x000173b0        0xc c:/progra~2/codesourcery/source~1/bin/../lib/gcc/arm-none-eabi/4.5.2/../../../../arm-none-eabi/lib/thumb2\libstdc++.a(eh_exception.o)
                0x000173b0                std::bad_exception::~bad_exception()
                0x000173b0                std::bad_exception::~bad_exception()
 .text._ZN10__cxxabiv115__forced_unwindD2Ev
                0x000173bc        0xc c:/progra~2/codesourcery/source~1/bin/../lib/gcc/arm-none-eabi/4.5.2/../../../../arm-none-eabi/lib/thumb2\libstdc++.a(eh_exception.o)
                0x000173bc                __cxxabiv1::__forced_unwind::~__forced_unwind()
                0x000173bc                __cxxabiv1::__forced_unwind::~__forced_unwind()
 .text._ZN10__cxxabiv119__foreign_exceptionD2Ev
                0x000173c8        0xc c:/progra~2/codesourcery/source~1/bin/../lib/gcc/arm-none-eabi/4.5.2/../../../../arm-none-eabi/lib/thumb2\libstdc++.a(eh_exception.o)
                0x000173c8                __cxxabiv1::__foreign_exception::~__foreign_exception()
                0x000173c8                __cxxabiv1::__foreign_exception::~__foreign_exception()
 .text._ZNKSt9exception4whatEv
                0x000173d4        0xc c:/progra~2/codesourcery/source~1/bin/../lib/gcc/arm-none-eabi/4.5.2/../../../../arm-none-eabi/lib/thumb2\libstdc++.a(eh_exception.o)
                0x000173d4                std::exception::what() const
 .text._ZNKSt13bad_exception4whatEv
                0x000173e0        0xc c:/progra~2/codesourcery/source~1/bin/../lib/gcc/arm-none-eabi/4.5.2/../../../../arm-none-eabi/lib/thumb2\libstdc++.a(eh_exception.o)
                0x000173e0                std::bad_exception::what() const
 .text._ZN10__cxxabiv119__foreign_exceptionD0Ev
                0x000173ec       0x14 c:/progra~2/codesourcery/source~1/bin/../lib/gcc/arm-none-eabi/4.5.2/../../../../arm-none-eabi/lib/thumb2\libstdc++.a(eh_exception.o)
                0x000173ec                __cxxabiv1::__foreign_exception::~__foreign_exception()
 .text._ZN10__cxxabiv115__forced_unwindD0Ev
                0x00017400       0x14 c:/progra~2/codesourcery/source~1/bin/../lib/gcc/arm-none-eabi/4.5.2/../../../../arm-none-eabi/lib/thumb2\libstdc++.a(eh_exception.o)
                0x00017400                __cxxabiv1::__forced_unwind::~__forced_unwind()
 .text._ZNSt13bad_exceptionD0Ev
                0x00017414       0x14 c:/progra~2/codesourcery/source~1/bin/../lib/gcc/arm-none-eabi/4.5.2/../../../../arm-none-eabi/lib/thumb2\libstdc++.a(eh_exception.o)
                0x00017414                std::bad_exception::~bad_exception()
 .text._ZNSt9exceptionD0Ev
                0x00017428       0x14 c:/progra~2/codesourcery/source~1/bin/../lib/gcc/arm-none-eabi/4.5.2/../../../../arm-none-eabi/lib/thumb2\libstdc++.a(eh_exception.o)
                0x00017428                std::exception::~exception()
 .text          0x0001743c        0x0 c:/progra~2/codesourcery/source~1/bin/../lib/gcc/arm-none-eabi/4.5.2/../../../../arm-none-eabi/lib/thumb2\libstdc++.a(eh_type.o)
 .text.__cxa_current_exception_type
                0x0001743c       0x1c c:/progra~2/codesourcery/source~1/bin/../lib/gcc/arm-none-eabi/4.5.2/../../../../arm-none-eabi/lib/thumb2\libstdc++.a(eh_type.o)
                0x0001743c                __cxa_current_exception_type
 .text          0x00017458        0xc c:/progra~2/codesourcery/source~1/bin/../lib/gcc/arm-none-eabi/4.5.2/../../../../arm-none-eabi/lib/thumb2\libstdc++.a(eh_arm.o)
                0x00017458                __cxa_end_cleanup
 .text.__cxa_type_match
                0x00017464       0xd0 c:/progra~2/codesourcery/source~1/bin/../lib/gcc/arm-none-eabi/4.5.2/../../../../arm-none-eabi/lib/thumb2\libstdc++.a(eh_arm.o)
                0x00017464                __cxa_type_match
 .text.__cxa_begin_cleanup
                0x00017534       0x70 c:/progra~2/codesourcery/source~1/bin/../lib/gcc/arm-none-eabi/4.5.2/../../../../arm-none-eabi/lib/thumb2\libstdc++.a(eh_arm.o)
                0x00017534                __cxa_begin_cleanup
 .text.__gnu_end_cleanup
                0x000175a4       0x7c c:/progra~2/codesourcery/source~1/bin/../lib/gcc/arm-none-eabi/4.5.2/../../../../arm-none-eabi/lib/thumb2\libstdc++.a(eh_arm.o)
                0x000175a4                __gnu_end_cleanup
 .text          0x00017620        0x0 c:/progra~2/codesourcery/source~1/bin/../lib/gcc/arm-none-eabi/4.5.2/../../../../arm-none-eabi/lib/thumb2\libstdc++.a(eh_alloc.o)
 .text.__cxa_allocate_exception
                0x00017620       0x7c c:/progra~2/codesourcery/source~1/bin/../lib/gcc/arm-none-eabi/4.5.2/../../../../arm-none-eabi/lib/thumb2\libstdc++.a(eh_alloc.o)
                0x00017620                __cxa_allocate_exception
 .text.__cxa_free_exception
                0x0001769c       0x3c c:/progra~2/codesourcery/source~1/bin/../lib/gcc/arm-none-eabi/4.5.2/../../../../arm-none-eabi/lib/thumb2\libstdc++.a(eh_alloc.o)
                0x0001769c                __cxa_free_exception
 .text.__cxa_allocate_dependent_exception
                0x000176d8       0x78 c:/progra~2/codesourcery/source~1/bin/../lib/gcc/arm-none-eabi/4.5.2/../../../../arm-none-eabi/lib/thumb2\libstdc++.a(eh_alloc.o)
                0x000176d8                __cxa_allocate_dependent_exception
 .text.__cxa_free_dependent_exception
                0x00017750       0x4c c:/progra~2/codesourcery/source~1/bin/../lib/gcc/arm-none-eabi/4.5.2/../../../../arm-none-eabi/lib/thumb2\libstdc++.a(eh_alloc.o)
                0x00017750                __cxa_free_dependent_exception
 .text._GLOBAL__I___cxa_allocate_exception
                0x0001779c        0x4 c:/progra~2/codesourcery/source~1/bin/../lib/gcc/arm-none-eabi/4.5.2/../../../../arm-none-eabi/lib/thumb2\libstdc++.a(eh_alloc.o)
 .text          0x000177a0     0x912c c:/progra~2/codesourcery/source~1/bin/../lib/gcc/arm-none-eabi/4.5.2/../../../../arm-none-eabi/lib/thumb2\libstdc++.a(cp-demangle.o)
                0x000207c4                __cxa_demangle
                0x000208a0                __gcclibcxx_demangle_callback
 .text          0x000208cc      0x21c c:/progra~2/codesourcery/source~1/bin/../lib/gcc/arm-none-eabi/4.5.2/thumb2\libgcc.a(_arm_addsubsf3.o)
                0x000208cc                __aeabi_frsub
                0x000208d4                __subsf3
                0x000208d4                __aeabi_fsub
                0x000208d8                __aeabi_fadd
                0x000208d8                __addsf3
                0x00020a38                __aeabi_ui2f
                0x00020a38                __floatunsisf
                0x00020a40                __aeabi_i2f
                0x00020a40                __floatsisf
                0x00020a5c                __aeabi_ul2f
                0x00020a5c                __floatundisf
                0x00020a6c                __aeabi_l2f
                0x00020a6c                __floatdisf
 .text          0x00020ae8      0x2a0 c:/progra~2/codesourcery/source~1/bin/../lib/gcc/arm-none-eabi/4.5.2/thumb2\libgcc.a(_arm_muldivsf3.o)
                0x00020ae8                __mulsf3
                0x00020ae8                __aeabi_fmul
                0x00020c50                __aeabi_fdiv
                0x00020c50                __divsf3
 .text          0x00020d88       0xec c:/progra~2/codesourcery/source~1/bin/../lib/gcc/arm-none-eabi/4.5.2/thumb2\libgcc.a(_arm_cmpsf2.o)
                0x00020d88                __gesf2
                0x00020d88                __gtsf2
                0x00020d90                __lesf2
                0x00020d90                __ltsf2
                0x00020d98                __nesf2
                0x00020d98                __eqsf2
                0x00020d98                __cmpsf2
                0x00020df8                __aeabi_cfrcmple
                0x00020e00                __aeabi_cfcmpeq
                0x00020e00                __aeabi_cfcmple
                0x00020e10                __aeabi_fcmpeq
                0x00020e24                __aeabi_fcmplt
                0x00020e38                __aeabi_fcmple
                0x00020e4c                __aeabi_fcmpge
                0x00020e60                __aeabi_fcmpgt
 .text          0x00020e74       0x4c c:/progra~2/codesourcery/source~1/bin/../lib/gcc/arm-none-eabi/4.5.2/thumb2\libgcc.a(_arm_fixsfsi.o)
                0x00020e74                __aeabi_f2iz
                0x00020e74                __fixsfsi
 .text          0x00020ec0       0x2c c:/progra~2/codesourcery/source~1/bin/../lib/gcc/arm-none-eabi/4.5.2/thumb2\libgcc.a(_aeabi_uldivmod.o)
                0x00020ec0                __aeabi_uldivmod
 .text          0x00020eec       0x60 c:/progra~2/codesourcery/source~1/bin/../lib/gcc/arm-none-eabi/4.5.2/thumb2\libgcc.a(bpabi.o)
                0x00020eec                __gnu_ldivmod_helper
                0x00020f1c                __gnu_uldivmod_helper
 .text          0x00020f4c      0xc38 c:/progra~2/codesourcery/source~1/bin/../lib/gcc/arm-none-eabi/4.5.2/thumb2\libgcc.a(unwind-arm.o)
                0x00021228                _Unwind_VRS_Get
                0x00021274                _Unwind_VRS_Set
                0x00021610                __aeabi_unwind_cpp_pr2
                0x00021614                __aeabi_unwind_cpp_pr1
                0x00021618                __aeabi_unwind_cpp_pr0
                0x0002161c                _Unwind_VRS_Pop
                0x00021a04                _Unwind_GetCFA
                0x00021a08                __gnu_Unwind_RaiseException
                0x00021a78                __gnu_Unwind_ForcedUnwind
                0x00021a8c                __gnu_Unwind_Resume
                0x00021ac8                __gnu_Unwind_Resume_or_Rethrow
                0x00021ae0                _Unwind_Complete
                0x00021ae4                _Unwind_DeleteException
                0x00021af4                __gnu_Unwind_Backtrace
 .text          0x00021b84      0x1ac c:/progra~2/codesourcery/source~1/bin/../lib/gcc/arm-none-eabi/4.5.2/thumb2\libgcc.a(libunwind.o)
                0x00021b84                __restore_core_regs
                0x00021b84                restore_core_regs
                0x00021b9c                __gnu_Unwind_Restore_VFP
                0x00021ba4                __gnu_Unwind_Save_VFP
                0x00021bac                __gnu_Unwind_Restore_VFP_D
                0x00021bb4                __gnu_Unwind_Save_VFP_D
                0x00021bbc                __gnu_Unwind_Restore_VFP_D_16_to_31
                0x00021bc4                __gnu_Unwind_Save_VFP_D_16_to_31
                0x00021bcc                __gnu_Unwind_Restore_WMMXD
                0x00021c10                __gnu_Unwind_Save_WMMXD
                0x00021c54                __gnu_Unwind_Restore_WMMXC
                0x00021c68                __gnu_Unwind_Save_WMMXC
                0x00021c7c                ___Unwind_RaiseException
                0x00021c7c                _Unwind_RaiseException
                0x00021ca0                _Unwind_Resume
                0x00021ca0                ___Unwind_Resume
                0x00021cc4                _Unwind_Resume_or_Rethrow
                0x00021cc4                ___Unwind_Resume_or_Rethrow
                0x00021ce8                _Unwind_ForcedUnwind
                0x00021ce8                ___Unwind_ForcedUnwind
                0x00021d0c                ___Unwind_Backtrace
                0x00021d0c                _Unwind_Backtrace
 .text          0x00021d30      0x3c0 c:/progra~2/codesourcery/source~1/bin/../lib/gcc/arm-none-eabi/4.5.2/thumb2\libgcc.a(pr-support.o)
                0x00021d84                __gnu_unwind_execute
                0x00022094                __gnu_unwind_frame
                0x000220c0                _Unwind_GetRegionStart
                0x000220cc                _Unwind_GetLanguageSpecificData
                0x000220e0                _Unwind_GetDataRelBase
                0x000220e8                _Unwind_GetTextRelBase
 .text          0x000220f0        0x4 c:/progra~2/codesourcery/source~1/bin/../lib/gcc/arm-none-eabi/4.5.2/thumb2\libgcc.a(_dvmd_tls.o)
                0x000220f0                __aeabi_idiv0
                0x000220f0                __aeabi_ldiv0
 .text          0x000220f4      0x360 c:/progra~2/codesourcery/source~1/bin/../lib/gcc/arm-none-eabi/4.5.2/thumb2\libgcc.a(_divdi3.o)
                0x000220f4                __divdi3
 .text          0x00022454      0x308 c:/progra~2/codesourcery/source~1/bin/../lib/gcc/arm-none-eabi/4.5.2/thumb2\libgcc.a(_udivdi3.o)
                0x00022454                __udivdi3
 *fill*         0x0002275c        0x4 00
 .text          0x00022760      0x278 c:/progra~2/codesourcery/source~1/bin/../lib/gcc/arm-none-eabi/4.5.2/thumb2\libgcc.a(_udivsi3.o)
                0x00022760                __aeabi_uidiv
                0x00022760                __udivsi3
                0x000229bc                __aeabi_uidivmod
 .text          0x000229d8       0x10 c:/progra~2/codesourcery/source~1/bin/../lib/gcc/arm-none-eabi/4.5.2/../../../../arm-none-eabi/lib/thumb2\libc.a(lib_a-abort.o)
                0x000229d8                abort
 .text          0x000229e8       0xac c:/progra~2/codesourcery/source~1/bin/../lib/gcc/arm-none-eabi/4.5.2/../../../../arm-none-eabi/lib/thumb2\libc.a(lib_a-fputc.o)
                0x000229e8                _fputc_r
                0x00022a3c                fputc
 .text          0x00022a94       0x90 c:/progra~2/codesourcery/source~1/bin/../lib/gcc/arm-none-eabi/4.5.2/../../../../arm-none-eabi/lib/thumb2\libc.a(lib_a-fputs.o)
                0x00022a94                _fputs_r
                0x00022b14                fputs
 .text          0x00022b24      0x338 c:/progra~2/codesourcery/source~1/bin/../lib/gcc/arm-none-eabi/4.5.2/../../../../arm-none-eabi/lib/thumb2\libc.a(lib_a-fvwrite.o)
                0x00022b24                __sfvwrite_r
 .text          0x00022e5c       0xc0 c:/progra~2/codesourcery/source~1/bin/../lib/gcc/arm-none-eabi/4.5.2/../../../../arm-none-eabi/lib/thumb2\libc.a(lib_a-fwrite.o)
                0x00022e5c                _fwrite_r
                0x00022ef8                fwrite
 .text          0x00022f1c        0x0 c:/progra~2/codesourcery/source~1/bin/../lib/gcc/arm-none-eabi/4.5.2/../../../../arm-none-eabi/lib/thumb2\libc.a(lib_a-impure.o)
 .text          0x00022f1c       0x20 c:/progra~2/codesourcery/source~1/bin/../lib/gcc/arm-none-eabi/4.5.2/../../../../arm-none-eabi/lib/thumb2\libc.a(lib_a-malloc.o)
                0x00022f1c                malloc
                0x00022f2c                free
 .text          0x00022f3c      0x57c c:/progra~2/codesourcery/source~1/bin/../lib/gcc/arm-none-eabi/4.5.2/../../../../arm-none-eabi/lib/thumb2\libc.a(lib_a-mallocr.o)
                0x00022f3c                _malloc_r
 .text          0x000234b8       0x8c c:/progra~2/codesourcery/source~1/bin/../lib/gcc/arm-none-eabi/4.5.2/../../../../arm-none-eabi/lib/thumb2\libc.a(lib_a-memchr.o)
                0x000234b8                memchr
 .text          0x00023544       0x64 c:/progra~2/codesourcery/source~1/bin/../lib/gcc/arm-none-eabi/4.5.2/../../../../arm-none-eabi/lib/thumb2\libc.a(lib_a-memcmp.o)
                0x00023544                memcmp
 .text          0x000235a8      0x150 c:/progra~2/codesourcery/source~1/bin/../lib/gcc/arm-none-eabi/4.5.2/../../../../arm-none-eabi/lib/thumb2\libc.a(lib_a-memcpy.o)
                0x000235a8                memcpy
 .text          0x000236f8       0xb4 c:/progra~2/codesourcery/source~1/bin/../lib/gcc/arm-none-eabi/4.5.2/../../../../arm-none-eabi/lib/thumb2\libc.a(lib_a-memmove.o)
                0x000236f8                memmove
 .text          0x000237ac       0xb4 c:/progra~2/codesourcery/source~1/bin/../lib/gcc/arm-none-eabi/4.5.2/../../../../arm-none-eabi/lib/thumb2\libc.a(lib_a-memset.o)
                0x000237ac                memset
 .text          0x00023860        0x8 c:/progra~2/codesourcery/source~1/bin/../lib/gcc/arm-none-eabi/4.5.2/../../../../arm-none-eabi/lib/thumb2\libc.a(lib_a-mlock.o)