Archive member included because of file (symbol)

c:/progra~2/codesourcery/source~1/bin/../lib/gcc/arm-none-eabi/4.5.2/../../../../arm-none-eabi/lib/thumb2\libstdc++.a(si_class_type_info.o)
                              build\Menu.o (vtable for __cxxabiv1::__si_class_type_info)
c:/progra~2/codesourcery/source~1/bin/../lib/gcc/arm-none-eabi/4.5.2/../../../../arm-none-eabi/lib/thumb2\libstdc++.a(pure.o)
                              build\InterfaceBoard.o (__cxa_pure_virtual)
c:/progra~2/codesourcery/source~1/bin/../lib/gcc/arm-none-eabi/4.5.2/../../../../arm-none-eabi/lib/thumb2\libstdc++.a(class_type_info.o)
                              c:/progra~2/codesourcery/source~1/bin/../lib/gcc/arm-none-eabi/4.5.2/../../../../arm-none-eabi/lib/thumb2\libstdc++.a(si_class_type_info.o) (__cxxabiv1::__class_type_info::__do_upcast(__cxxabiv1::__class_type_info const*, void**) const)
c:/progra~2/codesourcery/source~1/bin/../lib/gcc/arm-none-eabi/4.5.2/../../../../arm-none-eabi/lib/thumb2\libstdc++.a(tinfo.o)
                              c:/progra~2/codesourcery/source~1/bin/../lib/gcc/arm-none-eabi/4.5.2/../../../../arm-none-eabi/lib/thumb2\libstdc++.a(class_type_info.o) (std::type_info::~type_info())
c:/progra~2/codesourcery/source~1/bin/../lib/gcc/arm-none-eabi/4.5.2/../../../../arm-none-eabi/lib/thumb2\libstdc++.a(eh_terminate.o)
                              c:/progra~2/codesourcery/source~1/bin/../lib/gcc/arm-none-eabi/4.5.2/../../../../arm-none-eabi/lib/thumb2\libstdc++.a(pure.o) (std::terminate())
c:/progra~2/codesourcery/source~1/bin/../lib/gcc/arm-none-eabi/4.5.2/../../../../arm-none-eabi/lib/thumb2\libstdc++.a(eh_call.o)
                              c:/progra~2/codesourcery/source~1/bin/../lib/gcc/arm-none-eabi/4.5.2/../../../../arm-none-eabi/lib/thumb2\libstdc++.a(eh_terminate.o) (__cxa_call_unexpected)
c:/progra~2/codesourcery/source~1/bin/../lib/gcc/arm-none-eabi/4.5.2/../../../../arm-none-eabi/lib/thumb2\libstdc++.a(eh_term_handler.o)
                              c:/progra~2/codesourcery/source~1/bin/../lib/gcc/arm-none-eabi/4.5.2/../../../../arm-none-eabi/lib/thumb2\libstdc++.a(eh_terminate.o) (__cxxabiv1::__terminate_handler)
c:/progra~2/codesourcery/source~1/bin/../lib/gcc/arm-none-eabi/4.5.2/../../../../arm-none-eabi/lib/thumb2\libstdc++.a(eh_personality.o)
                              c:/progra~2/codesourcery/source~1/bin/../lib/gcc/arm-none-eabi/4.5.2/../../../../arm-none-eabi/lib/thumb2\libstdc++.a(eh_terminate.o) (__gxx_personality_v0)
c:/progra~2/codesourcery/source~1/bin/../lib/gcc/arm-none-eabi/4.5.2/../../../../arm-none-eabi/lib/thumb2\libstdc++.a(eh_throw.o)
                              c:/progra~2/codesourcery/source~1/bin/../lib/gcc/arm-none-eabi/4.5.2/../../../../arm-none-eabi/lib/thumb2\libstdc++.a(eh_call.o) (__cxa_throw)
c:/progra~2/codesourcery/source~1/bin/../lib/gcc/arm-none-eabi/4.5.2/../../../../arm-none-eabi/lib/thumb2\libstdc++.a(eh_unex_handler.o)
                              c:/progra~2/codesourcery/source~1/bin/../lib/gcc/arm-none-eabi/4.5.2/../../../../arm-none-eabi/lib/thumb2\libstdc++.a(eh_terminate.o) (__cxxabiv1::__unexpected_handler)
c:/progra~2/codesourcery/source~1/bin/../lib/gcc/arm-none-eabi/4.5.2/../../../../arm-none-eabi/lib/thumb2\libstdc++.a(eh_globals.o)
                              c:/progra~2/codesourcery/source~1/bin/../lib/gcc/arm-none-eabi/4.5.2/../../../../arm-none-eabi/lib/thumb2\libstdc++.a(eh_call.o) (__cxa_get_globals_fast)
c:/progra~2/codesourcery/source~1/bin/../lib/gcc/arm-none-eabi/4.5.2/../../../../arm-none-eabi/lib/thumb2\libstdc++.a(eh_catch.o)
                              c:/progra~2/codesourcery/source~1/bin/../lib/gcc/arm-none-eabi/4.5.2/../../../../arm-none-eabi/lib/thumb2\libstdc++.a(eh_terminate.o) (__cxa_begin_catch)
c:/progra~2/codesourcery/source~1/bin/../lib/gcc/arm-none-eabi/4.5.2/../../../../arm-none-eabi/lib/thumb2\libstdc++.a(vterminate.o)
                              c:/progra~2/codesourcery/source~1/bin/../lib/gcc/arm-none-eabi/4.5.2/../../../../arm-none-eabi/lib/thumb2\libstdc++.a(eh_term_handler.o) (__gnu_cxx::__verbose_terminate_handler())
c:/progra~2/codesourcery/source~1/bin/../lib/gcc/arm-none-eabi/4.5.2/../../../../arm-none-eabi/lib/thumb2\libstdc++.a(eh_exception.o)
                              c:/progra~2/codesourcery/source~1/bin/../lib/gcc/arm-none-eabi/4.5.2/../../../../arm-none-eabi/lib/thumb2\libstdc++.a(eh_call.o) (std::bad_exception::~bad_exception())
c:/progra~2/codesourcery/source~1/bin/../lib/gcc/arm-none-eabi/4.5.2/../../../../arm-none-eabi/lib/thumb2\libstdc++.a(eh_type.o)
                              c:/progra~2/codesourcery/source~1/bin/../lib/gcc/arm-none-eabi/4.5.2/../../../../arm-none-eabi/lib/thumb2\libstdc++.a(vterminate.o) (__cxa_current_exception_type)
c:/progra~2/codesourcery/source~1/bin/../lib/gcc/arm-none-eabi/4.5.2/../../../../arm-none-eabi/lib/thumb2\libstdc++.a(eh_arm.o)
[...]
Memory Configuration

Name             Origin             Length             Attributes
rom              0x00003000         0x0007d000         xr
ram              0x10001000         0x00007000         xrw
ram1             0x2007c000         0x00004000         xrw
ram2             0x20080000         0x00004000         xrw
*default*        0x00000000         0xffffffff

Linker script and memory map

LOAD c:/progra~2/codesourcery/source~1/bin/../lib/gcc/arm-none-eabi/4.5.2/thumb2/crti.o
LOAD c:/progra~2/codesourcery/source~1/bin/../lib/gcc/arm-none-eabi/4.5.2/thumb2/crtbegin.o
LOAD build\system\core_cm3.o
LOAD build\system\syscalls.o
LOAD build\system\system_LPC17xx.o
LOAD build\system\mini_cpp.o
LOAD build\system\startup_LPC17xx.o
LOAD build\lib\source\Uart32.o
LOAD build\lib\source\debug_frmwrk.o
LOAD build\lib\source\lpc17xx_adc.o
LOAD build\lib\source\lpc17xx_clkpwr.o
LOAD build\lib\source\lpc17xx_gpio.o
LOAD build\lib\source\lpc17xx_i2c.o
LOAD build\lib\source\lpc17xx_libcfg_default.o
LOAD build\lib\source\lpc17xx_nvic.o
LOAD build\lib\source\lpc17xx_pinsel.o
LOAD build\lib\source\lpc17xx_spi.o
LOAD build\lib\source\lpc17xx_timer.o
LOAD build\lib\source\lpc17xx_uart.o
LOAD build\lib_sd\byteordering.o
LOAD build\lib_sd\fat.o
LOAD build\lib_sd\partition.o
LOAD build\lib_sd\sd_raw.o
LOAD build\IAP_internal_flash_write\IAP.o
LOAD build\USBCDC\cdcuser.o
LOAD build\USBCDC\serial.o
LOAD build\USBCDC\usbcore.o
LOAD build\USBCDC\usbdesc.o
LOAD build\USBCDC\usbhw.o
LOAD build\USBCDC\usbuser.o
LOAD build\USBCDC\vcomdemo.o
LOAD src\shared\PID.o
LOAD src\shared\Packet.o
LOAD build\Command.o
LOAD build\DebugPacketProcessor.o
LOAD build\Delay.o
LOAD build\EepromMap.o
LOAD build\Host.o
LOAD build\Interface.o
LOAD build\InterfaceBoard.o
LOAD build\LPCPort.o
LOAD build\LiquidCrystal.o
LOAD build\Main.o
LOAD build\Menu.o
LOAD build\Microsteps.o
LOAD build\Motherboard.o
LOAD build\PID.o
LOAD build\Packet.o
LOAD build\SDCard.o
LOAD build\StepperInterface.o
LOAD build\Steppers.o
LOAD build\Timeout.o
LOAD build\Tool.o
LOAD build\UART.o
                0x10008000                PROVIDE (__cs3_stack, (__cs3_region_start_ram + __cs3_region_size_ram))
                0x00005238                PROVIDE (__cs3_stack_size, ((__cs3_region_start_ram + __cs3_region_size_ram) - _end))
                0x10002dc8                PROVIDE (__cs3_heap_start, _end)
                0x10008000                PROVIDE (__cs3_heap_end, (__cs3_region_start_ram + __cs3_region_size_ram))

.text           0x00003000    0x2a618
 CREATE_OBJECT_SYMBOLS
                0x00003000                __cs3_region_start_rom = .
 *(.cs3.region-head.rom)
                0x00003000                __cs3_interrupt_vector = __cs3_interrupt_vector_cortex_m
 *(.cs3.interrupt_vector)
 .cs3.interrupt_vector
                0x00003000       0xcc build\system\startup_LPC17xx.o
                0x00003000                __cs3_interrupt_vector_cortex_m
                0x00003001                ASSERT ((. != __cs3_interrupt_vector_cortex_m), No interrupt vector)
 *(.rom)
 *(.rom.b)
                0x000030cc                __cs3_reset = __cs3_reset_cortex_m
 *(.cs3.reset)
 .cs3.reset     0x000030cc       0x10 build\system\startup_LPC17xx.o
                0x000030cc                __cs3_reset_cortex_m
                0x00003001                ASSERT ((. != __cs3_reset), No reset code)
 *(.text .text.* .gnu.linkonce.t.*)
 .text          0x000030dc        0x0 c:/progra~2/codesourcery/source~1/bin/../lib/gcc/arm-none-eabi/4.5.2/thumb2/crti.o
 .text          0x000030dc       0x30 c:/progra~2/codesourcery/source~1/bin/../lib/gcc/arm-none-eabi/4.5.2/thumb2/crtbegin.o
 .text          0x0000310c        0x0 build\system\core_cm3.o
 .text          0x0000310c      0x188 build\system\syscalls.o
                0x0000310c                _kill
                0x00003134                _exit
                0x00003140                _getpid
                0x00003150                get_heap_end
                0x00003164                get_stack_top
                0x00003178                _sbrk
                0x000031cc                _close
                0x000031e4                _fstat
                0x00003208                _isatty
                0x00003220                _lseek
                0x0000323c                _read
                0x00003258                _write
 .text          0x00003294      0x318 build\system\system_LPC17xx.o
                0x00003294                SystemCoreClockUpdate
                0x0000343c                SystemInit
 .text          0x000035ac       0x6c build\system\mini_cpp.o
                0x000035ac                operator new(unsigned int)
                0x000035c8                operator new[](unsigned int)
                0x000035e4                operator delete(void*)
                0x000035fc                __aeabi_atexit
 .text          0x00003618       0x14 build\system\startup_LPC17xx.o
                0x00003618                NMI_Handler
                0x0000361a                HardFault_Handler
                0x0000361c                MemManage_Handler
                0x0000361e                BusFault_Handler
                0x00003620                UsageFault_Handler
                0x00003622                SVC_Handler
                0x00003624                DebugMon_Handler
                0x00003626                PendSV_Handler
                0x00003628                SysTick_Handler
                0x0000362a                PWM1_IRQHandler
                0x0000362a                I2C1_IRQHandler
                0x0000362a                EINT2_IRQHandler
                0x0000362a                EINT3_IRQHandler
                0x0000362a                CANActivity_IRQHandler
                0x0000362a                TIMER3_IRQHandler
                0x0000362a                I2C0_IRQHandler
                0x0000362a                RIT_IRQHandler
                0x0000362a                CAN_IRQHandler
                0x0000362a                PLL1_IRQHandler
                0x0000362a                SSP0_IRQHandler
                0x0000362a                I2S_IRQHandler
                0x0000362a                I2C2_IRQHandler
                0x0000362a                RTC_IRQHandler
                0x0000362a                SPI_IRQHandler
                0x0000362a                EINT1_IRQHandler
                0x0000362a                UART2_IRQHandler
                0x0000362a                Default_Handler
                0x0000362a                ADC_IRQHandler
                0x0000362a                SSP1_IRQHandler
                0x0000362a                BOD_IRQHandler
                0x0000362a                USBActivity_IRQHandler
                0x0000362a                WDT_IRQHandler
                0x0000362a                PLL0_IRQHandler
                0x0000362a                QEI_IRQHandler
                0x0000362a                EINT0_IRQHandler
                0x0000362a                DMA_IRQHandler
                0x0000362a                TIMER2_IRQHandler
                0x0000362a                UART3_IRQHandler
                0x0000362a                MCPWM_IRQHandler
                0x0000362a                ENET_IRQHandler
 .text          0x0000362c       0xe4 build\lib\source\Uart32.o
                0x0000362c                UART_8
                0x0000364c                UART_32_DEC
                0x000036ac                UART_32_HEX
 .text          0x00003710      0x75c build\lib\source\debug_frmwrk.o
                0x00003710                UARTPutChar
                0x00003738                UARTGetChar
                0x00003768                UARTPuts
                0x0000379c                UARTPuts_
                0x000037c4                UARTPutDec
                0x0000387c                UARTPutDec16
                0x000039b8                UARTPutDec32
                0x00003c1c                UARTPutHex
                0x00003c90                UARTPutHex16
                0x00003d04                UARTPutHex32
                0x00003d74                debug_frmwrk_init
 .text          0x00003e6c      0x518 build\lib\source\lpc17xx_adc.o
                0x00003e6c                ADC_Init
                0x00003f04                ADC_DeInit
                0x00003f48                ADC_GetData
                0x00003f7c                ADC_StartCmd
                0x00004000                ADC_BurstCmd
                0x0000404c                ADC_PowerdownCmd
                0x00004098                ADC_EdgeStartConfig
                0x000040fc                ADC_IntConfig
                0x000041a0                ADC_ChannelCmd
                0x00004208                ADC_ChannelGetData
                0x0000425c                ADC_ChannelGetStatus
                0x000042e0                ADC_GlobalGetData
                0x00004310                ADC_GlobalGetStatus
 .text          0x00004384      0x250 build\lib\source\lpc17xx_clkpwr.o
                0x00004384                CLKPWR_SetPCLKDiv
                0x00004424                CLKPWR_GetPCLKSEL
                0x00004470                CLKPWR_GetPCLK
                0x000044e0                CLKPWR_ConfigPPWR
                0x00004540                CLKPWR_Sleep
                0x0000455c                CLKPWR_DeepSleep
                0x00004584                CLKPWR_PowerDown
                0x000045ac                CLKPWR_DeepPowerDown
 .text          0x000045d4      0x860 build\lib\source\lpc17xx_gpio.o
                0x00004730                GPIO_SetDir
                0x0000477c                GPIO_SetValue
                0x000047a8                GPIO_ClearValue
                0x000047d4                GPIO_ReadValue
                0x00004804                GPIO_IntCmd
                0x00004874                GPIO_GetIntStatus
                0x00004918                GPIO_ClearInt
                0x00004950                FIO_SetDir
                0x00004978                FIO_SetValue
                0x00004998                FIO_ClearValue
                0x000049b8                FIO_ReadValue
                0x000049d8                FIO_IntCmd
                0x00004a00                FIO_GetIntStatus
                0x00004a2c                FIO_ClearInt
                0x00004a4c                FIO_SetMask
                0x00004a98                FIO_HalfWordSetDir
                0x00004b34                FIO_HalfWordSetMask
                0x00004bd0                FIO_HalfWordSetValue
                0x00004c10                FIO_HalfWordClearValue
                0x00004c50                FIO_HalfWordReadValue
                0x00004c94                FIO_ByteSetDir
                0x00004d04                FIO_ByteSetMask
                0x00004d7c                FIO_ByteSetValue
                0x00004db8                FIO_ByteClearValue
                0x00004df4                FIO_ByteReadValue
 .text          0x00004e34     0x1348 build\lib\source\lpc17xx_i2c.o
                0x000050c4                I2C_Init
                0x00005180                I2C_DeInit
                0x0000520c                I2C_Cmd
                0x00005280                I2C_IntCmd
                0x00005310                I2C_MasterHandler
                0x000056d4                I2C_SlaveHandler
                0x000058a8                I2C_MasterTransferData
                0x00005bdc                I2C_SlaveTransferData
                0x00005e3c                I2C_SetOwnSlaveAddr
                0x00005f40                I2C_MonitorModeConfig
                0x00005fc8                I2C_MonitorModeCmd
                0x00006068                I2C_MonitorGetDatabuffer
                0x000060b4                I2C_MonitorHandler
                0x0000610c                I2C_MasterTransferComplete
                0x00006144                I2C_SlaveTransferComplete
 .text          0x0000617c        0xc build\lib\source\lpc17xx_libcfg_default.o
                0x0000617c                check_failed
 .text          0x00006188       0xfc build\lib\source\lpc17xx_nvic.o
                0x00006188                NVIC_DeInit
                0x000061e8                NVIC_SCBDeInit
                0x00006268                NVIC_SetVTOR
 .text          0x00006284      0x284 build\lib\source\lpc17xx_pinsel.o
                0x00006438                PINSEL_ConfigTraceFunc
                0x00006478                PINSEL_SetI2C0Pins
                0x000064b4                PINSEL_ConfigPin
 .text          0x00006508      0x58c build\lib\source\lpc17xx_spi.o
                0x00006508                SPI_SetClock
                0x00006584                SPI_DeInit
                0x000065c4                SPI_GetDataSize
                0x00006600                SPI_Init
                0x00006698                SPI_ConfigStructInit
                0x000066dc                SPI_SendData
                0x00006710                SPI_ReceiveData
                0x00006744                SPI_ReadWrite
                0x00006938                SPI_IntCmd
                0x000069a0                SPI_GetIntStatus
                0x000069d8                SPI_ClearIntPending
                0x00006a0c                SPI_GetStatus
                0x00006a40                SPI_CheckStatus
 .text          0x00006a94      0xab0 build\lib\source\lpc17xx_timer.o
                0x00006bc0                TIM_GetIntStatus
                0x00006c68                TIM_GetIntCaptureStatus
                0x00006d14                TIM_ClearIntPending
                0x00006da0                TIM_ClearIntCapturePending
                0x00006e30                TIM_ConfigStructInit
                0x00006e70                TIM_Init
                0x00007018                TIM_DeInit
                0x000070c0                TIM_Cmd
                0x00007130                TIM_ResetCounter
                0x00007194                TIM_ConfigMatch
                0x00007344                TIM_UpdateMatchValue
                0x000073d4                TIM_ConfigCapture
                0x000074cc                TIM_GetCaptureValue
 .text          0x00007544     0x16c0 build\lib\source\lpc17xx_uart.o
                0x0000784c                UART_Init
                0x00007b70                UART_DeInit
                0x00007c18                UART_ConfigStructInit
                0x00007c4c                UART_SendByte
                0x00007cb4                UART_ReceiveByte
                0x00007d1c                UART_Send
                0x00007e28                UART_Receive
                0x00007f00                UART_ForceBreak
                0x00007f78                UART_IntConfig
                0x00008110                UART_GetLineStatus
                0x00008178                UART_GetIntId
                0x000081d4                UART_CheckBusy
                0x00008200                UART_FIFOConfig
                0x0000835c                UART_FIFOConfigStructInit
                0x00008390                UART_ABCmd
                0x000084d8                UART_ABClearIntPending
                0x0000854c                UART_TxCmd
                0x00008618                UART_IrDAInvtInputCmd
                0x00008694                UART_IrDACmd
                0x00008708                UART_IrDAPulseDivConfig
                0x000087a8                UART_FullModemForcePinState
                0x00008864                UART_FullModemConfigMode
                0x0000892c                UART_FullModemGetStatus
                0x00008960                UART_RS485Config
                0x00008ae8                UART_RS485ReceiverCmd
                0x00008b30                UART_RS485Send
                0x00008bb4                UART_RS485SendSlvAddr
                0x00008bdc                UART_RS485SendData
 .text          0x00008c04       0xf8 build\lib_sd\byteordering.o
                0x00008c04                read16
                0x00008c34                read32
                0x00008c78                write16
                0x00008ca8                write32
 .text          0x00008cfc     0x1cb8 build\lib_sd\fat.o
                0x00008cfc                fat_open
                0x00008d98                fat_close
                0x00009380                fat_get_dir_entry_of_path
                0x000094b8                fat_open_file
                0x00009560                fat_close_file
                0x00009580                fat_read_file
                0x00009710                fat_write_file
                0x00009930                fat_seek_file
                0x000099cc                fat_resize_file
                0x00009b10                fat_open_dir
                0x00009bac                fat_close_dir
                0x00009bcc                fat_read_dir
                0x00009d54                fat_reset_dir
                0x0000a58c                fat_create_file
                0x0000a648                fat_delete_file
                0x0000a700                fat_create_dir
                0x0000a884                fat_get_fs_size
                0x0000a8b8                fat_get_fs_free
 .text          0x0000a9b4      0x16c build\lib_sd\partition.o
                0x0000a9b4                partition_open
                0x0000aaf4                partition_close
 .text          0x0000ab20      0xae4 build\lib_sd\sd_raw.o
                0x0000ab20                sd_raw_init
                0x0000ada0                sd_raw_available
                0x0000adb4                sd_raw_locked
                0x0000aee4                sd_raw_read
                0x0000b010                sd_raw_read_interval
                0x0000b090                sd_raw_write
                0x0000b1fc                sd_raw_write_interval
                0x0000b298                sd_raw_sync
                0x0000b2e4                sd_raw_get_info
 .text          0x0000b604      0x214 build\IAP_internal_flash_write\IAP.o
                0x0000b604                IAP::read_ID()
                0x0000b638                IAP::read_serial()
                0x0000b66c                IAP::blank_check(int, int)
                0x0000b6b0                IAP::erase(int, int)
                0x0000b700                IAP::prepare(int, int)
                0x0000b744                IAP::write(char*, char*, int)
                0x0000b79c                IAP::compare(char*, char*, int)
                0x0000b7e8                IAP::reserved_flash_area_start()
                0x0000b800                IAP::reserved_flash_area_size()
 .text          0x0000b818      0x470 build\USBCDC\cdcuser.o
                0x0000b818                CDC_RdOutBuf
                0x0000b888                CDC_WrOutBuf
                0x0000b8e0                CDC_OutBufAvailChar
                0x0000b910                CDC_Init
                0x0000b938                CDC_SendEncapsulatedCommand
                0x0000b948                CDC_GetEncapsulatedResponse
                0x0000b958                CDC_SetCommFeature
                0x0000b974                CDC_GetCommFeature
                0x0000b990                CDC_ClearCommFeature
                0x0000b9ac                CDC_SetLineCoding
                0x0000ba2c                CDC_GetLineCoding
                0x0000ba90                CDC_SetControlLineState
                0x0000baac                CDC_SendBreak
                0x0000bac8                CDC_BulkIn
                0x0000bb10                CDC_BulkOut
                0x0000bb3c                CDC_GetSerialState
                0x0000bc10                CDC_NotificationIn
 .text          0x0000bc88      0x7f0 build\USBCDC\serial.o
                0x0000bcf4                ser_OpenPort
                0x0000bd54                ser_ClosePort
                0x0000bdb4                ser_InitPort0
                0x0000bf68                ser_InitPort1
                0x0000c11c                ser_Read
                0x0000c1a0                ser_Write
                0x0000c26c                ser_AvailChar
                0x0000c298                ser_LineState
                0x0000c2c0                UART0_IRQHandler
                0x0000c390                UART1_IRQHandler
 .text          0x0000c478      0xe64 build\USBCDC\usbcore.o
                0x0000c478                USB_ResetCore
                0x0000c4cc                USB_SetupStage
                0x0000c4e0                USB_DataInStage
                0x0000c538                USB_DataOutStage
                0x0000c578                USB_StatusInStage
                0x0000c590                USB_StatusOutStage
                0x0000c5a4                USB_ReqGetStatus
                0x0000c6c0                USB_ReqSetClrFeature
                0x0000c800                USB_ReqSetAddress
                0x0000c83c                USB_ReqGetDescriptor
                0x0000c964                USB_ReqGetConfiguration
                0x0000c99c                USB_ReqSetConfiguration
                0x0000cc24                USB_ReqGetInterface
                0x0000cc84                USB_ReqSetInterface
                0x0000ce68                USB_EndPoint0
 .text          0x0000d2dc        0x0 build\USBCDC\usbdesc.o
 .text          0x0000d2dc      0xa08 build\USBCDC\usbhw.o
                0x0000d44c                EPAdr
                0x0000d480                WrCmd
                0x0000d4b8                WrCmdDat
                0x0000d514                WrCmdEP
                0x0000d57c                RdCmdDat
                0x0000d5bc                USB_Init
                0x0000d6dc                USB_Connect
                0x0000d70c                USB_Reset
                0x0000d77c                USB_Suspend
                0x0000d788                USB_Resume
                0x0000d794                USB_WakeUp
                0x0000d7bc                USB_WakeUpCfg
                0x0000d7d0                USB_SetAddress
                0x0000d810                USB_Configure
                0x0000d868                USB_ConfigEP
                0x0000d8d0                USB_DirCtrlEP
                0x0000d8e4                USB_EnableEP
                0x0000d914                USB_DisableEP
                0x0000d944                USB_ResetEP
                0x0000d974                USB_SetStallEP
                0x0000d9a4                USB_ClrStallEP
                0x0000d9d4                USB_ClearEPBuf
                0x0000d9f0                USB_ReadEP
                0x0000da98                USB_WriteEP
                0x0000db18                USB_GetFrame
                0x0000db54                USB_IRQHandler
 .text          0x0000dce4      0x180 build\USBCDC\usbuser.o
                0x0000dce4                USB_Reset_Event
                0x0000dcf0                USB_Configure_Event
                0x0000dcfc                USB_EndPoint1
                0x0000dd38                USB_EndPoint2
                0x0000dd60                USB_EndPoint3
                0x0000dd74                USB_EndPoint4
                0x0000dd88                USB_EndPoint5
                0x0000dd9c                USB_EndPoint6
                0x0000ddb0                USB_EndPoint7
                0x0000ddc4                USB_EndPoint8
                0x0000ddd8                USB_EndPoint9
                0x0000ddec                USB_EndPoint10
                0x0000de00                USB_EndPoint11
                0x0000de14                USB_EndPoint12
                0x0000de28                USB_EndPoint13
                0x0000de3c                USB_EndPoint14
                0x0000de50                USB_EndPoint15
 .text          0x0000de64       0xf4 build\USBCDC\vcomdemo.o
                0x0000de64                VCOM_Init
                0x0000de74                VCOM_Serial2Usb
                0x0000dec4                VCOM_Usb2Serial
                0x0000df10                VCOM_CheckSerialState
                0x0000df40                VCOM_Start
 .text          0x0000df58      0x28c src\shared\PID.o
                0x0000df58                PID::reset()
                0x0000df90                PID::reset_state()
                0x0000e014                PID::calculate(int)
                0x0000e16c                PID::setTarget(int)
                0x0000e194                PID::getErrorTerm()
                0x0000e1ac                PID::getDeltaTerm()
                0x0000e1cc                PID::getLastOutput()
 .text          0x0000e1e4      0x54c src\shared\Packet.o
                0x0000e1e4                _crc_ibutton_update(unsigned char, unsigned char)
                0x0000e254                Packet::appendByte(unsigned char)
                0x0000e2b4                Packet::reset()
                0x0000e2ec                InPacket::InPacket()
                0x0000e2ec                InPacket::InPacket()
                0x0000e310                InPacket::reset()
                0x0000e328                InPacket::processByte(unsigned char)
                0x0000e450                Packet::read8(unsigned char) const
                0x0000e474                Packet::read16(unsigned char) const
                0x0000e4b4                Packet::read32(unsigned char) const
                0x0000e50c                OutPacket::OutPacket()
                0x0000e50c                OutPacket::OutPacket()
                0x0000e530                OutPacket::reset()
                0x0000e554                OutPacket::prepareForResend()
                0x0000e584                OutPacket::getNextByteToSend()
                0x0000e680                OutPacket::append8(unsigned char)
                0x0000e6a0                OutPacket::append16(unsigned short)
                0x0000e6d8                OutPacket::append32(unsigned long)
 .text._ZN6Packet5errorEh
                0x0000e730       0x24 src\shared\Packet.o
                0x0000e730                Packet::error(unsigned char)
 .text._ZN6PacketC2Ev
                0x0000e754       0x18 src\shared\Packet.o
                0x0000e754                Packet::Packet()
                0x0000e754                Packet::Packet()
 .text          0x0000e76c      0xb68 build\Command.o
                0x0000e76c                command::getRemainingCapacity()
                0x0000e78c                command::pause(bool)
                0x0000e7ac                command::isPaused()
                0x0000e7c0                command::isEmpty()
                0x0000e7d4                command::push(unsigned char)
                0x0000e7f4                command::pop8()
                0x0000e808                command::pop16()
                0x0000e834                command::pop32()
                0x0000e874                command::reset()
                0x0000e890                command::runCommandSlice()
 .text._ZN5PointC2Elllll
                0x0000f2d4       0x3c build\Command.o
                0x0000f2d4                Point::Point(long, long, long, long, long)
                0x0000f2d4                Point::Point(long, long, long, long, long)
 .text._ZN5PointC2Elll
                0x0000f310       0x64 build\Command.o
                0x0000f310                Point::Point(long, long, long)
                0x0000f310                Point::Point(long, long, long)
 .text._ZNK5PointixEj
                0x0000f374       0x20 build\Command.o
                0x0000f374                Point::operator[](unsigned int) const
 .text._ZN5PointixEj
                0x0000f394       0x20 build\Command.o
                0x0000f394                Point::operator[](unsigned int)
 .text._ZNK6Packet8hasErrorEv
                0x0000f3b4       0x28 build\Command.o
                0x0000f3b4                Packet::hasError() const
 .text._ZN19CircularBufferTemplIhEC2EtPh
                0x0000f3dc       0x48 build\Command.o
                0x0000f3dc                CircularBufferTempl<unsigned char>::CircularBufferTempl(unsigned short, unsigned char*)
                0x0000f3dc                CircularBufferTempl<unsigned char>::CircularBufferTempl(unsigned short, unsigned char*)
 .text._ZNK19CircularBufferTemplIhE20getRemainingCapacityEv
                0x0000f424       0x24 build\Command.o
                0x0000f424                CircularBufferTempl<unsigned char>::getRemainingCapacity() const
 .text._ZNK19CircularBufferTemplIhE7isEmptyEv
                0x0000f448       0x24 build\Command.o
                0x0000f448                CircularBufferTempl<unsigned char>::isEmpty() const
 .text._ZN19CircularBufferTemplIhE4pushEh
                0x0000f46c       0x5c build\Command.o
                0x0000f46c                CircularBufferTempl<unsigned char>::push(unsigned char)
 .text._ZN19CircularBufferTemplIhE3popEv
                0x0000f4c8       0x6c build\Command.o
                0x0000f4c8                CircularBufferTempl<unsigned char>::pop()
 .text._ZN19CircularBufferTemplIhE5resetEv
                0x0000f534       0x34 build\Command.o
                0x0000f534                CircularBufferTempl<unsigned char>::reset()
 .text._ZNK19CircularBufferTemplIhE9getLengthEv
                0x0000f568       0x1c build\Command.o
                0x0000f568                CircularBufferTempl<unsigned char>::getLength() const
 .text._ZN19CircularBufferTemplIhEixEt
                0x0000f584       0x3c build\Command.o
                0x0000f584                CircularBufferTempl<unsigned char>::operator[](unsigned short)
 .text          0x0000f5c0      0x334 build\DebugPacketProcessor.o
                0x0000f5c0                processDebugPacket(InPacket const&, OutPacket&)
 .text._ZNK6Packet9getLengthEv
                0x0000f8f4       0x1c build\DebugPacketProcessor.o
                0x0000f8f4                Packet::getLength() const
 .text._ZN11Motherboard8getBoardEv
                0x0000f910       0x14 build\DebugPacketProcessor.o
                0x0000f910                Motherboard::getBoard()
 .text          0x0000f924      0x140 build\Delay.o
                0x0000f924                few_ticks
                0x0000f9ec                _delay_us
                0x0000fa24                _delay_ms
                0x0000fa44                _delay_s
 .text          0x0000fa64      0x848 build\EepromMap.o
                0x0000fa64                print_menu()
                0x0000faac                test_uart()
                0x0000fb6c                test_led(unsigned char)
                0x0000fbdc                test_led2(unsigned char)
                0x0000fc4c                test_led3(unsigned char)
                0x0000fcbc                test_u()
                0x0000fd30                UART_8(LPC_UART_TypeDef*, unsigned char)
                0x0000fd50                UART_32_DEC(LPC_UART_TypeDef*, unsigned long)
                0x0000fdb0                UART_32_HEX(LPC_UART_TypeDef*, unsigned long)
                0x0000fe14                read_all_from_flash()
                0x0000ff28                save_to_flash()
                0x0000ff70                microstep_pinout(unsigned char)
                0x00010048                eeprom::init()
                0x00010138                eeprom::getEeprom8(unsigned long, unsigned char)
                0x00010164                eeprom::getEeprom16(unsigned long, unsigned short)
 .text._ZN3IAPC2Ev
                0x000102ac       0x3c build\EepromMap.o
                0x000102ac                IAP::IAP()
                0x000102ac                IAP::IAP()
 .text          0x000102e8      0x7a4 build\Host.o
                0x000102e8                host::runHostSlice()
                0x00010474                host::processCommandPacket(InPacket const&, OutPacket&)
                0x0001055c                host::doToolPause(OutPacket&)
                0x00010678                host::processQueryPacket(InPacket const&, OutPacket&)
                0x00010860                host::getMachineName()
                0x000108f4                host::getBuildName()
                0x00010908                host::getHostState()
                0x0001091c                host::startBuildFromSD()
                0x00010954                host::stopBuild()
 .text._ZNK6Packet12getErrorCodeEv
                0x00010a8c       0x1c build\Host.o
                0x00010a8c                Packet::getErrorCode() const
 .text._ZNK6Packet7getDataEv
                0x00010aa8       0x1c build\Host.o
                0x00010aa8                Packet::getData() const
 .text._ZNK8InPacket10isFinishedEv
                0x00010ac4       0x28 build\Host.o
                0x00010ac4                InPacket::isFinished() const
 .text._ZNK8InPacket9isStartedEv
                0x00010aec       0x28 build\Host.o
                0x00010aec                InPacket::isStarted() const
 .text._ZN8InPacket7timeoutEv
                0x00010b14       0x1c build\Host.o
                0x00010b14                InPacket::timeout()
 .text._ZNK9OutPacket9isSendingEv
                0x00010b30       0x38 build\Host.o
                0x00010b30                OutPacket::isSending() const
 .text._ZN4UART11getHostUARTEv
                0x00010b68       0x14 build\Host.o
                0x00010b68                UART::getHostUART()
 .text._ZNK7Timeout8isActiveEv
                0x00010b7c       0x18 build\Host.o
                0x00010b7c                Timeout::isActive() const
 .text._ZN11Motherboard19getStepperInterfaceEi
                0x00010b94       0x28 build\Host.o
                0x00010b94                Motherboard::getStepperInterface(int)
 .text._ZN4host13handleVersionERK8InPacketR9OutPacket
                0x00010bbc       0x28 build\Host.o
                0x00010bbc                host::handleVersion(InPacket const&, OutPacket&)
 .text._ZN4host18handleGetBuildNameERK8InPacketR9OutPacket
                0x00010be4       0x5c build\Host.o
                0x00010be4                host::handleGetBuildName(InPacket const&, OutPacket&)
 .text._ZN4host19handleGetBufferSizeERK8InPacketR9OutPacket
                0x00010c40       0x2c build\Host.o
                0x00010c40                host::handleGetBufferSize(InPacket const&, OutPacket&)
 .text._ZN4host17handleGetPositionERK8InPacketR9OutPacket
                0x00010c6c      0x110 build\Host.o
                0x00010c6c                host::handleGetPosition(InPacket const&, OutPacket&)
 .text._ZN4host20handleGetPositionExtERK8InPacketR9OutPacket
                0x00010d7c      0x148 build\Host.o
                0x00010d7c                host::handleGetPositionExt(InPacket const&, OutPacket&)
 .text._ZN4host19handleCaptureToFileERK8InPacketR9OutPacket
                0x00010ec4       0x3c build\Host.o
                0x00010ec4                host::handleCaptureToFile(InPacket const&, OutPacket&)
 .text._ZN4host16handleEndCaptureERK8InPacketR9OutPacket
                0x00010f00       0x2c build\Host.o
                0x00010f00                host::handleEndCapture(InPacket const&, OutPacket&)
 .text._ZN4host14handlePlaybackERK8InPacketR9OutPacket
                0x00010f2c       0x84 build\Host.o
                0x00010f2c                host::handlePlayback(InPacket const&, OutPacket&)
 .text._ZN4host18handleNextFilenameERK8InPacketR9OutPacket
                0x00010fb0      0x10c build\Host.o
                0x00010fb0                host::handleNextFilename(InPacket const&, OutPacket&)
 .text._ZN4host15handleToolQueryERK8InPacketR9OutPacket
                0x000110bc      0x17c build\Host.o
                0x000110bc                host::handleToolQuery(InPacket const&, OutPacket&)
 .text._ZN4host11handlePauseERK8InPacketR9OutPacket
                0x00011238       0x34 build\Host.o
                0x00011238                host::handlePause(InPacket const&, OutPacket&)
 .text._ZN4host16handleIsFinishedERK8InPacketR9OutPacket
                0x0001126c       0x60 build\Host.o
                0x0001126c                host::handleIsFinished(InPacket const&, OutPacket&)
 .text._ZN4host16handleReadEepromERK8InPacketR9OutPacket
                0x000112cc       0x74 build\Host.o
                0x000112cc                host::handleReadEeprom(InPacket const&, OutPacket&)
 .text._ZN4host17handleWriteEepromERK8InPacketR9OutPacket
                0x00011340       0x90 build\Host.o
                0x00011340                host::handleWriteEeprom(InPacket const&, OutPacket&)
 .text._ZN4host18handleExtendedStopERK8InPacketR9OutPacket
                0x000113d0       0x54 build\Host.o
                0x000113d0                host::handleExtendedStop(InPacket const&, OutPacket&)
 .text._ZN4host27handleGetCommunicationStatsERK8InPacketR9OutPacket
                0x00011424       0x60 build\Host.o
                0x00011424                host::handleGetCommunicationStats(InPacket const&, OutPacket&)
 .text          0x00011484       0xc8 build\Interface.o
                0x00011484                interfaceboard::isConnected()
                0x0001149c                interfaceboard::init()
                0x000114ac                interfaceboard::pushScreen(Screen*)
                0x000114c8                interfaceboard::popScreen()
                0x000114d8                interfaceboard::doInterrupt()
                0x000114e8                interfaceboard::getUpdateRate()
                0x000114fc                interfaceboard::doUpdate()
 .text          0x0001154c      0x5e8 build\InterfaceBoard.o
                0x0001154c                ButtonArray::init()
                0x00011570                ButtonArray::scanButtons()
                0x0001169c                ButtonArray::getButton(InterfaceBoardDefinitions::ButtonName&)
                0x000116d8                InterfaceBoard::InterfaceBoard()
                0x000116d8                InterfaceBoard::InterfaceBoard()
                0x000118ac                InterfaceBoard::init()
                0x000118c0                InterfaceBoard::doInterrupt()
                0x000118dc                InterfaceBoard::getUpdateRate()
                0x00011920                InterfaceBoard::doUpdate()
                0x00011a18                InterfaceBoard::pushScreen(Screen*)
                0x00011acc                InterfaceBoard::popScreen()
 .text._ZN4Port15setPinDirectionEhb
                0x00011b34       0x2c build\InterfaceBoard.o
                0x00011b34                Port::setPinDirection(unsigned char, bool)
 .text._ZN4Port6setPinEhb
                0x00011b60       0x4c build\InterfaceBoard.o
                0x00011b60                Port::setPin(unsigned char, bool)
 .text._ZN3PinC2ER4Porth
                0x00011bac       0x38 build\InterfaceBoard.o
                0x00011bac                Pin::Pin(Port&, unsigned char)
                0x00011bac                Pin::Pin(Port&, unsigned char)
 .text._ZN3Pin12setDirectionEb
                0x00011be4       0x30 build\InterfaceBoard.o
                0x00011be4                Pin::setDirection(bool)
 .text._ZN3Pin8setValueEb
                0x00011c14       0x30 build\InterfaceBoard.o
                0x00011c14                Pin::setValue(bool)
 .text._ZN6ScreenC2Ev
                0x00011c44       0x20 build\InterfaceBoard.o
                0x00011c44                Screen::Screen()
                0x00011c44                Screen::Screen()
 .text._ZN12SplashScreenC2Ev
                0x00011c64       0x28 build\InterfaceBoard.o
                0x00011c64                SplashScreen::SplashScreen()
                0x00011c64                SplashScreen::SplashScreen()
 .text._ZN11MonitorModeC2Ev
                0x00011c8c       0x34 build\InterfaceBoard.o
                0x00011c8c                MonitorMode::MonitorMode()
                0x00011c8c                MonitorMode::MonitorMode()
 .text          0x00011cc0       0x70 build\LPCPort.o
 .text._ZN4PortC2Eh
                0x00011d30       0x20 build\LPCPort.o
                0x00011d30                Port::Port(unsigned char)
                0x00011d30                Port::Port(unsigned char)
 .text          0x00011d50      0xbe0 build\LiquidCrystal.o
                0x00011d50                LiquidCrystal::LiquidCrystal(Pin, Pin, Pin, Pin, Pin, Pin, Pin, Pin, Pin, Pin, Pin)
                0x00011d50                LiquidCrystal::LiquidCrystal(Pin, Pin, Pin, Pin, Pin, Pin, Pin, Pin, Pin, Pin, Pin)
                0x00011e08                LiquidCrystal::LiquidCrystal(Pin, Pin, Pin, Pin, Pin, Pin, Pin, Pin, Pin, Pin)
                0x00011e08                LiquidCrystal::LiquidCrystal(Pin, Pin, Pin, Pin, Pin, Pin, Pin, Pin, Pin, Pin)
                0x00011ecc                LiquidCrystal::LiquidCrystal(Pin, Pin, Pin, Pin, Pin, Pin, Pin)
                0x00011ecc                LiquidCrystal::LiquidCrystal(Pin, Pin, Pin, Pin, Pin, Pin, Pin)
                0x00011fac                LiquidCrystal::LiquidCrystal(Pin, Pin, Pin, Pin, Pin, Pin)
                0x00011fac                LiquidCrystal::LiquidCrystal(Pin, Pin, Pin, Pin, Pin, Pin)
                0x00012098                LiquidCrystal::init(unsigned char, Pin, Pin, Pin, Pin, Pin, Pin, Pin, Pin, Pin, Pin, Pin)
                0x00012164                LiquidCrystal::begin(unsigned char, unsigned char, unsigned char)
                0x000122dc                LiquidCrystal::clear()
                0x00012300                LiquidCrystal::home()
                0x00012324                LiquidCrystal::setCursor(unsigned char, unsigned char)
                0x0001238c                LiquidCrystal::noDisplay()
                0x000123bc                LiquidCrystal::display()
                0x000123ec                LiquidCrystal::noCursor()
                0x0001241c                LiquidCrystal::cursor()
                0x0001244c                LiquidCrystal::noBlink()
                0x0001247c                LiquidCrystal::blink()
                0x000124ac                LiquidCrystal::scrollDisplayLeft()
                0x000124c8                LiquidCrystal::scrollDisplayRight()
                0x000124e4                LiquidCrystal::leftToRight()
                0x00012514                LiquidCrystal::rightToLeft()
                0x00012544                LiquidCrystal::autoscroll()
                0x00012574                LiquidCrystal::noAutoscroll()
                0x000125a4                LiquidCrystal::createChar(unsigned char, unsigned char*)
                0x00012610                LiquidCrystal::writeInt(unsigned short, unsigned char)
                0x000126d0                LiquidCrystal::writeString(char*)
                0x00012714                LiquidCrystal::writeFromPgmspace(char const*)
                0x00012754                LiquidCrystal::send(unsigned char, bool)
                0x000127d8                LiquidCrystal::pulseEnable()
                0x00012830                LiquidCrystal::write4bits(unsigned char)
                0x000128b0                LiquidCrystal::write8bits(unsigned char)
 .text._ZN4PortC2Ev
                0x00012930       0x20 build\LiquidCrystal.o
                0x00012930                Port::Port()
                0x00012930                Port::Port()
 .text._ZN4Port6isNullEv
                0x00012950       0x24 build\LiquidCrystal.o
                0x00012950                Port::isNull()
 .text._ZN3PinC2Ev
                0x00012974       0x28 build\LiquidCrystal.o
                0x00012974                Pin::Pin()
                0x00012974                Pin::Pin()
 .text._ZN3Pin6isNullEv
                0x0001299c       0x1c build\LiquidCrystal.o
                0x0001299c                Pin::isNull()
 .text._ZN13LiquidCrystal7commandEh
                0x000129b8       0x24 build\LiquidCrystal.o
                0x000129b8                LiquidCrystal::command(unsigned char)
 .text._ZN13LiquidCrystal5writeEh
                0x000129dc       0x24 build\LiquidCrystal.o
                0x000129dc                LiquidCrystal::write(unsigned char)
 .text          0x00012a00      0x848 build\Main.o
                0x00012ef0                reset(bool)
                0x00013074                main
 .text          0x00013248     0x1254 build\Menu.o
                0x00013248                queryExtruderParameter(unsigned char, OutPacket&)
                0x0001337c                SplashScreen::update(LiquidCrystal&, bool)
                0x00013408                SplashScreen::notifyButtonPressed(InterfaceBoardDefinitions::ButtonName)
                0x00013420                SplashScreen::reset()
                0x00013434                JogMode::reset()
                0x00013458                JogMode::update(LiquidCrystal&, bool)
                0x00013518                JogMode::jog(InterfaceBoardDefinitions::ButtonName)
                0x00013634                JogMode::notifyButtonPressed(InterfaceBoardDefinitions::ButtonName)
                0x000136c0                SnakeMode::update(LiquidCrystal&, bool)
                0x00013a60                SnakeMode::reset()
                0x00013b20                SnakeMode::notifyButtonPressed(InterfaceBoardDefinitions::ButtonName)
                0x00013b9c                MonitorMode::reset()
                0x00013bb0                MonitorMode::update(LiquidCrystal&, bool)
                0x00013d68                MonitorMode::notifyButtonPressed(InterfaceBoardDefinitions::ButtonName)
                0x00013da4                Menu::update(LiquidCrystal&, bool)
                0x00013ea8                Menu::reset()
                0x00013ee0                Menu::resetState()
                0x00013ef4                Menu::handleSelect(unsigned char)
                0x00013f0c                Menu::handleCancel()
                0x00013f20                Menu::notifyButtonPressed(InterfaceBoardDefinitions::ButtonName)
                0x00013fe0                CancelBuildMenu::CancelBuildMenu()
                0x00013fe0                CancelBuildMenu::CancelBuildMenu()
                0x00014018                CancelBuildMenu::resetState()
                0x0001403c                CancelBuildMenu::drawItem(unsigned char, LiquidCrystal&)
                0x0001409c                CancelBuildMenu::handleSelect(unsigned char)
                0x000140cc                MainMenu::MainMenu()
                0x000140cc                MainMenu::MainMenu()
                0x00014104                MainMenu::drawItem(unsigned char, LiquidCrystal&)
                0x00014174                MainMenu::handleSelect(unsigned char)
                0x000141d8                SDMenu::SDMenu()
                0x000141d8                SDMenu::SDMenu()
                0x00014208                SDMenu::resetState()
                0x00014228                SDMenu::countFiles()
                0x00014298                SDMenu::getFilename(unsigned char, char*, unsigned char)
                0x0001432c                SDMenu::drawItem(unsigned char, LiquidCrystal&)
                0x000143dc                SDMenu::handleSelect(unsigned char)
 .text._ZN4Menu13getUpdateRateEv
                0x0001449c       0x1c build\Menu.o
                0x0001449c                Menu::getUpdateRate()
 .text._ZN12SplashScreen13getUpdateRateEv
                0x000144b8       0x18 build\Menu.o
                0x000144b8                SplashScreen::getUpdateRate()
 .text._ZN7JogMode13getUpdateRateEv
                0x000144d0       0x18 build\Menu.o
                0x000144d0                JogMode::getUpdateRate()
 .text._ZN9SnakeMode13getUpdateRateEv
                0x000144e8       0x18 build\Menu.o
                0x000144e8                SnakeMode::getUpdateRate()
 .text._ZN11MonitorMode13getUpdateRateEv
                0x00014500       0x1c build\Menu.o
                0x00014500                MonitorMode::getUpdateRate()
 .text._ZN7JogModeC2Ev
                0x0001451c       0x28 build\Menu.o
                0x0001451c                JogMode::JogMode()
                0x0001451c                JogMode::JogMode()
 .text._ZN9SnakeModeC2Ev
                0x00014544       0x28 build\Menu.o
                0x00014544                SnakeMode::SnakeMode()
                0x00014544                SnakeMode::SnakeMode()
 .text._ZN4MenuC2Ev
                0x0001456c       0x28 build\Menu.o
                0x0001456c                Menu::Menu()
                0x0001456c                Menu::Menu()
 .text          0x00014594      0x204 build\Microsteps.o
                0x00014594                microsteps::init()
 .text          0x00014798      0xba4 build\Motherboard.o
                0x00014bd4                Motherboard::indicateError(int)
                0x00014c48                Motherboard::getCurrentError()
                0x00014c68                TIMER0_IRQHandler
                0x00014c98                TIMER1_IRQHandler
                0x00014dd4                Motherboard::Motherboard()
                0x00014dd4                Motherboard::Motherboard()
                0x00015084                Motherboard::reset()
                0x00015260                Motherboard::getCurrentMicros()
                0x0001527c                Motherboard::doInterrupt()
                0x000152b8                Motherboard::runMotherboardSlice()
 .text._ZN4UART12getSlaveUARTEv
                0x0001533c       0x14 build\Motherboard.o
                0x0001533c                UART::getSlaveUART()
 .text._ZN16StepperInterfaceC2Ev
                0x00015350       0x4c build\Motherboard.o
                0x00015350                StepperInterface::StepperInterface()
                0x00015350                StepperInterface::StepperInterface()
 .text._ZN16StepperInterfaceC2ERK3PinS2_S2_S2_S2_
                0x0001539c       0x64 build\Motherboard.o
                0x0001539c                StepperInterface::StepperInterface(Pin const&, Pin const&, Pin const&, Pin const&, Pin const&)
                0x0001539c                StepperInterface::StepperInterface(Pin const&, Pin const&, Pin const&, Pin const&, Pin const&)
 .text          0x00015400      0x28c build\PID.o
 .text          0x0001568c      0x54c build\Packet.o
                0x0001568c                _crc_ibutton_update
 .text          0x00015bd8      0x730 build\SDCard.o
                0x00015bd8                sdcard::openPartition()
                0x00015c48                sdcard::openFilesys()
                0x00015c78                sdcard::openRoot()
                0x00015ccc                sdcard::initCard()
                0x00015d7c                sdcard::directoryReset()
                0x00015dbc                sdcard::directoryNextEntry(char*, unsigned char)
                0x00015e90                sdcard::findFileInDir(char const*, fat_dir_entry_struct*)
                0x00015eec                sdcard::openFile(char const*, fat_file_struct**)
                0x00015f40                sdcard::deleteFile(char*)
                0x00015f88                sdcard::createFile(char*)
                0x00015fbc                sdcard::isPlaying()
                0x00015fd0                sdcard::isCapturing()
                0x00015fe4                sdcard::startCapture(char*)
                0x0001607c                sdcard::capturePacket(Packet const&)
                0x000160d4                sdcard::finishCapture()
                0x00016120                sdcard::fetchNextByte()
                0x00016160                sdcard::playbackHasNext()
                0x00016174                sdcard::playbackNext()
                0x00016194                sdcard::startPlayback(char*)
                0x00016220                sdcard::playbackRewind(unsigned char)
                0x00016254                sdcard::finishPlayback()
                0x00016288                sdcard::reset()
 .text          0x00016308      0x360 build\StepperInterface.o
                0x00016308                StepperInterface::setDirection(bool)
                0x00016338                StepperInterface::step(bool)
                0x0001635c                StepperInterface::setEnabled(bool)
                0x00016388                StepperInterface::isAtMaximum()
                0x000163d4                StepperInterface::isAtMinimum()
                0x00016420                StepperInterface::init(unsigned char)
 .text._ZN4Port6getPinEh
                0x00016668       0x34 build\StepperInterface.o
                0x00016668                Port::getPin(unsigned char)
 .text._ZN3Pin8getValueEv
                0x0001669c       0x28 build\StepperInterface.o
                0x0001669c                Pin::getValue()
 .text          0x000166c4      0x66c build\Steppers.o
                0x000166c4                steppers::isRunning()
                0x000166f8                steppers::init(Motherboard&)
                0x0001676c                steppers::abort()
                0x00016790                steppers::definePosition(Point const&)
                0x000167e4                steppers::getPosition()
                0x00016818                steppers::setHoldZ(bool)
                0x00016838                steppers::setTarget(Point const&, long)
                0x00016984                steppers::setTargetNew(Point const&, long, unsigned char)
                0x00016ac8                steppers::startHoming(bool, unsigned char, unsigned long)
                0x00016b90                steppers::enableAxis(unsigned char, bool)
                0x00016bc4                steppers::doInterrupt()
 .text._ZN8steppers4AxisC2Ev
                0x00016d30       0x20 build\Steppers.o
                0x00016d30                steppers::Axis::Axis()
                0x00016d30                steppers::Axis::Axis()
 .text._ZN8steppers4AxisC2ER16StepperInterface
                0x00016d50       0x24 build\Steppers.o
                0x00016d50                steppers::Axis::Axis(StepperInterface&)
                0x00016d50                steppers::Axis::Axis(StepperInterface&)
 .text._ZN8steppers4Axis9setTargetElb
                0x00016d74       0x84 build\Steppers.o
                0x00016d74                steppers::Axis::setTarget(long, bool)
 .text._ZN8steppers4Axis9setHomingEb
                0x00016df8       0x30 build\Steppers.o
                0x00016df8                steppers::Axis::setHoming(bool)
 .text._ZN8steppers4Axis14definePositionEl
                0x00016e28       0x1c build\Steppers.o
                0x00016e28                steppers::Axis::definePosition(long)
 .text._ZN8steppers4Axis13enableStepperEb
                0x00016e44       0x24 build\Steppers.o
                0x00016e44                steppers::Axis::enableStepper(bool)
 .text._ZN8steppers4Axis5resetEv
                0x00016e68       0x44 build\Steppers.o
                0x00016e68                steppers::Axis::reset()
 .text._ZN8steppers4Axis11doInterruptEl
                0x00016eac       0xcc build\Steppers.o
                0x00016eac                steppers::Axis::doInterrupt(long)
 .text._ZN8steppers4Axis8doHomingEl
                0x00016f78       0xf8 build\Steppers.o
                0x00016f78                steppers::Axis::doHoming(long)
 .text          0x00017070      0x10c build\Timeout.o
                0x00017070                Timeout::Timeout()
                0x00017070                Timeout::Timeout()
                0x00017098                Timeout::start(unsigned long)
                0x000170d4                Timeout::hasElapsed()
                0x00017134                Timeout::hasLeft()
                0x00017160                Timeout::abort()
 .text          0x0001717c      0xa9c build\Tool.o
                0x0001752c                tool::getInPacket()
                0x00017540                tool::getOutPacket()
                0x00017554                tool::getSentPacketCount()
                0x00017568                tool::getPacketFailureCount()
                0x0001757c                tool::getRetryCount()
                0x00017590                tool::getNoiseByteCount()
                0x000175a4                tool::getToolVersion()
                0x000177e0                tool::setToolIndicatorLED()
                0x000178a0                tool::reset()
                0x00017938                tool::getLock()
                0x00017970                tool::releaseLock()
                0x00017988                tool::startTransaction()
                0x00017a14                tool::isTransactionDone()
                0x00017a30                tool::runToolSlice()
 .text          0x00017c18      0x3dc build\UART.o
                0x00017c18                UART::UART(unsigned char)
                0x00017c18                UART::UART(unsigned char)
                0x00017d34                UART::beginSend()
                0x00017e20                UART::enable(bool)
                0x00017e84                UART::reset()
 .text._Z6listenv
                0x00017ff4       0x30 build\UART.o
                0x00017ff4                listen()
 .text._Z5speakv
                0x00018024       0x30 build\UART.o
                0x00018024                speak()
 .text          0x00018054        0x0 c:/progra~2/codesourcery/source~1/bin/../lib/gcc/arm-none-eabi/4.5.2/../../../../arm-none-eabi/lib/thumb2\libstdc++.a(si_class_type_info.o)
 .text._ZNK10__cxxabiv120__si_class_type_info11__do_upcastEPKNS_17__class_type_infoEPKvRNS1_15__upcast_resultE
                0x00018054       0x28 c:/progra~2/codesourcery/source~1/bin/../lib/gcc/arm-none-eabi/4.5.2/../../../../arm-none-eabi/lib/thumb2\libstdc++.a(si_class_type_info.o)
                0x00018054                __cxxabiv1::__si_class_type_info::__do_upcast(__cxxabiv1::__class_type_info const*, void const*, __cxxabiv1::__class_type_info::__upcast_result&) const
 .text._ZNK10__cxxabiv120__si_class_type_info12__do_dyncastEiNS_17__class_type_info10__sub_kindEPKS1_PKvS4_S6_RNS1_16__dyncast_resultE
                0x0001807c       0x90 c:/progra~2/codesourcery/source~1/bin/../lib/gcc/arm-none-eabi/4.5.2/../../../../arm-none-eabi/lib/thumb2\libstdc++.a(si_class_type_info.o)
                0x0001807c                __cxxabiv1::__si_class_type_info::__do_dyncast(int, __cxxabiv1::__class_type_info::__sub_kind, __cxxabiv1::__class_type_info const*, void const*, __cxxabiv1::__class_type_info const*, void const*, __cxxabiv1::__class_type_info::__dyncast_result&) const
 .text._ZNK10__cxxabiv120__si_class_type_info20__do_find_public_srcEiPKvPKNS_17__class_type_infoES2_
                0x0001810c       0x38 c:/progra~2/codesourcery/source~1/bin/../lib/gcc/arm-none-eabi/4.5.2/../../../../arm-none-eabi/lib/thumb2\libstdc++.a(si_class_type_info.o)
                0x0001810c                __cxxabiv1::__si_class_type_info::__do_find_public_src(int, void const*, __cxxabiv1::__class_type_info const*, void const*) const
 .text._ZN10__cxxabiv120__si_class_type_infoD2Ev
                0x00018144       0x14 c:/progra~2/codesourcery/source~1/bin/../lib/gcc/arm-none-eabi/4.5.2/../../../../arm-none-eabi/lib/thumb2\libstdc++.a(si_class_type_info.o)
                0x00018144                __cxxabiv1::__si_class_type_info::~__si_class_type_info()
                0x00018144                __cxxabiv1::__si_class_type_info::~__si_class_type_info()
 .text._ZN10__cxxabiv120__si_class_type_infoD0Ev
                0x00018158       0x1c c:/progra~2/codesourcery/source~1/bin/../lib/gcc/arm-none-eabi/4.5.2/../../../../arm-none-eabi/lib/thumb2\libstdc++.a(si_class_type_info.o)
                0x00018158                __cxxabiv1::__si_class_type_info::~__si_class_type_info()
 .text          0x00018174        0x0 c:/progra~2/codesourcery/source~1/bin/../lib/gcc/arm-none-eabi/4.5.2/../../../../arm-none-eabi/lib/thumb2\libstdc++.a(pure.o)
 .text.__cxa_pure_virtual
                0x00018174       0x18 c:/progra~2/codesourcery/source~1/bin/../lib/gcc/arm-none-eabi/4.5.2/../../../../arm-none-eabi/lib/thumb2\libstdc++.a(pure.o)
                0x00018174                __cxa_pure_virtual
 .text          0x0001818c        0x0 c:/progra~2/codesourcery/source~1/bin/../lib/gcc/arm-none-eabi/4.5.2/../../../../arm-none-eabi/lib/thumb2\libstdc++.a(class_type_info.o)
 .text._ZNK10__cxxabiv117__class_type_info11__do_upcastEPKS0_PPv
                0x0001818c       0x38 c:/progra~2/codesourcery/source~1/bin/../lib/gcc/arm-none-eabi/4.5.2/../../../../arm-none-eabi/lib/thumb2\libstdc++.a(class_type_info.o)
                0x0001818c                __cxxabiv1::__class_type_info::__do_upcast(__cxxabiv1::__class_type_info const*, void**) const
 .text._ZNK10__cxxabiv117__class_type_info20__do_find_public_srcEiPKvPKS0_S2_
                0x000181c4        0xc c:/progra~2/codesourcery/source~1/bin/../lib/gcc/arm-none-eabi/4.5.2/../../../../arm-none-eabi/lib/thumb2\libstdc++.a(class_type_info.o)
                0x000181c4                __cxxabiv1::__class_type_info::__do_find_public_src(int, void const*, __cxxabiv1::__class_type_info const*, void const*) const
 .text._ZNK10__cxxabiv117__class_type_info11__do_upcastEPKS0_PKvRNS0_15__upcast_resultE
                0x000181d0       0x1c c:/progra~2/codesourcery/source~1/bin/../lib/gcc/arm-none-eabi/4.5.2/../../../../arm-none-eabi/lib/thumb2\libstdc++.a(class_type_info.o)
                0x000181d0                __cxxabiv1::__class_type_info::__do_upcast(__cxxabiv1::__class_type_info const*, void const*, __cxxabiv1::__class_type_info::__upcast_result&) const
 .text._ZNK10__cxxabiv117__class_type_info12__do_dyncastEiNS0_10__sub_kindEPKS0_PKvS3_S5_RNS0_16__dyncast_resultE
                0x000181ec       0x3c c:/progra~2/codesourcery/source~1/bin/../lib/gcc/arm-none-eabi/4.5.2/../../../../arm-none-eabi/lib/thumb2\libstdc++.a(class_type_info.o)
                0x000181ec                __cxxabiv1::__class_type_info::__do_dyncast(int, __cxxabiv1::__class_type_info::__sub_kind, __cxxabiv1::__class_type_info const*, void const*, __cxxabiv1::__class_type_info const*, void const*, __cxxabiv1::__class_type_info::__dyncast_result&) const
 .text._ZNK10__cxxabiv117__class_type_info10__do_catchEPKSt9type_infoPPvj
                0x00018228       0x28 c:/progra~2/codesourcery/source~1/bin/../lib/gcc/arm-none-eabi/4.5.2/../../../../arm-none-eabi/lib/thumb2\libstdc++.a(class_type_info.o)
                0x00018228                __cxxabiv1::__class_type_info::__do_catch(std::type_info const*, void**, unsigned int) const
 .text._ZN10__cxxabiv117__class_type_infoD2Ev
                0x00018250       0x14 c:/progra~2/codesourcery/source~1/bin/../lib/gcc/arm-none-eabi/4.5.2/../../../../arm-none-eabi/lib/thumb2\libstdc++.a(class_type_info.o)
                0x00018250                __cxxabiv1::__class_type_info::~__class_type_info()
                0x00018250                __cxxabiv1::__class_type_info::~__class_type_info()
 .text._ZN10__cxxabiv117__class_type_infoD0Ev
                0x00018264       0x1c c:/progra~2/codesourcery/source~1/bin/../lib/gcc/arm-none-eabi/4.5.2/../../../../arm-none-eabi/lib/thumb2\libstdc++.a(class_type_info.o)
                0x00018264                __cxxabiv1::__class_type_info::~__class_type_info()
 .text          0x00018280        0x0 c:/progra~2/codesourcery/source~1/bin/../lib/gcc/arm-none-eabi/4.5.2/../../../../arm-none-eabi/lib/thumb2\libstdc++.a(tinfo.o)
 .text._ZNSt9type_infoD2Ev
                0x00018280        0xc c:/progra~2/codesourcery/source~1/bin/../lib/gcc/arm-none-eabi/4.5.2/../../../../arm-none-eabi/lib/thumb2\libstdc++.a(tinfo.o)
                0x00018280                std::type_info::~type_info()
                0x00018280                std::type_info::~type_info()
 .text._ZNKSt9type_info14__is_pointer_pEv
                0x0001828c        0x4 c:/progra~2/codesourcery/source~1/bin/../lib/gcc/arm-none-eabi/4.5.2/../../../../arm-none-eabi/lib/thumb2\libstdc++.a(tinfo.o)
                0x0001828c                std::type_info::__is_pointer_p() const
 .text._ZNKSt9type_info15__is_function_pEv
                0x00018290        0x4 c:/progra~2/codesourcery/source~1/bin/../lib/gcc/arm-none-eabi/4.5.2/../../../../arm-none-eabi/lib/thumb2\libstdc++.a(tinfo.o)
                0x00018290                std::type_info::__is_function_p() const
 .text._ZNKSt9type_info11__do_upcastEPKN10__cxxabiv117__class_type_infoEPPv
                0x00018294        0x4 c:/progra~2/codesourcery/source~1/bin/../lib/gcc/arm-none-eabi/4.5.2/../../../../arm-none-eabi/lib/thumb2\libstdc++.a(tinfo.o)
                0x00018294                std::type_info::__do_upcast(__cxxabiv1::__class_type_info const*, void**) const
 .text._ZNSt9type_infoD0Ev
                0x00018298       0x14 c:/progra~2/codesourcery/source~1/bin/../lib/gcc/arm-none-eabi/4.5.2/../../../../arm-none-eabi/lib/thumb2\libstdc++.a(tinfo.o)
                0x00018298                std::type_info::~type_info()
 .text._ZNKSt9type_infoeqERKS_
                0x000182ac       0x3c c:/progra~2/codesourcery/source~1/bin/../lib/gcc/arm-none-eabi/4.5.2/../../../../arm-none-eabi/lib/thumb2\libstdc++.a(tinfo.o)
                0x000182ac                std::type_info::operator==(std::type_info const&) const
 .text._ZNKSt9type_info10__do_catchEPKS_PPvj
                0x000182e8        0x4 c:/progra~2/codesourcery/source~1/bin/../lib/gcc/arm-none-eabi/4.5.2/../../../../arm-none-eabi/lib/thumb2\libstdc++.a(tinfo.o)
                0x000182e8                std::type_info::__do_catch(std::type_info const*, void**, unsigned int) const
 .text          0x000182ec        0x0 c:/progra~2/codesourcery/source~1/bin/../lib/gcc/arm-none-eabi/4.5.2/../../../../arm-none-eabi/lib/thumb2\libstdc++.a(eh_terminate.o)
 .text._ZN10__cxxabiv111__terminateEPFvvE
                0x000182ec       0x28 c:/progra~2/codesourcery/source~1/bin/../lib/gcc/arm-none-eabi/4.5.2/../../../../arm-none-eabi/lib/thumb2\libstdc++.a(eh_terminate.o)
                0x000182ec                __cxxabiv1::__terminate(void (*)())
 .text._ZSt9terminatev
                0x00018314       0x10 c:/progra~2/codesourcery/source~1/bin/../lib/gcc/arm-none-eabi/4.5.2/../../../../arm-none-eabi/lib/thumb2\libstdc++.a(eh_terminate.o)
                0x00018314                std::terminate()
 .text._ZN10__cxxabiv112__unexpectedEPFvvE
                0x00018324        0x8 c:/progra~2/codesourcery/source~1/bin/../lib/gcc/arm-none-eabi/4.5.2/../../../../arm-none-eabi/lib/thumb2\libstdc++.a(eh_terminate.o)
                0x00018324                __cxxabiv1::__unexpected(void (*)())
 .text._ZSt10unexpectedv
                0x0001832c       0x14 c:/progra~2/codesourcery/source~1/bin/../lib/gcc/arm-none-eabi/4.5.2/../../../../arm-none-eabi/lib/thumb2\libstdc++.a(eh_terminate.o)
                0x0001832c                std::unexpected()
 .text._ZSt13set_terminatePFvvE
                0x00018340       0x10 c:/progra~2/codesourcery/source~1/bin/../lib/gcc/arm-none-eabi/4.5.2/../../../../arm-none-eabi/lib/thumb2\libstdc++.a(eh_terminate.o)
                0x00018340                std::set_terminate(void (*)())
 .text._ZSt14set_unexpectedPFvvE
                0x00018350       0x10 c:/progra~2/codesourcery/source~1/bin/../lib/gcc/arm-none-eabi/4.5.2/../../../../arm-none-eabi/lib/thumb2\libstdc++.a(eh_terminate.o)
                0x00018350                std::set_unexpected(void (*)())
 .text          0x00018360        0x0 c:/progra~2/codesourcery/source~1/bin/../lib/gcc/arm-none-eabi/4.5.2/../../../../arm-none-eabi/lib/thumb2\libstdc++.a(eh_call.o)
 .text.__cxa_call_terminate
                0x00018360       0x50 c:/progra~2/codesourcery/source~1/bin/../lib/gcc/arm-none-eabi/4.5.2/../../../../arm-none-eabi/lib/thumb2\libstdc++.a(eh_call.o)
                0x00018360                __cxa_call_terminate
 .text.__cxa_call_unexpected
                0x000183b0      0x130 c:/progra~2/codesourcery/source~1/bin/../lib/gcc/arm-none-eabi/4.5.2/../../../../arm-none-eabi/lib/thumb2\libstdc++.a(eh_call.o)
                0x000183b0                __cxa_call_unexpected
 .text          0x000184e0        0x0 c:/progra~2/codesourcery/source~1/bin/../lib/gcc/arm-none-eabi/4.5.2/../../../../arm-none-eabi/lib/thumb2\libstdc++.a(eh_term_handler.o)
 .text          0x000184e0        0x0 c:/progra~2/codesourcery/source~1/bin/../lib/gcc/arm-none-eabi/4.5.2/../../../../arm-none-eabi/lib/thumb2\libstdc++.a(eh_personality.o)
 .text._ZL12read_sleb128PKhPl
                0x000184e0       0x3c c:/progra~2/codesourcery/source~1/bin/../lib/gcc/arm-none-eabi/4.5.2/../../../../arm-none-eabi/lib/thumb2\libstdc++.a(eh_personality.o)
 .text._ZL28read_encoded_value_with_basehjPKhPj
                0x0001851c       0xac c:/progra~2/codesourcery/source~1/bin/../lib/gcc/arm-none-eabi/4.5.2/../../../../arm-none-eabi/lib/thumb2\libstdc++.a(eh_personality.o)
 .text._ZL21base_of_encoded_valuehP15_Unwind_Context
                0x000185c8       0x4c c:/progra~2/codesourcery/source~1/bin/../lib/gcc/arm-none-eabi/4.5.2/../../../../arm-none-eabi/lib/thumb2\libstdc++.a(eh_personality.o)
 .text._ZL17parse_lsda_headerP15_Unwind_ContextPKhP16lsda_header_info
                0x00018614       0x8c c:/progra~2/codesourcery/source~1/bin/../lib/gcc/arm-none-eabi/4.5.2/../../../../arm-none-eabi/lib/thumb2\libstdc++.a(eh_personality.o)
 .text.__gxx_personality_v0
                0x000186a0      0x3ec c:/progra~2/codesourcery/source~1/bin/../lib/gcc/arm-none-eabi/4.5.2/../../../../arm-none-eabi/lib/thumb2\libstdc++.a(eh_personality.o)
                0x000186a0                __gxx_personality_v0
 .text          0x00018a8c        0x0 c:/progra~2/codesourcery/source~1/bin/../lib/gcc/arm-none-eabi/4.5.2/../../../../arm-none-eabi/lib/thumb2\libstdc++.a(eh_throw.o)
 .text._ZL23__gxx_exception_cleanup19_Unwind_Reason_CodeP21_Unwind_Control_Block
                0x00018a8c       0x4c c:/progra~2/codesourcery/source~1/bin/../lib/gcc/arm-none-eabi/4.5.2/../../../../arm-none-eabi/lib/thumb2\libstdc++.a(eh_throw.o)
 .text.__cxa_throw
                0x00018ad8       0x80 c:/progra~2/codesourcery/source~1/bin/../lib/gcc/arm-none-eabi/4.5.2/../../../../arm-none-eabi/lib/thumb2\libstdc++.a(eh_throw.o)
                0x00018ad8                __cxa_throw
 .text.__cxa_rethrow
                0x00018b58       0x78 c:/progra~2/codesourcery/source~1/bin/../lib/gcc/arm-none-eabi/4.5.2/../../../../arm-none-eabi/lib/thumb2\libstdc++.a(eh_throw.o)
                0x00018b58                __cxa_rethrow
 .text          0x00018bd0        0x0 c:/progra~2/codesourcery/source~1/bin/../lib/gcc/arm-none-eabi/4.5.2/../../../../arm-none-eabi/lib/thumb2\libstdc++.a(eh_unex_handler.o)
 .text          0x00018bd0        0x0 c:/progra~2/codesourcery/source~1/bin/../lib/gcc/arm-none-eabi/4.5.2/../../../../arm-none-eabi/lib/thumb2\libstdc++.a(eh_globals.o)
 .text.__cxa_get_globals_fast
                0x00018bd0        0xc c:/progra~2/codesourcery/source~1/bin/../lib/gcc/arm-none-eabi/4.5.2/../../../../arm-none-eabi/lib/thumb2\libstdc++.a(eh_globals.o)
                0x00018bd0                __cxa_get_globals_fast
 .text.__cxa_get_globals
                0x00018bdc        0xc c:/progra~2/codesourcery/source~1/bin/../lib/gcc/arm-none-eabi/4.5.2/../../../../arm-none-eabi/lib/thumb2\libstdc++.a(eh_globals.o)
                0x00018bdc                __cxa_get_globals
 .text          0x00018be8        0x0 c:/progra~2/codesourcery/source~1/bin/../lib/gcc/arm-none-eabi/4.5.2/../../../../arm-none-eabi/lib/thumb2\libstdc++.a(eh_catch.o)
 .text.__cxa_get_exception_ptr
                0x00018be8        0x4 c:/progra~2/codesourcery/source~1/bin/../lib/gcc/arm-none-eabi/4.5.2/../../../../arm-none-eabi/lib/thumb2\libstdc++.a(eh_catch.o)
                0x00018be8                __cxa_get_exception_ptr
 .text.__cxa_begin_catch
                0x00018bec       0x9c c:/progra~2/codesourcery/source~1/bin/../lib/gcc/arm-none-eabi/4.5.2/../../../../arm-none-eabi/lib/thumb2\libstdc++.a(eh_catch.o)
                0x00018bec                __cxa_begin_catch
 .text.__cxa_end_catch
                0x00018c88       0x98 c:/progra~2/codesourcery/source~1/bin/../lib/gcc/arm-none-eabi/4.5.2/../../../../arm-none-eabi/lib/thumb2\libstdc++.a(eh_catch.o)
                0x00018c88                __cxa_end_catch
 .text._ZSt18uncaught_exceptionv
                0x00018d20       0x10 c:/progra~2/codesourcery/source~1/bin/../lib/gcc/arm-none-eabi/4.5.2/../../../../arm-none-eabi/lib/thumb2\libstdc++.a(eh_catch.o)
                0x00018d20                std::uncaught_exception()
 .text          0x00018d30        0x0 c:/progra~2/codesourcery/source~1/bin/../lib/gcc/arm-none-eabi/4.5.2/../../../../arm-none-eabi/lib/thumb2\libstdc++.a(vterminate.o)
 .text._ZN9__gnu_cxx27__verbose_terminate_handlerEv
                0x00018d30      0x148 c:/progra~2/codesourcery/source~1/bin/../lib/gcc/arm-none-eabi/4.5.2/../../../../arm-none-eabi/lib/thumb2\libstdc++.a(vterminate.o)
                0x00018d30                __gnu_cxx::__verbose_terminate_handler()
 .text          0x00018e78        0x0 c:/progra~2/codesourcery/source~1/bin/../lib/gcc/arm-none-eabi/4.5.2/../../../../arm-none-eabi/lib/thumb2\libstdc++.a(eh_exception.o)
 .text._ZNSt9exceptionD2Ev
                0x00018e78        0xc c:/progra~2/codesourcery/source~1/bin/../lib/gcc/arm-none-eabi/4.5.2/../../../../arm-none-eabi/lib/thumb2\libstdc++.a(eh_exception.o)
                0x00018e78                std::exception::~exception()
                0x00018e78                std::exception::~exception()
 .text._ZNSt13bad_exceptionD2Ev
                0x00018e84        0xc c:/progra~2/codesourcery/source~1/bin/../lib/gcc/arm-none-eabi/4.5.2/../../../../arm-none-eabi/lib/thumb2\libstdc++.a(eh_exception.o)
                0x00018e84                std::bad_exception::~bad_exception()
                0x00018e84                std::bad_exception::~bad_exception()
 .text._ZN10__cxxabiv115__forced_unwindD2Ev
                0x00018e90        0xc c:/progra~2/codesourcery/source~1/bin/../lib/gcc/arm-none-eabi/4.5.2/../../../../arm-none-eabi/lib/thumb2\libstdc++.a(eh_exception.o)
                0x00018e90                __cxxabiv1::__forced_unwind::~__forced_unwind()
                0x00018e90                __cxxabiv1::__forced_unwind::~__forced_unwind()
 .text._ZN10__cxxabiv119__foreign_exceptionD2Ev
                0x00018e9c        0xc c:/progra~2/codesourcery/source~1/bin/../lib/gcc/arm-none-eabi/4.5.2/../../../../arm-none-eabi/lib/thumb2\libstdc++.a(eh_exception.o)
                0x00018e9c                __cxxabiv1::__foreign_exception::~__foreign_exception()
                0x00018e9c                __cxxabiv1::__foreign_exception::~__foreign_exception()
 .text._ZNKSt9exception4whatEv
                0x00018ea8        0xc c:/progra~2/codesourcery/source~1/bin/../lib/gcc/arm-none-eabi/4.5.2/../../../../arm-none-eabi/lib/thumb2\libstdc++.a(eh_exception.o)
                0x00018ea8                std::exception::what() const
 .text._ZNKSt13bad_exception4whatEv
                0x00018eb4        0xc c:/progra~2/codesourcery/source~1/bin/../lib/gcc/arm-none-eabi/4.5.2/../../../../arm-none-eabi/lib/thumb2\libstdc++.a(eh_exception.o)
                0x00018eb4                std::bad_exception::what() const
 .text._ZN10__cxxabiv119__foreign_exceptionD0Ev
                0x00018ec0       0x14 c:/progra~2/codesourcery/source~1/bin/../lib/gcc/arm-none-eabi/4.5.2/../../../../arm-none-eabi/lib/thumb2\libstdc++.a(eh_exception.o)
                0x00018ec0                __cxxabiv1::__foreign_exception::~__foreign_exception()
 .text._ZN10__cxxabiv115__forced_unwindD0Ev
                0x00018ed4       0x14 c:/progra~2/codesourcery/source~1/bin/../lib/gcc/arm-none-eabi/4.5.2/../../../../arm-none-eabi/lib/thumb2\libstdc++.a(eh_exception.o)
                0x00018ed4                __cxxabiv1::__forced_unwind::~__forced_unwind()
 .text._ZNSt13bad_exceptionD0Ev
                0x00018ee8       0x14 c:/progra~2/codesourcery/source~1/bin/../lib/gcc/arm-none-eabi/4.5.2/../../../../arm-none-eabi/lib/thumb2\libstdc++.a(eh_exception.o)
                0x00018ee8                std::bad_exception::~bad_exception()
 .text._ZNSt9exceptionD0Ev
                0x00018efc       0x14 c:/progra~2/codesourcery/source~1/bin/../lib/gcc/arm-none-eabi/4.5.2/../../../../arm-none-eabi/lib/thumb2\libstdc++.a(eh_exception.o)
                0x00018efc                std::exception::~exception()
 .text          0x00018f10        0x0 c:/progra~2/codesourcery/source~1/bin/../lib/gcc/arm-none-eabi/4.5.2/../../../../arm-none-eabi/lib/thumb2\libstdc++.a(eh_type.o)
 .text.__cxa_current_exception_type
                0x00018f10       0x1c c:/progra~2/codesourcery/source~1/bin/../lib/gcc/arm-none-eabi/4.5.2/../../../../arm-none-eabi/lib/thumb2\libstdc++.a(eh_type.o)
                0x00018f10                __cxa_current_exception_type
 .text          0x00018f2c        0xc c:/progra~2/codesourcery/source~1/bin/../lib/gcc/arm-none-eabi/4.5.2/../../../../arm-none-eabi/lib/thumb2\libstdc++.a(eh_arm.o)
                0x00018f2c                __cxa_end_cleanup
 .text.__cxa_type_match
                0x00018f38       0xd0 c:/progra~2/codesourcery/source~1/bin/../lib/gcc/arm-none-eabi/4.5.2/../../../../arm-none-eabi/lib/thumb2\libstdc++.a(eh_arm.o)
                0x00018f38                __cxa_type_match
 .text.__cxa_begin_cleanup
                0x00019008       0x70 c:/progra~2/codesourcery/source~1/bin/../lib/gcc/arm-none-eabi/4.5.2/../../../../arm-none-eabi/lib/thumb2\libstdc++.a(eh_arm.o)
                0x00019008                __cxa_begin_cleanup
 .text.__gnu_end_cleanup
                0x00019078       0x7c c:/progra~2/codesourcery/source~1/bin/../lib/gcc/arm-none-eabi/4.5.2/../../../../arm-none-eabi/lib/thumb2\libstdc++.a(eh_arm.o)
                0x00019078                __gnu_end_cleanup
 .text          0x000190f4        0x0 c:/progra~2/codesourcery/source~1/bin/../lib/gcc/arm-none-eabi/4.5.2/../../../../arm-none-eabi/lib/thumb2\libstdc++.a(eh_alloc.o)
 .text.__cxa_allocate_exception
                0x000190f4       0x7c c:/progra~2/codesourcery/source~1/bin/../lib/gcc/arm-none-eabi/4.5.2/../../../../arm-none-eabi/lib/thumb2\libstdc++.a(eh_alloc.o)
                0x000190f4                __cxa_allocate_exception
 .text.__cxa_free_exception
                0x00019170       0x3c c:/progra~2/codesourcery/source~1/bin/../lib/gcc/arm-none-eabi/4.5.2/../../../../arm-none-eabi/lib/thumb2\libstdc++.a(eh_alloc.o)
                0x00019170                __cxa_free_exception
 .text.__cxa_allocate_dependent_exception
                0x000191ac       0x78 c:/progra~2/codesourcery/source~1/bin/../lib/gcc/arm-none-eabi/4.5.2/../../../../arm-none-eabi/lib/thumb2\libstdc++.a(eh_alloc.o)
                0x000191ac                __cxa_allocate_dependent_exception
 .text.__cxa_free_dependent_exception
                0x00019224       0x4c c:/progra~2/codesourcery/source~1/bin/../lib/gcc/arm-none-eabi/4.5.2/../../../../arm-none-eabi/lib/thumb2\libstdc++.a(eh_alloc.o)
                0x00019224                __cxa_free_dependent_exception
 .text._GLOBAL__I___cxa_allocate_exception
                0x00019270        0x4 c:/progra~2/codesourcery/source~1/bin/../lib/gcc/arm-none-eabi/4.5.2/../../../../arm-none-eabi/lib/thumb2\libstdc++.a(eh_alloc.o)
 .text          0x00019274     0x912c c:/progra~2/codesourcery/source~1/bin/../lib/gcc/arm-none-eabi/4.5.2/../../../../arm-none-eabi/lib/thumb2\libstdc++.a(cp-demangle.o)
                0x00022298                __cxa_demangle
                0x00022374                __gcclibcxx_demangle_callback
 .text          0x000223a0      0x21c c:/progra~2/codesourcery/source~1/bin/../lib/gcc/arm-none-eabi/4.5.2/thumb2\libgcc.a(_arm_addsubsf3.o)
                0x000223a0                __aeabi_frsub
                0x000223a8                __subsf3
                0x000223a8                __aeabi_fsub
                0x000223ac                __aeabi_fadd
                0x000223ac                __addsf3
                0x0002250c                __aeabi_ui2f
                0x0002250c                __floatunsisf
                0x00022514                __aeabi_i2f
                0x00022514                __floatsisf
                0x00022530                __aeabi_ul2f
                0x00022530                __floatundisf
                0x00022540                __aeabi_l2f
                0x00022540                __floatdisf
 .text          0x000225bc      0x2a0 c:/progra~2/codesourcery/source~1/bin/../lib/gcc/arm-none-eabi/4.5.2/thumb2\libgcc.a(_arm_muldivsf3.o)
                0x000225bc                __mulsf3
                0x000225bc                __aeabi_fmul
                0x00022724                __aeabi_fdiv
                0x00022724                __divsf3
 .text          0x0002285c       0x4c c:/progra~2/codesourcery/source~1/bin/../lib/gcc/arm-none-eabi/4.5.2/thumb2\libgcc.a(_arm_fixsfsi.o)
                0x0002285c                __aeabi_f2iz
                0x0002285c                __fixsfsi
 .text          0x000228a8       0x2c c:/progra~2/codesourcery/source~1/bin/../lib/gcc/arm-none-eabi/4.5.2/thumb2\libgcc.a(_aeabi_uldivmod.o)
                0x000228a8                __aeabi_uldivmod
 .text          0x000228d4       0x60 c:/progra~2/codesourcery/source~1/bin/../lib/gcc/arm-none-eabi/4.5.2/thumb2\libgcc.a(bpabi.o)
                0x000228d4                __gnu_ldivmod_helper
                0x00022904                __gnu_uldivmod_helper
 .text          0x00022934      0xc38 c:/progra~2/codesourcery/source~1/bin/../lib/gcc/arm-none-eabi/4.5.2/thumb2\libgcc.a(unwind-arm.o)
                0x00022c10                _Unwind_VRS_Get
                0x00022c5c                _Unwind_VRS_Set
                0x00022ff8                __aeabi_unwind_cpp_pr2
                0x00022ffc                __aeabi_unwind_cpp_pr1
                0x00023000                __aeabi_unwind_cpp_pr0
                0x00023004                _Unwind_VRS_Pop
                0x000233ec                _Unwind_GetCFA
                0x000233f0                __gnu_Unwind_RaiseException
                0x00023460                __gnu_Unwind_ForcedUnwind
                0x00023474                __gnu_Unwind_Resume
                0x000234b0                __gnu_Unwind_Resume_or_Rethrow
                0x000234c8                _Unwind_Complete
                0x000234cc                _Unwind_DeleteException
                0x000234dc                __gnu_Unwind_Backtrace
 .text          0x0002356c      0x1ac c:/progra~2/codesourcery/source~1/bin/../lib/gcc/arm-none-eabi/4.5.2/thumb2\libgcc.a(libunwind.o)
                0x0002356c                __restore_core_regs
                0x0002356c                restore_core_regs
                0x00023584                __gnu_Unwind_Restore_VFP
                0x0002358c                __gnu_Unwind_Save_VFP
                0x00023594                __gnu_Unwind_Restore_VFP_D
                0x0002359c                __gnu_Unwind_Save_VFP_D
                0x000235a4                __gnu_Unwind_Restore_VFP_D_16_to_31
                0x000235ac                __gnu_Unwind_Save_VFP_D_16_to_31
                0x000235b4                __gnu_Unwind_Restore_WMMXD
                0x000235f8                __gnu_Unwind_Save_WMMXD
                0x0002363c                __gnu_Unwind_Restore_WMMXC
                0x00023650                __gnu_Unwind_Save_WMMXC
                0x00023664                ___Unwind_RaiseException
                0x00023664                _Unwind_RaiseException
                0x00023688                _Unwind_Resume
                0x00023688                ___Unwind_Resume
                0x000236ac                _Unwind_Resume_or_Rethrow
                0x000236ac                ___Unwind_Resume_or_Rethrow
                0x000236d0                _Unwind_ForcedUnwind
                0x000236d0                ___Unwind_ForcedUnwind
                0x000236f4                ___Unwind_Backtrace
                0x000236f4                _Unwind_Backtrace
 .text          0x00023718      0x3c0 c:/progra~2/codesourcery/source~1/bin/../lib/gcc/arm-none-eabi/4.5.2/thumb2\libgcc.a(pr-support.o)
                0x0002376c                __gnu_unwind_execute
                0x00023a7c                __gnu_unwind_frame
                0x00023aa8                _Unwind_GetRegionStart
                0x00023ab4                _Unwind_GetLanguageSpecificData
                0x00023ac8                _Unwind_GetDataRelBase
                0x00023ad0                _Unwind_GetTextRelBase
 .text          0x00023ad8        0x4 c:/progra~2/codesourcery/source~1/bin/../lib/gcc/arm-none-eabi/4.5.2/thumb2\libgcc.a(_dvmd_tls.o)
                0x00023ad8                __aeabi_idiv0
                0x00023ad8                __aeabi_ldiv0
 .text          0x00023adc      0x360 c:/progra~2/codesourcery/source~1/bin/../lib/gcc/arm-none-eabi/4.5.2/thumb2\libgcc.a(_divdi3.o)
                0x00023adc                __divdi3
 .text          0x00023e3c      0x308 c:/progra~2/codesourcery/source~1/bin/../lib/gcc/arm-none-eabi/4.5.2/thumb2\libgcc.a(_udivdi3.o)
                0x00023e3c                __udivdi3
 *fill*         0x00024144        0x4 00
 .text          0x00024148      0x278 c:/progra~2/codesourcery/source~1/bin/../lib/gcc/arm-none-eabi/4.5.2/thumb2\libgcc.a(_udivsi3.o)
                0x00024148                __aeabi_uidiv
                0x00024148                __udivsi3
                0x000243a4                __aeabi_uidivmod
 .text          0x000243c0       0x10 c:/progra~2/codesourcery/source~1/bin/../lib/gcc/arm-none-eabi/4.5.2/../../../../arm-none-eabi/lib/thumb2\libc.a(lib_a-abort.o)
                0x000243c0                abort
 .text          0x000243d0       0xac c:/progra~2/codesourcery/source~1/bin/../lib/gcc/arm-none-eabi/4.5.2/../../../../arm-none-eabi/lib/thumb2\libc.a(lib_a-fputc.o)
                0x000243d0                _fputc_r
                0x00024424                fputc
 .text          0x0002447c       0x90 c:/progra~2/codesourcery/source~1/bin/../lib/gcc/arm-none-eabi/4.5.2/../../../../arm-none-eabi/lib/thumb2\libc.a(lib_a-fputs.o)
                0x0002447c                _fputs_r
                0x000244fc                fputs
 .text          0x0002450c      0x338 c:/progra~2/codesourcery/source~1/bin/../lib/gcc/arm-none-eabi/4.5.2/../../../../arm-none-eabi/lib/thumb2\libc.a(lib_a-fvwrite.o)
                0x0002450c                __sfvwrite_r
 .text          0x00024844       0xc0 c:/progra~2/codesourcery/source~1/bin/../lib/gcc/arm-none-eabi/4.5.2/../../../../arm-none-eabi/lib/thumb2\libc.a(lib_a-fwrite.o)
                0x00024844                _fwrite_r
                0x000248e0                fwrite
 .text          0x00024904        0x0 c:/progra~2/codesourcery/source~1/bin/../lib/gcc/arm-none-eabi/4.5.2/../../../../arm-none-eabi/lib/thumb2\libc.a(lib_a-impure.o)
 .text          0x00024904       0x20 c:/progra~2/codesourcery/source~1/bin/../lib/gcc/arm-none-eabi/4.5.2/../../../../arm-none-eabi/lib/thumb2\libc.a(lib_a-malloc.o)
                0x00024904                malloc
                0x00024914                free
 .text          0x00024924      0x57c c:/progra~2/codesourcery/source~1/bin/../lib/gcc/arm-none-eabi/4.5.2/../../../../arm-none-eabi/lib/thumb2\libc.a(lib_a-mallocr.o)
                0x00024924                _malloc_r
 .text          0x00024ea0       0x8c c:/progra~2/codesourcery/source~1/bin/../lib/gcc/arm-none-eabi/4.5.2/../../../../arm-none-eabi/lib/thumb2\libc.a(lib_a-memchr.o)
                0x00024ea0                memchr
 .text          0x00024f2c       0x64 c:/progra~2/codesourcery/source~1/bin/../lib/gcc/arm-none-eabi/4.5.2/../../../../arm-none-eabi/lib/thumb2\libc.a(lib_a-memcmp.o)
                0x00024f2c                memcmp
 .text          0x00024f90      0x150 c:/progra~2/codesourcery/source~1/bin/../lib/gcc/arm-none-eabi/4.5.2/../../../../arm-none-eabi/lib/thumb2\libc.a(lib_a-memcpy.o)
                0x00024f90                memcpy
 .text          0x000250e0       0xb4 c:/progra~2/codesourcery/source~1/bin/../lib/gcc/arm-none-eabi/4.5.2/../../../../arm-none-eabi/lib/thumb2\libc.a(lib_a-memmove.o)
                0x000250e0                memmove
 .text          0x00025194       0xb4 c:/progra~2/codesourcery/source~1/bin/../lib/gcc/arm-none-eabi/4.5.2/../../../../arm-none-eabi/lib/thumb2\libc.a(lib_a-memset.o)
                0x00025194                memset
 .text          0x00025248        0x8 c:/progra~2/codesourcery/source~1/bin/../lib/gcc/arm-none-eabi/4.5.2/../../../../arm-none-eabi/lib/thumb2\libc.a(lib_a-mlock.o)
                0x00025248                __malloc_lock
                0x0002524c                __malloc_unlock
 .text          0x00025250      0x138 c:/progra~2/codesourcery/source~1/bin/../lib/gcc/arm-none-eabi/4.5.2/../../../../arm-none-eabi/lib/thumb2\libc.a(lib_a-putc.o)
                0x00025250                _putc_r
                0x000252e0                putc
 .text          0x00025388      0x100 c:/progra~2/codesourcery/source~1/bin/../lib/gcc/arm-none-eabi/4.5.2/../../../../arm-none-eabi/lib/thumb2\libc.a(lib_a-rand.o)
                0x00025388                srand
                0x000253e4                rand
 .text          0x00025488       0x14 c:/progra~2/codesourcery/source~1/bin/../lib/gcc/arm-none-eabi/4.5.2/../../../../arm-none-eabi/lib/thumb2\libc.a(lib_a-realloc.o)
                0x00025488                realloc
 .text          0x0002549c      0x41c c:/progra~2/codesourcery/source~1/bin/../lib/gcc/arm-none-eabi/4.5.2/../../../../arm-none-eabi/lib/thumb2\libc.a(lib_a-reallocr.o)
                0x0002549c                _realloc_r
 .text          0x000258b8      0x118 c:/progra~2/codesourcery/source~1/bin/../lib/gcc/arm-none-eabi/4.5.2/../../../../arm-none-eabi/lib/thumb2\libc.a(lib_a-reent.o)
                0x000258b8                cleanup_glue
                0x000258d4                _reclaim_reent
                0x00025994                _wrapup_reent
 .text          0x000259d0       0x28 c:/progra~2/codesourcery/source~1/bin/../lib/gcc/arm-none-eabi/4.5.2/../../../../arm-none-eabi/lib/thumb2\libc.a(lib_a-sbrkr.o)
                0x000259d0                _sbrk_r
 .text          0x000259f8      0x154 c:/progra~2/codesourcery/source~1/bin/../lib/gcc/arm-none-eabi/4.5.2/../../../../arm-none-eabi/lib/thumb2\libc.a(lib_a-signal.o)
                0x000259f8                _init_signal_r
                0x00025a28                _signal_r
                0x00025a64                _raise_r
                0x00025abc                __sigtramp_r
                0x00025b10                raise
                0x00025b20                signal
                0x00025b30                _init_signal
                0x00025b3c                __sigtramp
 .text          0x00025b4c       0x30 c:/progra~2/codesourcery/source~1/bin/../lib/gcc/arm-none-eabi/4.5.2/../../../../arm-none-eabi/lib/thumb2\libc.a(lib_a-signalr.o)
                0x00025b4c                _kill_r
                0x00025b78                _getpid_r
 .text          0x00025b7c       0x94 c:/progra~2/codesourcery/source~1/bin/../lib/gcc/arm-none-eabi/4.5.2/../../../../arm-none-eabi/lib/thumb2\libc.a(lib_a-sprintf.o)
                0x00025b7c                _sprintf_r
                0x00025bc0                sprintf
 .text          0x00025c10      0x10c c:/progra~2/codesourcery/source~1/bin/../lib/gcc/arm-none-eabi/4.5.2/../../../../arm-none-eabi/lib/thumb2\libc.a(lib_a-strchr.o)
                0x00025c10                strchr
 .text          0x00025d1c      0x1dc c:/progra~2/codesourcery/source~1/bin/../lib/gcc/arm-none-eabi/4.5.2/../../../../arm-none-eabi/lib/thumb2\libc.a(lib_a-strcmp.o)
                0x00025d1c                strcmp
 .text          0x00025ef8       0xbc c:/progra~2/codesourcery/source~1/bin/../lib/gcc/arm-none-eabi/4.5.2/../../../../arm-none-eabi/lib/thumb2\libc.a(lib_a-strcpy.o)
                0x00025ef8                strcpy
 .text          0x00025fb4       0x60 c:/progra~2/codesourcery/source~1/bin/../lib/gcc/arm-none-eabi/4.5.2/../../../../arm-none-eabi/lib/thumb2\libc.a(lib_a-strlen.o)
                0x00025fb4                strlen
 .text          0x00026014       0xac c:/progra~2/codesourcery/source~1/bin/../lib/gcc/arm-none-eabi/4.5.2/../../../../arm-none-eabi/lib/thumb2\libc.a(lib_a-strncmp.o)
                0x00026014                strncmp
 .text          0x000260c0       0x78 c:/progra~2/codesourcery/source~1/bin/../lib/gcc/arm-none-eabi/4.5.2/../../../../arm-none-eabi/lib/thumb2\libc.a(lib_a-strncpy.o)
                0x000260c0                strncpy
 .text          0x00026138       0x28 c:/progra~2/codesourcery/source~1/bin/../lib/gcc/arm-none-eabi/4.5.2/../../../../arm-none-eabi/lib/thumb2\libc.a(lib_a-strrchr.o)
                0x00026138                strrchr