Archive member included because of file (symbol)

c:/progra~2/codesourcery/source~1/bin/../lib/gcc/arm-none-eabi/4.5.2/../../../../arm-none-eabi/lib/thumb2\libstdc++.a(si_class_type_info.o)
                              build\Menu.o (vtable for __cxxabiv1::__si_class_type_info)
c:/progra~2/codesourcery/source~1/bin/../lib/gcc/arm-none-eabi/4.5.2/../../../../arm-none-eabi/lib/thumb2\libstdc++.a(del_op.o)
                              c:/progra~2/codesourcery/source~1/bin/../lib/gcc/arm-none-eabi/4.5.2/../../../../arm-none-eabi/lib/thumb2\libstdc++.a(si_class_type_info.o) (operator delete(void*))
c:/progra~2/codesourcery/source~1/bin/../lib/gcc/arm-none-eabi/4.5.2/../../../../arm-none-eabi/lib/thumb2\libstdc++.a(pure.o)
                              build\InterfaceBoard.o (__cxa_pure_virtual)
c:/progra~2/codesourcery/source~1/bin/../lib/gcc/arm-none-eabi/4.5.2/../../../../arm-none-eabi/lib/thumb2\libstdc++.a(class_type_info.o)
                              c:/progra~2/codesourcery/source~1/bin/../lib/gcc/arm-none-eabi/4.5.2/../../../../arm-none-eabi/lib/thumb2\libstdc++.a(si_class_type_info.o) (__cxxabiv1::__class_type_info::__do_upcast(__cxxabiv1::__class_type_info const*, void**) const)
c:/progra~2/codesourcery/source~1/bin/../lib/gcc/arm-none-eabi/4.5.2/../../../../arm-none-eabi/lib/thumb2\libstdc++.a(tinfo.o)
                              c:/progra~2/codesourcery/source~1/bin/../lib/gcc/arm-none-eabi/4.5.2/../../../../arm-none-eabi/lib/thumb2\libstdc++.a(class_type_info.o) (std::type_info::~type_info())
c:/progra~2/codesourcery/source~1/bin/../lib/gcc/arm-none-eabi/4.5.2/../../../../arm-none-eabi/lib/thumb2\libstdc++.a(eh_terminate.o)
                              c:/progra~2/codesourcery/source~1/bin/../lib/gcc/arm-none-eabi/4.5.2/../../../../arm-none-eabi/lib/thumb2\libstdc++.a(pure.o) (std::terminate())
c:/progra~2/codesourcery/source~1/bin/../lib/gcc/arm-none-eabi/4.5.2/../../../../arm-none-eabi/lib/thumb2\libstdc++.a(eh_call.o)
                              c:/progra~2/codesourcery/source~1/bin/../lib/gcc/arm-none-eabi/4.5.2/../../../../arm-none-eabi/lib/thumb2\libstdc++.a(eh_terminate.o) (__cxa_call_unexpected)
c:/progra~2/codesourcery/source~1/bin/../lib/gcc/arm-none-eabi/4.5.2/../../../../arm-none-eabi/lib/thumb2\libstdc++.a(eh_term_handler.o)
                              c:/progra~2/codesourcery/source~1/bin/../lib/gcc/arm-none-eabi/4.5.2/../../../../arm-none-eabi/lib/thumb2\libstdc++.a(eh_terminate.o) (__cxxabiv1::__terminate_handler)
c:/progra~2/codesourcery/source~1/bin/../lib/gcc/arm-none-eabi/4.5.2/../../../../arm-none-eabi/lib/thumb2\libstdc++.a(eh_personality.o)
                              c:/progra~2/codesourcery/source~1/bin/../lib/gcc/arm-none-eabi/4.5.2/../../../../arm-none-eabi/lib/thumb2\libstdc++.a(eh_terminate.o) (__gxx_personality_v0)
c:/progra~2/codesourcery/source~1/bin/../lib/gcc/arm-none-eabi/4.5.2/../../../../arm-none-eabi/lib/thumb2\libstdc++.a(eh_throw.o)
                              c:/progra~2/codesourcery/source~1/bin/../lib/gcc/arm-none-eabi/4.5.2/../../../../arm-none-eabi/lib/thumb2\libstdc++.a(eh_call.o) (__cxa_throw)
c:/progra~2/codesourcery/source~1/bin/../lib/gcc/arm-none-eabi/4.5.2/../../../../arm-none-eabi/lib/thumb2\libstdc++.a(eh_unex_handler.o)
                              c:/progra~2/codesourcery/source~1/bin/../lib/gcc/arm-none-eabi/4.5.2/../../../../arm-none-eabi/lib/thumb2\libstdc++.a(eh_terminate.o) (__cxxabiv1::__unexpected_handler)
c:/progra~2/codesourcery/source~1/bin/../lib/gcc/arm-none-eabi/4.5.2/../../../../arm-none-eabi/lib/thumb2\libstdc++.a(eh_globals.o)
                              c:/progra~2/codesourcery/source~1/bin/../lib/gcc/arm-none-eabi/4.5.2/../../../../arm-none-eabi/lib/thumb2\libstdc++.a(eh_call.o) (__cxa_get_globals_fast)
c:/progra~2/codesourcery/source~1/bin/../lib/gcc/arm-none-eabi/4.5.2/../../../../arm-none-eabi/lib/thumb2\libstdc++.a(eh_catch.o)
                              c:/progra~2/codesourcery/source~1/bin/../lib/gcc/arm-none-eabi/4.5.2/../../../../arm-none-eabi/lib/thumb2\libstdc++.a(eh_terminate.o) (__cxa_begin_catch)
c:/progra~2/codesourcery/source~1/bin/../lib/gcc/arm-none-eabi/4.5.2/../../../../arm-none-eabi/lib/thumb2\libstdc++.a(vterminate.o)
                              c:/progra~2/codesourcery/source~1/bin/../lib/gcc/arm-none-eabi/4.5.2/../../../../arm-none-eabi/lib/thumb2\libstdc++.a(eh_term_handler.o) (__gnu_cxx::__verbose_terminate_handler())
c:/progra~2/codesourcery/source~1/bin/../lib/gcc/arm-none-eabi/4.5.2/../../../../arm-none-eabi/lib/thumb2\libstdc++.a(eh_exception.o)
                              c:/progra~2/codesourcery/source~1/bin/../lib/gcc/arm-none-eabi/4.5.2/../../../../arm-none-eabi/lib/thumb2\libstdc++.a(eh_call.o) (std::bad_exception::~bad_exception())
c:/progra~2/codesourcery/source~1/bin/../lib/gcc/arm-none-eabi/4.5.2/../../../../arm-none-eabi/lib/thumb2\libstdc++.a(eh_type.o)
[...]
Memory Configuration

Name             Origin             Length             Attributes
rom              0x00003000         0x0007d000         xr
ram              0x10001000         0x00007000         xrw
ram1             0x2007c000         0x00004000         xrw
ram2             0x20080000         0x00004000         xrw
*default*        0x00000000         0xffffffff

Linker script and memory map

LOAD build\system\core_cm3.o
LOAD build\system\libnosys_gnu.o
LOAD build\system\system_LPC17xx.o
LOAD build\system\startup_LPC17xx.o
LOAD build\lib\source\debug_frmwrk.o
LOAD build\lib\source\lpc17xx_adc.o
LOAD build\lib\source\lpc17xx_can.o
LOAD build\lib\source\lpc17xx_clkpwr.o
LOAD build\lib\source\lpc17xx_dac.o
LOAD build\lib\source\lpc17xx_emac.o
LOAD build\lib\source\lpc17xx_exti.o
LOAD build\lib\source\lpc17xx_gpdma.o
LOAD build\lib\source\lpc17xx_gpio.o
LOAD build\lib\source\lpc17xx_i2c.o
LOAD build\lib\source\lpc17xx_i2s.o
LOAD build\lib\source\lpc17xx_libcfg_default.o
LOAD build\lib\source\lpc17xx_mcpwm.o
LOAD build\lib\source\lpc17xx_nvic.o
LOAD build\lib\source\lpc17xx_pinsel.o
LOAD build\lib\source\lpc17xx_pwm.o
LOAD build\lib\source\lpc17xx_qei.o
LOAD build\lib\source\lpc17xx_rit.o
LOAD build\lib\source\lpc17xx_rtc.o
LOAD build\lib\source\lpc17xx_spi.o
LOAD build\lib\source\lpc17xx_ssp.o
LOAD build\lib\source\lpc17xx_systick.o
LOAD build\lib\source\lpc17xx_timer.o
LOAD build\lib\source\lpc17xx_uart.o
LOAD build\lib\source\lpc17xx_wdt.o
LOAD build\lib_sd\byteordering.o
LOAD build\lib_sd\fat.o
LOAD build\lib_sd\partition.o
LOAD build\lib_sd\sd_raw.o
LOAD build\IAP_internal_flash_write\IAP.o
LOAD build\USBCDC\cdcuser.o
LOAD build\USBCDC\serial.o
LOAD build\USBCDC\usbcore.o
LOAD build\USBCDC\usbdesc.o
LOAD build\USBCDC\usbhw.o
LOAD build\USBCDC\usbuser.o
LOAD src\shared\PID.o
LOAD src\shared\Packet.o
LOAD build\Command.o
LOAD build\DebugPacketProcessor.o
LOAD build\EepromMap.o
LOAD build\Host.o
LOAD build\Interface.o
LOAD build\InterfaceBoard.o
LOAD build\LPCPort.o
LOAD build\LiquidCrystal.o
LOAD build\Main.o
LOAD build\Menu.o
LOAD build\Microsteps.o
LOAD build\Motherboard.o
LOAD build\PID.o
LOAD build\PSU.o
LOAD build\Packet.o
LOAD build\SDCard.o
LOAD build\StepperInterface.o
LOAD build\Steppers.o
LOAD build\Timeout.o
LOAD build\Tool.o
LOAD build\UART.o
                0x10008000                PROVIDE (__cs3_stack, (__cs3_region_start_ram + __cs3_region_size_ram))
                0x000018f0                PROVIDE (__cs3_stack_size, ((__cs3_region_start_ram + __cs3_region_size_ram) - _end))
                0x10006710                PROVIDE (__cs3_heap_start, _end)
                0x10008000                PROVIDE (__cs3_heap_end, (__cs3_region_start_ram + __cs3_region_size_ram))

.text           0x00003000    0x2ef48
 CREATE_OBJECT_SYMBOLS
                0x00003000                __cs3_region_start_rom = .
 *(.cs3.region-head.rom)
                0x00003000                __cs3_interrupt_vector = __cs3_interrupt_vector_cortex_m
 *(.cs3.interrupt_vector)
 .cs3.interrupt_vector
                0x00003000       0xcc build\system\startup_LPC17xx.o
                0x00003000                __cs3_interrupt_vector_cortex_m
                0x00003001                ASSERT ((. != __cs3_interrupt_vector_cortex_m), No interrupt vector)
 *(.rom)
 *(.rom.b)
                0x000030cc                __cs3_reset = __cs3_reset_cortex_m
 *(.cs3.reset)
 .cs3.reset     0x000030cc       0x10 build\system\startup_LPC17xx.o
                0x000030cc                __cs3_reset_cortex_m
                0x00003001                ASSERT ((. != __cs3_reset), No reset code)
 *(.text .text.* .gnu.linkonce.t.*)
 .text          0x000030dc        0x0 build\system\core_cm3.o
 .text          0x000030dc       0xc8 build\system\libnosys_gnu.o
                0x000030dc                _close
                0x000030e4                _execve
                0x000030f4                _exit
                0x000030f8                _fork
                0x00003108                _fstat
                0x00003114                _getpid
                0x00003118                _kill
                0x00003128                isatty
                0x0000312c                _isatty
                0x00003130                _link
                0x00003140                _lseek
                0x00003144                _open
                0x0000314c                _read
                0x00003150                _sbrk
                0x0000316c                _stat
                0x00003178                _times
                0x00003180                _unlink
                0x00003190                _wait
                0x000031a0                _write
 .text          0x000031a4      0x2ac build\system\system_LPC17xx.o
                0x000031a4                _undef_open_r
                0x000031ac                _undef_close_r
                0x000031b4                _undef_write_r
                0x000031b8                _undef_read_r
                0x000031bc                _write_r
                0x000031d0                _read_r
                0x000031e4                _open_r
                0x00003224                _close_r
                0x00003238                _sbrk_r
                0x0000325c                SystemCoreClockUpdate
                0x0000334c                SystemInit
 .text          0x00003450       0x14 build\system\startup_LPC17xx.o
                0x00003450                NMI_Handler
                0x00003452                HardFault_Handler
                0x00003454                MemManage_Handler
                0x00003456                BusFault_Handler
                0x00003458                UsageFault_Handler
                0x0000345a                SVC_Handler
                0x0000345c                DebugMon_Handler
                0x0000345e                PendSV_Handler
                0x00003460                SysTick_Handler
                0x00003462                PWM1_IRQHandler
                0x00003462                I2C1_IRQHandler
                0x00003462                EINT2_IRQHandler
                0x00003462                EINT3_IRQHandler
                0x00003462                CANActivity_IRQHandler
                0x00003462                TIMER3_IRQHandler
                0x00003462                I2C0_IRQHandler
                0x00003462                PLL0_IRQHandler
                0x00003462                RIT_IRQHandler
                0x00003462                PLL1_IRQHandler
                0x00003462                SSP0_IRQHandler
                0x00003462                I2S_IRQHandler
                0x00003462                I2C2_IRQHandler
                0x00003462                RTC_IRQHandler
                0x00003462                TIMER0_IRQHandler
                0x00003462                SPI_IRQHandler
                0x00003462                EINT1_IRQHandler
                0x00003462                TIMER1_IRQHandler
                0x00003462                UART2_IRQHandler
                0x00003462                Default_Handler
                0x00003462                ADC_IRQHandler
                0x00003462                SSP1_IRQHandler
                0x00003462                BOD_IRQHandler
                0x00003462                USBActivity_IRQHandler
                0x00003462                WDT_IRQHandler
                0x00003462                CAN_IRQHandler
                0x00003462                QEI_IRQHandler
                0x00003462                EINT0_IRQHandler
                0x00003462                DMA_IRQHandler
                0x00003462                TIMER2_IRQHandler
                0x00003462                UART3_IRQHandler
                0x00003462                MCPWM_IRQHandler
                0x00003462                ENET_IRQHandler
 .text          0x00003464      0x6c4 build\lib\source\debug_frmwrk.o
                0x00003464                UARTGetChar
                0x00003480                UARTPutChar
                0x00003498                UARTPuts
                0x000034c4                UARTPutDec32
                0x0000368c                UARTPutDec16
                0x00003768                UARTPutDec
                0x000037e0                UARTPutHex32
                0x0000390c                UARTPutHex16
                0x000039b8                UARTPutHex
                0x00003a24                UARTPuts_
                0x00003a78                debug_frmwrk_init
 .text          0x00003b28      0x2f4 build\lib\source\lpc17xx_adc.o
                0x00003b28                ADC_Init
                0x00003b84                ADC_DeInit
                0x00003bb4                ADC_GetData
                0x00003bc4                ADC_StartCmd
                0x00003c00                ADC_BurstCmd
                0x00003c30                ADC_PowerdownCmd
                0x00003c60                ADC_EdgeStartConfig
                0x00003ca8                ADC_IntConfig
                0x00003cec                ADC_ChannelCmd
                0x00003d2c                ADC_ChannelGetData
                0x00003d58                ADC_ChannelGetStatus
                0x00003db0                ADC_GlobalGetData
                0x00003dd0                ADC_GlobalGetStatus
 .text          0x00003e1c     0x2dd8 build\lib\source\lpc17xx_can.o
                0x00003e1c                CAN_Init
                0x00003fc8                CAN_DeInit
                0x0000400c                CAN_SetupAFLUT
                0x00004538                CAN_LoadExplicitEntry
                0x00004c1c                CAN_LoadFullCANEntry
                0x00005318                CAN_LoadGroupEntry
                0x0000576c                CAN_RemoveEntry
                0x00006334                CAN_SendMsg
                0x00006540                CAN_ReceiveMsg
                0x000065c8                FCAN_ReadObj
                0x000068c0                CAN_GetCTRLStatus
                0x00006914                CAN_GetCRStatus
                0x00006954                CAN_IRQCmd
                0x000069e0                CAN_SetAFMode
                0x00006a34                CAN_ModeConfig
                0x00006b3c                CAN_SetCommand
                0x00006b6c                CAN_IntGetStatus
                0x00006b94                CAN_FullCANIntGetStatus
                0x00006bbc                CAN_FullCANPendGetStatus
 .text          0x00006bf4      0x160 build\lib\source\lpc17xx_clkpwr.o
                0x00006bf4                CLKPWR_SetPCLKDiv
                0x00006c48                CLKPWR_GetPCLKSEL
                0x00006c74                CLKPWR_GetPCLK
                0x00006cb8                CLKPWR_ConfigPPWR
                0x00006cf0                CLKPWR_Sleep
                0x00006d00                CLKPWR_DeepSleep
                0x00006d1c                CLKPWR_PowerDown
                0x00006d38                CLKPWR_DeepPowerDown
 .text          0x00006d54       0xf0 build\lib\source\lpc17xx_dac.o
                0x00006d54                DAC_Init
                0x00006d78                DAC_UpdateValue
                0x00006da4                DAC_SetBias
                0x00006dd8                DAC_ConfigDAConverterControl
                0x00006e24                DAC_SetDMATimeOut
 .text          0x00006e44      0xccc build\lib\source\lpc17xx_emac.o
                0x00006e44                EMAC_DeInit
                0x00006e60                EMAC_CheckPHYStatus
                0x00006ed8                EMAC_SetPHYMode
                0x000071c4                EMAC_Init
                0x00007450                EMAC_UpdatePHYStatus
                0x00007500                EMAC_SetHashFilter
                0x00007900                EMAC_SetFilterMode
                0x00007918                EMAC_GetWoLStatus
                0x00007930                EMAC_WritePacketBuffer
                0x000079c4                EMAC_ReadPacketBuffer
                0x00007a48                EMAC_IntCmd
                0x00007a60                EMAC_IntGetStatus
                0x00007a78                EMAC_CheckReceiveIndex
                0x00007a8c                EMAC_CheckTransmitIndex
                0x00007aa4                EMAC_CheckReceiveDataStatus
                0x00007ac4                EMAC_GetReceiveDataSize
                0x00007ae0                EMAC_UpdateRxConsumeIndex
                0x00007af8                EMAC_UpdateTxProduceIndex
 .text          0x00007b10      0x10c build\lib\source\lpc17xx_exti.o
                0x00007b10                EXTI_Init
                0x00007b28                EXTI_DeInit
                0x00007b2c                EXTI_Config
                0x00007b98                EXTI_SetMode
                0x00007bcc                EXTI_SetPolarity
                0x00007c00                EXTI_ClearEXTIFlag
 .text          0x00007c1c      0x364 build\lib\source\lpc17xx_gpdma.o
                0x00007c1c                GPDMA_Init
                0x00007c58                GPDMA_Setup
                0x00007e40                GPDMA_ChannelCmd
                0x00007e5c                GPDMA_IntGetStatus
                0x00007f30                GPDMA_ClearIntPending
 .text          0x00007f80      0x3ec build\lib\source\lpc17xx_gpio.o
                0x00007f80                GPIO_SetDir
                0x00007fa4                GPIO_SetValue
                0x00007fb8                GPIO_ClearValue
                0x00007fcc                GPIO_ReadValue
                0x00007fe4                GPIO_IntCmd
                0x00008014                GPIO_GetIntStatus
                0x00008064                GPIO_ClearInt
                0x0000807c                FIO_SetDir
                0x000080a0                FIO_SetValue
                0x000080b4                FIO_ClearValue
                0x000080c8                FIO_ReadValue
                0x000080e0                FIO_IntCmd
                0x00008110                FIO_GetIntStatus
                0x00008160                FIO_ClearInt
                0x00008178                FIO_SetMask
                0x0000819c                FIO_HalfWordSetDir
                0x000081ec                FIO_HalfWordSetMask
                0x0000823c                FIO_HalfWordSetValue
                0x00008258                FIO_HalfWordClearValue
                0x00008274                FIO_HalfWordReadValue
                0x00008298                FIO_ByteSetDir
                0x000082d0                FIO_ByteSetMask
                0x00008310                FIO_ByteSetValue
                0x0000832c                FIO_ByteClearValue
                0x00008348                FIO_ByteReadValue
 .text          0x0000836c      0xd1c build\lib\source\lpc17xx_i2c.o
                0x0000836c                I2C_Init
                0x00008454                I2C_DeInit
                0x000084c8                I2C_Cmd
                0x00008514                I2C_IntCmd
                0x000085a4                I2C_MasterHandler
                0x000087e8                I2C_SlaveHandler
                0x000089f4                I2C_MasterTransferData
                0x00008ca4                I2C_SlaveTransferData
                0x00008e30                I2C_SetOwnSlaveAddr
                0x00008ed8                I2C_MonitorModeConfig
                0x00008f30                I2C_MonitorModeCmd
                0x00008fa0                I2C_MonitorGetDatabuffer
                0x00008fd4                I2C_MonitorHandler
                0x00008ff8                I2C_MasterTransferComplete
                0x00009040                I2C_SlaveTransferComplete
 .text          0x00009088      0x6f8 build\lib\source\lpc17xx_i2s.o
                0x00009088                I2S_Init
                0x000090b8                I2S_Config
                0x00009164                I2S_DeInit
                0x0000918c                I2S_GetLevel
                0x000091c8                I2S_Start
                0x000091f4                I2S_Send
                0x00009214                I2S_Receive
                0x00009234                I2S_Pause
                0x00009274                I2S_Mute
                0x000092b8                I2S_Stop
                0x00009314                I2S_FreqConfig
                0x00009420                I2S_SetBitRate
                0x0000946c                I2S_ModeConfig
                0x0000955c                I2S_DMAConfig
                0x000095dc                I2S_DMACmd
                0x00009678                I2S_IRQConfig
                0x000096c8                I2S_IRQCmd
                0x00009720                I2S_GetIRQStatus
                0x00009750                I2S_GetIRQDepth
 .text          0x00009780        0x4 build\lib\source\lpc17xx_libcfg_default.o
                0x00009780                check_failed
 .text          0x00009784      0x364 build\lib\source\lpc17xx_mcpwm.o
                0x00009784                MCPWM_Init
                0x000097a0                MCPWM_ConfigChannel
                0x00009878                MCPWM_WriteToShadow
                0x000098a0                MCPWM_ConfigCapture
                0x0000997c                MCPWM_ClearCapture
                0x00009990                MCPWM_GetCapture
                0x000099a8                MCPWM_CountConfig
                0x00009a3c                MCPWM_Start
                0x00009a64                MCPWM_Stop
                0x00009a8c                MCPWM_ACMode
                0x00009aa0                MCPWM_DCMode
                0x00009ac8                MCPWM_IntConfig
                0x00009ad4                MCPWM_IntSet
                0x00009ad8                MCPWM_IntClear
                0x00009adc                MCPWM_GetIntStatus
 .text          0x00009ae8       0xc8 build\lib\source\lpc17xx_nvic.o
                0x00009ae8                NVIC_DeInit
                0x00009b40                NVIC_SCBDeInit
                0x00009ba4                NVIC_SetVTOR
 .text          0x00009bb0       0xd4 build\lib\source\lpc17xx_pinsel.o
                0x00009bb0                PINSEL_ConfigTraceFunc
                0x00009bd4                PINSEL_SetI2C0Pins
                0x00009be8                PINSEL_ConfigPin
 .text          0x00009c84      0x7f4 build\lib\source\lpc17xx_pwm.o
                0x00009c84                PWM_GetIntStatus
                0x00009cdc                PWM_ClearIntPending
                0x00009d2c                PWM_ConfigStructInit
                0x00009d54                PWM_Init
                0x00009e50                PWM_DeInit
                0x00009e78                PWM_Cmd
                0x00009eb8                PWM_CounterCmd
                0x00009efc                PWM_ResetCounter
                0x00009f2c                PWM_ConfigMatch
                0x0000a060                PWM_ConfigCapture
                0x0000a19c                PWM_GetCaptureValue
                0x0000a1dc                PWM_MatchUpdate
                0x0000a288                PWM_MultiMatchUpdate
                0x0000a368                PWM_ChannelConfig
                0x0000a3f8                PWM_ChannelCmd
 .text          0x0000a478      0x4d8 build\lib\source\lpc17xx_qei.o
                0x0000a478                QEI_Reset
                0x0000a4b0                QEI_Init
                0x0000a508                QEI_DeInit
                0x0000a530                QEI_ConfigStructInit
                0x0000a544                QEI_GetStatus
                0x0000a578                QEI_GetPosition
                0x0000a598                QEI_SetMaxPosition
                0x0000a5b8                QEI_SetPositionComp
                0x0000a5ec                QEI_GetIndex
                0x0000a60c                QEI_SetIndexComp
                0x0000a62c                QEI_SetTimerReload
                0x0000a68c                QEI_GetTimer
                0x0000a6ac                QEI_GetVelocity
                0x0000a6cc                QEI_GetVelocityCap
                0x0000a6ec                QEI_SetVelocityComp
                0x0000a710                QEI_SetDigiFilter
                0x0000a734                QEI_GetIntStatus
                0x0000a7a8                QEI_IntCmd
                0x0000a82c                QEI_IntSet
                0x0000a898                QEI_IntClear
                0x0000a904                QEI_CalculateRPM
 .text          0x0000a950      0x160 build\lib\source\lpc17xx_rit.o
                0x0000a950                RIT_Init
                0x0000a988                RIT_DeInit
                0x0000a9c0                RIT_TimerConfig
                0x0000aa00                RIT_Cmd
                0x0000aa40                RIT_TimerDebugCmd
                0x0000aa80                RIT_GetIntStatus
 .text          0x0000aab0      0x918 build\lib\source\lpc17xx_rtc.o
                0x0000aab0                RTC_Init
                0x0000aae4                RTC_DeInit
                0x0000ab10                RTC_ResetClockTickCounter
                0x0000ab40                RTC_Cmd
                0x0000ab80                RTC_CntIncrIntConfig
                0x0000ac8c                RTC_AlarmIntConfig
                0x0000ad98                RTC_SetTime
                0x0000aea0                RTC_GetTime
                0x0000af30                RTC_SetFullTime
                0x0000af9c                RTC_GetFullTime
                0x0000b008                RTC_SetAlarmTime
                0x0000b104                RTC_GetAlarmTime
                0x0000b168                RTC_SetFullAlarmTime
                0x0000b1d8                RTC_GetFullAlarmTime
                0x0000b248                RTC_GetIntPending
                0x0000b284                RTC_ClearIntPending
                0x0000b2bc                RTC_CalibCounterCmd
                0x0000b300                RTC_CalibConfig
                0x0000b35c                RTC_WriteGPREG
                0x0000b394                RTC_ReadGPREG
 .text          0x0000b3c8      0x498 build\lib\source\lpc17xx_spi.o
                0x0000b3c8                SPI_SetClock
                0x0000b444                SPI_DeInit
                0x0000b474                SPI_GetDataSize
                0x0000b498                SPI_Init
                0x0000b554                SPI_ConfigStructInit
                0x0000b570                SPI_SendData
                0x0000b590                SPI_ReceiveData
                0x0000b5b0                SPI_ReadWrite
                0x0000b76c                SPI_IntCmd
                0x0000b7b4                SPI_GetIntStatus
                0x0000b7d8                SPI_ClearIntPending
                0x0000b7fc                SPI_GetStatus
                0x0000b820                SPI_CheckStatus
 .text          0x0000b860      0x9bc build\lib\source\lpc17xx_ssp.o
                0x0000b860                SSP_Init
                0x0000b940                SSP_DeInit
                0x0000b990                SSP_GetDataSize
                0x0000b9bc                SSP_ConfigStructInit
                0x0000b9d4                SSP_Cmd
                0x0000ba1c                SSP_LoopBackCmd
                0x0000ba64                SSP_SlaveOutputCmd
                0x0000bab0                SSP_SendData
                0x0000badc                SSP_ReceiveData
                0x0000bb08                SSP_ReadWrite
                0x0000c02c                SSP_GetStatus
                0x0000c07c                SSP_IntConfig
                0x0000c0bc                SSP_GetRawIntStatus
                0x0000c108                SSP_GetRawIntStatusReg
                0x0000c134                SSP_GetIntStatus
                0x0000c180                SSP_ClearIntPending
                0x0000c1bc                SSP_DMACmd
 .text          0x0000c21c      0x10c build\lib\source\lpc17xx_systick.o
                0x0000c21c                SYSTICK_InternalInit
                0x0000c268                SYSTICK_ExternalInit
                0x0000c2ac                SYSTICK_Cmd
                0x0000c2dc                SYSTICK_IntCmd
                0x0000c30c                SYSTICK_GetCurrentValue
                0x0000c318                SYSTICK_ClearCounterFlag
 .text          0x0000c328      0x624 build\lib\source\lpc17xx_timer.o
                0x0000c328                TIM_GetIntStatus
                0x0000c380                TIM_GetIntCaptureStatus
                0x0000c3d8                TIM_ClearIntPending
                0x0000c420                TIM_ClearIntCapturePending
                0x0000c46c                TIM_ConfigStructInit
                0x0000c47c                TIM_Init
                0x0000c5f4                TIM_DeInit
                0x0000c66c                TIM_Cmd
                0x0000c6b4                TIM_ResetCounter
                0x0000c6f8                TIM_ConfigMatch
                0x0000c804                TIM_UpdateMatchValue
                0x0000c85c                TIM_ConfigCapture
                0x0000c8fc                TIM_GetCaptureValue
 .text          0x0000c94c     0x1bf4 build\lib\source\lpc17xx_uart.o
                0x0000cd08                UART_Init
                0x0000d160                UART_DeInit
                0x0000d20c                UART_ConfigStructInit
                0x0000d220                UART_SendByte
                0x0000d25c                UART_ReceiveByte
                0x0000d294                UART_Send
                0x0000d9cc                UART_Receive
                0x0000ddf4                UART_ForceBreak
                0x0000de34                UART_IntConfig
                0x0000df14                UART_GetLineStatus
                0x0000df4c                UART_GetIntId
                0x0000df8c                UART_CheckBusy
                0x0000df9c                UART_FIFOConfig
                0x0000e050                UART_FIFOConfigStructInit
                0x0000e060                UART_ABCmd
                0x0000e12c                UART_ABClearIntPending
                0x0000e16c                UART_TxCmd
                0x0000e1cc                UART_IrDAInvtInputCmd
                0x0000e21c                UART_IrDACmd
                0x0000e268                UART_IrDAPulseDivConfig
                0x0000e2b4                UART_FullModemForcePinState
                0x0000e318                UART_FullModemConfigMode
                0x0000e380                UART_FullModemGetStatus
                0x0000e3a0                UART_RS485Config
                0x0000e4bc                UART_RS485ReceiverCmd
                0x0000e4d4                UART_RS485Send
                0x0000e500                UART_RS485SendSlvAddr
                0x0000e52c                UART_RS485SendData
 .text          0x0000e540      0x1dc build\lib\source\lpc17xx_wdt.o
                0x0000e540                WDT_Init
                0x0000e5b0                WDT_Start
                0x0000e650                WDT_ReadTimeOutFlag
                0x0000e65c                WDT_ClrTimeOutFlag
                0x0000e66c                WDT_UpdateTimeOut
                0x0000e700                WDT_Feed
                0x0000e714                WDT_GetCurrentCount
 .text          0x0000e71c        0x0 build\lib_sd\byteordering.o
 .text          0x0000e71c     0x1b44 build\lib_sd\fat.o
                0x0000f28c                fat_open
                0x0000f38c                fat_close
                0x0000f394                fat_open_file
                0x0000f3fc                fat_close_file
                0x0000f41c                fat_read_file
                0x0000f5ac                fat_write_file
                0x0000f700                fat_resize_file
                0x0000f96c                fat_seek_file
                0x0000f9d0                fat_open_dir
                0x0000fa38                fat_close_dir
                0x0000fa40                fat_read_dir
                0x0000fc4c                fat_get_dir_entry_of_path
                0x0000fd8c                fat_reset_dir
                0x0000fd9c                fat_create_file
                0x0000fe38                fat_delete_file
                0x0000ff00                fat_create_dir
                0x000101e0                fat_get_fs_size
                0x000101f0                fat_get_fs_free
 .text          0x00010260       0xb8 build\lib_sd\partition.o
                0x00010260                partition_open
                0x0001030c                partition_close
 .text          0x00010318      0xd5c build\lib_sd\sd_raw.o
                0x000104cc                sd_raw_available
                0x000104d8                sd_raw_locked
                0x000104e4                sd_raw_write
                0x0001076c                sd_raw_read
                0x000109a8                sd_raw_read_interval
                0x00010a1c                sd_raw_init
                0x00010db8                sd_raw_write_interval
                0x00010e2c                sd_raw_sync
                0x00010e58                sd_raw_get_info
 .text          0x00011074       0xd4 build\IAP_internal_flash_write\IAP.o
                0x00011074                IAP::read_ID()
                0x0001108c                IAP::read_serial()
                0x000110a4                IAP::blank_check(int, int)
                0x000110c0                IAP::erase(int, int)
                0x000110e0                IAP::prepare(int, int)
                0x000110fc                IAP::write(char*, char*, int)
                0x0001111c                IAP::compare(char*, char*, int)
                0x00011138                IAP::reserved_flash_area_start()
                0x00011140                IAP::reserved_flash_area_size()
 .text          0x00011148      0x424 build\USBCDC\cdcuser.o
                0x00011148                CDC_RdOutBuf
                0x000111f4                CDC_WrOutBuf
                0x000112a4                CDC_OutBufAvailChar
                0x000112bc                CDC_SendEncapsulatedCommand
                0x000112c0                CDC_GetEncapsulatedResponse
                0x000112c4                CDC_SetCommFeature
                0x000112c8                CDC_GetCommFeature
                0x000112cc                CDC_ClearCommFeature
                0x000112d0                CDC_SetLineCoding
                0x00011320                CDC_GetLineCoding
                0x00011350                CDC_SetControlLineState
                0x00011354                CDC_SendBreak
                0x00011358                CDC_BulkIn
                0x0001138c                CDC_BulkOut
                0x0001144c                CDC_GetSerialState
                0x000114d4                CDC_Init
                0x00011520                CDC_NotificationIn
 .text          0x0001156c      0x5e4 build\USBCDC\serial.o
                0x0001156c                ser_OpenPort
                0x000115b0                ser_ClosePort
                0x000115fc                ser_InitPort0
                0x000116c4                ser_InitPort1
                0x0001178c                ser_Read
                0x000118c0                ser_Write
                0x000119cc                ser_AvailChar
                0x000119e4                ser_LineState
                0x000119f8                UART0_IRQHandler
                0x00011aa0                UART1_IRQHandler
 .text          0x00011b50     0x16f8 build\USBCDC\usbcore.o
                0x00011b50                USB_ResetCore
                0x00011b6c                USB_SetupStage
                0x00011b78                USB_DataInStage
                0x00011ba0                USB_DataOutStage
                0x00011bc0                USB_StatusInStage
                0x00011bcc                USB_StatusOutStage
                0x00011bd8                USB_ReqGetStatus
                0x00011c68                USB_ReqSetClrFeature
                0x00011d1c                USB_ReqSetAddress
                0x00011d3c                USB_ReqGetDescriptor
                0x00011e90                USB_ReqGetConfiguration
                0x00011eac                USB_ReqSetConfiguration
                0x000123f0                USB_ReqGetInterface
                0x00012424                USB_ReqSetInterface
                0x00012564                USB_EndPoint0
 .text          0x00013248        0x0 build\USBCDC\usbdesc.o
 .text          0x00013248      0x998 build\USBCDC\usbhw.o
                0x00013248                EPAdr
                0x0001325c                WrCmd
                0x0001327c                WrCmdDat
                0x000132b0                WrCmdEP
                0x00013300                RdCmdDat
                0x00013324                USB_Init
                0x0001344c                USB_Connect
                0x00013498                USB_Reset
                0x000134dc                USB_Suspend
                0x000134e0                USB_Resume
                0x000134e4                USB_WakeUp
                0x00013538                USB_WakeUpCfg
                0x0001353c                USB_SetAddress
                0x000135b8                USB_Configure
                0x00013620                USB_ConfigEP
                0x0001366c                USB_DirCtrlEP
                0x00013670                USB_EnableEP
                0x000136c4                USB_DisableEP
                0x00013718                USB_ResetEP
                0x0001376c                USB_SetStallEP
                0x000137c0                USB_ClrStallEP
                0x00013814                USB_ClearEPBuf
                0x00013864                USB_ReadEP
                0x0001395c                USB_WriteEP
                0x00013a34                USB_GetFrame
                0x00013aa0                USB_IRQHandler
 .text          0x00013be0       0x74 build\USBCDC\usbuser.o
                0x00013be0                USB_EndPoint2
                0x00013bf4                USB_EndPoint1
                0x00013c18                USB_Reset_Event
                0x00013c1c                USB_Configure_Event
                0x00013c20                USB_EndPoint3
                0x00013c24                USB_EndPoint4
                0x00013c28                USB_EndPoint5
                0x00013c2c                USB_EndPoint6
                0x00013c30                USB_EndPoint7
                0x00013c34                USB_EndPoint8
                0x00013c38                USB_EndPoint9
                0x00013c3c                USB_EndPoint10
                0x00013c40                USB_EndPoint11
                0x00013c44                USB_EndPoint12
                0x00013c48                USB_EndPoint13
                0x00013c4c                USB_EndPoint14
                0x00013c50                USB_EndPoint15
 .text          0x00013c54      0x118 src\shared\PID.o
                0x00013c54                PID::reset()
                0x00013c70                PID::reset_state()
                0x00013c84                PID::calculate(int)
                0x00013d3c                PID::setTarget(int)
                0x00013d58                PID::getErrorTerm()
                0x00013d5c                PID::getDeltaTerm()
                0x00013d68                PID::getLastOutput()
 .text          0x00013d6c      0x788 src\shared\Packet.o
                0x00013d6c                _crc_ibutton_update(unsigned char, unsigned char)
                0x00013de0                Packet::appendByte(unsigned char)
                0x00013e78                Packet::reset()
                0x00013e88                InPacket::InPacket()
                0x00013e88                InPacket::InPacket()
                0x00013e98                InPacket::reset()
                0x00013ea8                InPacket::processByte(unsigned char)
                0x00013fe8                Packet::read8(unsigned char) const
                0x00013ff0                Packet::read16(unsigned char) const
                0x00014000                Packet::read32(unsigned char) const
                0x00014034                OutPacket::OutPacket()
                0x00014034                OutPacket::OutPacket()
                0x00014048                OutPacket::reset()
                0x0001405c                OutPacket::prepareForResend()
                0x0001406c                OutPacket::getNextByteToSend()
                0x000140dc                OutPacket::append8(unsigned char)
                0x00014174                OutPacket::append16(unsigned short)
                0x000142a0                OutPacket::append32(unsigned long)
 .text          0x000144f4      0xef0 build\Command.o
                0x000144f4                command::getRemainingCapacity()
                0x00014504                command::pause(bool)
                0x00014510                command::isPaused()
                0x0001451c                command::isEmpty()
                0x00014530                command::push(unsigned char)
                0x00014578                command::pop8()
                0x000145c4                command::pop16()
                0x00014668                command::pop32()
                0x000147b8                command::reset()
                0x000147cc                command::runCommandSlice()
 .text          0x000153e4      0x1c0 build\DebugPacketProcessor.o
                0x000153e4                processDebugPacket(InPacket const&, OutPacket&)
 .text          0x000155a4      0x1e0 build\EepromMap.o
                0x000155a4                read_all_from_flash()
                0x000155ac                save_to_flash()
                0x000155f0                eeprom::init()
                0x00015688                eeprom::getEeprom8(unsigned long, unsigned char)
                0x00015694                eeprom::getEeprom16(unsigned long, unsigned short)
 .text          0x00015784     0x13c0 build\Host.o
                0x00015784                host::runHostSlice()
                0x000160bc                host::processCommandPacket(InPacket const&, OutPacket&)
                0x000161c4                host::doToolPause(OutPacket&)
                0x00016274                host::processQueryPacket(InPacket const&, OutPacket&)
                0x00016a38                host::getMachineName()
                0x00016abc                host::getBuildName()
                0x00016ac4                host::getHostState()
                0x00016ad0                host::startBuildFromSD()
                0x00016aec                host::stopBuild()
 .text          0x00016b44       0x9c build\Interface.o
                0x00016b44                interfaceboard::isConnected()
                0x00016b8c                interfaceboard::init()
                0x00016b98                interfaceboard::pushScreen(Screen*)
                0x00016ba4                interfaceboard::popScreen()
                0x00016bb0                interfaceboard::doInterrupt()
                0x00016bbc                interfaceboard::getUpdateRate()
                0x00016bc8                interfaceboard::doUpdate()
 .text          0x00016be0      0x4bc build\InterfaceBoard.o
                0x00016be0                ButtonArray::init()
                0x00016be8                ButtonArray::scanButtons()
                0x00016cb0                ButtonArray::getButton(InterfaceBoardDefinitions::ButtonName&)
                0x00016cc8                InterfaceBoard::InterfaceBoard()
                0x00016cc8                InterfaceBoard::InterfaceBoard()
                0x00016e44                InterfaceBoard::init()
                0x00016e48                InterfaceBoard::doInterrupt()
                0x00016f4c                InterfaceBoard::getUpdateRate()
                0x00016f60                InterfaceBoard::doUpdate()
                0x00017034                InterfaceBoard::pushScreen(Screen*)
                0x00017078                InterfaceBoard::popScreen()
 .text          0x0001709c       0x18 build\LPCPort.o
 .text          0x000170b4     0x210c build\LiquidCrystal.o
                0x000170b4                Delay_us(unsigned long)
                0x00017100                LiquidCrystal::writeInt(unsigned short, unsigned char)
                0x00017264                LiquidCrystal::writeString(char*)
                0x00017280                LiquidCrystal::writeFromPgmspace(char const*)
                0x0001729c                LiquidCrystal::pulseEnable()
                0x000173ac                LiquidCrystal::write4bits(unsigned char)
                0x00017594                LiquidCrystal::write8bits(unsigned char)
                0x0001785c                LiquidCrystal::send(unsigned char, bool)
                0x000178d0                LiquidCrystal::noDisplay()
                0x0001793c                LiquidCrystal::createChar(unsigned char, unsigned char*)
                0x000179fc                LiquidCrystal::noAutoscroll()
                0x00017a68                LiquidCrystal::autoscroll()
                0x00017ad4                LiquidCrystal::rightToLeft()
                0x00017b40                LiquidCrystal::leftToRight()
                0x00017bac                LiquidCrystal::scrollDisplayRight()
                0x00017c0c                LiquidCrystal::scrollDisplayLeft()
                0x00017c6c                LiquidCrystal::blink()
                0x00017cd8                LiquidCrystal::noBlink()
                0x00017d44                LiquidCrystal::cursor()
                0x00017db4                LiquidCrystal::noCursor()
                0x00017e24                LiquidCrystal::display()
                0x00017e94                LiquidCrystal::setCursor(unsigned char, unsigned char)
                0x00017f2c                LiquidCrystal::home()
                0x00017fd0                LiquidCrystal::clear()
                0x00018074                LiquidCrystal::begin(unsigned char, unsigned char, unsigned char)
                0x00018a78                LiquidCrystal::init(unsigned char, Pin, Pin, Pin, Pin, Pin, Pin, Pin, Pin, Pin, Pin, Pin)
                0x00018b10                LiquidCrystal::LiquidCrystal(Pin, Pin, Pin, Pin, Pin, Pin, Pin, Pin, Pin, Pin, Pin)
                0x00018b10                LiquidCrystal::LiquidCrystal(Pin, Pin, Pin, Pin, Pin, Pin, Pin, Pin, Pin, Pin, Pin)
                0x00018cb0                LiquidCrystal::LiquidCrystal(Pin, Pin, Pin, Pin, Pin, Pin)
                0x00018cb0                LiquidCrystal::LiquidCrystal(Pin, Pin, Pin, Pin, Pin, Pin)
                0x00018e74                LiquidCrystal::LiquidCrystal(Pin, Pin, Pin, Pin, Pin, Pin, Pin)
                0x00018e74                LiquidCrystal::LiquidCrystal(Pin, Pin, Pin, Pin, Pin, Pin, Pin)
                0x0001902c                LiquidCrystal::LiquidCrystal(Pin, Pin, Pin, Pin, Pin, Pin, Pin, Pin, Pin, Pin)
                0x0001902c                LiquidCrystal::LiquidCrystal(Pin, Pin, Pin, Pin, Pin, Pin, Pin, Pin, Pin, Pin)
 .text._ZN13LiquidCrystal5writeEh
                0x000191c0       0x64 build\LiquidCrystal.o
                0x000191c0                LiquidCrystal::write(unsigned char)
 .text          0x00019224      0x258 build\Main.o
                0x00019224                SysTick_Handler()
                0x00019234                print_menu()
                0x00019270                test_uart()
                0x0001931c                reset(bool)
                0x000193a0                main
 .text          0x0001947c      0xcb4 build\Menu.o
                0x0001947c                SplashScreen::notifyButtonPressed(InterfaceBoardDefinitions::ButtonName)
                0x00019480                SplashScreen::reset()
                0x00019484                JogMode::reset()
                0x0001948c                MonitorMode::reset()
                0x00019490                Menu::reset()
                0x000194a4                Menu::resetState()
                0x000194a8                Menu::handleSelect(unsigned char)
                0x000194ac                Menu::notifyButtonPressed(InterfaceBoardDefinitions::ButtonName)
                0x000194f8                CancelBuildMenu::resetState()
                0x00019500                MainMenu::handleSelect(unsigned char)
                0x00019538                MainMenu::drawItem(unsigned char, LiquidCrystal&)
                0x00019578                CancelBuildMenu::drawItem(unsigned char, LiquidCrystal&)
                0x000195a8                Menu::handleCancel()
                0x000195ac                MonitorMode::notifyButtonPressed(InterfaceBoardDefinitions::ButtonName)
                0x000195d4                SnakeMode::notifyButtonPressed(InterfaceBoardDefinitions::ButtonName)
                0x0001960c                CancelBuildMenu::handleSelect(unsigned char)
                0x0001962c                Menu::update(LiquidCrystal&, bool)
                0x00019738                JogMode::update(LiquidCrystal&, bool)
                0x000197c4                SplashScreen::update(LiquidCrystal&, bool)
                0x00019830                SnakeMode::reset()
                0x000198b4                SnakeMode::update(LiquidCrystal&, bool)
                0x00019b78                SDMenu::resetState()
                0x00019bac                SDMenu::handleSelect(unsigned char)
                0x00019bf0                SDMenu::drawItem(unsigned char, LiquidCrystal&)
                0x00019d28                JogMode::notifyButtonPressed(InterfaceBoardDefinitions::ButtonName)
                0x00019dd0                queryExtruderParameter(unsigned char, OutPacket&)
                0x00019e80                MonitorMode::update(LiquidCrystal&, bool)
                0x00019fa8                JogMode::jog(InterfaceBoardDefinitions::ButtonName)
                0x0001a00c                CancelBuildMenu::CancelBuildMenu()
                0x0001a00c                CancelBuildMenu::CancelBuildMenu()
                0x0001a034                MainMenu::MainMenu()
                0x0001a034                MainMenu::MainMenu()
                0x0001a05c                SDMenu::SDMenu()
                0x0001a05c                SDMenu::SDMenu()
                0x0001a080                SDMenu::countFiles()
                0x0001a0b0                SDMenu::getFilename(unsigned char, char*, unsigned char)
 .text._ZN4Menu13getUpdateRateEv
                0x0001a130        0x8 build\Menu.o
                0x0001a130                Menu::getUpdateRate()
 .text._ZN12SplashScreen13getUpdateRateEv
                0x0001a138        0x8 build\Menu.o
                0x0001a138                SplashScreen::getUpdateRate()
 .text._ZN7JogMode13getUpdateRateEv
                0x0001a140        0x8 build\Menu.o
                0x0001a140                JogMode::getUpdateRate()
 .text._ZN9SnakeMode13getUpdateRateEv
                0x0001a148        0x4 build\Menu.o
                0x0001a148                SnakeMode::getUpdateRate()
 .text._ZN11MonitorMode13getUpdateRateEv
                0x0001a14c        0x8 build\Menu.o
                0x0001a14c                MonitorMode::getUpdateRate()
 .text          0x0001a154      0x178 build\Microsteps.o
                0x0001a154                microsteps::init()
                0x0001a1f8                microsteps::microstep_pinout(bool)
 .text          0x0001a2cc      0xb50 build\Motherboard.o
                0x0001a2cc                Motherboard::Motherboard()
                0x0001a2cc                Motherboard::Motherboard()
                0x0001a71c                Motherboard::reset()
                0x0001a85c                Motherboard::getCurrentMicros()
                0x0001a860                Motherboard::doInterrupt()
                0x0001a888                Motherboard::runMotherboardSlice()
                0x0001a8b4                TIMER1_IRQHandler()
                0x0001a8ec                Motherboard::indicateError(int)
                0x0001a928                Motherboard::getCurrentError()
                0x0001a934                TIMER2_IRQHandler()
 .text          0x0001ae1c      0x118 build\PID.o
 .text          0x0001af34        0x8 build\PSU.o
                0x0001af34                PSU::init()
                0x0001af38                PSU::turnOn(bool)
 .text          0x0001af3c      0x788 build\Packet.o
                0x0001af3c                _crc_ibutton_update
 .text          0x0001b6c4      0x5f8 build\SDCard.o
                0x0001b6c4                sdcard::openPartition()
                0x0001b714                sdcard::openFilesys()
                0x0001b72c                sdcard::openRoot()
                0x0001b758                sdcard::directoryNextEntry(char*, unsigned char)
                0x0001b89c                sdcard::findFileInDir(char const*, fat_dir_entry_struct*)
                0x0001b8d4                sdcard::openFile(char const*, fat_file_struct**)
                0x0001b918                sdcard::deleteFile(char*)
                0x0001b958                sdcard::createFile(char*)
                0x0001b978                sdcard::isPlaying()
                0x0001b984                sdcard::isCapturing()
                0x0001b990                sdcard::capturePacket(Packet const&)
                0x0001b9b0                sdcard::fetchNextByte()
                0x0001b9d4                sdcard::playbackHasNext()
                0x0001b9e0                sdcard::playbackNext()
                0x0001ba08                sdcard::playbackRewind(unsigned char)
                0x0001ba28                sdcard::finishPlayback()
                0x0001ba48                sdcard::reset()
                0x0001bab8                sdcard::finishCapture()
                0x0001bae0                sdcard::initCard()
                0x0001bb8c                sdcard::startPlayback(char*)
                0x0001bc04                sdcard::startCapture(char*)
                0x0001bc98                sdcard::directoryReset()
 .text          0x0001bcbc      0x21c build\StepperInterface.o
                0x0001bcbc                StepperInterface::setDirection(bool)
                0x0001bcf0                StepperInterface::step(bool)
                0x0001bd18                StepperInterface::setEnabled(bool)
                0x0001bd40                StepperInterface::isAtMaximum()
                0x0001bd6c                StepperInterface::isAtMinimum()
                0x0001bd98                StepperInterface::init(unsigned char)
 .text          0x0001bed8      0x984 build\Steppers.o
                0x0001bed8                steppers::isRunning()
                0x0001beec                steppers::init(Motherboard&)
                0x0001bfb4                steppers::abort()
                0x0001bfc4                steppers::definePosition(Point const&)
                0x0001bfe4                steppers::getPosition()
                0x0001c008                steppers::setHoldZ(bool)
                0x0001c014                steppers::setTarget(Point const&, long)
                0x0001c10c                steppers::setTargetNew(Point const&, long, unsigned char)
                0x0001c1fc                steppers::startHoming(bool, unsigned char, unsigned long)
                0x0001c2f8                steppers::enableAxis(unsigned char, bool)
                0x0001c310                steppers::doInterrupt()
 .text          0x0001c85c       0x6c build\Timeout.o
                0x0001c85c                Timeout::Timeout()
                0x0001c85c                Timeout::Timeout()
                0x0001c864                Timeout::start(unsigned long)
                0x0001c884                Timeout::hasElapsed()
                0x0001c8c0                Timeout::abort()
 .text          0x0001c8c8      0x42c build\Tool.o
                0x0001c8c8                tool::getInPacket()
                0x0001c8d0                tool::getOutPacket()
                0x0001c8d8                tool::getSentPacketCount()
                0x0001c8e4                tool::getPacketFailureCount()
                0x0001c8f0                tool::getRetryCount()
                0x0001c8fc                tool::getNoiseByteCount()
                0x0001c908                tool::getLock()
                0x0001c920                tool::releaseLock()
                0x0001c92c                tool::startTransaction()
                0x0001c98c                tool::isTransactionDone()
                0x0001c99c                tool::runToolSlice()
                0x0001ca84                tool::setToolIndicatorLED()
                0x0001cb5c                tool::getToolVersion()
                0x0001cc68                tool::reset()
 .text          0x0001ccf4      0x478 build\UART.o
                0x0001cd40                UART::init_serial()
                0x0001cdb4                UART::UART(unsigned char, communication_mode)
                0x0001cdb4                UART::UART(unsigned char, communication_mode)
                0x0001ce40                UART::beginSend()
                0x0001cee4                UART::enable(bool)
                0x0001cf48                UART::reset()
                0x0001cf78                UART1_IRQHandler()
 .text          0x0001d16c        0x0 c:/progra~2/codesourcery/source~1/bin/../lib/gcc/arm-none-eabi/4.5.2/../../../../arm-none-eabi/lib/thumb2\libstdc++.a(si_class_type_info.o)
 .text._ZNK10__cxxabiv120__si_class_type_info11__do_upcastEPKNS_17__class_type_infoEPKvRNS1_15__upcast_resultE
                0x0001d16c       0x28 c:/progra~2/codesourcery/source~1/bin/../lib/gcc/arm-none-eabi/4.5.2/../../../../arm-none-eabi/lib/thumb2\libstdc++.a(si_class_type_info.o)
                0x0001d16c                __cxxabiv1::__si_class_type_info::__do_upcast(__cxxabiv1::__class_type_info const*, void const*, __cxxabiv1::__class_type_info::__upcast_result&) const
 .text._ZNK10__cxxabiv120__si_class_type_info12__do_dyncastEiNS_17__class_type_info10__sub_kindEPKS1_PKvS4_S6_RNS1_16__dyncast_resultE
                0x0001d194       0x90 c:/progra~2/codesourcery/source~1/bin/../lib/gcc/arm-none-eabi/4.5.2/../../../../arm-none-eabi/lib/thumb2\libstdc++.a(si_class_type_info.o)
                0x0001d194                __cxxabiv1::__si_class_type_info::__do_dyncast(int, __cxxabiv1::__class_type_info::__sub_kind, __cxxabiv1::__class_type_info const*, void const*, __cxxabiv1::__class_type_info const*, void const*, __cxxabiv1::__class_type_info::__dyncast_result&) const
 .text._ZNK10__cxxabiv120__si_class_type_info20__do_find_public_srcEiPKvPKNS_17__class_type_infoES2_
                0x0001d224       0x38 c:/progra~2/codesourcery/source~1/bin/../lib/gcc/arm-none-eabi/4.5.2/../../../../arm-none-eabi/lib/thumb2\libstdc++.a(si_class_type_info.o)
                0x0001d224                __cxxabiv1::__si_class_type_info::__do_find_public_src(int, void const*, __cxxabiv1::__class_type_info const*, void const*) const
 .text._ZN10__cxxabiv120__si_class_type_infoD2Ev
                0x0001d25c       0x14 c:/progra~2/codesourcery/source~1/bin/../lib/gcc/arm-none-eabi/4.5.2/../../../../arm-none-eabi/lib/thumb2\libstdc++.a(si_class_type_info.o)
                0x0001d25c                __cxxabiv1::__si_class_type_info::~__si_class_type_info()
                0x0001d25c                __cxxabiv1::__si_class_type_info::~__si_class_type_info()
 .text._ZN10__cxxabiv120__si_class_type_infoD0Ev
                0x0001d270       0x1c c:/progra~2/codesourcery/source~1/bin/../lib/gcc/arm-none-eabi/4.5.2/../../../../arm-none-eabi/lib/thumb2\libstdc++.a(si_class_type_info.o)
                0x0001d270                __cxxabiv1::__si_class_type_info::~__si_class_type_info()
 .text          0x0001d28c        0x0 c:/progra~2/codesourcery/source~1/bin/../lib/gcc/arm-none-eabi/4.5.2/../../../../arm-none-eabi/lib/thumb2\libstdc++.a(del_op.o)
 .text._ZdlPv   0x0001d28c        0x8 c:/progra~2/codesourcery/source~1/bin/../lib/gcc/arm-none-eabi/4.5.2/../../../../arm-none-eabi/lib/thumb2\libstdc++.a(del_op.o)
                0x0001d28c                operator delete(void*)
 .text          0x0001d294        0x0 c:/progra~2/codesourcery/source~1/bin/../lib/gcc/arm-none-eabi/4.5.2/../../../../arm-none-eabi/lib/thumb2\libstdc++.a(pure.o)
 .text.__cxa_pure_virtual
                0x0001d294       0x18 c:/progra~2/codesourcery/source~1/bin/../lib/gcc/arm-none-eabi/4.5.2/../../../../arm-none-eabi/lib/thumb2\libstdc++.a(pure.o)
                0x0001d294                __cxa_pure_virtual
 .text          0x0001d2ac        0x0 c:/progra~2/codesourcery/source~1/bin/../lib/gcc/arm-none-eabi/4.5.2/../../../../arm-none-eabi/lib/thumb2\libstdc++.a(class_type_info.o)
 .text._ZNK10__cxxabiv117__class_type_info11__do_upcastEPKS0_PPv
                0x0001d2ac       0x38 c:/progra~2/codesourcery/source~1/bin/../lib/gcc/arm-none-eabi/4.5.2/../../../../arm-none-eabi/lib/thumb2\libstdc++.a(class_type_info.o)
                0x0001d2ac                __cxxabiv1::__class_type_info::__do_upcast(__cxxabiv1::__class_type_info const*, void**) const
 .text._ZNK10__cxxabiv117__class_type_info20__do_find_public_srcEiPKvPKS0_S2_
                0x0001d2e4        0xc c:/progra~2/codesourcery/source~1/bin/../lib/gcc/arm-none-eabi/4.5.2/../../../../arm-none-eabi/lib/thumb2\libstdc++.a(class_type_info.o)
                0x0001d2e4                __cxxabiv1::__class_type_info::__do_find_public_src(int, void const*, __cxxabiv1::__class_type_info const*, void const*) const
 .text._ZNK10__cxxabiv117__class_type_info11__do_upcastEPKS0_PKvRNS0_15__upcast_resultE
                0x0001d2f0       0x1c c:/progra~2/codesourcery/source~1/bin/../lib/gcc/arm-none-eabi/4.5.2/../../../../arm-none-eabi/lib/thumb2\libstdc++.a(class_type_info.o)
                0x0001d2f0                __cxxabiv1::__class_type_info::__do_upcast(__cxxabiv1::__class_type_info const*, void const*, __cxxabiv1::__class_type_info::__upcast_result&) const
 .text._ZNK10__cxxabiv117__class_type_info12__do_dyncastEiNS0_10__sub_kindEPKS0_PKvS3_S5_RNS0_16__dyncast_resultE
                0x0001d30c       0x3c c:/progra~2/codesourcery/source~1/bin/../lib/gcc/arm-none-eabi/4.5.2/../../../../arm-none-eabi/lib/thumb2\libstdc++.a(class_type_info.o)
                0x0001d30c                __cxxabiv1::__class_type_info::__do_dyncast(int, __cxxabiv1::__class_type_info::__sub_kind, __cxxabiv1::__class_type_info const*, void const*, __cxxabiv1::__class_type_info const*, void const*, __cxxabiv1::__class_type_info::__dyncast_result&) const
 .text._ZNK10__cxxabiv117__class_type_info10__do_catchEPKSt9type_infoPPvj
                0x0001d348       0x28 c:/progra~2/codesourcery/source~1/bin/../lib/gcc/arm-none-eabi/4.5.2/../../../../arm-none-eabi/lib/thumb2\libstdc++.a(class_type_info.o)
                0x0001d348                __cxxabiv1::__class_type_info::__do_catch(std::type_info const*, void**, unsigned int) const
 .text._ZN10__cxxabiv117__class_type_infoD2Ev
                0x0001d370       0x14 c:/progra~2/codesourcery/source~1/bin/../lib/gcc/arm-none-eabi/4.5.2/../../../../arm-none-eabi/lib/thumb2\libstdc++.a(class_type_info.o)
                0x0001d370                __cxxabiv1::__class_type_info::~__class_type_info()
                0x0001d370                __cxxabiv1::__class_type_info::~__class_type_info()
 .text._ZN10__cxxabiv117__class_type_infoD0Ev
                0x0001d384       0x1c c:/progra~2/codesourcery/source~1/bin/../lib/gcc/arm-none-eabi/4.5.2/../../../../arm-none-eabi/lib/thumb2\libstdc++.a(class_type_info.o)
                0x0001d384                __cxxabiv1::__class_type_info::~__class_type_info()
 .text          0x0001d3a0        0x0 c:/progra~2/codesourcery/source~1/bin/../lib/gcc/arm-none-eabi/4.5.2/../../../../arm-none-eabi/lib/thumb2\libstdc++.a(tinfo.o)
 .text._ZNSt9type_infoD2Ev
                0x0001d3a0        0xc c:/progra~2/codesourcery/source~1/bin/../lib/gcc/arm-none-eabi/4.5.2/../../../../arm-none-eabi/lib/thumb2\libstdc++.a(tinfo.o)
                0x0001d3a0                std::type_info::~type_info()
                0x0001d3a0                std::type_info::~type_info()
 .text._ZNKSt9type_info14__is_pointer_pEv
                0x0001d3ac        0x4 c:/progra~2/codesourcery/source~1/bin/../lib/gcc/arm-none-eabi/4.5.2/../../../../arm-none-eabi/lib/thumb2\libstdc++.a(tinfo.o)
                0x0001d3ac                std::type_info::__is_pointer_p() const
 .text._ZNKSt9type_info15__is_function_pEv
                0x0001d3b0        0x4 c:/progra~2/codesourcery/source~1/bin/../lib/gcc/arm-none-eabi/4.5.2/../../../../arm-none-eabi/lib/thumb2\libstdc++.a(tinfo.o)
                0x0001d3b0                std::type_info::__is_function_p() const
 .text._ZNKSt9type_info11__do_upcastEPKN10__cxxabiv117__class_type_infoEPPv
                0x0001d3b4        0x4 c:/progra~2/codesourcery/source~1/bin/../lib/gcc/arm-none-eabi/4.5.2/../../../../arm-none-eabi/lib/thumb2\libstdc++.a(tinfo.o)
                0x0001d3b4                std::type_info::__do_upcast(__cxxabiv1::__class_type_info const*, void**) const
 .text._ZNSt9type_infoD0Ev
                0x0001d3b8       0x14 c:/progra~2/codesourcery/source~1/bin/../lib/gcc/arm-none-eabi/4.5.2/../../../../arm-none-eabi/lib/thumb2\libstdc++.a(tinfo.o)
                0x0001d3b8                std::type_info::~type_info()
 .text._ZNKSt9type_infoeqERKS_
                0x0001d3cc       0x3c c:/progra~2/codesourcery/source~1/bin/../lib/gcc/arm-none-eabi/4.5.2/../../../../arm-none-eabi/lib/thumb2\libstdc++.a(tinfo.o)
                0x0001d3cc                std::type_info::operator==(std::type_info const&) const
 .text._ZNKSt9type_info10__do_catchEPKS_PPvj
                0x0001d408        0x4 c:/progra~2/codesourcery/source~1/bin/../lib/gcc/arm-none-eabi/4.5.2/../../../../arm-none-eabi/lib/thumb2\libstdc++.a(tinfo.o)
                0x0001d408                std::type_info::__do_catch(std::type_info const*, void**, unsigned int) const
 .text          0x0001d40c        0x0 c:/progra~2/codesourcery/source~1/bin/../lib/gcc/arm-none-eabi/4.5.2/../../../../arm-none-eabi/lib/thumb2\libstdc++.a(eh_terminate.o)
 .text._ZN10__cxxabiv111__terminateEPFvvE
                0x0001d40c       0x28 c:/progra~2/codesourcery/source~1/bin/../lib/gcc/arm-none-eabi/4.5.2/../../../../arm-none-eabi/lib/thumb2\libstdc++.a(eh_terminate.o)
                0x0001d40c                __cxxabiv1::__terminate(void (*)())
 .text._ZSt9terminatev
                0x0001d434       0x10 c:/progra~2/codesourcery/source~1/bin/../lib/gcc/arm-none-eabi/4.5.2/../../../../arm-none-eabi/lib/thumb2\libstdc++.a(eh_terminate.o)
                0x0001d434                std::terminate()
 .text._ZN10__cxxabiv112__unexpectedEPFvvE
                0x0001d444        0x8 c:/progra~2/codesourcery/source~1/bin/../lib/gcc/arm-none-eabi/4.5.2/../../../../arm-none-eabi/lib/thumb2\libstdc++.a(eh_terminate.o)
                0x0001d444                __cxxabiv1::__unexpected(void (*)())
 .text._ZSt10unexpectedv
                0x0001d44c       0x14 c:/progra~2/codesourcery/source~1/bin/../lib/gcc/arm-none-eabi/4.5.2/../../../../arm-none-eabi/lib/thumb2\libstdc++.a(eh_terminate.o)
                0x0001d44c                std::unexpected()
 .text._ZSt13set_terminatePFvvE
                0x0001d460       0x10 c:/progra~2/codesourcery/source~1/bin/../lib/gcc/arm-none-eabi/4.5.2/../../../../arm-none-eabi/lib/thumb2\libstdc++.a(eh_terminate.o)
                0x0001d460                std::set_terminate(void (*)())
 .text._ZSt14set_unexpectedPFvvE
                0x0001d470       0x10 c:/progra~2/codesourcery/source~1/bin/../lib/gcc/arm-none-eabi/4.5.2/../../../../arm-none-eabi/lib/thumb2\libstdc++.a(eh_terminate.o)
                0x0001d470                std::set_unexpected(void (*)())
 .text          0x0001d480        0x0 c:/progra~2/codesourcery/source~1/bin/../lib/gcc/arm-none-eabi/4.5.2/../../../../arm-none-eabi/lib/thumb2\libstdc++.a(eh_call.o)
 .text.__cxa_call_terminate
                0x0001d480       0x50 c:/progra~2/codesourcery/source~1/bin/../lib/gcc/arm-none-eabi/4.5.2/../../../../arm-none-eabi/lib/thumb2\libstdc++.a(eh_call.o)
                0x0001d480                __cxa_call_terminate
 .text.__cxa_call_unexpected
                0x0001d4d0      0x130 c:/progra~2/codesourcery/source~1/bin/../lib/gcc/arm-none-eabi/4.5.2/../../../../arm-none-eabi/lib/thumb2\libstdc++.a(eh_call.o)
                0x0001d4d0                __cxa_call_unexpected
 .text          0x0001d600        0x0 c:/progra~2/codesourcery/source~1/bin/../lib/gcc/arm-none-eabi/4.5.2/../../../../arm-none-eabi/lib/thumb2\libstdc++.a(eh_term_handler.o)
 .text          0x0001d600        0x0 c:/progra~2/codesourcery/source~1/bin/../lib/gcc/arm-none-eabi/4.5.2/../../../../arm-none-eabi/lib/thumb2\libstdc++.a(eh_personality.o)
 .text._ZL12read_sleb128PKhPl
                0x0001d600       0x3c c:/progra~2/codesourcery/source~1/bin/../lib/gcc/arm-none-eabi/4.5.2/../../../../arm-none-eabi/lib/thumb2\libstdc++.a(eh_personality.o)
 .text._ZL28read_encoded_value_with_basehjPKhPj
                0x0001d63c       0xac c:/progra~2/codesourcery/source~1/bin/../lib/gcc/arm-none-eabi/4.5.2/../../../../arm-none-eabi/lib/thumb2\libstdc++.a(eh_personality.o)
 .text._ZL21base_of_encoded_valuehP15_Unwind_Context
                0x0001d6e8       0x4c c:/progra~2/codesourcery/source~1/bin/../lib/gcc/arm-none-eabi/4.5.2/../../../../arm-none-eabi/lib/thumb2\libstdc++.a(eh_personality.o)
 .text._ZL17parse_lsda_headerP15_Unwind_ContextPKhP16lsda_header_info
                0x0001d734       0x8c c:/progra~2/codesourcery/source~1/bin/../lib/gcc/arm-none-eabi/4.5.2/../../../../arm-none-eabi/lib/thumb2\libstdc++.a(eh_personality.o)
 .text.__gxx_personality_v0
                0x0001d7c0      0x3ec c:/progra~2/codesourcery/source~1/bin/../lib/gcc/arm-none-eabi/4.5.2/../../../../arm-none-eabi/lib/thumb2\libstdc++.a(eh_personality.o)
                0x0001d7c0                __gxx_personality_v0
 .text          0x0001dbac        0x0 c:/progra~2/codesourcery/source~1/bin/../lib/gcc/arm-none-eabi/4.5.2/../../../../arm-none-eabi/lib/thumb2\libstdc++.a(eh_throw.o)
 .text._ZL23__gxx_exception_cleanup19_Unwind_Reason_CodeP21_Unwind_Control_Block
                0x0001dbac       0x4c c:/progra~2/codesourcery/source~1/bin/../lib/gcc/arm-none-eabi/4.5.2/../../../../arm-none-eabi/lib/thumb2\libstdc++.a(eh_throw.o)
 .text.__cxa_throw
                0x0001dbf8       0x80 c:/progra~2/codesourcery/source~1/bin/../lib/gcc/arm-none-eabi/4.5.2/../../../../arm-none-eabi/lib/thumb2\libstdc++.a(eh_throw.o)
                0x0001dbf8                __cxa_throw
 .text.__cxa_rethrow
                0x0001dc78       0x78 c:/progra~2/codesourcery/source~1/bin/../lib/gcc/arm-none-eabi/4.5.2/../../../../arm-none-eabi/lib/thumb2\libstdc++.a(eh_throw.o)
                0x0001dc78                __cxa_rethrow
 .text          0x0001dcf0        0x0 c:/progra~2/codesourcery/source~1/bin/../lib/gcc/arm-none-eabi/4.5.2/../../../../arm-none-eabi/lib/thumb2\libstdc++.a(eh_unex_handler.o)
 .text          0x0001dcf0        0x0 c:/progra~2/codesourcery/source~1/bin/../lib/gcc/arm-none-eabi/4.5.2/../../../../arm-none-eabi/lib/thumb2\libstdc++.a(eh_globals.o)
 .text.__cxa_get_globals_fast
                0x0001dcf0        0xc c:/progra~2/codesourcery/source~1/bin/../lib/gcc/arm-none-eabi/4.5.2/../../../../arm-none-eabi/lib/thumb2\libstdc++.a(eh_globals.o)
                0x0001dcf0                __cxa_get_globals_fast
 .text.__cxa_get_globals
                0x0001dcfc        0xc c:/progra~2/codesourcery/source~1/bin/../lib/gcc/arm-none-eabi/4.5.2/../../../../arm-none-eabi/lib/thumb2\libstdc++.a(eh_globals.o)
                0x0001dcfc                __cxa_get_globals
 .text          0x0001dd08        0x0 c:/progra~2/codesourcery/source~1/bin/../lib/gcc/arm-none-eabi/4.5.2/../../../../arm-none-eabi/lib/thumb2\libstdc++.a(eh_catch.o)
 .text.__cxa_get_exception_ptr
                0x0001dd08        0x4 c:/progra~2/codesourcery/source~1/bin/../lib/gcc/arm-none-eabi/4.5.2/../../../../arm-none-eabi/lib/thumb2\libstdc++.a(eh_catch.o)
                0x0001dd08                __cxa_get_exception_ptr
 .text.__cxa_begin_catch
                0x0001dd0c       0x9c c:/progra~2/codesourcery/source~1/bin/../lib/gcc/arm-none-eabi/4.5.2/../../../../arm-none-eabi/lib/thumb2\libstdc++.a(eh_catch.o)
                0x0001dd0c                __cxa_begin_catch
 .text.__cxa_end_catch
                0x0001dda8       0x98 c:/progra~2/codesourcery/source~1/bin/../lib/gcc/arm-none-eabi/4.5.2/../../../../arm-none-eabi/lib/thumb2\libstdc++.a(eh_catch.o)
                0x0001dda8                __cxa_end_catch
 .text._ZSt18uncaught_exceptionv
                0x0001de40       0x10 c:/progra~2/codesourcery/source~1/bin/../lib/gcc/arm-none-eabi/4.5.2/../../../../arm-none-eabi/lib/thumb2\libstdc++.a(eh_catch.o)
                0x0001de40                std::uncaught_exception()
 .text          0x0001de50        0x0 c:/progra~2/codesourcery/source~1/bin/../lib/gcc/arm-none-eabi/4.5.2/../../../../arm-none-eabi/lib/thumb2\libstdc++.a(vterminate.o)
 .text._ZN9__gnu_cxx27__verbose_terminate_handlerEv
                0x0001de50      0x148 c:/progra~2/codesourcery/source~1/bin/../lib/gcc/arm-none-eabi/4.5.2/../../../../arm-none-eabi/lib/thumb2\libstdc++.a(vterminate.o)
                0x0001de50                __gnu_cxx::__verbose_terminate_handler()
 .text          0x0001df98        0x0 c:/progra~2/codesourcery/source~1/bin/../lib/gcc/arm-none-eabi/4.5.2/../../../../arm-none-eabi/lib/thumb2\libstdc++.a(eh_exception.o)
 .text._ZNSt9exceptionD2Ev
                0x0001df98        0xc c:/progra~2/codesourcery/source~1/bin/../lib/gcc/arm-none-eabi/4.5.2/../../../../arm-none-eabi/lib/thumb2\libstdc++.a(eh_exception.o)
                0x0001df98                std::exception::~exception()
                0x0001df98                std::exception::~exception()
 .text._ZNSt13bad_exceptionD2Ev
                0x0001dfa4        0xc c:/progra~2/codesourcery/source~1/bin/../lib/gcc/arm-none-eabi/4.5.2/../../../../arm-none-eabi/lib/thumb2\libstdc++.a(eh_exception.o)
                0x0001dfa4                std::bad_exception::~bad_exception()
                0x0001dfa4                std::bad_exception::~bad_exception()
 .text._ZN10__cxxabiv115__forced_unwindD2Ev
                0x0001dfb0        0xc c:/progra~2/codesourcery/source~1/bin/../lib/gcc/arm-none-eabi/4.5.2/../../../../arm-none-eabi/lib/thumb2\libstdc++.a(eh_exception.o)
                0x0001dfb0                __cxxabiv1::__forced_unwind::~__forced_unwind()
                0x0001dfb0                __cxxabiv1::__forced_unwind::~__forced_unwind()
 .text._ZN10__cxxabiv119__foreign_exceptionD2Ev
                0x0001dfbc        0xc c:/progra~2/codesourcery/source~1/bin/../lib/gcc/arm-none-eabi/4.5.2/../../../../arm-none-eabi/lib/thumb2\libstdc++.a(eh_exception.o)
                0x0001dfbc                __cxxabiv1::__foreign_exception::~__foreign_exception()
                0x0001dfbc                __cxxabiv1::__foreign_exception::~__foreign_exception()
 .text._ZNKSt9exception4whatEv
                0x0001dfc8        0xc c:/progra~2/codesourcery/source~1/bin/../lib/gcc/arm-none-eabi/4.5.2/../../../../arm-none-eabi/lib/thumb2\libstdc++.a(eh_exception.o)
                0x0001dfc8                std::exception::what() const
 .text._ZNKSt13bad_exception4whatEv
                0x0001dfd4        0xc c:/progra~2/codesourcery/source~1/bin/../lib/gcc/arm-none-eabi/4.5.2/../../../../arm-none-eabi/lib/thumb2\libstdc++.a(eh_exception.o)
                0x0001dfd4                std::bad_exception::what() const
 .text._ZN10__cxxabiv119__foreign_exceptionD0Ev
                0x0001dfe0       0x14 c:/progra~2/codesourcery/source~1/bin/../lib/gcc/arm-none-eabi/4.5.2/../../../../arm-none-eabi/lib/thumb2\libstdc++.a(eh_exception.o)
                0x0001dfe0                __cxxabiv1::__foreign_exception::~__foreign_exception()
 .text._ZN10__cxxabiv115__forced_unwindD0Ev
                0x0001dff4       0x14 c:/progra~2/codesourcery/source~1/bin/../lib/gcc/arm-none-eabi/4.5.2/../../../../arm-none-eabi/lib/thumb2\libstdc++.a(eh_exception.o)
                0x0001dff4                __cxxabiv1::__forced_unwind::~__forced_unwind()
 .text._ZNSt13bad_exceptionD0Ev
                0x0001e008       0x14 c:/progra~2/codesourcery/source~1/bin/../lib/gcc/arm-none-eabi/4.5.2/../../../../arm-none-eabi/lib/thumb2\libstdc++.a(eh_exception.o)
                0x0001e008                std::bad_exception::~bad_exception()
 .text._ZNSt9exceptionD0Ev
                0x0001e01c       0x14 c:/progra~2/codesourcery/source~1/bin/../lib/gcc/arm-none-eabi/4.5.2/../../../../arm-none-eabi/lib/thumb2\libstdc++.a(eh_exception.o)
                0x0001e01c                std::exception::~exception()
 .text          0x0001e030        0x0 c:/progra~2/codesourcery/source~1/bin/../lib/gcc/arm-none-eabi/4.5.2/../../../../arm-none-eabi/lib/thumb2\libstdc++.a(eh_type.o)
 .text.__cxa_current_exception_type
                0x0001e030       0x1c c:/progra~2/codesourcery/source~1/bin/../lib/gcc/arm-none-eabi/4.5.2/../../../../arm-none-eabi/lib/thumb2\libstdc++.a(eh_type.o)
                0x0001e030                __cxa_current_exception_type
 .text          0x0001e04c        0xc c:/progra~2/codesourcery/source~1/bin/../lib/gcc/arm-none-eabi/4.5.2/../../../../arm-none-eabi/lib/thumb2\libstdc++.a(eh_arm.o)
                0x0001e04c                __cxa_end_cleanup
 .text.__cxa_type_match
                0x0001e058       0xd0 c:/progra~2/codesourcery/source~1/bin/../lib/gcc/arm-none-eabi/4.5.2/../../../../arm-none-eabi/lib/thumb2\libstdc++.a(eh_arm.o)
                0x0001e058                __cxa_type_match
 .text.__cxa_begin_cleanup
                0x0001e128       0x70 c:/progra~2/codesourcery/source~1/bin/../lib/gcc/arm-none-eabi/4.5.2/../../../../arm-none-eabi/lib/thumb2\libstdc++.a(eh_arm.o)
                0x0001e128                __cxa_begin_cleanup
 .text.__gnu_end_cleanup
                0x0001e198       0x7c c:/progra~2/codesourcery/source~1/bin/../lib/gcc/arm-none-eabi/4.5.2/../../../../arm-none-eabi/lib/thumb2\libstdc++.a(eh_arm.o)
                0x0001e198                __gnu_end_cleanup
 .text          0x0001e214        0x0 c:/progra~2/codesourcery/source~1/bin/../lib/gcc/arm-none-eabi/4.5.2/../../../../arm-none-eabi/lib/thumb2\libstdc++.a(eh_alloc.o)
 .text.__cxa_allocate_exception
                0x0001e214       0x7c c:/progra~2/codesourcery/source~1/bin/../lib/gcc/arm-none-eabi/4.5.2/../../../../arm-none-eabi/lib/thumb2\libstdc++.a(eh_alloc.o)
                0x0001e214                __cxa_allocate_exception
 .text.__cxa_free_exception
                0x0001e290       0x3c c:/progra~2/codesourcery/source~1/bin/../lib/gcc/arm-none-eabi/4.5.2/../../../../arm-none-eabi/lib/thumb2\libstdc++.a(eh_alloc.o)
                0x0001e290                __cxa_free_exception
 .text.__cxa_allocate_dependent_exception
                0x0001e2cc       0x78 c:/progra~2/codesourcery/source~1/bin/../lib/gcc/arm-none-eabi/4.5.2/../../../../arm-none-eabi/lib/thumb2\libstdc++.a(eh_alloc.o)
                0x0001e2cc                __cxa_allocate_dependent_exception
 .text.__cxa_free_dependent_exception
                0x0001e344       0x4c c:/progra~2/codesourcery/source~1/bin/../lib/gcc/arm-none-eabi/4.5.2/../../../../arm-none-eabi/lib/thumb2\libstdc++.a(eh_alloc.o)
                0x0001e344                __cxa_free_dependent_exception
 .text._GLOBAL__I___cxa_allocate_exception
                0x0001e390        0x4 c:/progra~2/codesourcery/source~1/bin/../lib/gcc/arm-none-eabi/4.5.2/../../../../arm-none-eabi/lib/thumb2\libstdc++.a(eh_alloc.o)
 .text          0x0001e394     0x912c c:/progra~2/codesourcery/source~1/bin/../lib/gcc/arm-none-eabi/4.5.2/../../../../arm-none-eabi/lib/thumb2\libstdc++.a(cp-demangle.o)
                0x000273b8                __cxa_demangle
                0x00027494                __gcclibcxx_demangle_callback
 .text          0x000274c0      0x21c c:/progra~2/codesourcery/source~1/bin/../lib/gcc/arm-none-eabi/4.5.2/thumb2\libgcc.a(_arm_addsubsf3.o)
                0x000274c0                __aeabi_frsub
                0x000274c8                __subsf3
                0x000274c8                __aeabi_fsub
                0x000274cc                __aeabi_fadd
                0x000274cc                __addsf3
                0x0002762c                __aeabi_ui2f
                0x0002762c                __floatunsisf
                0x00027634                __aeabi_i2f
                0x00027634                __floatsisf
                0x00027650                __aeabi_ul2f
                0x00027650                __floatundisf
                0x00027660                __aeabi_l2f
                0x00027660                __floatdisf
 .text          0x000276dc      0x2a0 c:/progra~2/codesourcery/source~1/bin/../lib/gcc/arm-none-eabi/4.5.2/thumb2\libgcc.a(_arm_muldivsf3.o)
                0x000276dc                __mulsf3
                0x000276dc                __aeabi_fmul
                0x00027844                __aeabi_fdiv
                0x00027844                __divsf3
 .text          0x0002797c       0xec c:/progra~2/codesourcery/source~1/bin/../lib/gcc/arm-none-eabi/4.5.2/thumb2\libgcc.a(_arm_cmpsf2.o)
                0x0002797c                __gesf2
                0x0002797c                __gtsf2
                0x00027984                __lesf2
                0x00027984                __ltsf2
                0x0002798c                __nesf2
                0x0002798c                __eqsf2
                0x0002798c                __cmpsf2
                0x000279ec                __aeabi_cfrcmple
                0x000279f4                __aeabi_cfcmpeq
                0x000279f4                __aeabi_cfcmple
                0x00027a04                __aeabi_fcmpeq
                0x00027a18                __aeabi_fcmplt
                0x00027a2c                __aeabi_fcmple
                0x00027a40                __aeabi_fcmpge
                0x00027a54                __aeabi_fcmpgt
 .text          0x00027a68       0x4c c:/progra~2/codesourcery/source~1/bin/../lib/gcc/arm-none-eabi/4.5.2/thumb2\libgcc.a(_arm_fixsfsi.o)
                0x00027a68                __aeabi_f2iz
                0x00027a68                __fixsfsi
 .text          0x00027ab4       0x2c c:/progra~2/codesourcery/source~1/bin/../lib/gcc/arm-none-eabi/4.5.2/thumb2\libgcc.a(_aeabi_uldivmod.o)
                0x00027ab4                __aeabi_uldivmod
 .text          0x00027ae0       0x60 c:/progra~2/codesourcery/source~1/bin/../lib/gcc/arm-none-eabi/4.5.2/thumb2\libgcc.a(bpabi.o)
                0x00027ae0                __gnu_ldivmod_helper
                0x00027b10                __gnu_uldivmod_helper
 .text          0x00027b40      0xc38 c:/progra~2/codesourcery/source~1/bin/../lib/gcc/arm-none-eabi/4.5.2/thumb2\libgcc.a(unwind-arm.o)
                0x00027e1c                _Unwind_VRS_Get
                0x00027e68                _Unwind_VRS_Set
                0x00028204                __aeabi_unwind_cpp_pr2
                0x00028208                __aeabi_unwind_cpp_pr1
                0x0002820c                __aeabi_unwind_cpp_pr0
                0x00028210                _Unwind_VRS_Pop
                0x000285f8                _Unwind_GetCFA
                0x000285fc                __gnu_Unwind_RaiseException
                0x0002866c                __gnu_Unwind_ForcedUnwind
                0x00028680                __gnu_Unwind_Resume
                0x000286bc                __gnu_Unwind_Resume_or_Rethrow
                0x000286d4                _Unwind_Complete
                0x000286d8                _Unwind_DeleteException
                0x000286e8                __gnu_Unwind_Backtrace
 .text          0x00028778      0x1ac c:/progra~2/codesourcery/source~1/bin/../lib/gcc/arm-none-eabi/4.5.2/thumb2\libgcc.a(libunwind.o)
                0x00028778                __restore_core_regs
                0x00028778                restore_core_regs
                0x00028790                __gnu_Unwind_Restore_VFP
                0x00028798                __gnu_Unwind_Save_VFP
                0x000287a0                __gnu_Unwind_Restore_VFP_D
                0x000287a8                __gnu_Unwind_Save_VFP_D
                0x000287b0                __gnu_Unwind_Restore_VFP_D_16_to_31
                0x000287b8                __gnu_Unwind_Save_VFP_D_16_to_31
                0x000287c0                __gnu_Unwind_Restore_WMMXD
                0x00028804                __gnu_Unwind_Save_WMMXD
                0x00028848                __gnu_Unwind_Restore_WMMXC
                0x0002885c                __gnu_Unwind_Save_WMMXC
                0x00028870                ___Unwind_RaiseException
                0x00028870                _Unwind_RaiseException
                0x00028894                _Unwind_Resume
                0x00028894                ___Unwind_Resume
                0x000288b8                _Unwind_Resume_or_Rethrow
                0x000288b8                ___Unwind_Resume_or_Rethrow
                0x000288dc                _Unwind_ForcedUnwind
                0x000288dc                ___Unwind_ForcedUnwind
                0x00028900                ___Unwind_Backtrace
                0x00028900                _Unwind_Backtrace
 .text          0x00028924      0x3c0 c:/progra~2/codesourcery/source~1/bin/../lib/gcc/arm-none-eabi/4.5.2/thumb2\libgcc.a(pr-support.o)
                0x00028978                __gnu_unwind_execute
                0x00028c88                __gnu_unwind_frame
                0x00028cb4                _Unwind_GetRegionStart
                0x00028cc0                _Unwind_GetLanguageSpecificData
                0x00028cd4                _Unwind_GetDataRelBase
                0x00028cdc                _Unwind_GetTextRelBase
 .text          0x00028ce4        0x4 c:/progra~2/codesourcery/source~1/bin/../lib/gcc/arm-none-eabi/4.5.2/thumb2\libgcc.a(_dvmd_tls.o)
                0x00028ce4                __aeabi_idiv0
                0x00028ce4                __aeabi_ldiv0
 .text          0x00028ce8      0x360 c:/progra~2/codesourcery/source~1/bin/../lib/gcc/arm-none-eabi/4.5.2/thumb2\libgcc.a(_divdi3.o)
                0x00028ce8                __divdi3
 .text          0x00029048      0x308 c:/progra~2/codesourcery/source~1/bin/../lib/gcc/arm-none-eabi/4.5.2/thumb2\libgcc.a(_udivdi3.o)
                0x00029048                __udivdi3
 .text          0x00029350      0x278 c:/progra~2/codesourcery/source~1/bin/../lib/gcc/arm-none-eabi/4.5.2/thumb2\libgcc.a(_udivsi3.o)
                0x00029350                __aeabi_uidiv
                0x00029350                __udivsi3
                0x000295ac                __aeabi_uidivmod
 .text          0x000295c8       0x10 c:/progra~2/codesourcery/source~1/bin/../lib/gcc/arm-none-eabi/4.5.2/../../../../arm-none-eabi/lib/thumb2\libc.a(lib_a-abort.o)
                0x000295c8                abort
 .text          0x000295d8       0xac c:/progra~2/codesourcery/source~1/bin/../lib/gcc/arm-none-eabi/4.5.2/../../../../arm-none-eabi/lib/thumb2\libc.a(lib_a-fputc.o)
                0x000295d8                _fputc_r
                0x0002962c                fputc
 .text          0x00029684       0x90 c:/progra~2/codesourcery/source~1/bin/../lib/gcc/arm-none-eabi/4.5.2/../../../../arm-none-eabi/lib/thumb2\libc.a(lib_a-fputs.o)
                0x00029684                _fputs_r
                0x00029704                fputs
 .text          0x00029714      0x338 c:/progra~2/codesourcery/source~1/bin/../lib/gcc/arm-none-eabi/4.5.2/../../../../arm-none-eabi/lib/thumb2\libc.a(lib_a-fvwrite.o)
                0x00029714                __sfvwrite_r
 .text          0x00029a4c       0xc0 c:/progra~2/codesourcery/source~1/bin/../lib/gcc/arm-none-eabi/4.5.2/../../../../arm-none-eabi/lib/thumb2\libc.a(lib_a-fwrite.o)
                0x00029a4c                _fwrite_r
                0x00029ae8                fwrite
 .text          0x00029b0c        0x0 c:/progra~2/codesourcery/source~1/bin/../lib/gcc/arm-none-eabi/4.5.2/../../../../arm-none-eabi/lib/thumb2\libc.a(lib_a-impure.o)
 .text          0x00029b0c       0x20 c:/progra~2/codesourcery/source~1/bin/../lib/gcc/arm-none-eabi/4.5.2/../../../../arm-none-eabi/lib/thumb2\libc.a(lib_a-malloc.o)
                0x00029b0c                malloc
                0x00029b1c                free
 .text          0x00029b2c      0x57c c:/progra~2/codesourcery/source~1/bin/../lib/gcc/arm-none-eabi/4.5.2/../../../../arm-none-eabi/lib/thumb2\libc.a(lib_a-mallocr.o)
                0x00029b2c                _malloc_r
 .text          0x0002a0a8       0x8c c:/progra~2/codesourcery/source~1/bin/../lib/gcc/arm-none-eabi/4.5.2/../../../../arm-none-eabi/lib/thumb2\libc.a(lib_a-memchr.o)
                0x0002a0a8                memchr
 .text          0x0002a134       0x64 c:/progra~2/codesourcery/source~1/bin/../lib/gcc/arm-none-eabi/4.5.2/../../../../arm-none-eabi/lib/thumb2\libc.a(lib_a-memcmp.o)
                0x0002a134                memcmp
 .text          0x0002a198      0x150 c:/progra~2/codesourcery/source~1/bin/../lib/gcc/arm-none-eabi/4.5.2/../../../../arm-none-eabi/lib/thumb2\libc.a(lib_a-memcpy.o)
                0x0002a198                memcpy
 .text          0x0002a2e8       0xb4 c:/progra~2/codesourcery/source~1/bin/../lib/gcc/arm-none-eabi/4.5.2/../../../../arm-none-eabi/lib/thumb2\libc.a(lib_a-memmove.o)
                0x0002a2e8                memmove
 .text          0x0002a39c       0xb4 c:/progra~2/codesourcery/source~1/bin/../lib/gcc/arm-none-eabi/4.5.2/../../../../arm-none-eabi/lib/thumb2\libc.a(lib_a-memset.o)
                0x0002a39c                memset
 .text          0x0002a450        0x8 c:/progra~2/codesourcery/source~1/bin/../lib/gcc/arm-none-eabi/4.5.2/../../../../arm-none-eabi/lib/thumb2\libc.a(lib_a-mlock.o)
                0x0002a450                __malloc_lock
                0x0002a454                __malloc_unlock
 .text          0x0002a458      0x138 c:/progra~2/codesourcery/source~1/bin/../lib/gcc/arm-none-eabi/4.5.2/../../../../arm-none-eabi/lib/thumb2\libc.a(lib_a-putc.o)
                0x0002a458                _putc_r
                0x0002a4e8                putc
 .text          0x0002a590      0x100 c:/progra~2/codesourcery/source~1/bin/../lib/gcc/arm-none-eabi/4.5.2/../../../../arm-none-eabi/lib/thumb2\libc.a(lib_a-rand.o)
                0x0002a590                srand
                0x0002a5ec                rand
 .text          0x0002a690       0x14 c:/progra~2/codesourcery/source~1/bin/../lib/gcc/arm-none-eabi/4.5.2/../../../../arm-none-eabi/lib/thumb2\libc.a(lib_a-realloc.o)
                0x0002a690                realloc
 .text          0x0002a6a4      0x41c c:/progra~2/codesourcery/source~1/bin/../lib/gcc/arm-none-eabi/4.5.2/../../../../arm-none-eabi/lib/thumb2\libc.a(lib_a-reallocr.o)
                0x0002a6a4                _realloc_r
 .text          0x0002aac0      0x118 c:/progra~2/codesourcery/source~1/bin/../lib/gcc/arm-none-eabi/4.5.2/../../../../arm-none-eabi/lib/thumb2\libc.a(lib_a-reent.o)
                0x0002aac0                cleanup_glue
                0x0002aadc                _reclaim_reent
                0x0002ab9c                _wrapup_reent
 .text          0x0002abd8      0x154 c:/progra~2/codesourcery/source~1/bin/../lib/gcc/arm-none-eabi/4.5.2/../../../../arm-none-eabi/lib/thumb2\libc.a(lib_a-signal.o)
                0x0002abd8                _init_signal_r
                0x0002ac08                _signal_r
                0x0002ac44                _raise_r
                0x0002ac9c                __sigtramp_r
                0x0002acf0                raise
                0x0002ad00                signal
                0x0002ad10                _init_signal
                0x0002ad1c                __sigtramp
 .text          0x0002ad2c       0x30 c:/progra~2/codesourcery/source~1/bin/../lib/gcc/arm-none-eabi/4.5.2/../../../../arm-none-eabi/lib/thumb2\libc.a(lib_a-signalr.o)
                0x0002ad2c                _kill_r
                0x0002ad58                _getpid_r
 .text          0x0002ad5c       0x94 c:/progra~2/codesourcery/source~1/bin/../lib/gcc/arm-none-eabi/4.5.2/../../../../arm-none-eabi/lib/thumb2\libc.a(lib_a-sprintf.o)
                0x0002ad5c                _sprintf_r
                0x0002ada0                sprintf
 .text          0x0002adf0      0x10c c:/progra~2/codesourcery/source~1/bin/../lib/gcc/arm-none-eabi/4.5.2/../../../../arm-none-eabi/lib/thumb2\libc.a(lib_a-strchr.o)
                0x0002adf0                strchr
 .text          0x0002aefc      0x1dc c:/progra~2/codesourcery/source~1/bin/../lib/gcc/arm-none-eabi/4.5.2/../../../../arm-none-eabi/lib/thumb2\libc.a(lib_a-strcmp.o)
                0x0002aefc                strcmp
 .text          0x0002b0d8       0xbc c:/progra~2/codesourcery/source~1/bin/../lib/gcc/arm-none-eabi/4.5.2/../../../../arm-none-eabi/lib/thumb2\libc.a(lib_a-strcpy.o)
                0x0002b0d8                strcpy
 .text          0x0002b194       0x60 c:/progra~2/codesourcery/source~1/bin/../lib/gcc/arm-none-eabi/4.5.2/../../../../arm-none-eabi/lib/thumb2\libc.a(lib_a-strlen.o)
                0x0002b194                strlen
 .text          0x0002b1f4       0xac c:/progra~2/codesourcery/source~1/bin/../lib/gcc/arm-none-eabi/4.5.2/../../../../arm-none-eabi/lib/thumb2\libc.a(lib_a-strncmp.o)
                0x0002b1f4                strncmp
 .text          0x0002b2a0       0x78 c:/progra~2/codesourcery/source~1/bin/../lib/gcc/arm-none-eabi/4.5.2/../../../../arm-none-eabi/lib/thumb2\libc.a(lib_a-strncpy.o)
                0x0002b2a0                strncpy
 .text          0x0002b318       0x28 c:/progra~2/codesourcery/source~1/bin/../lib/gcc/arm-none-eabi/4.5.2/../../../../arm-none-eabi/lib/thumb2\libc.a(lib_a-strrchr.o)
                0x0002b318                strrchr
 .text          0x0002b340     0x1640 c:/progra~2/codesourcery/source~1/bin/../lib/gcc/arm-none-eabi/4.5.2/../../../../arm-none-eabi/lib/thumb2\libc.a(lib_a-svfprintf.o)
                0x0002b340                _svfprintf_r
 .text          0x0002c980       0x1c c:/progra~2/codesourcery/source~1/bin/../lib/gcc/arm-none-eabi/4.5.2/../../../../arm-none-eabi/lib/thumb2\libc.a(lib_a-syswrite.o)
                0x0002c980                write
 .text          0x0002c99c       0xfc c:/progra~2/codesourcery/source~1/bin/../lib/gcc/arm-none-eabi/4.5.2/../../../../arm-none-eabi/lib/thumb2\libc.a(lib_a-wbuf.o)
                0x0002c99c                __swbuf_r
                0x0002ca88                __swbuf
 .text          0x0002ca98      0x104 c:/progra~2/codesourcery/source~1/bin/../lib/gcc/arm-none-eabi/4.5.2/../../../../arm-none-eabi/lib/thumb2\libc.a(lib_a-wsetup.o)
                0x0002ca98                __swsetup_r
 *fill*         0x0002cb9c        0x4 00
 .text          0x0002cba0      0xfe8 c:/progra~2/codesourcery/source~1/bin/../lib/gcc/arm-none-eabi/4.5.2/../../../../arm-none-eabi/lib/thumb2\libc.a(lib_a-dtoa.o)
                0x0002cccc                _dtoa_r
 .text          0x0002db88      0x1ec c:/progra~2/codesourcery/source~1/bin/../lib/gcc/arm-none-eabi/4.5.2/../../../../arm-none-eabi/lib/thumb2\libc.a(lib_a-fflush.o)
                0x0002db88                _fflush_r
                0x0002dd4c                fflush
 .text          0x0002dd74      0x220 c:/progra~2/codesourcery/source~1/bin/../lib/gcc/arm-none-eabi/4.5.2/../../../../arm-none-eabi/lib/thumb2\libc.a(lib_a-findfp.o)
                0x0002dd7c                _cleanup_r
                0x0002dd88                __sfmoreglue
                0x0002ddb8                _cleanup
                0x0002ddc4                __sinit
                0x0002decc                __sfp
                0x0002df54                __sfp_lock_acquire
                0x0002df58                __sfp_lock_release
                0x0002df5c                __sinit_lock_acquire
                0x0002df60                __sinit_lock_release
                0x0002df64                __fp_lock_all
                0x0002df7c                __fp_unlock_all
 .text          0x0002df94      0x240 c:/progra~2/codesourcery/source~1/bin/../lib/gcc/arm-none-eabi/4.5.2/../../../../arm-none-eabi/lib/thumb2\libc.a(lib_a-freer.o)
                0x0002df94                _malloc_trim_r
                0x0002e03c                _free_r