Archive member included because of file (symbol)

c:/progra~2/codesourcery/source~1/bin/../lib/gcc/arm-none-eabi/4.6.1/../../../../arm-none-eabi/lib/thumb2\libstdc++.a(si_class_type_info.o)
                              build\Menu.o (vtable for __cxxabiv1::__si_class_type_info)
c:/progra~2/codesourcery/source~1/bin/../lib/gcc/arm-none-eabi/4.6.1/../../../../arm-none-eabi/lib/thumb2\libstdc++.a(pure.o)
                              build\Menu.o (__cxa_pure_virtual)
c:/progra~2/codesourcery/source~1/bin/../lib/gcc/arm-none-eabi/4.6.1/../../../../arm-none-eabi/lib/thumb2\libstdc++.a(eh_terminate.o)
                              c:/progra~2/codesourcery/source~1/bin/../lib/gcc/arm-none-eabi/4.6.1/../../../../arm-none-eabi/lib/thumb2\libstdc++.a(pure.o) (std::terminate())
c:/progra~2/codesourcery/source~1/bin/../lib/gcc/arm-none-eabi/4.6.1/../../../../arm-none-eabi/lib/thumb2\libstdc++.a(class_type_info.o)
                              c:/progra~2/codesourcery/source~1/bin/../lib/gcc/arm-none-eabi/4.6.1/../../../../arm-none-eabi/lib/thumb2\libstdc++.a(si_class_type_info.o) (__cxxabiv1::__class_type_info::__do_upcast(__cxxabiv1::__class_type_info const*, void**) const)
c:/progra~2/codesourcery/source~1/bin/../lib/gcc/arm-none-eabi/4.6.1/../../../../arm-none-eabi/lib/thumb2\libstdc++.a(eh_unex_handler.o)
                              c:/progra~2/codesourcery/source~1/bin/../lib/gcc/arm-none-eabi/4.6.1/../../../../arm-none-eabi/lib/thumb2\libstdc++.a(eh_terminate.o) (__cxxabiv1::__unexpected_handler)
c:/progra~2/codesourcery/source~1/bin/../lib/gcc/arm-none-eabi/4.6.1/../../../../arm-none-eabi/lib/thumb2\libstdc++.a(eh_call.o)
                              c:/progra~2/codesourcery/source~1/bin/../lib/gcc/arm-none-eabi/4.6.1/../../../../arm-none-eabi/lib/thumb2\libstdc++.a(eh_terminate.o) (__cxa_call_unexpected)
c:/progra~2/codesourcery/source~1/bin/../lib/gcc/arm-none-eabi/4.6.1/../../../../arm-none-eabi/lib/thumb2\libstdc++.a(eh_throw.o)
                              c:/progra~2/codesourcery/source~1/bin/../lib/gcc/arm-none-eabi/4.6.1/../../../../arm-none-eabi/lib/thumb2\libstdc++.a(eh_call.o) (__cxa_throw)
c:/progra~2/codesourcery/source~1/bin/../lib/gcc/arm-none-eabi/4.6.1/../../../../arm-none-eabi/lib/thumb2\libstdc++.a(eh_arm.o)
                              c:/progra~2/codesourcery/source~1/bin/../lib/gcc/arm-none-eabi/4.6.1/../../../../arm-none-eabi/lib/thumb2\libstdc++.a(eh_terminate.o) (__cxa_end_cleanup)
c:/progra~2/codesourcery/source~1/bin/../lib/gcc/arm-none-eabi/4.6.1/../../../../arm-none-eabi/lib/thumb2\libstdc++.a(eh_exception.o)
                              c:/progra~2/codesourcery/source~1/bin/../lib/gcc/arm-none-eabi/4.6.1/../../../../arm-none-eabi/lib/thumb2\libstdc++.a(eh_call.o) (typeinfo for std::bad_exception)
c:/progra~2/codesourcery/source~1/bin/../lib/gcc/arm-none-eabi/4.6.1/../../../../arm-none-eabi/lib/thumb2\libstdc++.a(eh_alloc.o)
                              c:/progra~2/codesourcery/source~1/bin/../lib/gcc/arm-none-eabi/4.6.1/../../../../arm-none-eabi/lib/thumb2\libstdc++.a(eh_call.o) (__cxa_allocate_exception)
c:/progra~2/codesourcery/source~1/bin/../lib/gcc/arm-none-eabi/4.6.1/../../../../arm-none-eabi/lib/thumb2\libstdc++.a(eh_globals.o)
                              c:/progra~2/codesourcery/source~1/bin/../lib/gcc/arm-none-eabi/4.6.1/../../../../arm-none-eabi/lib/thumb2\libstdc++.a(eh_call.o) (__cxa_get_globals_fast)
c:/progra~2/codesourcery/source~1/bin/../lib/gcc/arm-none-eabi/4.6.1/../../../../arm-none-eabi/lib/thumb2\libstdc++.a(tinfo.o)
                              c:/progra~2/codesourcery/source~1/bin/../lib/gcc/arm-none-eabi/4.6.1/../../../../arm-none-eabi/lib/thumb2\libstdc++.a(class_type_info.o) (std::type_info::~type_info())
c:/progra~2/codesourcery/source~1/bin/../lib/gcc/arm-none-eabi/4.6.1/../../../../arm-none-eabi/lib/thumb2\libstdc++.a(eh_personality.o)
                              c:/progra~2/codesourcery/source~1/bin/../lib/gcc/arm-none-eabi/4.6.1/../../../../arm-none-eabi/lib/thumb2\libstdc++.a(eh_terminate.o) (__gxx_personality_v0)
c:/progra~2/codesourcery/source~1/bin/../lib/gcc/arm-none-eabi/4.6.1/../../../../arm-none-eabi/lib/thumb2\libstdc++.a(eh_term_handler.o)
                              c:/progra~2/codesourcery/source~1/bin/../lib/gcc/arm-none-eabi/4.6.1/../../../../arm-none-eabi/lib/thumb2\libstdc++.a(eh_terminate.o) (__cxxabiv1::__terminate_handler)
c:/progra~2/codesourcery/source~1/bin/../lib/gcc/arm-none-eabi/4.6.1/../../../../arm-none-eabi/lib/thumb2\libstdc++.a(eh_catch.o)
                              c:/progra~2/codesourcery/source~1/bin/../lib/gcc/arm-none-eabi/4.6.1/../../../../arm-none-eabi/lib/thumb2\libstdc++.a(eh_terminate.o) (__cxa_begin_catch)
c:/progra~2/codesourcery/source~1/bin/../lib/gcc/arm-none-eabi/4.6.1/../../../../arm-none-eabi/lib/thumb2\libstdc++.a(vterminate.o)
[...]
Memory Configuration

Name             Origin             Length             Attributes
IROM             0x00003000         0x0007e000         xr
IRAM0            0x10000000         0x00007000         xrw
IRAM1            0x2007c000         0x00004000         xrw
IRAM2            0x20080000         0x00004000         xrw
*default*        0x00000000         0xffffffff

Linker script and memory map

LOAD c:/progra~2/codesourcery/source~1/bin/../lib/gcc/arm-none-eabi/4.6.1/thumb2/crti.o
LOAD c:/progra~2/codesourcery/source~1/bin/../lib/gcc/arm-none-eabi/4.6.1/thumb2/crtbegin.o
LOAD build\system\core_cm3.o
LOAD build\system\startup_LPC17xx.o
LOAD build\system\syscalls.o
LOAD build\system\system_LPC17xx.o
LOAD build\system\mini_cpp.o
LOAD build\lib\source\Uart32.o
LOAD build\lib\source\lpc17xx_adc.o
LOAD build\lib\source\lpc17xx_clkpwr.o
LOAD build\lib\source\lpc17xx_gpio.o
LOAD build\lib\source\lpc17xx_i2c.o
LOAD build\lib\source\lpc17xx_libcfg_default.o
LOAD build\lib\source\lpc17xx_nvic.o
LOAD build\lib\source\lpc17xx_pinsel.o
LOAD build\lib\source\lpc17xx_spi.o
LOAD build\lib\source\lpc17xx_timer.o
LOAD build\lib\source\lpc17xx_uart.o
LOAD build\lib_sd\byteordering.o
LOAD build\lib_sd\fat.o
LOAD build\lib_sd\partition.o
LOAD build\lib_sd\sd_raw.o
LOAD build\IAP_internal_flash_write\IAP.o
LOAD build\USBCDC\cdcuser.o
LOAD build\USBCDC\serial.o
LOAD build\USBCDC\usbcore.o
LOAD build\USBCDC\usbdesc.o
LOAD build\USBCDC\usbhw.o
LOAD build\USBCDC\usbuser.o
LOAD build\USBCDC\vcomdemo.o
LOAD build\Atomic.o
LOAD build\ButtonArray.o
LOAD build\Command.o
LOAD build\DebugPacketProcessor.o
LOAD build\Delay.o
LOAD build\EepromMap.o
LOAD build\Host.o
LOAD build\Interface.o
LOAD build\InterfaceBoard.o
LOAD build\LPCPort.o
LOAD build\LiquidCrystal.o
LOAD build\Main.o
LOAD build\Menu.o
LOAD build\Microsteps.o
LOAD build\Motherboard.o
LOAD build\PID.o
LOAD build\Packet.o
LOAD build\SDCard.o
LOAD build\StepperAxis.o
LOAD build\StepperInterface.o
LOAD build\Steppers.o
LOAD build\Timeout.o
LOAD build\Tool.o
LOAD build\UART.o
LOAD build\test.o
LOAD build\test_led.o
LOAD build\test_u.o

.text           0x00003000    0x268fc
 *(.isr_vector .isr_vector.*)
 .isr_vector    0x00003000       0xc4 build\system\startup_LPC17xx.o
                0x00003000                g_pfnVectors
 *(.text .text.*)
 .text          0x000030c4       0x68 c:/progra~2/codesourcery/source~1/bin/../lib/gcc/arm-none-eabi/4.6.1/thumb2/crtbegin.o
 .text          0x0000312c      0x124 build\system\startup_LPC17xx.o
                0x0000312c                Reset_Handler
                0x00003248                DebugMon_Handler
                0x00003248                RIT_IRQHandler
                0x00003248                I2C0_IRQHandler
                0x00003248                SysTick_Handler
                0x00003248                PWM1_IRQHandler
                0x00003248                PendSV_Handler
                0x00003248                I2C1_IRQHandler
                0x00003248                EINT2_IRQHandler
                0x00003248                EINT3_IRQHandler
                0x00003248                TIMER3_IRQHandler
                0x00003248                UART0_IRQHandler
                0x00003248                UsageFault_Handler
                0x00003248                PLL0_IRQHandler
                0x00003248                CAN_IRQHandler
                0x00003248                PLL1_IRQHandler
                0x00003248                SSP0_IRQHandler
                0x00003248                I2S_IRQHandler
                0x00003248                I2C2_IRQHandler
                0x00003248                RTC_IRQHandler
                0x00003248                TIMER2_IRQHandler
                0x00003248                SPI_IRQHandler
                0x00003248                EINT1_IRQHandler
                0x00003248                UART2_IRQHandler
                0x00003248                Default_Handler
                0x00003248                ADC_IRQHandler
                0x00003248                SSP1_IRQHandler
                0x00003248                BOD_IRQHandler
                0x00003248                MemManage_Handler
                0x00003248                WDT_IRQHandler
                0x00003248                SVC_Handler
                0x00003248                QEI_IRQHandler
                0x00003248                EINT0_IRQHandler
                0x00003248                DMA_IRQHandler
                0x00003248                BusFault_Handler
                0x00003248                UART3_IRQHandler
                0x00003248                MCPWM_IRQHandler
                0x00003248                ENET_IRQHandler
 .text          0x00003250      0x1ac build\system\syscalls.o
                0x00003250                _kill
                0x00003278                _exit
                0x00003284                _getpid
                0x00003294                get_heap_end
                0x000032ac                get_stack_top
                0x000032c0                _sbrk
                0x00003334                _close
                0x0000334c                _fstat
                0x00003370                _isatty
                0x00003388                _lseek
                0x000033a4                _read
                0x000033c0                _write
 .text          0x000033fc      0x434 build\system\system_LPC17xx.o
                0x000033fc                SystemCoreClockUpdate
                0x00003614                SystemInit
 .text          0x00003830       0x6c build\system\mini_cpp.o
                0x00003830                operator new(unsigned int)
                0x0000384c                operator new[](unsigned int)
                0x00003868                operator delete(void*)
                0x00003880                __aeabi_atexit
 .text          0x0000389c       0xec build\lib\source\Uart32.o
                0x0000389c                UART_8
                0x000038bc                UART_32_DEC
                0x00003924                UART_32_HEX
 .text          0x00003988      0x29c build\lib\source\lpc17xx_clkpwr.o
                0x00003988                CLKPWR_SetPCLKDiv
                0x00003a4c                CLKPWR_GetPCLKSEL
                0x00003aa0                CLKPWR_GetPCLK
                0x00003b10                CLKPWR_ConfigPPWR
                0x00003b84                CLKPWR_Sleep
                0x00003ba0                CLKPWR_DeepSleep
                0x00003bcc                CLKPWR_PowerDown
                0x00003bf8                CLKPWR_DeepPowerDown
 .text          0x00003c24      0x8a4 build\lib\source\lpc17xx_gpio.o
                0x00003d98                GPIO_SetDir
                0x00003de4                GPIO_GetDir
                0x00003e14                GPIO_SetValue
                0x00003e40                GPIO_ClearValue
                0x00003e6c                GPIO_ReadValue
                0x00003e9c                GPIO_IntCmd
                0x00003f20                GPIO_GetIntStatus
                0x00003fd8                GPIO_ClearInt
                0x00004018                FIO_SetDir
                0x00004040                FIO_SetValue
                0x00004060                FIO_ClearValue
                0x00004080                FIO_ReadValue
                0x000040a0                FIO_IntCmd
                0x000040c8                FIO_GetIntStatus
                0x000040f4                FIO_ClearInt
                0x00004114                FIO_SetMask
                0x00004144                FIO_HalfWordSetDir
                0x000041d8                FIO_HalfWordSetMask
                0x0000426c                FIO_HalfWordSetValue
                0x000042ac                FIO_HalfWordClearValue
                0x000042ec                FIO_HalfWordReadValue
                0x00004330                FIO_ByteSetDir
                0x0000439c                FIO_ByteSetMask
                0x00004410                FIO_ByteSetValue
                0x0000444c                FIO_ByteClearValue
                0x00004488                FIO_ByteReadValue
 .text          0x000044c8        0xc build\lib\source\lpc17xx_libcfg_default.o
                0x000044c8                check_failed
 .text          0x000044d4      0x298 build\lib\source\lpc17xx_pinsel.o
                0x00004688                PINSEL_ConfigTraceFunc
                0x000046dc                PINSEL_SetI2C0Pins
                0x00004718                PINSEL_ConfigPin
 .text          0x0000476c      0x5c8 build\lib\source\lpc17xx_spi.o
                0x0000476c                SPI_SetClock
                0x000047f0                SPI_DeInit
                0x00004838                SPI_GetDataSize
                0x00004878                SPI_Init
                0x00004918                SPI_ConfigStructInit
                0x00004960                SPI_SendData
                0x00004998                SPI_ReceiveData
                0x000049d0                SPI_ReadWrite
                0x00004bc4                SPI_IntCmd
                0x00004c34                SPI_GetIntStatus
                0x00004c70                SPI_ClearIntPending
                0x00004ca8                SPI_GetStatus
                0x00004ce0                SPI_CheckStatus
 .text          0x00004d34      0xb64 build\lib\source\lpc17xx_timer.o
                0x00004e64                TIM_GetIntStatus
                0x00004f18                TIM_GetIntCaptureStatus
                0x00004fd0                TIM_ClearIntPending
                0x0000506c                TIM_ClearIntCapturePending
                0x0000510c                TIM_ConfigStructInit
                0x0000514c                TIM_Init
                0x00005314                TIM_DeInit
                0x000053d8                TIM_Cmd
                0x00005450                TIM_ResetCounter
                0x000054bc                TIM_ConfigMatch
                0x0000567c                TIM_UpdateMatchValue
                0x00005714                TIM_ConfigCapture
                0x00005814                TIM_GetCaptureValue
 .text          0x00005898     0x186c build\lib\source\lpc17xx_uart.o
                0x00005b9c                UART_Init
                0x00005f04                UART_DeInit
                0x00005fd0                UART_ConfigStructInit
                0x00006004                UART_SendByte
                0x0000607c                UART_ReceiveByte
                0x000060f4                UART_Send
                0x00006200                UART_Receive
                0x000062d8                UART_ForceBreak
                0x00006360                UART_IntConfig
                0x00006520                UART_GetLineStatus
                0x0000659c                UART_GetIntId
                0x00006600                UART_CheckBusy
                0x0000662c                UART_FIFOConfig
                0x000067b0                UART_FIFOConfigStructInit
                0x000067e4                UART_ABCmd
                0x00006940                UART_ABClearIntPending
                0x000069c4                UART_TxCmd
                0x00006aac                UART_IrDAInvtInputCmd
                0x00006b30                UART_IrDACmd
                0x00006bb0                UART_IrDAPulseDivConfig
                0x00006c58                UART_FullModemForcePinState
                0x00006d24                UART_FullModemConfigMode
                0x00006df8                UART_FullModemGetStatus
                0x00006e30                UART_RS485Config
                0x00006fec                UART_RS485ReceiverCmd
                0x00007034                UART_RS485Send
                0x000070b4                UART_RS485SendSlvAddr
                0x000070dc                UART_RS485SendData
 .text          0x00007104     0x1d4c build\lib_sd\fat.o
                0x00007104                fat_open
                0x000071a8                fat_close
                0x000077a4                fat_get_dir_entry_of_path
                0x000078dc                fat_open_file
                0x000079b0                fat_close_file
                0x000079d0                fat_read_file
                0x00007b5c                fat_write_file
                0x00007d7c                fat_seek_file
                0x00007e18                fat_resize_file
                0x00007f58                fat_open_dir
                0x00008024                fat_close_dir
                0x00008044                fat_read_dir
                0x000081e8                fat_reset_dir
                0x00008a28                fat_create_file
                0x00008ae4                fat_delete_file
                0x00008b9c                fat_create_dir
                0x00008d20                fat_get_fs_size
                0x00008d54                fat_get_fs_free
 .text          0x00008e50      0x174 build\lib_sd\partition.o
                0x00008e50                partition_open
                0x00008f98                partition_close
 .text          0x00008fc4      0xb84 build\lib_sd\sd_raw.o
                0x00008fc4                sd_raw_init
                0x000092d0                sd_raw_available
                0x000092fc                sd_raw_locked
                0x0000942c                sd_raw_read
                0x00009554                sd_raw_read_interval
                0x000095d4                sd_raw_write
                0x00009750                sd_raw_write_interval
                0x000097ec                sd_raw_sync
                0x00009844                sd_raw_get_info
 .text          0x00009b48      0x214 build\IAP_internal_flash_write\IAP.o
                0x00009b48                IAP::read_ID()
                0x00009b7c                IAP::read_serial()
                0x00009bb0                IAP::blank_check(int, int)
                0x00009bf4                IAP::erase(int, int)
                0x00009c44                IAP::prepare(int, int)
                0x00009c88                IAP::write(char*, char*, int)
                0x00009ce0                IAP::compare(char*, char*, int)
                0x00009d2c                IAP::reserved_flash_area_start()
                0x00009d44                IAP::reserved_flash_area_size()
 .text          0x00009d5c      0x594 build\USBCDC\cdcuser.o
                0x00009d98                CDC_RdOutBuf
                0x00009e14                CDC_WrOutBuf
                0x00009e78                CDC_OutBufAvailChar
                0x00009eb0                CDC_SendEncapsulatedCommand
                0x00009ec0                CDC_GetEncapsulatedResponse
                0x00009ed0                CDC_SetCommFeature
                0x00009eec                CDC_GetCommFeature
                0x00009f08                CDC_ClearCommFeature
                0x00009f24                CDC_SetLineCoding
                0x00009fb8                CDC_GetLineCoding
                0x0000a068                CDC_SetControlLineState
                0x0000a084                CDC_SendBreak
                0x0000a0a0                CDC_BulkIn
                0x0000a0f4                CDC_BulkOut
                0x0000a104                CDC_GetSerialState
                0x0000a234                CDC_NotificationIn
 .text          0x0000a2f0      0x2bc build\USBCDC\serial.o
                0x0000a2f0                ser_OpenPort
                0x0000a304                ser_ClosePort
                0x0000a318                ser_InitPort0
                0x0000a390                ser_Read
                0x0000a430                ser_Write
                0x0000a548                ser_AvailChar
                0x0000a57c                ser_LineState
 .text          0x0000a5ac     0x1150 build\USBCDC\usbcore.o
                0x0000a5ac                USB_ResetCore
                0x0000a60c                USB_SetupStage
                0x0000a624                USB_DataInStage
                0x0000a6a0                USB_DataOutStage
                0x0000a6f8                USB_StatusInStage
                0x0000a710                USB_StatusOutStage
                0x0000a728                USB_ReqGetStatus
                0x0000a890                USB_ReqSetClrFeature
                0x0000aa10                USB_ReqSetAddress
                0x0000aa58                USB_ReqGetDescriptor
                0x0000abbc                USB_ReqGetConfiguration
                0x0000abfc                USB_ReqSetConfiguration
                0x0000aef8                USB_ReqGetInterface
                0x0000af70                USB_ReqSetInterface
                0x0000b19c                USB_EndPoint0
 .text          0x0000b6fc      0xaa8 build\USBCDC\usbhw.o
                0x0000b790                EPAdr
                0x0000b7c4                WrCmd
                0x0000b80c                WrCmdDat
                0x0000b888                WrCmdEP
                0x0000b910                RdCmdDat
                0x0000b964                USB_Init
                0x0000bab0                USB_Connect
                0x0000bae4                USB_Reset
                0x0000bb84                USB_Suspend
                0x0000bb90                USB_Resume
                0x0000bb9c                USB_WakeUp
                0x0000bbc8                USB_WakeUpCfg
                0x0000bbdc                USB_SetAddress
                0x0000bc24                USB_Configure
                0x0000bc8c                USB_ConfigEP
                0x0000bd14                USB_DirCtrlEP
                0x0000bd28                USB_EnableEP
                0x0000bd58                USB_DisableEP
                0x0000bd8c                USB_ResetEP
                0x0000bdbc                USB_SetStallEP
                0x0000bdf0                USB_ClrStallEP
                0x0000be20                USB_ClearEPBuf
                0x0000be40                USB_ReadEP
                0x0000befc                USB_WriteEP
                0x0000bf94                USB_GetFrame
                0x0000bfd8                USB_IRQHandler
 .text          0x0000c1a4      0x184 build\USBCDC\usbuser.o
                0x0000c1a4                USB_Reset_Event
                0x0000c1b0                USB_Configure_Event
                0x0000c1bc                USB_EndPoint1
                0x0000c1fc                USB_EndPoint2
                0x0000c224                USB_EndPoint3
                0x0000c238                USB_EndPoint4
                0x0000c24c                USB_EndPoint5
                0x0000c260                USB_EndPoint6
                0x0000c274                USB_EndPoint7
                0x0000c288                USB_EndPoint8
                0x0000c29c                USB_EndPoint9
                0x0000c2b0                USB_EndPoint10
                0x0000c2c4                USB_EndPoint11
                0x0000c2d8                USB_EndPoint12
                0x0000c2ec                USB_EndPoint13
                0x0000c300                USB_EndPoint14
                0x0000c314                USB_EndPoint15
 .text          0x0000c328       0x24 build\USBCDC\vcomdemo.o
                0x0000c328                VCOM_Start
 .text          0x0000c34c       0x74 build\Atomic.o
                0x0000c34c                Atomic(EN_DIS_INT)
 .text          0x0000c3c0       0xbc build\ButtonArray.o
                0x0000c3c0                ButtonArray::init()
                0x0000c3d4                ButtonArray::scanButtons()
                0x0000c3f0                ButtonArray::getButton(ButtonArray::ButtonName&)
 .text._ZN10Port_ClassC2Ev
                0x0000c47c       0x20 build\ButtonArray.o
                0x0000c47c                Port_Class::Port_Class()
                0x0000c47c                Port_Class::Port_Class()
 .text          0x0000c49c      0xda0 build\Command.o
                0x0000c49c                command::getRemainingCapacity()
                0x0000c4c0                command::pause(bool)
                0x0000c4e0                command::isPaused()
                0x0000c4f8                command::isEmpty()
                0x0000c510                command::push(unsigned char)
                0x0000c534                command::pop8()
                0x0000c54c                command::pop16()
                0x0000c580                command::pop32()
                0x0000c5d4                command::reset()
                0x0000c610                command::runCommandSlice()
 .text._ZN5PointC2Elllll
                0x0000d23c       0x3c build\Command.o
                0x0000d23c                Point::Point(long, long, long, long, long)
                0x0000d23c                Point::Point(long, long, long, long, long)
 .text._ZN5PointC2Elll
                0x0000d278       0x64 build\Command.o
                0x0000d278                Point::Point(long, long, long)
                0x0000d278                Point::Point(long, long, long)
 .text._ZNK5PointixEj
                0x0000d2dc       0x20 build\Command.o
                0x0000d2dc                Point::operator[](unsigned int) const
 .text._ZN5PointixEj
                0x0000d2fc       0x20 build\Command.o
                0x0000d2fc                Point::operator[](unsigned int)
 .text._ZNK6Packet8hasErrorEv
                0x0000d31c       0x28 build\Command.o
                0x0000d31c                Packet::hasError() const
 .text._ZN19CircularBufferTemplIhEC2EtPh
                0x0000d344       0x48 build\Command.o
                0x0000d344                CircularBufferTempl<unsigned char>::CircularBufferTempl(unsigned short, unsigned char*)
                0x0000d344                CircularBufferTempl<unsigned char>::CircularBufferTempl(unsigned short, unsigned char*)
 .text._ZNK19CircularBufferTemplIhE20getRemainingCapacityEv
                0x0000d38c       0x24 build\Command.o
                0x0000d38c                CircularBufferTempl<unsigned char>::getRemainingCapacity() const
 .text._ZNK19CircularBufferTemplIhE7isEmptyEv
                0x0000d3b0       0x24 build\Command.o
                0x0000d3b0                CircularBufferTempl<unsigned char>::isEmpty() const
 .text._ZN19CircularBufferTemplIhE4pushEh
                0x0000d3d4       0x5c build\Command.o
                0x0000d3d4                CircularBufferTempl<unsigned char>::push(unsigned char)
 .text._ZN19CircularBufferTemplIhE3popEv
                0x0000d430       0x6c build\Command.o
                0x0000d430                CircularBufferTempl<unsigned char>::pop()
 .text._ZN19CircularBufferTemplIhE5resetEv
                0x0000d49c       0x34 build\Command.o
                0x0000d49c                CircularBufferTempl<unsigned char>::reset()
 .text._ZNK19CircularBufferTemplIhE9getLengthEv
                0x0000d4d0       0x1c build\Command.o
                0x0000d4d0                CircularBufferTempl<unsigned char>::getLength() const
 .text._ZN19CircularBufferTemplIhEixEt
                0x0000d4ec       0x40 build\Command.o
                0x0000d4ec                CircularBufferTempl<unsigned char>::operator[](unsigned short)
 .text          0x0000d52c      0x344 build\DebugPacketProcessor.o
                0x0000d52c                processDebugPacket(InPacket const&, OutPacket&)
 .text._ZNK6Packet9getLengthEv
                0x0000d870       0x1c build\DebugPacketProcessor.o
                0x0000d870                Packet::getLength() const
 .text._ZN11Motherboard8getBoardEv
                0x0000d88c       0x14 build\DebugPacketProcessor.o
                0x0000d88c                Motherboard::getBoard()
 .text          0x0000d8a0      0x140 build\Delay.o
                0x0000d8a0                few_ticks
                0x0000d968                _delay_us
                0x0000d9a0                _delay_ms
                0x0000d9c0                _delay_s
 .text          0x0000d9e0      0x584 build\EepromMap.o
                0x0000d9e0                print_eeprom()
                0x0000da90                read_all_from_flash()
                0x0000dae8                save_to_flash()
                0x0000db60                microstep_pinout(unsigned char)
                0x0000dc58                eeprom::init()
                0x0000dd68                eeprom::getEeprom8(unsigned long, unsigned char)
                0x0000dd9c                eeprom::getEeprom16(unsigned long, unsigned short)
 .text._ZN3IAPC2Ev
                0x0000df64       0x44 build\EepromMap.o
                0x0000df64                IAP::IAP()
                0x0000df64                IAP::IAP()
 .text          0x0000dfa8      0x730 build\Host.o
                0x0000dfa8                host::runHostSlice()
                0x0000e15c                host::processCommandPacket(InPacket const&, OutPacket&)
                0x0000e250                host::doToolPause(OutPacket&)
                0x0000e36c                host::processQueryPacket(InPacket const&, OutPacket&)
                0x0000e55c                host::getMachineName()
                0x0000e608                host::getBuildName()
                0x0000e61c                host::getHostState()
                0x0000e634                host::startBuildFromSD()
                0x0000e670                host::stopBuild()
 .text._ZN6Packet5errorEh
                0x0000e6d8       0x24 build\Host.o
                0x0000e6d8                Packet::error(unsigned char)
 .text._ZNK6Packet12getErrorCodeEv
                0x0000e6fc       0x1c build\Host.o
                0x0000e6fc                Packet::getErrorCode() const
 .text._ZNK6Packet7getDataEv
                0x0000e718       0x1c build\Host.o
                0x0000e718                Packet::getData() const
 .text._ZNK8InPacket10isFinishedEv
                0x0000e734       0x28 build\Host.o
                0x0000e734                InPacket::isFinished() const
 .text._ZNK8InPacket9isStartedEv
                0x0000e75c       0x28 build\Host.o
                0x0000e75c                InPacket::isStarted() const
 .text._ZN8InPacket7timeoutEv
                0x0000e784       0x1c build\Host.o
                0x0000e784                InPacket::timeout()
 .text._ZNK9OutPacket9isSendingEv
                0x0000e7a0       0x38 build\Host.o
                0x0000e7a0                OutPacket::isSending() const
 .text._ZN4UART11getHostUARTEv
                0x0000e7d8       0x14 build\Host.o
                0x0000e7d8                UART::getHostUART()
 .text._ZNK7Timeout8isActiveEv
                0x0000e7ec       0x18 build\Host.o
                0x0000e7ec                Timeout::isActive() const
 .text._ZN11Motherboard19getStepperInterfaceEi
                0x0000e804       0x28 build\Host.o
                0x0000e804                Motherboard::getStepperInterface(int)
 .text._ZN4host13handleVersionERK8InPacketR9OutPacket
                0x0000e82c       0x58 build\Host.o
                0x0000e82c                host::handleVersion(InPacket const&, OutPacket&)
 .text._ZN4host18handleGetBuildNameERK8InPacketR9OutPacket
                0x0000e884       0x64 build\Host.o
                0x0000e884                host::handleGetBuildName(InPacket const&, OutPacket&)
 .text._ZN4host19handleGetBufferSizeERK8InPacketR9OutPacket
                0x0000e8e8       0x2c build\Host.o
                0x0000e8e8                host::handleGetBufferSize(InPacket const&, OutPacket&)
 .text._ZN4host17handleGetPositionERK8InPacketR9OutPacket
                0x0000e914      0x118 build\Host.o
                0x0000e914                host::handleGetPosition(InPacket const&, OutPacket&)
 .text._ZN4host20handleGetPositionExtERK8InPacketR9OutPacket
                0x0000ea2c      0x140 build\Host.o
                0x0000ea2c                host::handleGetPositionExt(InPacket const&, OutPacket&)
 .text._ZN4host19handleCaptureToFileERK8InPacketR9OutPacket
                0x0000eb6c       0x3c build\Host.o
                0x0000eb6c                host::handleCaptureToFile(InPacket const&, OutPacket&)
 .text._ZN4host16handleEndCaptureERK8InPacketR9OutPacket
                0x0000eba8       0x2c build\Host.o
                0x0000eba8                host::handleEndCapture(InPacket const&, OutPacket&)
 .text._ZN4host14handlePlaybackERK8InPacketR9OutPacket
                0x0000ebd4       0x8c build\Host.o
                0x0000ebd4                host::handlePlayback(InPacket const&, OutPacket&)
 .text._ZN4host18handleNextFilenameERK8InPacketR9OutPacket
                0x0000ec60      0x10c build\Host.o
                0x0000ec60                host::handleNextFilename(InPacket const&, OutPacket&)
 .text._ZN4host15handleToolQueryERK8InPacketR9OutPacket
                0x0000ed6c      0x17c build\Host.o
                0x0000ed6c                host::handleToolQuery(InPacket const&, OutPacket&)
 .text._ZN4host11handlePauseERK8InPacketR9OutPacket
                0x0000eee8       0x34 build\Host.o
                0x0000eee8                host::handlePause(InPacket const&, OutPacket&)
 .text._ZN4host16handleIsFinishedERK8InPacketR9OutPacket
                0x0000ef1c       0x6c build\Host.o
                0x0000ef1c                host::handleIsFinished(InPacket const&, OutPacket&)
 .text._ZN4host16handleReadEepromERK8InPacketR9OutPacket
                0x0000ef88       0x78 build\Host.o
                0x0000ef88                host::handleReadEeprom(InPacket const&, OutPacket&)
 .text._ZN4host17handleWriteEepromERK8InPacketR9OutPacket
                0x0000f000       0x94 build\Host.o
                0x0000f000                host::handleWriteEeprom(InPacket const&, OutPacket&)
 .text._ZN4host18handleExtendedStopERK8InPacketR9OutPacket
                0x0000f094       0x54 build\Host.o
                0x0000f094                host::handleExtendedStop(InPacket const&, OutPacket&)
 .text._ZN4host27handleGetCommunicationStatsERK8InPacketR9OutPacket
                0x0000f0e8       0x60 build\Host.o
                0x0000f0e8                host::handleGetCommunicationStats(InPacket const&, OutPacket&)
 .text          0x0000f148      0x1f8 build\Interface.o
                0x0000f148                interface::isConnected()
                0x0000f248                interface::init(InterfaceBoard*, LiquidCrystal*)
                0x0000f274                interface::pushScreen(Screen*)
                0x0000f298                interface::popScreen()
                0x0000f2b0                interface::doInterrupt()
                0x0000f2c8                interface::getUpdateRate()
                0x0000f2e4                interface::doUpdate()
 .text._ZN10Port_ClassC2E8portname
                0x0000f340       0x20 build\Interface.o
                0x0000f340                Port_Class::Port_Class(portname)
                0x0000f340                Port_Class::Port_Class(portname)
 .text._ZN10Port_Class15setPinDirectionEhb
                0x0000f360       0x74 build\Interface.o
                0x0000f360                Port_Class::setPinDirection(unsigned char, bool)
 .text._ZN10Port_Class6getPinEh
                0x0000f3d4       0x3c build\Interface.o
                0x0000f3d4                Port_Class::getPin(unsigned char)
 .text._ZN10Port_Class6setPinEhb
                0x0000f410       0x4c build\Interface.o
                0x0000f410                Port_Class::setPin(unsigned char, bool)
 .text._ZN3PinC2E8portnameh
                0x0000f45c       0x30 build\Interface.o
                0x0000f45c                Pin::Pin(portname, unsigned char)
                0x0000f45c                Pin::Pin(portname, unsigned char)
 .text._ZN3Pin12setDirectionEb
                0x0000f48c       0x28 build\Interface.o
                0x0000f48c                Pin::setDirection(bool)
 .text._ZN3Pin8getValueEv
                0x0000f4b4       0x24 build\Interface.o
                0x0000f4b4                Pin::getValue()
 .text._ZN3Pin8setValueEb
                0x0000f4d8       0x28 build\Interface.o
                0x0000f4d8                Pin::setValue(bool)
 .text          0x0000f500      0x3a8 build\InterfaceBoard.o
                0x0000f500                InterfaceBoard::InterfaceBoard(ButtonArray&, LiquidCrystal&, Pin const&, Pin const&, Screen*, Screen*)
                0x0000f500                InterfaceBoard::InterfaceBoard(ButtonArray&, LiquidCrystal&, Pin const&, Pin const&, Screen*, Screen*)
                0x0000f554                InterfaceBoard::init()
                0x0000f5f8                InterfaceBoard::doInterrupt()
                0x0000f614                InterfaceBoard::getUpdateRate()
                0x0000f654                InterfaceBoard::doUpdate()
                0x0000f74c                InterfaceBoard::pushScreen(Screen*)
                0x0000f7fc                InterfaceBoard::popScreen()
 .text          0x0000f8a8      0xf80 build\LiquidCrystal.o
                0x0000f8a8                LiquidCrystal::LiquidCrystal(Pin, Pin, Pin, Pin, Pin, Pin, Pin, Pin, Pin, Pin, Pin)
                0x0000f8a8                LiquidCrystal::LiquidCrystal(Pin, Pin, Pin, Pin, Pin, Pin, Pin, Pin, Pin, Pin, Pin)
                0x0000f9f0                LiquidCrystal::LiquidCrystal(Pin, Pin, Pin, Pin, Pin, Pin, Pin, Pin, Pin, Pin)
                0x0000f9f0                LiquidCrystal::LiquidCrystal(Pin, Pin, Pin, Pin, Pin, Pin, Pin, Pin, Pin, Pin)
                0x0000fb40                LiquidCrystal::LiquidCrystal(Pin, Pin, Pin, Pin, Pin, Pin, Pin)
                0x0000fb40                LiquidCrystal::LiquidCrystal(Pin, Pin, Pin, Pin, Pin, Pin, Pin)
                0x0000fcb0                LiquidCrystal::LiquidCrystal(Pin, Pin, Pin, Pin, Pin, Pin)
                0x0000fcb0                LiquidCrystal::LiquidCrystal(Pin, Pin, Pin, Pin, Pin, Pin)
                0x0000fe28                LiquidCrystal::init(unsigned char, Pin, Pin, Pin, Pin, Pin, Pin, Pin, Pin, Pin, Pin, Pin)
                0x0000ff94                LiquidCrystal::begin(unsigned char, unsigned char, unsigned char)
                0x00010128                LiquidCrystal::clear()
                0x0001014c                LiquidCrystal::home()
                0x00010170                LiquidCrystal::setCursor(unsigned char, unsigned char)
                0x000101dc                LiquidCrystal::noDisplay()
                0x00010214                LiquidCrystal::display()
                0x0001024c                LiquidCrystal::noCursor()
                0x00010284                LiquidCrystal::cursor()
                0x000102bc                LiquidCrystal::noBlink()
                0x000102f4                LiquidCrystal::blink()
                0x0001032c                LiquidCrystal::scrollDisplayLeft()
                0x00010348                LiquidCrystal::scrollDisplayRight()
                0x00010364                LiquidCrystal::leftToRight()
                0x0001039c                LiquidCrystal::rightToLeft()
                0x000103d4                LiquidCrystal::autoscroll()
                0x0001040c                LiquidCrystal::noAutoscroll()
                0x00010444                LiquidCrystal::createChar(unsigned char, unsigned char*)
                0x000104b0                LiquidCrystal::writeInt(unsigned short, unsigned char)
                0x00010574                LiquidCrystal::writeString(char*)
                0x000105b8                LiquidCrystal::writeFromPgmspace(char const*)
                0x000105f8                LiquidCrystal::send(unsigned char, bool)
                0x0001067c                LiquidCrystal::pulseEnable()
                0x000106d4                LiquidCrystal::write4bits(unsigned char)
                0x0001075c                LiquidCrystal::write8bits(unsigned char)
 .text._ZN10Port_Class6isNullEv
                0x00010828       0x24 build\LiquidCrystal.o
                0x00010828                Port_Class::isNull()
 .text._ZN3PinC2Ev
                0x0001084c       0x2c build\LiquidCrystal.o
                0x0001084c                Pin::Pin()
                0x0001084c                Pin::Pin()
 .text._ZN3Pin6isNullEv
                0x00010878       0x1c build\LiquidCrystal.o
                0x00010878                Pin::isNull()
 .text._ZN13LiquidCrystal7commandEh
                0x00010894       0x24 build\LiquidCrystal.o
                0x00010894                LiquidCrystal::command(unsigned char)
 .text._ZN13LiquidCrystal5writeEh
                0x000108b8       0x24 build\LiquidCrystal.o
                0x000108b8                LiquidCrystal::write(unsigned char)
 .text          0x000108dc      0x378 build\Main.o
                0x0001092c                reset(bool)
                0x00010b30                main
 .text          0x00010c54     0x1324 build\Menu.o
                0x00010c54                queryExtruderParameter(unsigned char, OutPacket&)
                0x00010d90                SplashScreen::update(LiquidCrystal&, bool)
                0x00010e24                SplashScreen::notifyButtonPressed(ButtonArray::ButtonName)
                0x00010e3c                SplashScreen::reset()
                0x00010e50                JogMode::reset()
                0x00010e74                JogMode::update(LiquidCrystal&, bool)
                0x00010f44                JogMode::jog(ButtonArray::ButtonName)
                0x00011068                JogMode::notifyButtonPressed(ButtonArray::ButtonName)
                0x000110f4                SnakeMode::update(LiquidCrystal&, bool)
                0x0001147c                SnakeMode::reset()
                0x0001152c                SnakeMode::notifyButtonPressed(ButtonArray::ButtonName)
                0x000115a8                MonitorMode::reset()
                0x000115c4                MonitorMode::update(LiquidCrystal&, bool)
                0x00011818                MonitorMode::notifyButtonPressed(ButtonArray::ButtonName)
                0x00011854                Menu::update(LiquidCrystal&, bool)
                0x00011958                Menu::reset()
                0x00011990                Menu::resetState()
                0x000119a4                Menu::handleSelect(unsigned char)
                0x000119bc                Menu::handleCancel()
                0x000119d0                Menu::notifyButtonPressed(ButtonArray::ButtonName)
                0x00011a90                CancelBuildMenu::CancelBuildMenu()
                0x00011a90                CancelBuildMenu::CancelBuildMenu()
                0x00011ac8                CancelBuildMenu::resetState()
                0x00011aec                CancelBuildMenu::drawItem(unsigned char, LiquidCrystal&)
                0x00011b50                CancelBuildMenu::handleSelect(unsigned char)
                0x00011b80                MainMenu::MainMenu()
                0x00011b80                MainMenu::MainMenu()
                0x00011be8                MainMenu::drawItem(unsigned char, LiquidCrystal&)
                0x00011c60                MainMenu::handleSelect(unsigned char)
                0x00011ccc                SDMenu::SDMenu()
                0x00011ccc                SDMenu::SDMenu()
                0x00011cfc                SDMenu::resetState()
                0x00011d1c                SDMenu::countFiles()
                0x00011d8c                SDMenu::getFilename(unsigned char, char*, unsigned char)
                0x00011e28                SDMenu::drawItem(unsigned char, LiquidCrystal&)
                0x00011ed4                SDMenu::handleSelect(unsigned char)
 .text._ZN4Menu13getUpdateRateEv
                0x00011f78       0x1c build\Menu.o
                0x00011f78                Menu::getUpdateRate()
 .text._ZN12SplashScreen13getUpdateRateEv
                0x00011f94       0x18 build\Menu.o
                0x00011f94                SplashScreen::getUpdateRate()
 .text._ZN7JogMode13getUpdateRateEv
                0x00011fac       0x18 build\Menu.o
                0x00011fac                JogMode::getUpdateRate()
 .text._ZN9SnakeMode13getUpdateRateEv
                0x00011fc4       0x18 build\Menu.o
                0x00011fc4                SnakeMode::getUpdateRate()
 .text._ZN11MonitorMode13getUpdateRateEv
                0x00011fdc       0x1c build\Menu.o
                0x00011fdc                MonitorMode::getUpdateRate()
 .text._Z9rcCompareh12ResponseCode
                0x00011ff8       0x30 build\Menu.o
                0x00011ff8                rcCompare(unsigned char, ResponseCode)
 .text._ZN6ScreenC2Ev
                0x00012028       0x20 build\Menu.o
                0x00012028                Screen::Screen()
                0x00012028                Screen::Screen()
 .text._ZN4MenuC2Ev
                0x00012048       0x28 build\Menu.o
                0x00012048                Menu::Menu()
                0x00012048                Menu::Menu()
 .text._ZN11MonitorModeC2Ev
                0x00012070       0x34 build\Menu.o
                0x00012070                MonitorMode::MonitorMode()
                0x00012070                MonitorMode::MonitorMode()
 .text._ZN7JogModeC2Ev
                0x000120a4       0x28 build\Menu.o
                0x000120a4                JogMode::JogMode()
                0x000120a4                JogMode::JogMode()
 .text._ZN9SnakeModeC2Ev
                0x000120cc       0x28 build\Menu.o
                0x000120cc                SnakeMode::SnakeMode()
                0x000120cc                SnakeMode::SnakeMode()
 .text          0x000120f4      0xc6c build\Motherboard.o
                0x00012188                Motherboard::Motherboard()
                0x00012188                Motherboard::Motherboard()
                0x000125f0                Motherboard::reset()
                0x000129f4                Motherboard::getCurrentMicros()
                0x00012a10                Motherboard::doInterrupt()
                0x00012a54                Motherboard::runMotherboardSlice()
                0x00012aa8                TIMER0_IRQHandler
                0x00012ac8                Motherboard::indicateError(int)
                0x00012b4c                Motherboard::getCurrentError()
                0x00012b6c                TIMER1_IRQHandler
 .text._ZN4UART12getSlaveUARTEv
                0x00012d60       0x14 build\Motherboard.o
                0x00012d60                UART::getSlaveUART()
 .text._ZN16StepperInterfaceC2Ev
                0x00012d74       0x4c build\Motherboard.o
                0x00012d74                StepperInterface::StepperInterface()
                0x00012d74                StepperInterface::StepperInterface()
 .text._ZN12SplashScreenC2Ev
                0x00012dc0       0x28 build\Motherboard.o
                0x00012dc0                SplashScreen::SplashScreen()
                0x00012dc0                SplashScreen::SplashScreen()
 .text          0x00012de8      0x54c build\Packet.o
                0x00012de8                _crc_ibutton_update
                0x00012e58                Packet::appendByte(unsigned char)
                0x00012eb8                Packet::reset()
                0x00012ef0                InPacket::InPacket()
                0x00012ef0                InPacket::InPacket()
                0x00012f14                InPacket::reset()
                0x00012f2c                InPacket::processByte(unsigned char)
                0x00013054                Packet::read8(unsigned char) const
                0x00013078                Packet::read16(unsigned char) const
                0x000130b8                Packet::read32(unsigned char) const
                0x00013110                OutPacket::OutPacket()
                0x00013110                OutPacket::OutPacket()
                0x00013134                OutPacket::reset()
                0x00013158                OutPacket::prepareForResend()
                0x00013188                OutPacket::getNextByteToSend()
                0x00013284                OutPacket::append8(unsigned char)
                0x000132a4                OutPacket::append16(unsigned short)
                0x000132dc                OutPacket::append32(unsigned long)
 .text._ZN6PacketC2Ev
                0x00013334       0x18 build\Packet.o
                0x00013334                Packet::Packet()
                0x00013334                Packet::Packet()
 .text          0x0001334c      0x82c build\SDCard.o
                0x0001334c                sdcard::openPartition()
                0x000133f0                sdcard::openFilesys()
                0x0001342c                sdcard::openRoot()
                0x00013494                sdcard::initCard()
                0x00013544                sdcard::directoryReset()
                0x00013584                sdcard::directoryNextEntry(char*, unsigned char)
                0x00013658                sdcard::findFileInDir(char const*, fat_dir_entry_struct*)
                0x000136bc                sdcard::openFile(char const*, fat_file_struct**)
                0x00013710                sdcard::deleteFile(char*)
                0x0001375c                sdcard::createFile(char*)
                0x00013794                sdcard::isPlaying()
                0x000137ac                sdcard::isCapturing()
                0x000137c4                sdcard::startCapture(char*)
                0x0001386c                sdcard::capturePacket(Packet const&)
                0x000138d4                sdcard::finishCapture()
                0x00013938                sdcard::fetchNextByte()
                0x00013980                sdcard::playbackHasNext()
                0x00013998                sdcard::playbackNext()
                0x000139bc                sdcard::startPlayback(char*)
                0x00013a58                sdcard::playbackRewind(unsigned char)
                0x00013a8c                sdcard::finishPlayback()
                0x00013ad0                sdcard::reset()
 .text          0x00013b78      0x374 build\StepperAxis.o
                0x00013b78                StepperAxis::StepperAxis()
                0x00013b78                StepperAxis::StepperAxis()
                0x00013b98                StepperAxis::StepperAxis(StepperInterface&)
                0x00013b98                StepperAxis::StepperAxis(StepperInterface&)
                0x00013bbc                StepperAxis::setTarget(long, bool)
                0x00013c40                StepperAxis::setHoming(bool)
                0x00013c70                StepperAxis::definePosition(long)
                0x00013c8c                StepperAxis::enableStepper(bool)
                0x00013cb0                StepperAxis::reset()
                0x00013cf4                StepperAxis::doInterrupt(long)
                0x00013db8                StepperAxis::doHoming(long)
 .text._ZN11StepperAxis12checkEndstopEb
                0x00013eec       0x3c build\StepperAxis.o
                0x00013eec                StepperAxis::checkEndstop(bool)
 .text          0x00013f28      0x314 build\StepperInterface.o
                0x00013f28                StepperInterface::StepperInterface(Pin const&, Pin const&, Pin const&, Pin const&, Pin const&, unsigned short)
                0x00013f28                StepperInterface::StepperInterface(Pin const&, Pin const&, Pin const&, Pin const&, Pin const&, unsigned short)
                0x00013fa8                StepperInterface::setDirection(bool)
                0x00013fd8                StepperInterface::step(bool)
                0x00013ffc                StepperInterface::setEnabled(bool)
                0x0001403c                StepperInterface::isAtMaximum()
                0x00014088                StepperInterface::isAtMinimum()
                0x000140d4                StepperInterface::init(unsigned char)
 .text          0x0001423c      0x7b0 build\Steppers.o
                0x0001423c                steppers::isRunning()
                0x00014274                steppers::init(Motherboard&)
                0x00014304                steppers::abort()
                0x0001432c                steppers::definePosition(Point const&)
                0x00014384                steppers::getPosition()
                0x000143d8                steppers::setHoldZ(bool)
                0x0001442c                steppers::setTarget(Point const&, long)
                0x000145a8                steppers::setTargetNew(Point const&, long, unsigned char)
                0x0001471c                steppers::startHoming(bool, unsigned char, unsigned long)
                0x000147fc                steppers::enableAxis(unsigned char, bool)
                0x00014834                steppers::doInterrupt()
 .text          0x000149ec      0x150 build\Timeout.o
                0x000149ec                Timeout::Timeout()
                0x000149ec                Timeout::Timeout()
                0x00014a14                Timeout::start(unsigned long)
                0x00014a50                Timeout::hasElapsed()
                0x00014ab0                Timeout::hasLeft()
                0x00014adc                Timeout::abort()
 .text          0x00014b3c      0x7d8 build\Tool.o
                0x00014b3c                tool::getInPacket()
                0x00014b50                tool::getOutPacket()
                0x00014b64                tool::getSentPacketCount()
                0x00014b7c                tool::getPacketFailureCount()
                0x00014b94                tool::getRetryCount()
                0x00014bac                tool::getNoiseByteCount()
                0x00014bc4                tool::getToolVersion()
                0x00014cec                tool::setToolIndicatorLED()
                0x00014db8                tool::reset()
                0x00014ec4                tool::test()
                0x00014f68                tool::getLock()
                0x00014fa8                tool::releaseLock()
                0x00014fc0                tool::startTransaction()
                0x00015058                tool::isTransactionDone()
                0x00015074                tool::runToolSlice()
                0x0001528c                tool::setCurrentToolheadIndex(unsigned char)
                0x000152ac                tool::getCurrentToolheadIndex()
 .text          0x00015314      0x5b4 build\UART.o
                0x000153a8                UART::UART(unsigned char)
                0x000153a8                UART::UART(unsigned char)
                0x00015548                UART::beginSend()
                0x00015668                UART::enable(bool)
                0x000156bc                UART::reset()
                0x000156e8                UART1_IRQHandler
                0x000157f8                CANActivity_IRQHandler
 .text._Z6listenv
                0x000158c8       0x30 build\UART.o
                0x000158c8                listen()
 .text._Z5speakv
                0x000158f8       0x30 build\UART.o
                0x000158f8                speak()
 .text          0x00015928       0x7c build\test_u.o
                0x00015928                test_u()
 .text._ZN10__cxxabiv120__si_class_type_infoD2Ev
                0x000159a4       0x14 c:/progra~2/codesourcery/source~1/bin/../lib/gcc/arm-none-eabi/4.6.1/../../../../arm-none-eabi/lib/thumb2\libstdc++.a(si_class_type_info.o)
                0x000159a4                __cxxabiv1::__si_class_type_info::~__si_class_type_info()
                0x000159a4                __cxxabiv1::__si_class_type_info::~__si_class_type_info()
 .text._ZN10__cxxabiv120__si_class_type_infoD0Ev
                0x000159b8       0x1c c:/progra~2/codesourcery/source~1/bin/../lib/gcc/arm-none-eabi/4.6.1/../../../../arm-none-eabi/lib/thumb2\libstdc++.a(si_class_type_info.o)
                0x000159b8                __cxxabiv1::__si_class_type_info::~__si_class_type_info()
 .text._ZNK10__cxxabiv120__si_class_type_info11__do_upcastEPKNS_17__class_type_infoEPKvRNS1_15__upcast_resultE
                0x000159d4       0x28 c:/progra~2/codesourcery/source~1/bin/../lib/gcc/arm-none-eabi/4.6.1/../../../../arm-none-eabi/lib/thumb2\libstdc++.a(si_class_type_info.o)
                0x000159d4                __cxxabiv1::__si_class_type_info::__do_upcast(__cxxabiv1::__class_type_info const*, void const*, __cxxabiv1::__class_type_info::__upcast_result&) const
 .text._ZNK10__cxxabiv120__si_class_type_info12__do_dyncastEiNS_17__class_type_info10__sub_kindEPKS1_PKvS4_S6_RNS1_16__dyncast_resultE
                0x000159fc       0x8c c:/progra~2/codesourcery/source~1/bin/../lib/gcc/arm-none-eabi/4.6.1/../../../../arm-none-eabi/lib/thumb2\libstdc++.a(si_class_type_info.o)
                0x000159fc                __cxxabiv1::__si_class_type_info::__do_dyncast(int, __cxxabiv1::__class_type_info::__sub_kind, __cxxabiv1::__class_type_info const*, void const*, __cxxabiv1::__class_type_info const*, void const*, __cxxabiv1::__class_type_info::__dyncast_result&) const
 .text._ZNK10__cxxabiv120__si_class_type_info20__do_find_public_srcEiPKvPKNS_17__class_type_infoES2_
                0x00015a88       0x38 c:/progra~2/codesourcery/source~1/bin/../lib/gcc/arm-none-eabi/4.6.1/../../../../arm-none-eabi/lib/thumb2\libstdc++.a(si_class_type_info.o)
                0x00015a88                __cxxabiv1::__si_class_type_info::__do_find_public_src(int, void const*, __cxxabiv1::__class_type_info const*, void const*) const
 .text.__cxa_pure_virtual
                0x00015ac0       0x18 c:/progra~2/codesourcery/source~1/bin/../lib/gcc/arm-none-eabi/4.6.1/../../../../arm-none-eabi/lib/thumb2\libstdc++.a(pure.o)
                0x00015ac0                __cxa_pure_virtual
 .text._ZN10__cxxabiv111__terminateEPFvvE
                0x00015ad8       0x28 c:/progra~2/codesourcery/source~1/bin/../lib/gcc/arm-none-eabi/4.6.1/../../../../arm-none-eabi/lib/thumb2\libstdc++.a(eh_terminate.o)
                0x00015ad8                __cxxabiv1::__terminate(void (*)())
 .text._ZSt9terminatev
                0x00015b00       0x10 c:/progra~2/codesourcery/source~1/bin/../lib/gcc/arm-none-eabi/4.6.1/../../../../arm-none-eabi/lib/thumb2\libstdc++.a(eh_terminate.o)
                0x00015b00                std::terminate()
 .text._ZN10__cxxabiv112__unexpectedEPFvvE
                0x00015b10        0x8 c:/progra~2/codesourcery/source~1/bin/../lib/gcc/arm-none-eabi/4.6.1/../../../../arm-none-eabi/lib/thumb2\libstdc++.a(eh_terminate.o)
                0x00015b10                __cxxabiv1::__unexpected(void (*)())
 .text._ZSt10unexpectedv
                0x00015b18       0x14 c:/progra~2/codesourcery/source~1/bin/../lib/gcc/arm-none-eabi/4.6.1/../../../../arm-none-eabi/lib/thumb2\libstdc++.a(eh_terminate.o)
                0x00015b18                std::unexpected()
 .text._ZNK10__cxxabiv117__class_type_info11__do_upcastEPKS0_PPv
                0x00015b2c       0x38 c:/progra~2/codesourcery/source~1/bin/../lib/gcc/arm-none-eabi/4.6.1/../../../../arm-none-eabi/lib/thumb2\libstdc++.a(class_type_info.o)
                0x00015b2c                __cxxabiv1::__class_type_info::__do_upcast(__cxxabiv1::__class_type_info const*, void**) const
 .text._ZNK10__cxxabiv117__class_type_info20__do_find_public_srcEiPKvPKS0_S2_
                0x00015b64        0xc c:/progra~2/codesourcery/source~1/bin/../lib/gcc/arm-none-eabi/4.6.1/../../../../arm-none-eabi/lib/thumb2\libstdc++.a(class_type_info.o)
                0x00015b64                __cxxabiv1::__class_type_info::__do_find_public_src(int, void const*, __cxxabiv1::__class_type_info const*, void const*) const
 .text._ZNK10__cxxabiv117__class_type_info11__do_upcastEPKS0_PKvRNS0_15__upcast_resultE
                0x00015b70       0x1c c:/progra~2/codesourcery/source~1/bin/../lib/gcc/arm-none-eabi/4.6.1/../../../../arm-none-eabi/lib/thumb2\libstdc++.a(class_type_info.o)
                0x00015b70                __cxxabiv1::__class_type_info::__do_upcast(__cxxabiv1::__class_type_info const*, void const*, __cxxabiv1::__class_type_info::__upcast_result&) const
 .text._ZN10__cxxabiv117__class_type_infoD2Ev
                0x00015b8c       0x14 c:/progra~2/codesourcery/source~1/bin/../lib/gcc/arm-none-eabi/4.6.1/../../../../arm-none-eabi/lib/thumb2\libstdc++.a(class_type_info.o)
                0x00015b8c                __cxxabiv1::__class_type_info::~__class_type_info()
                0x00015b8c                __cxxabiv1::__class_type_info::~__class_type_info()
 .text._ZN10__cxxabiv117__class_type_infoD0Ev
                0x00015ba0       0x1c c:/progra~2/codesourcery/source~1/bin/../lib/gcc/arm-none-eabi/4.6.1/../../../../arm-none-eabi/lib/thumb2\libstdc++.a(class_type_info.o)
                0x00015ba0                __cxxabiv1::__class_type_info::~__class_type_info()
 .text._ZNK10__cxxabiv117__class_type_info12__do_dyncastEiNS0_10__sub_kindEPKS0_PKvS3_S5_RNS0_16__dyncast_resultE
                0x00015bbc       0x3c c:/progra~2/codesourcery/source~1/bin/../lib/gcc/arm-none-eabi/4.6.1/../../../../arm-none-eabi/lib/thumb2\libstdc++.a(class_type_info.o)
                0x00015bbc                __cxxabiv1::__class_type_info::__do_dyncast(int, __cxxabiv1::__class_type_info::__sub_kind, __cxxabiv1::__class_type_info const*, void const*, __cxxabiv1::__class_type_info const*, void const*, __cxxabiv1::__class_type_info::__dyncast_result&) const
 .text._ZNK10__cxxabiv117__class_type_info10__do_catchEPKSt9type_infoPPvj
                0x00015bf8       0x28 c:/progra~2/codesourcery/source~1/bin/../lib/gcc/arm-none-eabi/4.6.1/../../../../arm-none-eabi/lib/thumb2\libstdc++.a(class_type_info.o)
                0x00015bf8                __cxxabiv1::__class_type_info::__do_catch(std::type_info const*, void**, unsigned int) const
 .text.__cxa_call_terminate
                0x00015c20       0x50 c:/progra~2/codesourcery/source~1/bin/../lib/gcc/arm-none-eabi/4.6.1/../../../../arm-none-eabi/lib/thumb2\libstdc++.a(eh_call.o)
                0x00015c20                __cxa_call_terminate
 .text.__cxa_call_unexpected
                0x00015c70      0x130 c:/progra~2/codesourcery/source~1/bin/../lib/gcc/arm-none-eabi/4.6.1/../../../../arm-none-eabi/lib/thumb2\libstdc++.a(eh_call.o)
                0x00015c70                __cxa_call_unexpected
 .text._ZL23__gxx_exception_cleanup19_Unwind_Reason_CodeP21_Unwind_Control_Block
                0x00015da0       0x4c c:/progra~2/codesourcery/source~1/bin/../lib/gcc/arm-none-eabi/4.6.1/../../../../arm-none-eabi/lib/thumb2\libstdc++.a(eh_throw.o)
 .text.__cxa_throw
                0x00015dec       0x80 c:/progra~2/codesourcery/source~1/bin/../lib/gcc/arm-none-eabi/4.6.1/../../../../arm-none-eabi/lib/thumb2\libstdc++.a(eh_throw.o)
                0x00015dec                __cxa_throw
 .text.__cxa_rethrow
                0x00015e6c       0x78 c:/progra~2/codesourcery/source~1/bin/../lib/gcc/arm-none-eabi/4.6.1/../../../../arm-none-eabi/lib/thumb2\libstdc++.a(eh_throw.o)
                0x00015e6c                __cxa_rethrow
 .text.__cxa_end_cleanup
                0x00015ee4        0xc c:/progra~2/codesourcery/source~1/bin/../lib/gcc/arm-none-eabi/4.6.1/../../../../arm-none-eabi/lib/thumb2\libstdc++.a(eh_arm.o)
                0x00015ee4                __cxa_end_cleanup
 .text.__cxa_type_match
                0x00015ef0       0xbc c:/progra~2/codesourcery/source~1/bin/../lib/gcc/arm-none-eabi/4.6.1/../../../../arm-none-eabi/lib/thumb2\libstdc++.a(eh_arm.o)
                0x00015ef0                __cxa_type_match
 .text.__cxa_begin_cleanup
                0x00015fac       0x78 c:/progra~2/codesourcery/source~1/bin/../lib/gcc/arm-none-eabi/4.6.1/../../../../arm-none-eabi/lib/thumb2\libstdc++.a(eh_arm.o)
                0x00015fac                __cxa_begin_cleanup
 .text.__gnu_end_cleanup
                0x00016024       0x7c c:/progra~2/codesourcery/source~1/bin/../lib/gcc/arm-none-eabi/4.6.1/../../../../arm-none-eabi/lib/thumb2\libstdc++.a(eh_arm.o)
                0x00016024                __gnu_end_cleanup
 .text._ZNSt9exceptionD2Ev
                0x000160a0        0xc c:/progra~2/codesourcery/source~1/bin/../lib/gcc/arm-none-eabi/4.6.1/../../../../arm-none-eabi/lib/thumb2\libstdc++.a(eh_exception.o)
                0x000160a0                std::exception::~exception()
                0x000160a0                std::exception::~exception()
 .text._ZNSt13bad_exceptionD2Ev
                0x000160ac        0xc c:/progra~2/codesourcery/source~1/bin/../lib/gcc/arm-none-eabi/4.6.1/../../../../arm-none-eabi/lib/thumb2\libstdc++.a(eh_exception.o)
                0x000160ac                std::bad_exception::~bad_exception()
                0x000160ac                std::bad_exception::~bad_exception()
 .text._ZNKSt9exception4whatEv
                0x000160b8        0xc c:/progra~2/codesourcery/source~1/bin/../lib/gcc/arm-none-eabi/4.6.1/../../../../arm-none-eabi/lib/thumb2\libstdc++.a(eh_exception.o)
                0x000160b8                std::exception::what() const
 .text._ZNKSt13bad_exception4whatEv
                0x000160c4        0xc c:/progra~2/codesourcery/source~1/bin/../lib/gcc/arm-none-eabi/4.6.1/../../../../arm-none-eabi/lib/thumb2\libstdc++.a(eh_exception.o)
                0x000160c4                std::bad_exception::what() const
 .text._ZNSt13bad_exceptionD0Ev
                0x000160d0       0x14 c:/progra~2/codesourcery/source~1/bin/../lib/gcc/arm-none-eabi/4.6.1/../../../../arm-none-eabi/lib/thumb2\libstdc++.a(eh_exception.o)
                0x000160d0                std::bad_exception::~bad_exception()
 .text._ZNSt9exceptionD0Ev
                0x000160e4       0x14 c:/progra~2/codesourcery/source~1/bin/../lib/gcc/arm-none-eabi/4.6.1/../../../../arm-none-eabi/lib/thumb2\libstdc++.a(eh_exception.o)
                0x000160e4                std::exception::~exception()
 .text.__cxa_allocate_exception
                0x000160f8       0x74 c:/progra~2/codesourcery/source~1/bin/../lib/gcc/arm-none-eabi/4.6.1/../../../../arm-none-eabi/lib/thumb2\libstdc++.a(eh_alloc.o)
                0x000160f8                __cxa_allocate_exception
 .text.__cxa_free_exception
                0x0001616c       0x3c c:/progra~2/codesourcery/source~1/bin/../lib/gcc/arm-none-eabi/4.6.1/../../../../arm-none-eabi/lib/thumb2\libstdc++.a(eh_alloc.o)
                0x0001616c                __cxa_free_exception
 .text.__cxa_get_globals_fast
                0x000161a8        0xc c:/progra~2/codesourcery/source~1/bin/../lib/gcc/arm-none-eabi/4.6.1/../../../../arm-none-eabi/lib/thumb2\libstdc++.a(eh_globals.o)
                0x000161a8                __cxa_get_globals_fast
 .text.__cxa_get_globals
                0x000161b4        0xc c:/progra~2/codesourcery/source~1/bin/../lib/gcc/arm-none-eabi/4.6.1/../../../../arm-none-eabi/lib/thumb2\libstdc++.a(eh_globals.o)
                0x000161b4                __cxa_get_globals
 .text._ZNSt9type_infoD2Ev
                0x000161c0        0xc c:/progra~2/codesourcery/source~1/bin/../lib/gcc/arm-none-eabi/4.6.1/../../../../arm-none-eabi/lib/thumb2\libstdc++.a(tinfo.o)
                0x000161c0                std::type_info::~type_info()
                0x000161c0                std::type_info::~type_info()
 .text._ZNKSt9type_info14__is_pointer_pEv
                0x000161cc        0x4 c:/progra~2/codesourcery/source~1/bin/../lib/gcc/arm-none-eabi/4.6.1/../../../../arm-none-eabi/lib/thumb2\libstdc++.a(tinfo.o)
                0x000161cc                std::type_info::__is_pointer_p() const
 .text._ZNKSt9type_info15__is_function_pEv
                0x000161d0        0x4 c:/progra~2/codesourcery/source~1/bin/../lib/gcc/arm-none-eabi/4.6.1/../../../../arm-none-eabi/lib/thumb2\libstdc++.a(tinfo.o)
                0x000161d0                std::type_info::__is_function_p() const
 .text._ZNKSt9type_info11__do_upcastEPKN10__cxxabiv117__class_type_infoEPPv
                0x000161d4        0x4 c:/progra~2/codesourcery/source~1/bin/../lib/gcc/arm-none-eabi/4.6.1/../../../../arm-none-eabi/lib/thumb2\libstdc++.a(tinfo.o)
                0x000161d4                std::type_info::__do_upcast(__cxxabiv1::__class_type_info const*, void**) const
 .text._ZNSt9type_infoD0Ev
                0x000161d8       0x14 c:/progra~2/codesourcery/source~1/bin/../lib/gcc/arm-none-eabi/4.6.1/../../../../arm-none-eabi/lib/thumb2\libstdc++.a(tinfo.o)
                0x000161d8                std::type_info::~type_info()
 .text._ZNKSt9type_infoeqERKS_
                0x000161ec       0x3c c:/progra~2/codesourcery/source~1/bin/../lib/gcc/arm-none-eabi/4.6.1/../../../../arm-none-eabi/lib/thumb2\libstdc++.a(tinfo.o)
                0x000161ec                std::type_info::operator==(std::type_info const&) const
 .text._ZNKSt9type_info10__do_catchEPKS_PPvj
                0x00016228        0x4 c:/progra~2/codesourcery/source~1/bin/../lib/gcc/arm-none-eabi/4.6.1/../../../../arm-none-eabi/lib/thumb2\libstdc++.a(tinfo.o)
                0x00016228                std::type_info::__do_catch(std::type_info const*, void**, unsigned int) const
 .text._ZL12read_sleb128PKhPl
                0x0001622c       0x38 c:/progra~2/codesourcery/source~1/bin/../lib/gcc/arm-none-eabi/4.6.1/../../../../arm-none-eabi/lib/thumb2\libstdc++.a(eh_personality.o)
 .text._ZL28read_encoded_value_with_basehjPKhPj
                0x00016264       0xa4 c:/progra~2/codesourcery/source~1/bin/../lib/gcc/arm-none-eabi/4.6.1/../../../../arm-none-eabi/lib/thumb2\libstdc++.a(eh_personality.o)
 .text._ZL21base_of_encoded_valuehP15_Unwind_Context
                0x00016308       0x4c c:/progra~2/codesourcery/source~1/bin/../lib/gcc/arm-none-eabi/4.6.1/../../../../arm-none-eabi/lib/thumb2\libstdc++.a(eh_personality.o)
 .text._ZL17parse_lsda_headerP15_Unwind_ContextPKhP16lsda_header_info.constprop.4
                0x00016354       0x8c c:/progra~2/codesourcery/source~1/bin/../lib/gcc/arm-none-eabi/4.6.1/../../../../arm-none-eabi/lib/thumb2\libstdc++.a(eh_personality.o)
 .text.__gxx_personality_v0
                0x000163e0      0x3ec c:/progra~2/codesourcery/source~1/bin/../lib/gcc/arm-none-eabi/4.6.1/../../../../arm-none-eabi/lib/thumb2\libstdc++.a(eh_personality.o)
                0x000163e0                __gxx_personality_v0
 .text.__cxa_begin_catch
                0x000167cc       0x98 c:/progra~2/codesourcery/source~1/bin/../lib/gcc/arm-none-eabi/4.6.1/../../../../arm-none-eabi/lib/thumb2\libstdc++.a(eh_catch.o)
                0x000167cc                __cxa_begin_catch
 .text.__cxa_end_catch
                0x00016864       0x94 c:/progra~2/codesourcery/source~1/bin/../lib/gcc/arm-none-eabi/4.6.1/../../../../arm-none-eabi/lib/thumb2\libstdc++.a(eh_catch.o)
                0x00016864                __cxa_end_catch
 .text._ZN9__gnu_cxx27__verbose_terminate_handlerEv
                0x000168f8      0x130 c:/progra~2/codesourcery/source~1/bin/../lib/gcc/arm-none-eabi/4.6.1/../../../../arm-none-eabi/lib/thumb2\libstdc++.a(vterminate.o)
                0x000168f8                __gnu_cxx::__verbose_terminate_handler()
 .text          0x00016a28     0x9060 c:/progra~2/codesourcery/source~1/bin/../lib/gcc/arm-none-eabi/4.6.1/../../../../arm-none-eabi/lib/thumb2\libstdc++.a(cp-demangle.o)
                0x0001f990                __cxa_demangle
                0x0001fa5c                __gcclibcxx_demangle_callback
 .text.__cxa_current_exception_type
                0x0001fa88       0x1c c:/progra~2/codesourcery/source~1/bin/../lib/gcc/arm-none-eabi/4.6.1/../../../../arm-none-eabi/lib/thumb2\libstdc++.a(eh_type.o)
                0x0001fa88                __cxa_current_exception_type
 .text          0x0001faa4       0x2c c:/progra~2/codesourcery/source~1/bin/../lib/gcc/arm-none-eabi/4.6.1/thumb2\libgcc.a(_aeabi_uldivmod.o)
                0x0001faa4                __aeabi_uldivmod
 .text          0x0001fad0       0x5c c:/progra~2/codesourcery/source~1/bin/../lib/gcc/arm-none-eabi/4.6.1/thumb2\libgcc.a(bpabi.o)
                0x0001fad0                __gnu_ldivmod_helper
                0x0001fb00                __gnu_uldivmod_helper
 .text          0x0001fb2c      0xbd8 c:/progra~2/codesourcery/source~1/bin/../lib/gcc/arm-none-eabi/4.6.1/thumb2\libgcc.a(unwind-arm.o)
                0x0001fde8                _Unwind_VRS_Get
                0x0001fe34                _Unwind_VRS_Set
                0x000201c8                __aeabi_unwind_cpp_pr2
                0x000201d0                __aeabi_unwind_cpp_pr1
                0x000201d8                __aeabi_unwind_cpp_pr0
                0x000201e0                _Unwind_VRS_Pop
                0x000205a8                _Unwind_GetCFA
                0x000205ac                __gnu_Unwind_RaiseException
                0x0002060c                __gnu_Unwind_ForcedUnwind
                0x00020620                __gnu_Unwind_Resume
                0x0002065c                __gnu_Unwind_Resume_or_Rethrow
                0x00020674                _Unwind_Complete
                0x00020678                _Unwind_DeleteException
                0x00020688                __gnu_Unwind_Backtrace
 .text          0x00020704      0x1ac c:/progra~2/codesourcery/source~1/bin/../lib/gcc/arm-none-eabi/4.6.1/thumb2\libgcc.a(libunwind.o)
                0x00020704                __restore_core_regs
                0x00020704                restore_core_regs
                0x0002071c                __gnu_Unwind_Restore_VFP
                0x00020724                __gnu_Unwind_Save_VFP
                0x0002072c                __gnu_Unwind_Restore_VFP_D
                0x00020734                __gnu_Unwind_Save_VFP_D
                0x0002073c                __gnu_Unwind_Restore_VFP_D_16_to_31
                0x00020744                __gnu_Unwind_Save_VFP_D_16_to_31
                0x0002074c                __gnu_Unwind_Restore_WMMXD
                0x00020790                __gnu_Unwind_Save_WMMXD
                0x000207d4                __gnu_Unwind_Restore_WMMXC
                0x000207e8                __gnu_Unwind_Save_WMMXC
                0x000207fc                ___Unwind_RaiseException
                0x000207fc                _Unwind_RaiseException
                0x00020820                _Unwind_Resume
                0x00020820                ___Unwind_Resume
                0x00020844                _Unwind_Resume_or_Rethrow
                0x00020844                ___Unwind_Resume_or_Rethrow
                0x00020868                _Unwind_ForcedUnwind
                0x00020868                ___Unwind_ForcedUnwind
                0x0002088c                ___Unwind_Backtrace
                0x0002088c                _Unwind_Backtrace
 .text          0x000208b0      0x3b8 c:/progra~2/codesourcery/source~1/bin/../lib/gcc/arm-none-eabi/4.6.1/thumb2\libgcc.a(pr-support.o)
                0x00020904                __gnu_unwind_execute
                0x00020c0c                __gnu_unwind_frame
                0x00020c38                _Unwind_GetRegionStart
                0x00020c44                _Unwind_GetLanguageSpecificData
                0x00020c58                _Unwind_GetDataRelBase
                0x00020c60                _Unwind_GetTextRelBase
 .text          0x00020c68        0x4 c:/progra~2/codesourcery/source~1/bin/../lib/gcc/arm-none-eabi/4.6.1/thumb2\libgcc.a(_dvmd_tls.o)
                0x00020c68                __aeabi_idiv0
                0x00020c68                __aeabi_ldiv0
 .text          0x00020c6c      0x364 c:/progra~2/codesourcery/source~1/bin/../lib/gcc/arm-none-eabi/4.6.1/thumb2\libgcc.a(_divdi3.o)
                0x00020c6c                __divdi3
 .text          0x00020fd0      0x334 c:/progra~2/codesourcery/source~1/bin/../lib/gcc/arm-none-eabi/4.6.1/thumb2\libgcc.a(_udivdi3.o)
                0x00020fd0                __udivdi3
 *fill*         0x00021304        0x4 00
 .text          0x00021308      0x278 c:/progra~2/codesourcery/source~1/bin/../lib/gcc/arm-none-eabi/4.6.1/thumb2\libgcc.a(_udivsi3.o)
                0x00021308                __aeabi_uidiv
                0x00021308                __udivsi3
                0x00021564                __aeabi_uidivmod
 .text          0x00021580       0x10 c:/progra~2/codesourcery/source~1/bin/../lib/gcc/arm-none-eabi/4.6.1/../../../../arm-none-eabi/lib/thumb2\libc.a(lib_a-abort.o)
                0x00021580                abort
 .text          0x00021590       0xac c:/progra~2/codesourcery/source~1/bin/../lib/gcc/arm-none-eabi/4.6.1/../../../../arm-none-eabi/lib/thumb2\libc.a(lib_a-fputc.o)
                0x00021590                _fputc_r
                0x000215e4                fputc
 .text          0x0002163c       0x94 c:/progra~2/codesourcery/source~1/bin/../lib/gcc/arm-none-eabi/4.6.1/../../../../arm-none-eabi/lib/thumb2\libc.a(lib_a-fputs.o)
                0x0002163c                _fputs_r
                0x000216bc                fputs
 .text          0x000216d0      0x32c c:/progra~2/codesourcery/source~1/bin/../lib/gcc/arm-none-eabi/4.6.1/../../../../arm-none-eabi/lib/thumb2\libc.a(lib_a-fvwrite.o)
                0x000216d0                __sfvwrite_r
 .text          0x000219fc       0xbc c:/progra~2/codesourcery/source~1/bin/../lib/gcc/arm-none-eabi/4.6.1/../../../../arm-none-eabi/lib/thumb2\libc.a(lib_a-fwrite.o)
                0x000219fc                _fwrite_r
                0x00021a94                fwrite
 .text          0x00021ab8       0x50 c:/progra~2/codesourcery/source~1/bin/../lib/gcc/arm-none-eabi/4.6.1/../../../../arm-none-eabi/lib/thumb2\libc.a(lib_a-init.o)
                0x00021ab8                __libc_init_array
 .text          0x00021b08       0x20 c:/progra~2/codesourcery/source~1/bin/../lib/gcc/arm-none-eabi/4.6.1/../../../../arm-none-eabi/lib/thumb2\libc.a(lib_a-malloc.o)
                0x00021b08                malloc
                0x00021b18                free
 .text          0x00021b28      0x57c c:/progra~2/codesourcery/source~1/bin/../lib/gcc/arm-none-eabi/4.6.1/../../../../arm-none-eabi/lib/thumb2\libc.a(lib_a-mallocr.o)
                0x00021b28                _malloc_r
 .text          0x000220a4       0x88 c:/progra~2/codesourcery/source~1/bin/../lib/gcc/arm-none-eabi/4.6.1/../../../../arm-none-eabi/lib/thumb2\libc.a(lib_a-memchr.o)
                0x000220a4                memchr
 .text          0x0002212c       0x5c c:/progra~2/codesourcery/source~1/bin/../lib/gcc/arm-none-eabi/4.6.1/../../../../arm-none-eabi/lib/thumb2\libc.a(lib_a-memcmp.o)
                0x0002212c                memcmp
 .text          0x00022188       0xf0 c:/progra~2/codesourcery/source~1/bin/../lib/gcc/arm-none-eabi/4.6.1/../../../../arm-none-eabi/lib/thumb2\libc.a(lib_a-memcpy.o)
                0x00022188                memcpy
 .text          0x00022278       0xbc c:/progra~2/codesourcery/source~1/bin/../lib/gcc/arm-none-eabi/4.6.1/../../../../arm-none-eabi/lib/thumb2\libc.a(lib_a-memmove.o)
                0x00022278                memmove
 .text          0x00022334       0x8c c:/progra~2/codesourcery/source~1/bin/../lib/gcc/arm-none-eabi/4.6.1/../../../../arm-none-eabi/lib/thumb2\libc.a(lib_a-memset.o)
                0x00022334                memset
 .text          0x000223c0        0x8 c:/progra~2/codesourcery/source~1/bin/../lib/gcc/arm-none-eabi/4.6.1/../../../../arm-none-eabi/lib/thumb2\libc.a(lib_a-mlock.o)
                0x000223c0                __malloc_lock
                0x000223c4                __malloc_unlock
 .text          0x000223c8      0x138 c:/progra~2/codesourcery/source~1/bin/../lib/gcc/arm-none-eabi/4.6.1/../../../../arm-none-eabi/lib/thumb2\libc.a(lib_a-putc.o)
                0x000223c8                _putc_r
                0x00022458                putc
 .text          0x00022500      0x100 c:/progra~2/codesourcery/source~1/bin/../lib/gcc/arm-none-eabi/4.6.1/../../../../arm-none-eabi/lib/thumb2\libc.a(lib_a-rand.o)
                0x00022500                srand
                0x0002255c                rand
 .text          0x00022600       0x14 c:/progra~2/codesourcery/source~1/bin/../lib/gcc/arm-none-eabi/4.6.1/../../../../arm-none-eabi/lib/thumb2\libc.a(lib_a-realloc.o)
                0x00022600                realloc
 .text          0x00022614      0x3d8 c:/progra~2/codesourcery/source~1/bin/../lib/gcc/arm-none-eabi/4.6.1/../../../../arm-none-eabi/lib/thumb2\libc.a(lib_a-reallocr.o)
                0x00022614                _realloc_r
 .text          0x000229ec       0x28 c:/progra~2/codesourcery/source~1/bin/../lib/gcc/arm-none-eabi/4.6.1/../../../../arm-none-eabi/lib/thumb2\libc.a(lib_a-sbrkr.o)
                0x000229ec                _sbrk_r
 .text          0x00022a14      0x150 c:/progra~2/codesourcery/source~1/bin/../lib/gcc/arm-none-eabi/4.6.1/../../../../arm-none-eabi/lib/thumb2\libc.a(lib_a-signal.o)
                0x00022a14                _init_signal_r
                0x00022a44                _signal_r
                0x00022a80                _raise_r
                0x00022ad4                __sigtramp_r
                0x00022b20                raise
                0x00022b30                signal
                0x00022b44                _init_signal
                0x00022b54                __sigtramp
 .text          0x00022b64       0x2c c:/progra~2/codesourcery/source~1/bin/../lib/gcc/arm-none-eabi/4.6.1/../../../../arm-none-eabi/lib/thumb2\libc.a(lib_a-signalr.o)
                0x00022b64                _kill_r
                0x00022b8c                _getpid_r
 .text          0x00022b90       0x94 c:/progra~2/codesourcery/source~1/bin/../lib/gcc/arm-none-eabi/4.6.1/../../../../arm-none-eabi/lib/thumb2\libc.a(lib_a-sprintf.o)
                0x00022b90                _sprintf_r
                0x00022bd4                sprintf
 .text          0x00022c24       0xf0 c:/progra~2/codesourcery/source~1/bin/../lib/gcc/arm-none-eabi/4.6.1/../../../../arm-none-eabi/lib/thumb2\libc.a(lib_a-strchr.o)
                0x00022c24                strchr
 .text          0x00022d14      0x1dc c:/progra~2/codesourcery/source~1/bin/../lib/gcc/arm-none-eabi/4.6.1/../../../../arm-none-eabi/lib/thumb2\libc.a(lib_a-strcmp.o)
                0x00022d14                strcmp
 .text          0x00022ef0       0xbc c:/progra~2/codesourcery/source~1/bin/../lib/gcc/arm-none-eabi/4.6.1/../../../../arm-none-eabi/lib/thumb2\libc.a(lib_a-strcpy.o)
                0x00022ef0                strcpy
 .text          0x00022fac       0x60 c:/progra~2/codesourcery/source~1/bin/../lib/gcc/arm-none-eabi/4.6.1/../../../../arm-none-eabi/lib/thumb2\libc.a(lib_a-strlen.o)
                0x00022fac                strlen
 .text          0x0002300c       0xa8 c:/progra~2/codesourcery/source~1/bin/../lib/gcc/arm-none-eabi/4.6.1/../../../../arm-none-eabi/lib/thumb2\libc.a(lib_a-strncmp.o)
                0x0002300c                strncmp
 .text          0x000230b4       0x74 c:/progra~2/codesourcery/source~1/bin/../lib/gcc/arm-none-eabi/4.6.1/../../../../arm-none-eabi/lib/thumb2\libc.a(lib_a-strncpy.o)
                0x000230b4                strncpy
 .text          0x00023128       0x28 c:/progra~2/codesourcery/source~1/bin/../lib/gcc/arm-none-eabi/4.6.1/../../../../arm-none-eabi/lib/thumb2\libc.a(lib_a-strrchr.o)
                0x00023128                strrchr
 .text          0x00023150     0x14d8 c:/progra~2/codesourcery/source~1/bin/../lib/gcc/arm-none-eabi/4.6.1/../../../../arm-none-eabi/lib/thumb2\libc.a(lib_a-svfprintf.o)
                0x00023150                _svfprintf_r
 .text          0x00024628       0x1c c:/progra~2/codesourcery/source~1/bin/../lib/gcc/arm-none-eabi/4.6.1/../../../../arm-none-eabi/lib/thumb2\libc.a(lib_a-syswrite.o)
                0x00024628                write
 .text          0x00024644       0xfc c:/progra~2/codesourcery/source~1/bin/../lib/gcc/arm-none-eabi/4.6.1/../../../../arm-none-eabi/lib/thumb2\libc.a(lib_a-wbuf.o)
                0x00024644                __swbuf_r
                0x0002472c                __swbuf
 .text          0x00024740       0x2c c:/progra~2/codesourcery/source~1/bin/../lib/gcc/arm-none-eabi/4.6.1/../../../../arm-none-eabi/lib/thumb2\libc.a(lib_a-writer.o)
                0x00024740                _write_r
 .text          0x0002476c       0xf8 c:/progra~2/codesourcery/source~1/bin/../lib/gcc/arm-none-eabi/4.6.1/../../../../arm-none-eabi/lib/thumb2\libc.a(lib_a-wsetup.o)
                0x0002476c                __swsetup_r
 *fill*         0x00024864        0x4 00
 .text          0x00024868     0x1030 c:/progra~2/codesourcery/source~1/bin/../lib/gcc/arm-none-eabi/4.6.1/../../../../arm-none-eabi/lib/thumb2\libc.a(lib_a-dtoa.o)
                0x000249b0                _dtoa_r
 .text          0x00025898      0x1e0 c:/progra~2/codesourcery/source~1/bin/../lib/gcc/arm-none-eabi/4.6.1/../../../../arm-none-eabi/lib/thumb2\libc.a(lib_a-fflush.o)
                0x00025898                _fflush_r
                0x00025a50                fflush
 .text          0x00025a78      0x1dc c:/progra~2/codesourcery/source~1/bin/../lib/gcc/arm-none-eabi/4.6.1/../../../../arm-none-eabi/lib/thumb2\libc.a(lib_a-findfp.o)
                0x00025a80                _cleanup_r
                0x00025adc                __sfmoreglue
                0x00025b0c                _cleanup
                0x00025b1c                __sinit
                0x00025b78                __sfp
                0x00025c14                __sfp_lock_acquire
                0x00025c18                __sfp_lock_release
                0x00025c1c                __sinit_lock_acquire
                0x00025c20                __sinit_lock_release
                0x00025c24                __fp_lock_all
                0x00025c3c                __fp_unlock_all
 .text          0x00025c54      0x234 c:/progra~2/codesourcery/source~1/bin/../lib/gcc/arm-none-eabi/4.6.1/../../../../arm-none-eabi/lib/thumb2\libc.a(lib_a-freer.o)
                0x00025c54                _malloc_trim_r
                0x00025cf8                _free_r
 .text          0x00025e88       0xa0 c:/progra~2/codesourcery/source~1/bin/../lib/gcc/arm-none-eabi/4.6.1/../../../../arm-none-eabi/lib/thumb2\libc.a(lib_a-fwalk.o)
                0x00025e88                _fwalk
                0x00025ed4                _fwalk_reent
 .text          0x00025f28       0xa4 c:/progra~2/codesourcery/source~1/bin/../lib/gcc/arm-none-eabi/4.6.1/../../../../arm-none-eabi/lib/thumb2\libc.a(lib_a-locale.o)
                0x00025f28                _setlocale_r
                0x00025f84                __locale_charset
                0x00025f90                __locale_mb_cur_max
                0x00025f9c                __locale_msgcharset
                0x00025fa4                __locale_cjk_lang
                0x00025fa8                _localeconv_r
                0x00025fb0                setlocale
                0x00025fc4                localeconv
 .text          0x00025fcc       0xe8 c:/progra~2/codesourcery/source~1/bin/../lib/gcc/arm-none-eabi/4.6.1/../../../../arm-none-eabi/lib/thumb2\libc.a(lib_a-makebuf.o)
                0x00025fcc                __smakebuf_r
 .text          0x000260b4      0x904 c:/progra~2/codesourcery/source~1/bin/../lib/gcc/arm-none-eabi/4.6.1/../../../../arm-none-eabi/lib/thumb2\libc.a(lib_a-mprec.o)
                0x000260b4                _Balloc
                0x0002611c                _Bfree
                0x00026154                __multadd
                0x000261d8                __s2b
                0x0002626c                __hi0bits
                0x000262a8                __lo0bits
                0x00026304                __i2b
                0x00026318                __multiply
                0x00026454                __pow5mult
                0x000264f4                __lshift
                0x000265b0                __mcmp
                0x000265f0                __mdiff
                0x000266d0                __ulp
                0x00026714                __b2d
                0x000267c0                __d2b
                0x00026888                __ratio
                0x000268dc                _mprec_log10
                0x00026910                __copybits
                0x00026958                __any_on
 .text          0x000269b8       0x90 c:/progra~2/codesourcery/source~1/bin/../lib/gcc/arm-none-eabi/4.6.1/../../../../arm-none-eabi/lib/thumb2\libc.a(lib_a-s_fpclassify.o)
                0x000269b8                __fpclassifyd
 .text          0x00026a48       0x8c c:/progra~2/codesourcery/source~1/bin/../lib/gcc/arm-none-eabi/4.6.1/../../../../arm-none-eabi/lib/thumb2\libc.a(lib_a-stdio.o)
                0x00026a48                __sread
                0x00026a6c                __seofread
                0x00026a70                __swrite
                0x00026aa8                __sseek
                0x00026acc                __sclose
 .text          0x00026ad4      0xb60 c:/progra~2/codesourcery/source~1/bin/../lib/gcc/arm-none-eabi/4.6.1/../../../../arm-none-eabi/lib/thumb2\libc.a(lib_a-svfiprintf.o)
                0x00026ad4                __ssprint_r
                0x00026bec                _svfiprintf_r
 .text          0x00027634       0x60 c:/progra~2/codesourcery/source~1/bin/../lib/gcc/arm-none-eabi/4.6.1/../../../../arm-none-eabi/lib/thumb2\libc.a(lib_a-callocr.o)
                0x00027634                _calloc_r
 .text          0x00027694       0x28 c:/progra~2/codesourcery/source~1/bin/../lib/gcc/arm-none-eabi/4.6.1/../../../../arm-none-eabi/lib/thumb2\libc.a(lib_a-closer.o)
                0x00027694                _close_r
 .text          0x000276bc       0xc4 c:/progra~2/codesourcery/source~1/bin/../lib/gcc/arm-none-eabi/4.6.1/../../../../arm-none-eabi/lib/thumb2\libc.a(lib_a-fclose.o)
                0x000276bc                _fclose_r
                0x00027770                fclose
 .text          0x00027780       0x28 c:/progra~2/codesourcery/source~1/bin/../lib/gcc/arm-none-eabi/4.6.1/../../../../arm-none-eabi/lib/thumb2\libc.a(lib_a-fstatr.o)
                0x00027780                _fstat_r
 .text          0x000277a8       0x28 c:/progra~2/codesourcery/source~1/bin/../lib/gcc/arm-none-eabi/4.6.1/../../../../arm-none-eabi/lib/thumb2\libc.a(lib_a-isattyr.o)
                0x000277a8                _isatty_r
 .text          0x000277d0       0x2c c:/progra~2/codesourcery/source~1/bin/../lib/gcc/arm-none-eabi/4.6.1/../../../../arm-none-eabi/lib/thumb2\libc.a(lib_a-lseekr.o)
                0x000277d0                _lseek_r
 .text          0x000277fc       0x2c c:/progra~2/codesourcery/source~1/bin/../lib/gcc/arm-none-eabi/4.6.1/../../../../arm-none-eabi/lib/thumb2\libc.a(lib_a-readr.o)
                0x000277fc                _read_r
 .text          0x00027828      0x370 c:/progra~2/codesourcery/source~1/bin/../lib/gcc/arm-none-eabi/4.6.1/thumb2\libgcc.a(_arm_addsubdf3.o)
                0x00027828                __aeabi_drsub
                0x00027830                __aeabi_dsub
                0x00027830                __subdf3
                0x00027834                __aeabi_dadd
                0x00027834                __adddf3
                0x00027aac                __floatunsidf
                0x00027aac                __aeabi_ui2d
                0x00027acc                __floatsidf
                0x00027acc                __aeabi_i2d
                0x00027af0                __aeabi_f2d
                0x00027af0                __extendsfdf2
                0x00027b2c                __floatundidf
                0x00027b2c                __aeabi_ul2d
                0x00027b3c                __floatdidf
                0x00027b3c                __aeabi_l2d
 .text          0x00027b98      0x424 c:/progra~2/codesourcery/source~1/bin/../lib/gcc/arm-none-eabi/4.6.1/thumb2\libgcc.a(_arm_muldivdf3.o)
                0x00027b98                __aeabi_dmul
                0x00027b98                __muldf3
                0x00027dec                __divdf3
                0x00027dec                __aeabi_ddiv
 .text          0x00027fbc      0x110 c:/progra~2/codesourcery/source~1/bin/../lib/gcc/arm-none-eabi/4.6.1/thumb2\libgcc.a(_arm_cmpdf2.o)
                0x00027fbc                __gtdf2
                0x00027fbc                __gedf2
                0x00027fc4                __ltdf2
                0x00027fc4                __ledf2
                0x00027fcc                __nedf2
                0x00027fcc                __eqdf2
                0x00027fcc                __cmpdf2
                0x00028048                __aeabi_cdrcmple
                0x00028058                __aeabi_cdcmpeq
                0x00028058                __aeabi_cdcmple
                0x00028068                __aeabi_dcmpeq
                0x0002807c                __aeabi_dcmplt
                0x00028090                __aeabi_dcmple
                0x000280a4                __aeabi_dcmpge
                0x000280b8                __aeabi_dcmpgt
 .text          0x000280cc       0x50 c:/progra~2/codesourcery/source~1/bin/../lib/gcc/arm-none-eabi/4.6.1/thumb2\libgcc.a(_arm_fixdfsi.o)
                0x000280cc                __aeabi_d2iz
                0x000280cc                __fixdfsi
 *(.gnu.linkonce.t.*)
 *(.glue_7)
 .glue_7        0x00000000        0x0 linker stubs
 *(.glue_7t)
 .glue_7t       0x00000000        0x0 linker stubs
 *(.gcc_except_table)
 *(.rodata .rodata*)
 .rodata        0x0002811c       0x20 build\lib\source\lpc17xx_spi.o
 .rodata        0x0002813c       0x24 build\lib\source\lpc17xx_timer.o
 .rodata        0x00028160       0x20 build\lib\source\lpc17xx_uart.o
 .rodata        0x00028180       0x10 build\lib_sd\fat.o
 .rodata        0x00028190       0xc0 build\USBCDC\usbdesc.o
                0x00028190                USB_DeviceDescriptor
                0x000281a4                USB_ConfigDescriptor
                0x000281e8                USB_StringDescriptor
 .rodata        0x00028250       0x40 build\USBCDC\usbuser.o
                0x00028250                USB_P_EP
 .rodata        0x00028290       0x18 build\EepromMap.o
 .rodata        0x000282a8       0x2c build\Host.o
 .rodata        0x000282d4       0x10 build\LiquidCrystal.o
 *fill*         0x000282e4        0x4 00
 .rodata._ZTV13LiquidCrystal
                0x000282e8       0x10 build\LiquidCrystal.o
                0x000282e8                vtable for LiquidCrystal
 .rodata._ZTS13LiquidCrystal
                0x000282f8       0x10 build\LiquidCrystal.o
                0x000282f8                typeinfo name for LiquidCrystal
 .rodata._ZTI13LiquidCrystal
                0x00028308        0x8 build\LiquidCrystal.o
                0x00028308                typeinfo for LiquidCrystal
 .rodata        0x00028310       0x80 build\Main.o
 .rodata        0x00028390      0x318 build\Menu.o
                0x000283a0                vtable for MainMenu
                0x000283c8                vtable for MonitorMode
                0x000283e0                vtable for CancelBuildMenu
                0x00028408                vtable for SDMenu
                0x00028430                vtable for SnakeMode
                0x00028448                vtable for JogMode
                0x00028460                vtable for SplashScreen
                0x00028478                vtable for Menu
                0x000284a0                typeinfo for MainMenu
                0x000284ac                typeinfo name for MainMenu
                0x000284b8                typeinfo for MonitorMode
                0x000284c4                typeinfo name for MonitorMode
                0x000284d4                typeinfo for CancelBuildMenu
                0x000284e0                typeinfo name for CancelBuildMenu
                0x000284f4                typeinfo for SDMenu
                0x00028500                typeinfo name for SDMenu
                0x00028508                typeinfo for SnakeMode
                0x00028514                typeinfo name for SnakeMode
                0x00028520                typeinfo for JogMode
                0x0002852c                typeinfo name for JogMode
                0x00028538                typeinfo for SplashScreen
                0x00028544                typeinfo name for SplashScreen
                0x00028554                typeinfo for Menu
                0x00028560                typeinfo name for Menu
 .rodata._ZTV6Screen
                0x000286a8       0x18 build\Menu.o
                0x000286a8                vtable for Screen
 .rodata._ZTS6Screen
                0x000286c0        0x8 build\Menu.o
                0x000286c0                typeinfo name for Screen
 .rodata._ZTI6Screen
                0x000286c8        0x8 build\Menu.o
                0x000286c8                typeinfo for Screen
 .rodata        0x000286d0       0x78 build\Motherboard.o
 .rodata        0x00028748        0x4 build\SDCard.o
 .rodata        0x0002874c       0x10 build\Steppers.o
 .rodata        0x0002875c       0x14 build\UART.o
 .rodata._ZTVN10__cxxabiv120__si_class_type_infoE