Archive member included because of file (symbol)

c:/progra~2/codesourcery/source~1/bin/../lib/gcc/arm-none-eabi/4.5.2/../../../../arm-none-eabi/lib/thumb2\libstdc++.a(si_class_type_info.o)
                              build\Menu.o (vtable for __cxxabiv1::__si_class_type_info)
c:/progra~2/codesourcery/source~1/bin/../lib/gcc/arm-none-eabi/4.5.2/../../../../arm-none-eabi/lib/thumb2\libstdc++.a(del_op.o)
                              c:/progra~2/codesourcery/source~1/bin/../lib/gcc/arm-none-eabi/4.5.2/../../../../arm-none-eabi/lib/thumb2\libstdc++.a(si_class_type_info.o) (operator delete(void*))
c:/progra~2/codesourcery/source~1/bin/../lib/gcc/arm-none-eabi/4.5.2/../../../../arm-none-eabi/lib/thumb2\libstdc++.a(pure.o)
                              build\InterfaceBoard.o (__cxa_pure_virtual)
c:/progra~2/codesourcery/source~1/bin/../lib/gcc/arm-none-eabi/4.5.2/../../../../arm-none-eabi/lib/thumb2\libstdc++.a(class_type_info.o)
                              c:/progra~2/codesourcery/source~1/bin/../lib/gcc/arm-none-eabi/4.5.2/../../../../arm-none-eabi/lib/thumb2\libstdc++.a(si_class_type_info.o) (__cxxabiv1::__class_type_info::__do_upcast(__cxxabiv1::__class_type_info const*, void**) const)
c:/progra~2/codesourcery/source~1/bin/../lib/gcc/arm-none-eabi/4.5.2/../../../../arm-none-eabi/lib/thumb2\libstdc++.a(tinfo.o)
                              c:/progra~2/codesourcery/source~1/bin/../lib/gcc/arm-none-eabi/4.5.2/../../../../arm-none-eabi/lib/thumb2\libstdc++.a(class_type_info.o) (std::type_info::~type_info())
c:/progra~2/codesourcery/source~1/bin/../lib/gcc/arm-none-eabi/4.5.2/../../../../arm-none-eabi/lib/thumb2\libstdc++.a(eh_terminate.o)
                              c:/progra~2/codesourcery/source~1/bin/../lib/gcc/arm-none-eabi/4.5.2/../../../../arm-none-eabi/lib/thumb2\libstdc++.a(pure.o) (std::terminate())
c:/progra~2/codesourcery/source~1/bin/../lib/gcc/arm-none-eabi/4.5.2/../../../../arm-none-eabi/lib/thumb2\libstdc++.a(eh_call.o)
                              c:/progra~2/codesourcery/source~1/bin/../lib/gcc/arm-none-eabi/4.5.2/../../../../arm-none-eabi/lib/thumb2\libstdc++.a(eh_terminate.o) (__cxa_call_unexpected)
c:/progra~2/codesourcery/source~1/bin/../lib/gcc/arm-none-eabi/4.5.2/../../../../arm-none-eabi/lib/thumb2\libstdc++.a(eh_term_handler.o)
                              c:/progra~2/codesourcery/source~1/bin/../lib/gcc/arm-none-eabi/4.5.2/../../../../arm-none-eabi/lib/thumb2\libstdc++.a(eh_terminate.o) (__cxxabiv1::__terminate_handler)
c:/progra~2/codesourcery/source~1/bin/../lib/gcc/arm-none-eabi/4.5.2/../../../../arm-none-eabi/lib/thumb2\libstdc++.a(eh_personality.o)
                              c:/progra~2/codesourcery/source~1/bin/../lib/gcc/arm-none-eabi/4.5.2/../../../../arm-none-eabi/lib/thumb2\libstdc++.a(eh_terminate.o) (__gxx_personality_v0)
c:/progra~2/codesourcery/source~1/bin/../lib/gcc/arm-none-eabi/4.5.2/../../../../arm-none-eabi/lib/thumb2\libstdc++.a(eh_throw.o)
                              c:/progra~2/codesourcery/source~1/bin/../lib/gcc/arm-none-eabi/4.5.2/../../../../arm-none-eabi/lib/thumb2\libstdc++.a(eh_call.o) (__cxa_throw)
c:/progra~2/codesourcery/source~1/bin/../lib/gcc/arm-none-eabi/4.5.2/../../../../arm-none-eabi/lib/thumb2\libstdc++.a(eh_unex_handler.o)
                              c:/progra~2/codesourcery/source~1/bin/../lib/gcc/arm-none-eabi/4.5.2/../../../../arm-none-eabi/lib/thumb2\libstdc++.a(eh_terminate.o) (__cxxabiv1::__unexpected_handler)
c:/progra~2/codesourcery/source~1/bin/../lib/gcc/arm-none-eabi/4.5.2/../../../../arm-none-eabi/lib/thumb2\libstdc++.a(eh_globals.o)
                              c:/progra~2/codesourcery/source~1/bin/../lib/gcc/arm-none-eabi/4.5.2/../../../../arm-none-eabi/lib/thumb2\libstdc++.a(eh_call.o) (__cxa_get_globals_fast)
c:/progra~2/codesourcery/source~1/bin/../lib/gcc/arm-none-eabi/4.5.2/../../../../arm-none-eabi/lib/thumb2\libstdc++.a(eh_catch.o)
                              c:/progra~2/codesourcery/source~1/bin/../lib/gcc/arm-none-eabi/4.5.2/../../../../arm-none-eabi/lib/thumb2\libstdc++.a(eh_terminate.o) (__cxa_begin_catch)
c:/progra~2/codesourcery/source~1/bin/../lib/gcc/arm-none-eabi/4.5.2/../../../../arm-none-eabi/lib/thumb2\libstdc++.a(vterminate.o)
                              c:/progra~2/codesourcery/source~1/bin/../lib/gcc/arm-none-eabi/4.5.2/../../../../arm-none-eabi/lib/thumb2\libstdc++.a(eh_term_handler.o) (__gnu_cxx::__verbose_terminate_handler())
c:/progra~2/codesourcery/source~1/bin/../lib/gcc/arm-none-eabi/4.5.2/../../../../arm-none-eabi/lib/thumb2\libstdc++.a(eh_exception.o)
                              c:/progra~2/codesourcery/source~1/bin/../lib/gcc/arm-none-eabi/4.5.2/../../../../arm-none-eabi/lib/thumb2\libstdc++.a(eh_call.o) (std::bad_exception::~bad_exception())
c:/progra~2/codesourcery/source~1/bin/../lib/gcc/arm-none-eabi/4.5.2/../../../../arm-none-eabi/lib/thumb2\libstdc++.a(eh_type.o)
[...]
Memory Configuration

Name             Origin             Length             Attributes
rom              0x00003000         0x0007d000         xr
ram              0x10001000         0x00007000         xrw
ram1             0x2007c000         0x00004000         xrw
ram2             0x20080000         0x00004000         xrw
*default*        0x00000000         0xffffffff

Linker script and memory map

LOAD build\system\core_cm3.o
LOAD build\system\libnosys_gnu.o
LOAD build\system\system_LPC17xx.o
LOAD build\system\startup_LPC17xx.o
LOAD build\lib\source\debug_frmwrk.o
LOAD build\lib\source\lpc17xx_adc.o
LOAD build\lib\source\lpc17xx_can.o
LOAD build\lib\source\lpc17xx_clkpwr.o
LOAD build\lib\source\lpc17xx_dac.o
LOAD build\lib\source\lpc17xx_emac.o
LOAD build\lib\source\lpc17xx_exti.o
LOAD build\lib\source\lpc17xx_gpdma.o
LOAD build\lib\source\lpc17xx_gpio.o
LOAD build\lib\source\lpc17xx_i2c.o
LOAD build\lib\source\lpc17xx_i2s.o
LOAD build\lib\source\lpc17xx_libcfg_default.o
LOAD build\lib\source\lpc17xx_mcpwm.o
LOAD build\lib\source\lpc17xx_nvic.o
LOAD build\lib\source\lpc17xx_pinsel.o
LOAD build\lib\source\lpc17xx_pwm.o
LOAD build\lib\source\lpc17xx_qei.o
LOAD build\lib\source\lpc17xx_rit.o
LOAD build\lib\source\lpc17xx_rtc.o
LOAD build\lib\source\lpc17xx_spi.o
LOAD build\lib\source\lpc17xx_ssp.o
LOAD build\lib\source\lpc17xx_systick.o
LOAD build\lib\source\lpc17xx_timer.o
LOAD build\lib\source\lpc17xx_uart.o
LOAD build\lib\source\lpc17xx_wdt.o
LOAD build\lib_sd\byteordering.o
LOAD build\lib_sd\fat.o
LOAD build\lib_sd\partition.o
LOAD build\lib_sd\sd_raw.o
LOAD build\IAP_internal_flash_write\IAP.o
LOAD build\USBCDC\cdcuser.o
LOAD build\USBCDC\serial.o
LOAD build\USBCDC\usbcore.o
LOAD build\USBCDC\usbdesc.o
LOAD build\USBCDC\usbhw.o
LOAD build\USBCDC\usbuser.o
LOAD src\shared\PID.o
LOAD src\shared\Packet.o
LOAD build\Command.o
LOAD build\DebugPacketProcessor.o
LOAD build\EepromMap.o
LOAD build\Host.o
LOAD build\Interface.o
LOAD build\InterfaceBoard.o
LOAD build\LPCPort.o
LOAD build\LiquidCrystal.o
LOAD build\Main.o
LOAD build\Menu.o
LOAD build\Motherboard.o
LOAD build\PID.o
LOAD build\PSU.o
LOAD build\Packet.o
LOAD build\SDCard.o
LOAD build\StepperInterface.o
LOAD build\Steppers.o
LOAD build\Timeout.o
LOAD build\Tool.o
LOAD build\UART.o
                0x10008000                PROVIDE (__cs3_stack, (__cs3_region_start_ram + __cs3_region_size_ram))
                0x00000918                PROVIDE (__cs3_stack_size, ((__cs3_region_start_ram + __cs3_region_size_ram) - _end))
                0x100076e8                PROVIDE (__cs3_heap_start, _end)
                0x10008000                PROVIDE (__cs3_heap_end, (__cs3_region_start_ram + __cs3_region_size_ram))

.text           0x00003000    0x31344
 CREATE_OBJECT_SYMBOLS
                0x00003000                __cs3_region_start_rom = .
 *(.cs3.region-head.rom)
                0x00003000                __cs3_interrupt_vector = __cs3_interrupt_vector_cortex_m
 *(.cs3.interrupt_vector)
 .cs3.interrupt_vector
                0x00003000       0xcc build\system\startup_LPC17xx.o
                0x00003000                __cs3_interrupt_vector_cortex_m
                0x00003001                ASSERT ((. != __cs3_interrupt_vector_cortex_m), No interrupt vector)
 *(.rom)
 *(.rom.b)
                0x000030cc                __cs3_reset = __cs3_reset_cortex_m
 *(.cs3.reset)
 .cs3.reset     0x000030cc       0x10 build\system\startup_LPC17xx.o
                0x000030cc                __cs3_reset_cortex_m
                0x00003001                ASSERT ((. != __cs3_reset), No reset code)
 *(.text .text.* .gnu.linkonce.t.*)
 .text          0x000030dc        0x0 build\system\core_cm3.o
 .text          0x000030dc      0x260 build\system\libnosys_gnu.o
                0x000030dc                _close
                0x000030f4                _execve
                0x0000311c                _exit
                0x0000312c                _fork
                0x00003148                _fstat
                0x0000316c                _getpid
                0x0000317c                _kill
                0x000031a4                isatty
                0x000031bc                _isatty
                0x000031d4                _link
                0x000031fc                _lseek
                0x00003218                _open
                0x00003234                _read
                0x00003250                _sbrk
                0x0000329c                _stat
                0x000032c0                _times
                0x000032d8                _unlink
                0x000032fc                _wait
                0x00003320                _write
 .text          0x0000333c      0x510 build\system\system_LPC17xx.o
                0x0000333c                _undef_open_r
                0x0000335c                _undef_close_r
                0x00003378                _undef_write_r
                0x00003394                _undef_read_r
                0x000033b0                _write_r
                0x000033e4                _read_r
                0x00003418                _open_r
                0x000034a4                _close_r
                0x000034d0                _sbrk_r
                0x00003524                SystemCoreClockUpdate
                0x000036cc                SystemInit
 .text          0x0000384c       0x14 build\system\startup_LPC17xx.o
                0x0000384c                NMI_Handler
                0x0000384e                HardFault_Handler
                0x00003850                MemManage_Handler
                0x00003852                BusFault_Handler
                0x00003854                UsageFault_Handler
                0x00003856                SVC_Handler
                0x00003858                DebugMon_Handler
                0x0000385a                PendSV_Handler
                0x0000385c                SysTick_Handler
                0x0000385e                PWM1_IRQHandler
                0x0000385e                I2C1_IRQHandler
                0x0000385e                EINT2_IRQHandler
                0x0000385e                EINT3_IRQHandler
                0x0000385e                CANActivity_IRQHandler
                0x0000385e                TIMER3_IRQHandler
                0x0000385e                I2C0_IRQHandler
                0x0000385e                PLL0_IRQHandler
                0x0000385e                RIT_IRQHandler
                0x0000385e                PLL1_IRQHandler
                0x0000385e                SSP0_IRQHandler
                0x0000385e                I2S_IRQHandler
                0x0000385e                I2C2_IRQHandler
                0x0000385e                RTC_IRQHandler
                0x0000385e                TIMER0_IRQHandler
                0x0000385e                SPI_IRQHandler
                0x0000385e                EINT1_IRQHandler
                0x0000385e                TIMER1_IRQHandler
                0x0000385e                UART2_IRQHandler
                0x0000385e                Default_Handler
                0x0000385e                ADC_IRQHandler
                0x0000385e                SSP1_IRQHandler
                0x0000385e                BOD_IRQHandler
                0x0000385e                USBActivity_IRQHandler
                0x0000385e                WDT_IRQHandler
                0x0000385e                CAN_IRQHandler
                0x0000385e                QEI_IRQHandler
                0x0000385e                EINT0_IRQHandler
                0x0000385e                DMA_IRQHandler
                0x0000385e                TIMER2_IRQHandler
                0x0000385e                UART3_IRQHandler
                0x0000385e                MCPWM_IRQHandler
                0x0000385e                ENET_IRQHandler
 .text          0x00003860      0x75c build\lib\source\debug_frmwrk.o
                0x00003860                UARTPutChar
                0x00003888                UARTGetChar
                0x000038b8                UARTPuts
                0x000038ec                UARTPuts_
                0x00003914                UARTPutDec
                0x000039cc                UARTPutDec16
                0x00003b08                UARTPutDec32
                0x00003d6c                UARTPutHex
                0x00003de0                UARTPutHex16
                0x00003e54                UARTPutHex32
                0x00003ec4                debug_frmwrk_init
 .text          0x00003fbc      0x518 build\lib\source\lpc17xx_adc.o
                0x00003fbc                ADC_Init
                0x00004054                ADC_DeInit
                0x00004098                ADC_GetData
                0x000040cc                ADC_StartCmd
                0x00004150                ADC_BurstCmd
                0x0000419c                ADC_PowerdownCmd
                0x000041e8                ADC_EdgeStartConfig
                0x0000424c                ADC_IntConfig
                0x000042f0                ADC_ChannelCmd
                0x00004358                ADC_ChannelGetData
                0x000043ac                ADC_ChannelGetStatus
                0x00004430                ADC_GlobalGetData
                0x00004460                ADC_GlobalGetStatus
 .text          0x000044d4     0x2fd0 build\lib\source\lpc17xx_can.o
                0x000045f8                CAN_Init
                0x00004714                CAN_DeInit
                0x0000476c                CAN_SetupAFLUT
                0x00005104                CAN_LoadExplicitEntry
                0x0000569c                CAN_LoadFullCANEntry
                0x00005bd4                CAN_LoadGroupEntry
                0x000060d8                CAN_RemoveEntry
                0x00006890                CAN_SendMsg
                0x00006bf4                CAN_ReceiveMsg
                0x00006d2c                FCAN_ReadObj
                0x00006f08                CAN_GetCTRLStatus
                0x00006f8c                CAN_GetCRStatus
                0x00006ff4                CAN_IRQCmd
                0x00007114                CAN_SetAFMode
                0x000071a8                CAN_ModeConfig
                0x0000738c                CAN_SetCommand
                0x000073d0                CAN_IntGetStatus
                0x0000740c                CAN_FullCANIntGetStatus
                0x0000744c                CAN_FullCANPendGetStatus
 .text          0x000074a4      0x250 build\lib\source\lpc17xx_clkpwr.o
                0x000074a4                CLKPWR_SetPCLKDiv
                0x00007544                CLKPWR_GetPCLKSEL
                0x00007590                CLKPWR_GetPCLK
                0x00007600                CLKPWR_ConfigPPWR
                0x00007660                CLKPWR_Sleep
                0x0000767c                CLKPWR_DeepSleep
                0x000076a4                CLKPWR_PowerDown
                0x000076cc                CLKPWR_DeepPowerDown
 .text          0x000076f4      0x17c build\lib\source\lpc17xx_dac.o
                0x000076f4                DAC_Init
                0x00007728                DAC_UpdateValue
                0x0000777c                DAC_SetBias
                0x000077c8                DAC_ConfigDAConverterControl
                0x0000783c                DAC_SetDMATimeOut
 .text          0x00007870      0xbb8 build\lib\source\lpc17xx_emac.o
                0x00007c1c                EMAC_Init
                0x00007dfc                EMAC_DeInit
                0x00007e28                EMAC_CheckPHYStatus
                0x00007e8c                EMAC_SetPHYMode
                0x00007f90                EMAC_UpdatePHYStatus
                0x00008044                EMAC_SetHashFilter
                0x000080e0                EMAC_SetFilterMode
                0x00008130                EMAC_GetWoLStatus
                0x0000816c                EMAC_WritePacketBuffer
                0x000081ec                EMAC_ReadPacketBuffer
                0x0000825c                EMAC_IntCmd
                0x000082ac                EMAC_IntGetStatus
                0x000082e8                EMAC_CheckReceiveIndex
                0x00008314                EMAC_CheckTransmitIndex
                0x0000834c                EMAC_CheckReceiveDataStatus
                0x00008388                EMAC_GetReceiveDataSize
                0x000083b8                EMAC_UpdateRxConsumeIndex
                0x000083f0                EMAC_UpdateTxProduceIndex
 .text          0x00008428      0x174 build\lib\source\lpc17xx_exti.o
                0x00008428                EXTI_Init
                0x00008454                EXTI_DeInit
                0x00008460                EXTI_Config
                0x000084a0                EXTI_SetMode
                0x00008504                EXTI_SetPolarity
                0x00008568                EXTI_ClearEXTIFlag
 .text          0x0000859c      0x628 build\lib\source\lpc17xx_gpdma.o
                0x0000859c                GPDMA_Init
                0x00008624                GPDMA_Setup
                0x000089ac                GPDMA_ChannelCmd
                0x000089f4                GPDMA_IntGetStatus
                0x00008b54                GPDMA_ClearIntPending
 .text          0x00008bc4      0x860 build\lib\source\lpc17xx_gpio.o
                0x00008d20                GPIO_SetDir
                0x00008d6c                GPIO_SetValue
                0x00008d98                GPIO_ClearValue
                0x00008dc4                GPIO_ReadValue
                0x00008df4                GPIO_IntCmd
                0x00008e64                GPIO_GetIntStatus
                0x00008f08                GPIO_ClearInt
                0x00008f40                FIO_SetDir
                0x00008f68                FIO_SetValue
                0x00008f88                FIO_ClearValue
                0x00008fa8                FIO_ReadValue
                0x00008fc8                FIO_IntCmd
                0x00008ff0                FIO_GetIntStatus
                0x0000901c                FIO_ClearInt
                0x0000903c                FIO_SetMask
                0x00009088                FIO_HalfWordSetDir
                0x00009124                FIO_HalfWordSetMask
                0x000091c0                FIO_HalfWordSetValue
                0x00009200                FIO_HalfWordClearValue
                0x00009240                FIO_HalfWordReadValue
                0x00009284                FIO_ByteSetDir
                0x000092f4                FIO_ByteSetMask
                0x0000936c                FIO_ByteSetValue
                0x000093a8                FIO_ByteClearValue
                0x000093e4                FIO_ByteReadValue
 .text          0x00009424     0x1348 build\lib\source\lpc17xx_i2c.o
                0x000096b4                I2C_Init
                0x00009770                I2C_DeInit
                0x000097fc                I2C_Cmd
                0x00009870                I2C_IntCmd
                0x00009900                I2C_MasterHandler
                0x00009cc4                I2C_SlaveHandler
                0x00009e98                I2C_MasterTransferData
                0x0000a1cc                I2C_SlaveTransferData
                0x0000a42c                I2C_SetOwnSlaveAddr
                0x0000a530                I2C_MonitorModeConfig
                0x0000a5b8                I2C_MonitorModeCmd
                0x0000a658                I2C_MonitorGetDatabuffer
                0x0000a6a4                I2C_MonitorHandler
                0x0000a6fc                I2C_MasterTransferComplete
                0x0000a734                I2C_SlaveTransferComplete
 .text          0x0000a76c      0xb04 build\lib\source\lpc17xx_i2s.o
                0x0000a86c                I2S_Init
                0x0000a8b0                I2S_Config
                0x0000a9e4                I2S_DeInit
                0x0000aa1c                I2S_GetLevel
                0x0000aa80                I2S_Start
                0x0000aad0                I2S_Send
                0x0000ab04                I2S_Receive
                0x0000ab34                I2S_Pause
                0x0000ab98                I2S_Mute
                0x0000abfc                I2S_Stop
                0x0000ac84                I2S_FreqConfig
                0x0000ad80                I2S_SetBitRate
                0x0000adec                I2S_ModeConfig
                0x0000af18                I2S_DMAConfig
                0x0000afc4                I2S_DMACmd
                0x0000b0d0                I2S_IRQConfig
                0x0000b140                I2S_IRQCmd
                0x0000b1d0                I2S_GetIRQStatus
                0x0000b224                I2S_GetIRQDepth
 .text          0x0000b270        0xc build\lib\source\lpc17xx_libcfg_default.o
                0x0000b270                check_failed
 .text          0x0000b27c      0x7dc build\lib\source\lpc17xx_mcpwm.o
                0x0000b27c                MCPWM_Init
                0x0000b2b0                MCPWM_ConfigChannel
                0x0000b4d4                MCPWM_WriteToShadow
                0x0000b530                MCPWM_ConfigCapture
                0x0000b6d0                MCPWM_ClearCapture
                0x0000b700                MCPWM_GetCapture
                0x0000b740                MCPWM_CountConfig
                0x0000b894                MCPWM_Start
                0x0000b8f0                MCPWM_Stop
                0x0000b94c                MCPWM_ACMode
                0x0000b978                MCPWM_DCMode
                0x0000b9c8                MCPWM_IntConfig
                0x0000b9f4                MCPWM_IntSet
                0x0000ba10                MCPWM_IntClear
                0x0000ba2c                MCPWM_GetIntStatus
 .text          0x0000ba58       0xfc build\lib\source\lpc17xx_nvic.o
                0x0000ba58                NVIC_DeInit
                0x0000bab8                NVIC_SCBDeInit
                0x0000bb38                NVIC_SetVTOR
 .text          0x0000bb54      0x284 build\lib\source\lpc17xx_pinsel.o
                0x0000bd08                PINSEL_ConfigTraceFunc
                0x0000bd48                PINSEL_SetI2C0Pins
                0x0000bd84                PINSEL_ConfigPin
 .text          0x0000bdd8      0xaac build\lib\source\lpc17xx_pwm.o
                0x0000bdd8                PWM_GetIntStatus
                0x0000be60                PWM_ClearIntPending
                0x0000bed8                PWM_ConfigStructInit
                0x0000bf3c                PWM_Init
                0x0000c0d0                PWM_DeInit
                0x0000c110                PWM_Cmd
                0x0000c174                PWM_CounterCmd
                0x0000c1d8                PWM_ResetCounter
                0x0000c21c                PWM_ConfigMatch
                0x0000c3f0                PWM_ConfigCapture
                0x0000c5c0                PWM_GetCaptureValue
                0x0000c624                PWM_MatchUpdate
                0x0000c71c                PWM_ChannelConfig
                0x0000c7d8                PWM_ChannelCmd
 .text          0x0000c884      0x8a8 build\lib\source\lpc17xx_qei.o
                0x0000c884                QEI_Reset
                0x0000c8d8                QEI_Init
                0x0000ca18                QEI_DeInit
                0x0000ca50                QEI_ConfigStructInit
                0x0000ca8c                QEI_GetStatus
                0x0000cae0                QEI_GetPosition
                0x0000cb10                QEI_SetMaxPosition
                0x0000cb44                QEI_SetPositionComp
                0x0000cba8                QEI_GetIndex
                0x0000cbd8                QEI_SetIndexComp
                0x0000cc0c                QEI_SetTimerReload
                0x0000ccb8                QEI_GetTimer
                0x0000cce8                QEI_GetVelocity
                0x0000cd18                QEI_GetVelocityCap
                0x0000cd48                QEI_SetVelocityComp
                0x0000cd7c                QEI_SetDigiFilter
                0x0000cdb0                QEI_GetIntStatus
                0x0000ce58                QEI_IntCmd
                0x0000cf18                QEI_IntSet
                0x0000cfb0                QEI_IntClear
                0x0000d048                QEI_CalculateRPM
 .text          0x0000d12c      0x248 build\lib\source\lpc17xx_rit.o
                0x0000d12c                RIT_Init
                0x0000d184                RIT_DeInit
                0x0000d1dc                RIT_TimerConfig
                0x0000d240                RIT_Cmd
                0x0000d2ac                RIT_TimerDebugCmd
                0x0000d318                RIT_GetIntStatus
 .text          0x0000d374      0xfd4 build\lib\source\lpc17xx_rtc.o
                0x0000d374                RTC_Init
                0x0000d3d4                RTC_DeInit
                0x0000d414                RTC_ResetClockTickCounter
                0x0000d460                RTC_Cmd
                0x0000d4cc                RTC_CntIncrIntConfig
                0x0000d6d4                RTC_AlarmIntConfig
                0x0000d8dc                RTC_SetTime
                0x0000daa4                RTC_GetTime
                0x0000dbb4                RTC_SetFullTime
                0x0000dc74                RTC_GetFullTime
                0x0000dd24                RTC_SetAlarmTime
                0x0000deb4                RTC_GetAlarmTime
                0x0000df74                RTC_SetFullAlarmTime
                0x0000e038                RTC_GetFullAlarmTime
                0x0000e0ec                RTC_GetIntPending
                0x0000e148                RTC_ClearIntPending
                0x0000e1a0                RTC_CalibCounterCmd
                0x0000e20c                RTC_CalibConfig
                0x0000e290                RTC_WriteGPREG
                0x0000e2ec                RTC_ReadGPREG
 .text          0x0000e348      0x58c build\lib\source\lpc17xx_spi.o
                0x0000e348                SPI_SetClock
                0x0000e3c4                SPI_DeInit
                0x0000e404                SPI_GetDataSize
                0x0000e440                SPI_Init
                0x0000e4d8                SPI_ConfigStructInit
                0x0000e51c                SPI_SendData
                0x0000e550                SPI_ReceiveData
                0x0000e584                SPI_ReadWrite
                0x0000e778                SPI_IntCmd
                0x0000e7e0                SPI_GetIntStatus
                0x0000e818                SPI_ClearIntPending
                0x0000e84c                SPI_GetStatus
                0x0000e880                SPI_CheckStatus
 .text          0x0000e8d4      0xabc build\lib\source\lpc17xx_ssp.o
                0x0000e9b8                SSP_Init
                0x0000ea64                SSP_DeInit
                0x0000eac4                SSP_GetDataSize
                0x0000eb08                SSP_ConfigStructInit
                0x0000eb4c                SSP_Cmd
                0x0000ebbc                SSP_LoopBackCmd
                0x0000ec2c                SSP_SlaveOutputCmd
                0x0000ec9c                SSP_SendData
                0x0000ecdc                SSP_ReceiveData
                0x0000ed1c                SSP_ReadWrite
                0x0000f0ac                SSP_GetStatus
                0x0000f124                SSP_IntConfig
                0x0000f18c                SSP_GetRawIntStatus
                0x0000f1fc                SSP_GetRawIntStatusReg
                0x0000f238                SSP_GetIntStatus
                0x0000f2a8                SSP_ClearIntPending
                0x0000f2fc                SSP_DMACmd
 .text          0x0000f390      0x20c build\lib\source\lpc17xx_systick.o
                0x0000f390                SYSTICK_InternalInit
                0x0000f424                SYSTICK_ExternalInit
                0x0000f4cc                SYSTICK_Cmd
                0x0000f51c                SYSTICK_IntCmd
                0x0000f56c                SYSTICK_GetCurrentValue
                0x0000f580                SYSTICK_ClearCounterFlag
 .text          0x0000f59c      0xab8 build\lib\source\lpc17xx_timer.o
                0x0000f6c8                TIM_GetIntStatus
                0x0000f770                TIM_GetIntCaptureStatus
                0x0000f81c                TIM_ClearIntPending
                0x0000f8ac                TIM_ClearIntCapturePending
                0x0000f940                TIM_ConfigStructInit
                0x0000f980                TIM_Init
                0x0000fb28                TIM_DeInit
                0x0000fbd0                TIM_Cmd
                0x0000fc40                TIM_ResetCounter
                0x0000fca4                TIM_ConfigMatch
                0x0000fe54                TIM_UpdateMatchValue
                0x0000fee4                TIM_ConfigCapture
                0x0000ffdc                TIM_GetCaptureValue
 .text          0x00010054     0x1610 build\lib\source\lpc17xx_uart.o
                0x000102ac                UART_Init
                0x000105d0                UART_DeInit
                0x00010678                UART_ConfigStructInit
                0x000106ac                UART_SendByte
                0x00010714                UART_ReceiveByte
                0x0001077c                UART_Send
                0x00010888                UART_Receive
                0x00010960                UART_ForceBreak
                0x000109d8                UART_IntConfig
                0x00010b70                UART_GetLineStatus
                0x00010bd8                UART_GetIntId
                0x00010c34                UART_CheckBusy
                0x00010c60                UART_FIFOConfig
                0x00010dbc                UART_FIFOConfigStructInit
                0x00010df0                UART_ABCmd
                0x00010f38                UART_ABClearIntPending
                0x00010fac                UART_TxCmd
                0x00011078                UART_IrDAInvtInputCmd
                0x000110f4                UART_IrDACmd
                0x00011168                UART_IrDAPulseDivConfig
                0x00011208                UART_FullModemForcePinState
                0x000112c4                UART_FullModemConfigMode
                0x0001138c                UART_FullModemGetStatus
                0x000113c0                UART_RS485Config
                0x00011548                UART_RS485ReceiverCmd
                0x00011590                UART_RS485Send
                0x00011614                UART_RS485SendSlvAddr
                0x0001163c                UART_RS485SendData
 .text          0x00011664      0x2f8 build\lib\source\lpc17xx_wdt.o
                0x000117dc                WDT_Init
                0x00011870                WDT_Start
                0x000118b4                WDT_ReadTimeOutFlag
                0x000118d4                WDT_ClrTimeOutFlag
                0x000118f4                WDT_UpdateTimeOut
                0x00011924                WDT_Feed
                0x00011948                WDT_GetCurrentCount
 .text          0x0001195c        0x0 build\lib_sd\byteordering.o
 .text          0x0001195c     0x1cb0 build\lib_sd\fat.o
                0x0001195c                fat_open
                0x000119f8                fat_close
                0x00011fe0                fat_get_dir_entry_of_path
                0x00012118                fat_open_file
                0x000121c0                fat_close_file
                0x000121fc                fat_read_file
                0x0001238c                fat_write_file
                0x00012588                fat_seek_file
                0x00012624                fat_resize_file
                0x00012768                fat_open_dir
                0x00012804                fat_close_dir
                0x00012824                fat_read_dir
                0x000129ac                fat_reset_dir
                0x000131e4                fat_create_file
                0x000132a0                fat_delete_file
                0x00013358                fat_create_dir
                0x000134dc                fat_get_fs_size
                0x00013510                fat_get_fs_free
 .text          0x0001360c      0x16c build\lib_sd\partition.o
                0x0001360c                partition_open
                0x0001374c                partition_close
 .text          0x00013778      0xc30 build\lib_sd\sd_raw.o
                0x00013778                sd_raw_init
                0x00013a78                sd_raw_available
                0x00013a8c                sd_raw_locked
                0x00013bbc                sd_raw_read
                0x00013d44                sd_raw_read_interval
                0x00013dc4                sd_raw_write
                0x00013fa0                sd_raw_write_interval
                0x0001403c                sd_raw_sync
                0x00014088                sd_raw_get_info
 .text          0x000143a8      0x214 build\IAP_internal_flash_write\IAP.o
                0x000143a8                IAP::read_ID()
                0x000143dc                IAP::read_serial()
                0x00014410                IAP::blank_check(int, int)
                0x00014454                IAP::erase(int, int)
                0x000144a4                IAP::prepare(int, int)
                0x000144e8                IAP::write(char*, char*, int)
                0x00014540                IAP::compare(char*, char*, int)
                0x0001458c                IAP::reserved_flash_area_start()
                0x000145a4                IAP::reserved_flash_area_size()
 .text          0x000145bc      0x4d8 build\USBCDC\cdcuser.o
                0x000145bc                CDC_RdOutBuf
                0x0001462c                CDC_WrOutBuf
                0x00014684                CDC_OutBufAvailChar
                0x000146b4                CDC_Init
                0x00014744                CDC_SendEncapsulatedCommand
                0x00014754                CDC_GetEncapsulatedResponse
                0x00014764                CDC_SetCommFeature
                0x00014780                CDC_GetCommFeature
                0x0001479c                CDC_ClearCommFeature
                0x000147b8                CDC_SetLineCoding
                0x00014838                CDC_GetLineCoding
                0x0001489c                CDC_SetControlLineState
                0x000148b8                CDC_SendBreak
                0x000148d4                CDC_BulkIn
                0x0001491c                CDC_BulkOut
                0x00014948                CDC_GetSerialState
                0x00014a1c                CDC_NotificationIn
 .text          0x00014a94      0x7f0 build\USBCDC\serial.o
                0x00014b00                ser_OpenPort
                0x00014b60                ser_ClosePort
                0x00014bc0                ser_InitPort0
                0x00014d74                ser_InitPort1
                0x00014f28                ser_Read
                0x00014fac                ser_Write
                0x00015078                ser_AvailChar
                0x000150a4                ser_LineState
                0x000150cc                UART0_IRQHandler
                0x0001519c                UART1_IRQHandler
 .text          0x00015284      0xe64 build\USBCDC\usbcore.o
                0x00015284                USB_ResetCore
                0x000152d8                USB_SetupStage
                0x000152ec                USB_DataInStage
                0x00015344                USB_DataOutStage
                0x00015384                USB_StatusInStage
                0x0001539c                USB_StatusOutStage
                0x000153b0                USB_ReqGetStatus
                0x000154cc                USB_ReqSetClrFeature
                0x0001560c                USB_ReqSetAddress
                0x00015648                USB_ReqGetDescriptor
                0x00015770                USB_ReqGetConfiguration
                0x000157a8                USB_ReqSetConfiguration
                0x00015a30                USB_ReqGetInterface
                0x00015a90                USB_ReqSetInterface
                0x00015c74                USB_EndPoint0
 .text          0x000160e8        0x0 build\USBCDC\usbdesc.o
 .text          0x000160e8      0x83c build\USBCDC\usbhw.o
                0x0001611c                EPAdr
                0x00016150                WrCmd
                0x00016188                WrCmdDat
                0x000161e4                WrCmdEP
                0x0001624c                RdCmdDat
                0x0001628c                USB_Init
                0x0001632c                USB_Connect
                0x0001635c                USB_Reset
                0x000163cc                USB_Suspend
                0x000163d8                USB_Resume
                0x000163e4                USB_WakeUp
                0x0001640c                USB_WakeUpCfg
                0x00016420                USB_SetAddress
                0x00016460                USB_Configure
                0x000164b8                USB_ConfigEP
                0x00016520                USB_DirCtrlEP
                0x00016534                USB_EnableEP
                0x00016564                USB_DisableEP
                0x00016594                USB_ResetEP
                0x000165c4                USB_SetStallEP
                0x000165f4                USB_ClrStallEP
                0x00016624                USB_ClearEPBuf
                0x00016640                USB_ReadEP
                0x000166e8                USB_WriteEP
                0x00016768                USB_GetFrame
                0x000167a4                USB_IRQHandler
 .text          0x00016924      0x180 build\USBCDC\usbuser.o
                0x00016924                USB_Reset_Event
                0x00016930                USB_Configure_Event
                0x0001693c                USB_EndPoint1
                0x00016978                USB_EndPoint2
                0x000169a0                USB_EndPoint3
                0x000169b4                USB_EndPoint4
                0x000169c8                USB_EndPoint5
                0x000169dc                USB_EndPoint6
                0x000169f0                USB_EndPoint7
                0x00016a04                USB_EndPoint8
                0x00016a18                USB_EndPoint9
                0x00016a2c                USB_EndPoint10
                0x00016a40                USB_EndPoint11
                0x00016a54                USB_EndPoint12
                0x00016a68                USB_EndPoint13
                0x00016a7c                USB_EndPoint14
                0x00016a90                USB_EndPoint15
 .text          0x00016aa4      0x28c src\shared\PID.o
                0x00016aa4                PID::reset()
                0x00016adc                PID::reset_state()
                0x00016b60                PID::calculate(int)
                0x00016cb8                PID::setTarget(int)
                0x00016ce0                PID::getErrorTerm()
                0x00016cf8                PID::getDeltaTerm()
                0x00016d18                PID::getLastOutput()
 .text          0x00016d30      0x54c src\shared\Packet.o
                0x00016d30                _crc_ibutton_update(unsigned char, unsigned char)
                0x00016da0                Packet::appendByte(unsigned char)
                0x00016e00                Packet::reset()
                0x00016e38                InPacket::InPacket()
                0x00016e38                InPacket::InPacket()
                0x00016e5c                InPacket::reset()
                0x00016e74                InPacket::processByte(unsigned char)
                0x00016f9c                Packet::read8(unsigned char) const
                0x00016fc0                Packet::read16(unsigned char) const
                0x00017000                Packet::read32(unsigned char) const
                0x00017058                OutPacket::OutPacket()
                0x00017058                OutPacket::OutPacket()
                0x0001707c                OutPacket::reset()
                0x000170a0                OutPacket::prepareForResend()
                0x000170d0                OutPacket::getNextByteToSend()
                0x000171cc                OutPacket::append8(unsigned char)
                0x000171ec                OutPacket::append16(unsigned short)
                0x00017224                OutPacket::append32(unsigned long)
 .text._ZN6Packet5errorEh
                0x0001727c       0x24 src\shared\Packet.o
                0x0001727c                Packet::error(unsigned char)
 .text._ZN6PacketC2Ev
                0x000172a0       0x18 src\shared\Packet.o
                0x000172a0                Packet::Packet()
                0x000172a0                Packet::Packet()
 .text          0x000172b8      0xab4 build\Command.o
                0x000172b8                command::getRemainingCapacity()
                0x000172d8                command::pause(bool)
                0x000172f8                command::isPaused()
                0x0001730c                command::isEmpty()
                0x00017320                command::push(unsigned char)
                0x00017340                command::pop8()
                0x00017354                command::pop16()
                0x00017380                command::pop32()
                0x000173c0                command::reset()
                0x000173dc                command::runCommandSlice()
 .text._ZN5PointC2Elllll
                0x00017d6c       0x3c build\Command.o
                0x00017d6c                Point::Point(long, long, long, long, long)
                0x00017d6c                Point::Point(long, long, long, long, long)
 .text._ZN5PointC2Elll
                0x00017da8       0x64 build\Command.o
                0x00017da8                Point::Point(long, long, long)
                0x00017da8                Point::Point(long, long, long)
 .text._ZNK5PointixEj
                0x00017e0c       0x20 build\Command.o
                0x00017e0c                Point::operator[](unsigned int) const
 .text._ZN5PointixEj
                0x00017e2c       0x20 build\Command.o
                0x00017e2c                Point::operator[](unsigned int)
 .text._ZNK6Packet8hasErrorEv
                0x00017e4c       0x28 build\Command.o
                0x00017e4c                Packet::hasError() const
 .text._ZN19CircularBufferTemplIhEC2EtPh
                0x00017e74       0x48 build\Command.o
                0x00017e74                CircularBufferTempl<unsigned char>::CircularBufferTempl(unsigned short, unsigned char*)
                0x00017e74                CircularBufferTempl<unsigned char>::CircularBufferTempl(unsigned short, unsigned char*)
 .text._ZNK19CircularBufferTemplIhE20getRemainingCapacityEv
                0x00017ebc       0x24 build\Command.o
                0x00017ebc                CircularBufferTempl<unsigned char>::getRemainingCapacity() const
 .text._ZNK19CircularBufferTemplIhE7isEmptyEv
                0x00017ee0       0x24 build\Command.o
                0x00017ee0                CircularBufferTempl<unsigned char>::isEmpty() const
 .text._ZN19CircularBufferTemplIhE4pushEh
                0x00017f04       0x5c build\Command.o
                0x00017f04                CircularBufferTempl<unsigned char>::push(unsigned char)
 .text._ZN19CircularBufferTemplIhE3popEv
                0x00017f60       0x6c build\Command.o
                0x00017f60                CircularBufferTempl<unsigned char>::pop()
 .text._ZN19CircularBufferTemplIhE5resetEv
                0x00017fcc       0x34 build\Command.o
                0x00017fcc                CircularBufferTempl<unsigned char>::reset()
 .text._ZNK19CircularBufferTemplIhE9getLengthEv
                0x00018000       0x1c build\Command.o
                0x00018000                CircularBufferTempl<unsigned char>::getLength() const
 .text._ZN19CircularBufferTemplIhEixEt
                0x0001801c       0x3c build\Command.o
                0x0001801c                CircularBufferTempl<unsigned char>::operator[](unsigned short)
 .text          0x00018058      0x334 build\DebugPacketProcessor.o
                0x00018058                processDebugPacket(InPacket const&, OutPacket&)
 .text._ZNK6Packet9getLengthEv
                0x0001838c       0x1c build\DebugPacketProcessor.o
                0x0001838c                Packet::getLength() const
 .text._ZN11Motherboard8getBoardEv
                0x000183a8       0x14 build\DebugPacketProcessor.o
                0x000183a8                Motherboard::getBoard()
 .text          0x000183bc      0x190 build\EepromMap.o
                0x000183bc                read_all_from_flash()
                0x00018414                save_to_flash()
                0x00018460                eeprom::init()
                0x000184f0                eeprom::getEeprom8(unsigned long*, unsigned char)
                0x0001851c                eeprom::getEeprom16(unsigned long*, unsigned short)
 .text._ZN3IAPC2Ev
                0x0001854c       0x3c build\EepromMap.o
                0x0001854c                IAP::IAP()
                0x0001854c                IAP::IAP()
 .text          0x00018588      0x6c8 build\Host.o
                0x00018588                host::runHostSlice()
                0x0001872c                host::processCommandPacket(InPacket const&, OutPacket&)
                0x00018814                host::doToolPause(OutPacket&)
                0x00018930                host::processQueryPacket(InPacket const&, OutPacket&)
                0x00018afc                host::getMachineName()
                0x00018b98                host::getBuildName()
                0x00018bac                host::getHostState()
                0x00018bc0                host::startBuildFromSD()
                0x00018bf8                host::stopBuild()
 .text._ZNK6Packet12getErrorCodeEv
                0x00018c50       0x1c build\Host.o
                0x00018c50                Packet::getErrorCode() const
 .text._ZNK6Packet7getDataEv
                0x00018c6c       0x1c build\Host.o
                0x00018c6c                Packet::getData() const
 .text._ZNK8InPacket10isFinishedEv
                0x00018c88       0x28 build\Host.o
                0x00018c88                InPacket::isFinished() const
 .text._ZNK8InPacket9isStartedEv
                0x00018cb0       0x28 build\Host.o
                0x00018cb0                InPacket::isStarted() const
 .text._ZN8InPacket7timeoutEv
                0x00018cd8       0x1c build\Host.o
                0x00018cd8                InPacket::timeout()
 .text._ZNK9OutPacket9isSendingEv
                0x00018cf4       0x38 build\Host.o
                0x00018cf4                OutPacket::isSending() const
 .text._ZN4UART11getHostUARTEv
                0x00018d2c       0x14 build\Host.o
                0x00018d2c                UART::getHostUART()
 .text._ZNK7Timeout8isActiveEv
                0x00018d40       0x18 build\Host.o
                0x00018d40                Timeout::isActive() const
 .text._ZN11Motherboard11getHostUARTEv
                0x00018d58       0x18 build\Host.o
                0x00018d58                Motherboard::getHostUART()
 .text._ZN11Motherboard19getStepperInterfaceEi
                0x00018d70       0x28 build\Host.o
                0x00018d70                Motherboard::getStepperInterface(int)
 .text._ZN4host13handleVersionERK8InPacketR9OutPacket
                0x00018d98       0x28 build\Host.o
                0x00018d98                host::handleVersion(InPacket const&, OutPacket&)
 .text._ZN4host18handleGetBuildNameERK8InPacketR9OutPacket
                0x00018dc0       0x5c build\Host.o
                0x00018dc0                host::handleGetBuildName(InPacket const&, OutPacket&)
 .text._ZN4host19handleGetBufferSizeERK8InPacketR9OutPacket
                0x00018e1c       0x2c build\Host.o
                0x00018e1c                host::handleGetBufferSize(InPacket const&, OutPacket&)
 .text._ZN4host17handleGetPositionERK8InPacketR9OutPacket
                0x00018e48      0x110 build\Host.o
                0x00018e48                host::handleGetPosition(InPacket const&, OutPacket&)
 .text._ZN4host20handleGetPositionExtERK8InPacketR9OutPacket
                0x00018f58      0x148 build\Host.o
                0x00018f58                host::handleGetPositionExt(InPacket const&, OutPacket&)
 .text._ZN4host19handleCaptureToFileERK8InPacketR9OutPacket
                0x000190a0       0x3c build\Host.o
                0x000190a0                host::handleCaptureToFile(InPacket const&, OutPacket&)
 .text._ZN4host16handleEndCaptureERK8InPacketR9OutPacket
                0x000190dc       0x2c build\Host.o
                0x000190dc                host::handleEndCapture(InPacket const&, OutPacket&)
 .text._ZN4host14handlePlaybackERK8InPacketR9OutPacket
                0x00019108       0x84 build\Host.o
                0x00019108                host::handlePlayback(InPacket const&, OutPacket&)
 .text._ZN4host18handleNextFilenameERK8InPacketR9OutPacket
                0x0001918c      0x10c build\Host.o
                0x0001918c                host::handleNextFilename(InPacket const&, OutPacket&)
 .text._ZN4host15handleToolQueryERK8InPacketR9OutPacket
                0x00019298      0x17c build\Host.o
                0x00019298                host::handleToolQuery(InPacket const&, OutPacket&)
 .text._ZN4host11handlePauseERK8InPacketR9OutPacket
                0x00019414       0x34 build\Host.o
                0x00019414                host::handlePause(InPacket const&, OutPacket&)
 .text._ZN4host16handleIsFinishedERK8InPacketR9OutPacket
                0x00019448       0x60 build\Host.o
                0x00019448                host::handleIsFinished(InPacket const&, OutPacket&)
 .text._ZN4host16handleReadEepromERK8InPacketR9OutPacket
                0x000194a8       0x70 build\Host.o
                0x000194a8                host::handleReadEeprom(InPacket const&, OutPacket&)
 .text._ZN4host17handleWriteEepromERK8InPacketR9OutPacket
                0x00019518       0x8c build\Host.o
                0x00019518                host::handleWriteEeprom(InPacket const&, OutPacket&)
 .text._ZN4host18handleExtendedStopERK8InPacketR9OutPacket
                0x000195a4       0x54 build\Host.o
                0x000195a4                host::handleExtendedStop(InPacket const&, OutPacket&)
 .text          0x000195f8      0x1a4 build\Interface.o
                0x000195f8                interfaceboard::isConnected()
                0x000196ec                interfaceboard::init()
                0x000196fc                interfaceboard::pushScreen(Screen*)
                0x00019718                interfaceboard::popScreen()
                0x00019728                interfaceboard::doInterrupt()
                0x00019738                interfaceboard::getUpdateRate()
                0x0001974c                interfaceboard::doUpdate()
 .text._ZN4Port15setPinDirectionEhb
                0x0001979c       0x2c build\Interface.o
                0x0001979c                Port::setPinDirection(unsigned char, bool)
 .text._ZN4Port6getPinEh
                0x000197c8       0x34 build\Interface.o
                0x000197c8                Port::getPin(unsigned char)
 .text._ZN4Port6setPinEhb
                0x000197fc       0x4c build\Interface.o
                0x000197fc                Port::setPin(unsigned char, bool)
 .text._ZN3PinC2ER4Porth
                0x00019848       0x38 build\Interface.o
                0x00019848                Pin::Pin(Port&, unsigned char)
                0x00019848                Pin::Pin(Port&, unsigned char)
 .text._ZN3Pin12setDirectionEb
                0x00019880       0x30 build\Interface.o
                0x00019880                Pin::setDirection(bool)
 .text._ZN3Pin8getValueEv
                0x000198b0       0x28 build\Interface.o
                0x000198b0                Pin::getValue()
 .text._ZN3Pin8setValueEb
                0x000198d8       0x30 build\Interface.o
                0x000198d8                Pin::setValue(bool)
 .text          0x00019908      0x5e8 build\InterfaceBoard.o
                0x00019908                ButtonArray::init()
                0x0001992c                ButtonArray::scanButtons()
                0x00019a58                ButtonArray::getButton(InterfaceBoardDefinitions::ButtonName&)
                0x00019a94                InterfaceBoard::InterfaceBoard()
                0x00019a94                InterfaceBoard::InterfaceBoard()
                0x00019c68                InterfaceBoard::init()
                0x00019c7c                InterfaceBoard::doInterrupt()
                0x00019c98                InterfaceBoard::getUpdateRate()
                0x00019cdc                InterfaceBoard::doUpdate()
                0x00019dd4                InterfaceBoard::pushScreen(Screen*)
                0x00019e88                InterfaceBoard::popScreen()
 .text._ZN6ScreenC2Ev
                0x00019ef0       0x20 build\InterfaceBoard.o
                0x00019ef0                Screen::Screen()
                0x00019ef0                Screen::Screen()
 .text._ZN12SplashScreenC2Ev
                0x00019f10       0x28 build\InterfaceBoard.o
                0x00019f10                SplashScreen::SplashScreen()
                0x00019f10                SplashScreen::SplashScreen()
 .text._ZN11MonitorModeC2Ev
                0x00019f38       0x34 build\InterfaceBoard.o
                0x00019f38                MonitorMode::MonitorMode()
                0x00019f38                MonitorMode::MonitorMode()
 .text          0x00019f6c       0x70 build\LPCPort.o
 .text._ZN4PortC2Eh
                0x00019fdc       0x20 build\LPCPort.o
                0x00019fdc                Port::Port(unsigned char)
                0x00019fdc                Port::Port(unsigned char)
 .text          0x00019ffc      0xc5c build\LiquidCrystal.o
                0x00019ffc                Delay_us(unsigned long)
                0x0001a078                LiquidCrystal::LiquidCrystal(Pin, Pin, Pin, Pin, Pin, Pin, Pin, Pin, Pin, Pin, Pin)
                0x0001a078                LiquidCrystal::LiquidCrystal(Pin, Pin, Pin, Pin, Pin, Pin, Pin, Pin, Pin, Pin, Pin)
                0x0001a130                LiquidCrystal::LiquidCrystal(Pin, Pin, Pin, Pin, Pin, Pin, Pin, Pin, Pin, Pin)
                0x0001a130                LiquidCrystal::LiquidCrystal(Pin, Pin, Pin, Pin, Pin, Pin, Pin, Pin, Pin, Pin)
                0x0001a1f4                LiquidCrystal::LiquidCrystal(Pin, Pin, Pin, Pin, Pin, Pin, Pin)
                0x0001a1f4                LiquidCrystal::LiquidCrystal(Pin, Pin, Pin, Pin, Pin, Pin, Pin)
                0x0001a2d4                LiquidCrystal::LiquidCrystal(Pin, Pin, Pin, Pin, Pin, Pin)
                0x0001a2d4                LiquidCrystal::LiquidCrystal(Pin, Pin, Pin, Pin, Pin, Pin)
                0x0001a3c0                LiquidCrystal::init(unsigned char, Pin, Pin, Pin, Pin, Pin, Pin, Pin, Pin, Pin, Pin, Pin)
                0x0001a48c                LiquidCrystal::begin(unsigned char, unsigned char, unsigned char)
                0x0001a604                LiquidCrystal::clear()
                0x0001a628                LiquidCrystal::home()
                0x0001a64c                LiquidCrystal::setCursor(unsigned char, unsigned char)
                0x0001a6b4                LiquidCrystal::noDisplay()
                0x0001a6e4                LiquidCrystal::display()
                0x0001a714                LiquidCrystal::noCursor()
                0x0001a744                LiquidCrystal::cursor()
                0x0001a774                LiquidCrystal::noBlink()
                0x0001a7a4                LiquidCrystal::blink()
                0x0001a7d4                LiquidCrystal::scrollDisplayLeft()
                0x0001a7f0                LiquidCrystal::scrollDisplayRight()
                0x0001a80c                LiquidCrystal::leftToRight()
                0x0001a83c                LiquidCrystal::rightToLeft()
                0x0001a86c                LiquidCrystal::autoscroll()
                0x0001a89c                LiquidCrystal::noAutoscroll()
                0x0001a8cc                LiquidCrystal::createChar(unsigned char, unsigned char*)
                0x0001a938                LiquidCrystal::writeInt(unsigned short, unsigned char)
                0x0001a9f8                LiquidCrystal::writeString(char*)
                0x0001aa3c                LiquidCrystal::writeFromPgmspace(char const*)
                0x0001aa7c                LiquidCrystal::send(unsigned char, bool)
                0x0001ab00                LiquidCrystal::pulseEnable()
                0x0001ab58                LiquidCrystal::write4bits(unsigned char)
                0x0001abd8                LiquidCrystal::write8bits(unsigned char)
 .text._ZN4PortC2Ev
                0x0001ac58       0x20 build\LiquidCrystal.o
                0x0001ac58                Port::Port()
                0x0001ac58                Port::Port()
 .text._ZN4Port6isNullEv
                0x0001ac78       0x24 build\LiquidCrystal.o
                0x0001ac78                Port::isNull()
 .text._ZN3PinC2Ev
                0x0001ac9c       0x28 build\LiquidCrystal.o
                0x0001ac9c                Pin::Pin()
                0x0001ac9c                Pin::Pin()
 .text._ZN3Pin6isNullEv
                0x0001acc4       0x1c build\LiquidCrystal.o
                0x0001acc4                Pin::isNull()
 .text._ZN13LiquidCrystal7commandEh
                0x0001ace0       0x24 build\LiquidCrystal.o
                0x0001ace0                LiquidCrystal::command(unsigned char)
 .text._ZN13LiquidCrystal5writeEh
                0x0001ad04       0x24 build\LiquidCrystal.o
                0x0001ad04                LiquidCrystal::write(unsigned char)
 .text          0x0001ad28      0x1d4 build\Main.o
                0x0001add4                SysTick_Handler()
                0x0001ae24                reset(bool)
                0x0001aec4                main
 .text          0x0001aefc     0x1298 build\Menu.o
                0x0001af4c                queryExtruderParameter(unsigned char, OutPacket&)
                0x0001b074                SplashScreen::update(LiquidCrystal&, bool)
                0x0001b100                SplashScreen::notifyButtonPressed(InterfaceBoardDefinitions::ButtonName)
                0x0001b118                SplashScreen::reset()
                0x0001b12c                JogMode::reset()
                0x0001b150                JogMode::update(LiquidCrystal&, bool)
                0x0001b210                JogMode::jog(InterfaceBoardDefinitions::ButtonName)
                0x0001b32c                JogMode::notifyButtonPressed(InterfaceBoardDefinitions::ButtonName)
                0x0001b3b8                SnakeMode::update(LiquidCrystal&, bool)
                0x0001b758                SnakeMode::reset()
                0x0001b818                SnakeMode::notifyButtonPressed(InterfaceBoardDefinitions::ButtonName)
                0x0001b894                MonitorMode::reset()
                0x0001b8a8                MonitorMode::update(LiquidCrystal&, bool)
                0x0001ba60                MonitorMode::notifyButtonPressed(InterfaceBoardDefinitions::ButtonName)
                0x0001ba9c                Menu::update(LiquidCrystal&, bool)
                0x0001bba0                Menu::reset()
                0x0001bbd8                Menu::resetState()
                0x0001bbec                Menu::handleSelect(unsigned char)
                0x0001bc04                Menu::handleCancel()
                0x0001bc18                Menu::notifyButtonPressed(InterfaceBoardDefinitions::ButtonName)
                0x0001bcd8                CancelBuildMenu::CancelBuildMenu()
                0x0001bcd8                CancelBuildMenu::CancelBuildMenu()
                0x0001bd10                CancelBuildMenu::resetState()
                0x0001bd34                CancelBuildMenu::drawItem(unsigned char, LiquidCrystal&)
                0x0001bd94                CancelBuildMenu::handleSelect(unsigned char)
                0x0001bdc4                MainMenu::MainMenu()
                0x0001bdc4                MainMenu::MainMenu()
                0x0001bdfc                MainMenu::drawItem(unsigned char, LiquidCrystal&)
                0x0001be6c                MainMenu::handleSelect(unsigned char)
                0x0001bed0                SDMenu::SDMenu()
                0x0001bed0                SDMenu::SDMenu()
                0x0001bf00                SDMenu::resetState()
                0x0001bf20                SDMenu::countFiles()
                0x0001bf90                SDMenu::getFilename(unsigned char, char*, unsigned char)
                0x0001c024                SDMenu::drawItem(unsigned char, LiquidCrystal&)
                0x0001c0d4                SDMenu::handleSelect(unsigned char)
 .text._ZN4Menu13getUpdateRateEv
                0x0001c194       0x1c build\Menu.o
                0x0001c194                Menu::getUpdateRate()
 .text._ZN12SplashScreen13getUpdateRateEv
                0x0001c1b0       0x18 build\Menu.o
                0x0001c1b0                SplashScreen::getUpdateRate()
 .text._ZN7JogMode13getUpdateRateEv
                0x0001c1c8       0x18 build\Menu.o
                0x0001c1c8                JogMode::getUpdateRate()
 .text._ZN9SnakeMode13getUpdateRateEv
                0x0001c1e0       0x18 build\Menu.o
                0x0001c1e0                SnakeMode::getUpdateRate()
 .text._ZN11MonitorMode13getUpdateRateEv
                0x0001c1f8       0x1c build\Menu.o
                0x0001c1f8                MonitorMode::getUpdateRate()
 .text._ZN7JogModeC2Ev
                0x0001c214       0x28 build\Menu.o
                0x0001c214                JogMode::JogMode()
                0x0001c214                JogMode::JogMode()
 .text._ZN9SnakeModeC2Ev
                0x0001c23c       0x28 build\Menu.o
                0x0001c23c                SnakeMode::SnakeMode()
                0x0001c23c                SnakeMode::SnakeMode()
 .text._ZN4MenuC2Ev
                0x0001c264       0x28 build\Menu.o
                0x0001c264                Menu::Menu()
                0x0001c264                Menu::Menu()
 .text          0x0001c28c      0x72c build\Motherboard.o
                0x0001c28c                Motherboard::Motherboard()
                0x0001c28c                Motherboard::Motherboard()
                0x0001c53c                Motherboard::reset()
                0x0001c6fc                Motherboard::getCurrentMicros()
                0x0001c718                Motherboard::doInterrupt()
                0x0001c754                Motherboard::runMotherboardSlice()
                0x0001c798                TIMER1_IRQHandler()
                0x0001c7b8                Motherboard::indicateError(int)
                0x0001c82c                Motherboard::getCurrentError()
                0x0001c84c                TIMER2_IRQHandler()
 .text._ZN4UART12getSlaveUARTEv
                0x0001c9b8       0x14 build\Motherboard.o
                0x0001c9b8                UART::getSlaveUART()
 .text._ZN16StepperInterfaceC2Ev
                0x0001c9cc       0x4c build\Motherboard.o
                0x0001c9cc                StepperInterface::StepperInterface()
                0x0001c9cc                StepperInterface::StepperInterface()
 .text._ZN16StepperInterfaceC2ERK3PinS2_S2_S2_S2_
                0x0001ca18       0x64 build\Motherboard.o
                0x0001ca18                StepperInterface::StepperInterface(Pin const&, Pin const&, Pin const&, Pin const&, Pin const&)
                0x0001ca18                StepperInterface::StepperInterface(Pin const&, Pin const&, Pin const&, Pin const&, Pin const&)
 .text._ZN11Motherboard12getSlaveUARTEv
                0x0001ca7c       0x18 build\Motherboard.o
                0x0001ca7c                Motherboard::getSlaveUART()
 .text._ZN11Motherboard6getPSUEv
                0x0001ca94       0x1c build\Motherboard.o
                0x0001ca94                Motherboard::getPSU()
 .text          0x0001cab0      0x28c build\PID.o
 .text          0x0001cd3c       0x2c build\PSU.o
                0x0001cd3c                PSU::init()
                0x0001cd50                PSU::turnOn(bool)
 .text          0x0001cd68      0x54c build\Packet.o
                0x0001cd68                _crc_ibutton_update
 .text          0x0001d2b4      0x730 build\SDCard.o
                0x0001d2b4                sdcard::openPartition()
                0x0001d324                sdcard::openFilesys()
                0x0001d354                sdcard::openRoot()
                0x0001d3a8                sdcard::initCard()
                0x0001d458                sdcard::directoryReset()
                0x0001d498                sdcard::directoryNextEntry(char*, unsigned char)
                0x0001d56c                sdcard::findFileInDir(char const*, fat_dir_entry_struct*)
                0x0001d5c8                sdcard::openFile(char const*, fat_file_struct**)
                0x0001d61c                sdcard::deleteFile(char*)
                0x0001d664                sdcard::createFile(char*)
                0x0001d698                sdcard::isPlaying()
                0x0001d6ac                sdcard::isCapturing()
                0x0001d6c0                sdcard::startCapture(char*)
                0x0001d758                sdcard::capturePacket(Packet const&)
                0x0001d7b0                sdcard::finishCapture()
                0x0001d7fc                sdcard::fetchNextByte()
                0x0001d83c                sdcard::playbackHasNext()
                0x0001d850                sdcard::playbackNext()
                0x0001d870                sdcard::startPlayback(char*)
                0x0001d8fc                sdcard::playbackRewind(unsigned char)
                0x0001d930                sdcard::finishPlayback()
                0x0001d964                sdcard::reset()
 .text          0x0001d9e4      0x250 build\StepperInterface.o
                0x0001d9e4                StepperInterface::setDirection(bool)
                0x0001da14                StepperInterface::step(bool)
                0x0001da38                StepperInterface::setEnabled(bool)
                0x0001da64                StepperInterface::isAtMaximum()
                0x0001dab0                StepperInterface::isAtMinimum()
                0x0001dafc                StepperInterface::init(unsigned char)
 .text          0x0001dc34      0x66c build\Steppers.o
                0x0001dc34                steppers::isRunning()
                0x0001dc68                steppers::init(Motherboard&)
                0x0001dcdc                steppers::abort()
                0x0001dd00                steppers::definePosition(Point const&)
                0x0001dd54                steppers::getPosition()
                0x0001dd88                steppers::setHoldZ(bool)
                0x0001dda8                steppers::setTarget(Point const&, long)
                0x0001def4                steppers::setTargetNew(Point const&, long, unsigned char)
                0x0001e038                steppers::startHoming(bool, unsigned char, unsigned long)
                0x0001e100                steppers::enableAxis(unsigned char, bool)
                0x0001e134                steppers::doInterrupt()
 .text._ZN8steppers4AxisC2Ev
                0x0001e2a0       0x20 build\Steppers.o
                0x0001e2a0                steppers::Axis::Axis()
                0x0001e2a0                steppers::Axis::Axis()
 .text._ZN8steppers4AxisC2ER16StepperInterface
                0x0001e2c0       0x24 build\Steppers.o
                0x0001e2c0                steppers::Axis::Axis(StepperInterface&)
                0x0001e2c0                steppers::Axis::Axis(StepperInterface&)
 .text._ZN8steppers4Axis9setTargetElb
                0x0001e2e4       0x84 build\Steppers.o
                0x0001e2e4                steppers::Axis::setTarget(long, bool)
 .text._ZN8steppers4Axis9setHomingEb
                0x0001e368       0x30 build\Steppers.o
                0x0001e368                steppers::Axis::setHoming(bool)
 .text._ZN8steppers4Axis14definePositionEl
                0x0001e398       0x1c build\Steppers.o
                0x0001e398                steppers::Axis::definePosition(long)
 .text._ZN8steppers4Axis13enableStepperEb
                0x0001e3b4       0x24 build\Steppers.o
                0x0001e3b4                steppers::Axis::enableStepper(bool)
 .text._ZN8steppers4Axis5resetEv
                0x0001e3d8       0x44 build\Steppers.o
                0x0001e3d8                steppers::Axis::reset()
 .text._ZN8steppers4Axis11doInterruptEl
                0x0001e41c       0xcc build\Steppers.o
                0x0001e41c                steppers::Axis::doInterrupt(long)
 .text._ZN8steppers4Axis8doHomingEl
                0x0001e4e8       0xf8 build\Steppers.o
                0x0001e4e8                steppers::Axis::doHoming(long)
 .text          0x0001e5e0       0xe0 build\Timeout.o
                0x0001e5e0                Timeout::Timeout()
                0x0001e5e0                Timeout::Timeout()
                0x0001e608                Timeout::start(unsigned long)
                0x0001e644                Timeout::hasElapsed()
                0x0001e6a4                Timeout::abort()
 .text          0x0001e6c0      0x384 build\Tool.o
                0x0001e6c0                tool::getInPacket()
                0x0001e6dc                tool::getOutPacket()
                0x0001e6f8                tool::reset()
                0x0001e7d8                tool::getLock()
                0x0001e810                tool::releaseLock()
                0x0001e828                tool::startTransaction()
                0x0001e880                tool::isTransactionDone()
                0x0001e89c                tool::runToolSlice()
 .text          0x0001ea44      0x3b4 build\UART.o
                0x0001eac0                UART::UART(unsigned char)
                0x0001eac0                UART::UART(unsigned char)
                0x0001ebf0                UART::beginSend()
                0x0001ec70                UART::enable(bool)
                0x0001ecd4                UART::reset()
                0x0001ecfc                UART1_IRQHandler()
 .text._Z6listenv
                0x0001edf8       0x30 build\UART.o
                0x0001edf8                listen()
 .text._Z5speakv
                0x0001ee28       0x30 build\UART.o
                0x0001ee28                speak()
 .text          0x0001ee58        0x0 c:/progra~2/codesourcery/source~1/bin/../lib/gcc/arm-none-eabi/4.5.2/../../../../arm-none-eabi/lib/thumb2\libstdc++.a(si_class_type_info.o)
 .text._ZNK10__cxxabiv120__si_class_type_info11__do_upcastEPKNS_17__class_type_infoEPKvRNS1_15__upcast_resultE
                0x0001ee58       0x28 c:/progra~2/codesourcery/source~1/bin/../lib/gcc/arm-none-eabi/4.5.2/../../../../arm-none-eabi/lib/thumb2\libstdc++.a(si_class_type_info.o)
                0x0001ee58                __cxxabiv1::__si_class_type_info::__do_upcast(__cxxabiv1::__class_type_info const*, void const*, __cxxabiv1::__class_type_info::__upcast_result&) const
 .text._ZNK10__cxxabiv120__si_class_type_info12__do_dyncastEiNS_17__class_type_info10__sub_kindEPKS1_PKvS4_S6_RNS1_16__dyncast_resultE
                0x0001ee80       0x90 c:/progra~2/codesourcery/source~1/bin/../lib/gcc/arm-none-eabi/4.5.2/../../../../arm-none-eabi/lib/thumb2\libstdc++.a(si_class_type_info.o)
                0x0001ee80                __cxxabiv1::__si_class_type_info::__do_dyncast(int, __cxxabiv1::__class_type_info::__sub_kind, __cxxabiv1::__class_type_info const*, void const*, __cxxabiv1::__class_type_info const*, void const*, __cxxabiv1::__class_type_info::__dyncast_result&) const
 .text._ZNK10__cxxabiv120__si_class_type_info20__do_find_public_srcEiPKvPKNS_17__class_type_infoES2_
                0x0001ef10       0x38 c:/progra~2/codesourcery/source~1/bin/../lib/gcc/arm-none-eabi/4.5.2/../../../../arm-none-eabi/lib/thumb2\libstdc++.a(si_class_type_info.o)
                0x0001ef10                __cxxabiv1::__si_class_type_info::__do_find_public_src(int, void const*, __cxxabiv1::__class_type_info const*, void const*) const
 .text._ZN10__cxxabiv120__si_class_type_infoD2Ev
                0x0001ef48       0x14 c:/progra~2/codesourcery/source~1/bin/../lib/gcc/arm-none-eabi/4.5.2/../../../../arm-none-eabi/lib/thumb2\libstdc++.a(si_class_type_info.o)
                0x0001ef48                __cxxabiv1::__si_class_type_info::~__si_class_type_info()
                0x0001ef48                __cxxabiv1::__si_class_type_info::~__si_class_type_info()
 .text._ZN10__cxxabiv120__si_class_type_infoD0Ev
                0x0001ef5c       0x1c c:/progra~2/codesourcery/source~1/bin/../lib/gcc/arm-none-eabi/4.5.2/../../../../arm-none-eabi/lib/thumb2\libstdc++.a(si_class_type_info.o)
                0x0001ef5c                __cxxabiv1::__si_class_type_info::~__si_class_type_info()
 .text          0x0001ef78        0x0 c:/progra~2/codesourcery/source~1/bin/../lib/gcc/arm-none-eabi/4.5.2/../../../../arm-none-eabi/lib/thumb2\libstdc++.a(del_op.o)
 .text._ZdlPv   0x0001ef78        0x8 c:/progra~2/codesourcery/source~1/bin/../lib/gcc/arm-none-eabi/4.5.2/../../../../arm-none-eabi/lib/thumb2\libstdc++.a(del_op.o)
                0x0001ef78                operator delete(void*)
 .text          0x0001ef80        0x0 c:/progra~2/codesourcery/source~1/bin/../lib/gcc/arm-none-eabi/4.5.2/../../../../arm-none-eabi/lib/thumb2\libstdc++.a(pure.o)
 .text.__cxa_pure_virtual
                0x0001ef80       0x18 c:/progra~2/codesourcery/source~1/bin/../lib/gcc/arm-none-eabi/4.5.2/../../../../arm-none-eabi/lib/thumb2\libstdc++.a(pure.o)
                0x0001ef80                __cxa_pure_virtual
 .text          0x0001ef98        0x0 c:/progra~2/codesourcery/source~1/bin/../lib/gcc/arm-none-eabi/4.5.2/../../../../arm-none-eabi/lib/thumb2\libstdc++.a(class_type_info.o)
 .text._ZNK10__cxxabiv117__class_type_info11__do_upcastEPKS0_PPv
                0x0001ef98       0x38 c:/progra~2/codesourcery/source~1/bin/../lib/gcc/arm-none-eabi/4.5.2/../../../../arm-none-eabi/lib/thumb2\libstdc++.a(class_type_info.o)
                0x0001ef98                __cxxabiv1::__class_type_info::__do_upcast(__cxxabiv1::__class_type_info const*, void**) const
 .text._ZNK10__cxxabiv117__class_type_info20__do_find_public_srcEiPKvPKS0_S2_
                0x0001efd0        0xc c:/progra~2/codesourcery/source~1/bin/../lib/gcc/arm-none-eabi/4.5.2/../../../../arm-none-eabi/lib/thumb2\libstdc++.a(class_type_info.o)
                0x0001efd0                __cxxabiv1::__class_type_info::__do_find_public_src(int, void const*, __cxxabiv1::__class_type_info const*, void const*) const
 .text._ZNK10__cxxabiv117__class_type_info11__do_upcastEPKS0_PKvRNS0_15__upcast_resultE
                0x0001efdc       0x1c c:/progra~2/codesourcery/source~1/bin/../lib/gcc/arm-none-eabi/4.5.2/../../../../arm-none-eabi/lib/thumb2\libstdc++.a(class_type_info.o)
                0x0001efdc                __cxxabiv1::__class_type_info::__do_upcast(__cxxabiv1::__class_type_info const*, void const*, __cxxabiv1::__class_type_info::__upcast_result&) const
 .text._ZNK10__cxxabiv117__class_type_info12__do_dyncastEiNS0_10__sub_kindEPKS0_PKvS3_S5_RNS0_16__dyncast_resultE
                0x0001eff8       0x3c c:/progra~2/codesourcery/source~1/bin/../lib/gcc/arm-none-eabi/4.5.2/../../../../arm-none-eabi/lib/thumb2\libstdc++.a(class_type_info.o)
                0x0001eff8                __cxxabiv1::__class_type_info::__do_dyncast(int, __cxxabiv1::__class_type_info::__sub_kind, __cxxabiv1::__class_type_info const*, void const*, __cxxabiv1::__class_type_info const*, void const*, __cxxabiv1::__class_type_info::__dyncast_result&) const
 .text._ZNK10__cxxabiv117__class_type_info10__do_catchEPKSt9type_infoPPvj
                0x0001f034       0x28 c:/progra~2/codesourcery/source~1/bin/../lib/gcc/arm-none-eabi/4.5.2/../../../../arm-none-eabi/lib/thumb2\libstdc++.a(class_type_info.o)
                0x0001f034                __cxxabiv1::__class_type_info::__do_catch(std::type_info const*, void**, unsigned int) const
 .text._ZN10__cxxabiv117__class_type_infoD2Ev
                0x0001f05c       0x14 c:/progra~2/codesourcery/source~1/bin/../lib/gcc/arm-none-eabi/4.5.2/../../../../arm-none-eabi/lib/thumb2\libstdc++.a(class_type_info.o)
                0x0001f05c                __cxxabiv1::__class_type_info::~__class_type_info()
                0x0001f05c                __cxxabiv1::__class_type_info::~__class_type_info()
 .text._ZN10__cxxabiv117__class_type_infoD0Ev
                0x0001f070       0x1c c:/progra~2/codesourcery/source~1/bin/../lib/gcc/arm-none-eabi/4.5.2/../../../../arm-none-eabi/lib/thumb2\libstdc++.a(class_type_info.o)
                0x0001f070                __cxxabiv1::__class_type_info::~__class_type_info()
 .text          0x0001f08c        0x0 c:/progra~2/codesourcery/source~1/bin/../lib/gcc/arm-none-eabi/4.5.2/../../../../arm-none-eabi/lib/thumb2\libstdc++.a(tinfo.o)
 .text._ZNSt9type_infoD2Ev
                0x0001f08c        0xc c:/progra~2/codesourcery/source~1/bin/../lib/gcc/arm-none-eabi/4.5.2/../../../../arm-none-eabi/lib/thumb2\libstdc++.a(tinfo.o)
                0x0001f08c                std::type_info::~type_info()
                0x0001f08c                std::type_info::~type_info()
 .text._ZNKSt9type_info14__is_pointer_pEv
                0x0001f098        0x4 c:/progra~2/codesourcery/source~1/bin/../lib/gcc/arm-none-eabi/4.5.2/../../../../arm-none-eabi/lib/thumb2\libstdc++.a(tinfo.o)
                0x0001f098                std::type_info::__is_pointer_p() const
 .text._ZNKSt9type_info15__is_function_pEv
                0x0001f09c        0x4 c:/progra~2/codesourcery/source~1/bin/../lib/gcc/arm-none-eabi/4.5.2/../../../../arm-none-eabi/lib/thumb2\libstdc++.a(tinfo.o)
                0x0001f09c                std::type_info::__is_function_p() const
 .text._ZNKSt9type_info11__do_upcastEPKN10__cxxabiv117__class_type_infoEPPv
                0x0001f0a0        0x4 c:/progra~2/codesourcery/source~1/bin/../lib/gcc/arm-none-eabi/4.5.2/../../../../arm-none-eabi/lib/thumb2\libstdc++.a(tinfo.o)
                0x0001f0a0                std::type_info::__do_upcast(__cxxabiv1::__class_type_info const*, void**) const
 .text._ZNSt9type_infoD0Ev
                0x0001f0a4       0x14 c:/progra~2/codesourcery/source~1/bin/../lib/gcc/arm-none-eabi/4.5.2/../../../../arm-none-eabi/lib/thumb2\libstdc++.a(tinfo.o)
                0x0001f0a4                std::type_info::~type_info()
 .text._ZNKSt9type_infoeqERKS_
                0x0001f0b8       0x3c c:/progra~2/codesourcery/source~1/bin/../lib/gcc/arm-none-eabi/4.5.2/../../../../arm-none-eabi/lib/thumb2\libstdc++.a(tinfo.o)
                0x0001f0b8                std::type_info::operator==(std::type_info const&) const
 .text._ZNKSt9type_info10__do_catchEPKS_PPvj
                0x0001f0f4        0x4 c:/progra~2/codesourcery/source~1/bin/../lib/gcc/arm-none-eabi/4.5.2/../../../../arm-none-eabi/lib/thumb2\libstdc++.a(tinfo.o)
                0x0001f0f4                std::type_info::__do_catch(std::type_info const*, void**, unsigned int) const
 .text          0x0001f0f8        0x0 c:/progra~2/codesourcery/source~1/bin/../lib/gcc/arm-none-eabi/4.5.2/../../../../arm-none-eabi/lib/thumb2\libstdc++.a(eh_terminate.o)
 .text._ZN10__cxxabiv111__terminateEPFvvE
                0x0001f0f8       0x28 c:/progra~2/codesourcery/source~1/bin/../lib/gcc/arm-none-eabi/4.5.2/../../../../arm-none-eabi/lib/thumb2\libstdc++.a(eh_terminate.o)
                0x0001f0f8                __cxxabiv1::__terminate(void (*)())
 .text._ZSt9terminatev
                0x0001f120       0x10 c:/progra~2/codesourcery/source~1/bin/../lib/gcc/arm-none-eabi/4.5.2/../../../../arm-none-eabi/lib/thumb2\libstdc++.a(eh_terminate.o)
                0x0001f120                std::terminate()
 .text._ZN10__cxxabiv112__unexpectedEPFvvE
                0x0001f130        0x8 c:/progra~2/codesourcery/source~1/bin/../lib/gcc/arm-none-eabi/4.5.2/../../../../arm-none-eabi/lib/thumb2\libstdc++.a(eh_terminate.o)
                0x0001f130                __cxxabiv1::__unexpected(void (*)())
 .text._ZSt10unexpectedv
                0x0001f138       0x14 c:/progra~2/codesourcery/source~1/bin/../lib/gcc/arm-none-eabi/4.5.2/../../../../arm-none-eabi/lib/thumb2\libstdc++.a(eh_terminate.o)
                0x0001f138                std::unexpected()
 .text._ZSt13set_terminatePFvvE
                0x0001f14c       0x10 c:/progra~2/codesourcery/source~1/bin/../lib/gcc/arm-none-eabi/4.5.2/../../../../arm-none-eabi/lib/thumb2\libstdc++.a(eh_terminate.o)
                0x0001f14c                std::set_terminate(void (*)())
 .text._ZSt14set_unexpectedPFvvE
                0x0001f15c       0x10 c:/progra~2/codesourcery/source~1/bin/../lib/gcc/arm-none-eabi/4.5.2/../../../../arm-none-eabi/lib/thumb2\libstdc++.a(eh_terminate.o)
                0x0001f15c                std::set_unexpected(void (*)())
 .text          0x0001f16c        0x0 c:/progra~2/codesourcery/source~1/bin/../lib/gcc/arm-none-eabi/4.5.2/../../../../arm-none-eabi/lib/thumb2\libstdc++.a(eh_call.o)
 .text.__cxa_call_terminate
                0x0001f16c       0x50 c:/progra~2/codesourcery/source~1/bin/../lib/gcc/arm-none-eabi/4.5.2/../../../../arm-none-eabi/lib/thumb2\libstdc++.a(eh_call.o)
                0x0001f16c                __cxa_call_terminate
 .text.__cxa_call_unexpected
                0x0001f1bc      0x130 c:/progra~2/codesourcery/source~1/bin/../lib/gcc/arm-none-eabi/4.5.2/../../../../arm-none-eabi/lib/thumb2\libstdc++.a(eh_call.o)
                0x0001f1bc                __cxa_call_unexpected
 .text          0x0001f2ec        0x0 c:/progra~2/codesourcery/source~1/bin/../lib/gcc/arm-none-eabi/4.5.2/../../../../arm-none-eabi/lib/thumb2\libstdc++.a(eh_term_handler.o)
 .text          0x0001f2ec        0x0 c:/progra~2/codesourcery/source~1/bin/../lib/gcc/arm-none-eabi/4.5.2/../../../../arm-none-eabi/lib/thumb2\libstdc++.a(eh_personality.o)
 .text._ZL12read_sleb128PKhPl
                0x0001f2ec       0x3c c:/progra~2/codesourcery/source~1/bin/../lib/gcc/arm-none-eabi/4.5.2/../../../../arm-none-eabi/lib/thumb2\libstdc++.a(eh_personality.o)
 .text._ZL28read_encoded_value_with_basehjPKhPj
                0x0001f328       0xac c:/progra~2/codesourcery/source~1/bin/../lib/gcc/arm-none-eabi/4.5.2/../../../../arm-none-eabi/lib/thumb2\libstdc++.a(eh_personality.o)
 .text._ZL21base_of_encoded_valuehP15_Unwind_Context
                0x0001f3d4       0x4c c:/progra~2/codesourcery/source~1/bin/../lib/gcc/arm-none-eabi/4.5.2/../../../../arm-none-eabi/lib/thumb2\libstdc++.a(eh_personality.o)
 .text._ZL17parse_lsda_headerP15_Unwind_ContextPKhP16lsda_header_info
                0x0001f420       0x8c c:/progra~2/codesourcery/source~1/bin/../lib/gcc/arm-none-eabi/4.5.2/../../../../arm-none-eabi/lib/thumb2\libstdc++.a(eh_personality.o)
 .text.__gxx_personality_v0
                0x0001f4ac      0x3ec c:/progra~2/codesourcery/source~1/bin/../lib/gcc/arm-none-eabi/4.5.2/../../../../arm-none-eabi/lib/thumb2\libstdc++.a(eh_personality.o)
                0x0001f4ac                __gxx_personality_v0
 .text          0x0001f898        0x0 c:/progra~2/codesourcery/source~1/bin/../lib/gcc/arm-none-eabi/4.5.2/../../../../arm-none-eabi/lib/thumb2\libstdc++.a(eh_throw.o)
 .text._ZL23__gxx_exception_cleanup19_Unwind_Reason_CodeP21_Unwind_Control_Block
                0x0001f898       0x4c c:/progra~2/codesourcery/source~1/bin/../lib/gcc/arm-none-eabi/4.5.2/../../../../arm-none-eabi/lib/thumb2\libstdc++.a(eh_throw.o)
 .text.__cxa_throw
                0x0001f8e4       0x80 c:/progra~2/codesourcery/source~1/bin/../lib/gcc/arm-none-eabi/4.5.2/../../../../arm-none-eabi/lib/thumb2\libstdc++.a(eh_throw.o)
                0x0001f8e4                __cxa_throw
 .text.__cxa_rethrow
                0x0001f964       0x78 c:/progra~2/codesourcery/source~1/bin/../lib/gcc/arm-none-eabi/4.5.2/../../../../arm-none-eabi/lib/thumb2\libstdc++.a(eh_throw.o)
                0x0001f964                __cxa_rethrow
 .text          0x0001f9dc        0x0 c:/progra~2/codesourcery/source~1/bin/../lib/gcc/arm-none-eabi/4.5.2/../../../../arm-none-eabi/lib/thumb2\libstdc++.a(eh_unex_handler.o)
 .text          0x0001f9dc        0x0 c:/progra~2/codesourcery/source~1/bin/../lib/gcc/arm-none-eabi/4.5.2/../../../../arm-none-eabi/lib/thumb2\libstdc++.a(eh_globals.o)
 .text.__cxa_get_globals_fast
                0x0001f9dc        0xc c:/progra~2/codesourcery/source~1/bin/../lib/gcc/arm-none-eabi/4.5.2/../../../../arm-none-eabi/lib/thumb2\libstdc++.a(eh_globals.o)
                0x0001f9dc                __cxa_get_globals_fast
 .text.__cxa_get_globals
                0x0001f9e8        0xc c:/progra~2/codesourcery/source~1/bin/../lib/gcc/arm-none-eabi/4.5.2/../../../../arm-none-eabi/lib/thumb2\libstdc++.a(eh_globals.o)
                0x0001f9e8                __cxa_get_globals
 .text          0x0001f9f4        0x0 c:/progra~2/codesourcery/source~1/bin/../lib/gcc/arm-none-eabi/4.5.2/../../../../arm-none-eabi/lib/thumb2\libstdc++.a(eh_catch.o)
 .text.__cxa_get_exception_ptr
                0x0001f9f4        0x4 c:/progra~2/codesourcery/source~1/bin/../lib/gcc/arm-none-eabi/4.5.2/../../../../arm-none-eabi/lib/thumb2\libstdc++.a(eh_catch.o)
                0x0001f9f4                __cxa_get_exception_ptr
 .text.__cxa_begin_catch
                0x0001f9f8       0x9c c:/progra~2/codesourcery/source~1/bin/../lib/gcc/arm-none-eabi/4.5.2/../../../../arm-none-eabi/lib/thumb2\libstdc++.a(eh_catch.o)
                0x0001f9f8                __cxa_begin_catch
 .text.__cxa_end_catch
                0x0001fa94       0x98 c:/progra~2/codesourcery/source~1/bin/../lib/gcc/arm-none-eabi/4.5.2/../../../../arm-none-eabi/lib/thumb2\libstdc++.a(eh_catch.o)
                0x0001fa94                __cxa_end_catch
 .text._ZSt18uncaught_exceptionv
                0x0001fb2c       0x10 c:/progra~2/codesourcery/source~1/bin/../lib/gcc/arm-none-eabi/4.5.2/../../../../arm-none-eabi/lib/thumb2\libstdc++.a(eh_catch.o)
                0x0001fb2c                std::uncaught_exception()
 .text          0x0001fb3c        0x0 c:/progra~2/codesourcery/source~1/bin/../lib/gcc/arm-none-eabi/4.5.2/../../../../arm-none-eabi/lib/thumb2\libstdc++.a(vterminate.o)
 .text._ZN9__gnu_cxx27__verbose_terminate_handlerEv
                0x0001fb3c      0x148 c:/progra~2/codesourcery/source~1/bin/../lib/gcc/arm-none-eabi/4.5.2/../../../../arm-none-eabi/lib/thumb2\libstdc++.a(vterminate.o)
                0x0001fb3c                __gnu_cxx::__verbose_terminate_handler()
 .text          0x0001fc84        0x0 c:/progra~2/codesourcery/source~1/bin/../lib/gcc/arm-none-eabi/4.5.2/../../../../arm-none-eabi/lib/thumb2\libstdc++.a(eh_exception.o)
 .text._ZNSt9exceptionD2Ev
                0x0001fc84        0xc c:/progra~2/codesourcery/source~1/bin/../lib/gcc/arm-none-eabi/4.5.2/../../../../arm-none-eabi/lib/thumb2\libstdc++.a(eh_exception.o)
                0x0001fc84                std::exception::~exception()
                0x0001fc84                std::exception::~exception()
 .text._ZNSt13bad_exceptionD2Ev
                0x0001fc90        0xc c:/progra~2/codesourcery/source~1/bin/../lib/gcc/arm-none-eabi/4.5.2/../../../../arm-none-eabi/lib/thumb2\libstdc++.a(eh_exception.o)
                0x0001fc90                std::bad_exception::~bad_exception()
                0x0001fc90                std::bad_exception::~bad_exception()
 .text._ZN10__cxxabiv115__forced_unwindD2Ev
                0x0001fc9c        0xc c:/progra~2/codesourcery/source~1/bin/../lib/gcc/arm-none-eabi/4.5.2/../../../../arm-none-eabi/lib/thumb2\libstdc++.a(eh_exception.o)
                0x0001fc9c                __cxxabiv1::__forced_unwind::~__forced_unwind()
                0x0001fc9c                __cxxabiv1::__forced_unwind::~__forced_unwind()
 .text._ZN10__cxxabiv119__foreign_exceptionD2Ev
                0x0001fca8        0xc c:/progra~2/codesourcery/source~1/bin/../lib/gcc/arm-none-eabi/4.5.2/../../../../arm-none-eabi/lib/thumb2\libstdc++.a(eh_exception.o)
                0x0001fca8                __cxxabiv1::__foreign_exception::~__foreign_exception()
                0x0001fca8                __cxxabiv1::__foreign_exception::~__foreign_exception()
 .text._ZNKSt9exception4whatEv
                0x0001fcb4        0xc c:/progra~2/codesourcery/source~1/bin/../lib/gcc/arm-none-eabi/4.5.2/../../../../arm-none-eabi/lib/thumb2\libstdc++.a(eh_exception.o)
                0x0001fcb4                std::exception::what() const
 .text._ZNKSt13bad_exception4whatEv
                0x0001fcc0        0xc c:/progra~2/codesourcery/source~1/bin/../lib/gcc/arm-none-eabi/4.5.2/../../../../arm-none-eabi/lib/thumb2\libstdc++.a(eh_exception.o)
                0x0001fcc0                std::bad_exception::what() const
 .text._ZN10__cxxabiv119__foreign_exceptionD0Ev
                0x0001fccc       0x14 c:/progra~2/codesourcery/source~1/bin/../lib/gcc/arm-none-eabi/4.5.2/../../../../arm-none-eabi/lib/thumb2\libstdc++.a(eh_exception.o)
                0x0001fccc                __cxxabiv1::__foreign_exception::~__foreign_exception()
 .text._ZN10__cxxabiv115__forced_unwindD0Ev
                0x0001fce0       0x14 c:/progra~2/codesourcery/source~1/bin/../lib/gcc/arm-none-eabi/4.5.2/../../../../arm-none-eabi/lib/thumb2\libstdc++.a(eh_exception.o)
                0x0001fce0                __cxxabiv1::__forced_unwind::~__forced_unwind()
 .text._ZNSt13bad_exceptionD0Ev
                0x0001fcf4       0x14 c:/progra~2/codesourcery/source~1/bin/../lib/gcc/arm-none-eabi/4.5.2/../../../../arm-none-eabi/lib/thumb2\libstdc++.a(eh_exception.o)
                0x0001fcf4                std::bad_exception::~bad_exception()
 .text._ZNSt9exceptionD0Ev
                0x0001fd08       0x14 c:/progra~2/codesourcery/source~1/bin/../lib/gcc/arm-none-eabi/4.5.2/../../../../arm-none-eabi/lib/thumb2\libstdc++.a(eh_exception.o)
                0x0001fd08                std::exception::~exception()
 .text          0x0001fd1c        0x0 c:/progra~2/codesourcery/source~1/bin/../lib/gcc/arm-none-eabi/4.5.2/../../../../arm-none-eabi/lib/thumb2\libstdc++.a(eh_type.o)
 .text.__cxa_current_exception_type
                0x0001fd1c       0x1c c:/progra~2/codesourcery/source~1/bin/../lib/gcc/arm-none-eabi/4.5.2/../../../../arm-none-eabi/lib/thumb2\libstdc++.a(eh_type.o)
                0x0001fd1c                __cxa_current_exception_type
 .text          0x0001fd38        0xc c:/progra~2/codesourcery/source~1/bin/../lib/gcc/arm-none-eabi/4.5.2/../../../../arm-none-eabi/lib/thumb2\libstdc++.a(eh_arm.o)
                0x0001fd38                __cxa_end_cleanup
 .text.__cxa_type_match
                0x0001fd44       0xd0 c:/progra~2/codesourcery/source~1/bin/../lib/gcc/arm-none-eabi/4.5.2/../../../../arm-none-eabi/lib/thumb2\libstdc++.a(eh_arm.o)
                0x0001fd44                __cxa_type_match
 .text.__cxa_begin_cleanup
                0x0001fe14       0x70 c:/progra~2/codesourcery/source~1/bin/../lib/gcc/arm-none-eabi/4.5.2/../../../../arm-none-eabi/lib/thumb2\libstdc++.a(eh_arm.o)
                0x0001fe14                __cxa_begin_cleanup
 .text.__gnu_end_cleanup
                0x0001fe84       0x7c c:/progra~2/codesourcery/source~1/bin/../lib/gcc/arm-none-eabi/4.5.2/../../../../arm-none-eabi/lib/thumb2\libstdc++.a(eh_arm.o)
                0x0001fe84                __gnu_end_cleanup
 .text          0x0001ff00        0x0 c:/progra~2/codesourcery/source~1/bin/../lib/gcc/arm-none-eabi/4.5.2/../../../../arm-none-eabi/lib/thumb2\libstdc++.a(eh_alloc.o)
 .text.__cxa_allocate_exception
                0x0001ff00       0x7c c:/progra~2/codesourcery/source~1/bin/../lib/gcc/arm-none-eabi/4.5.2/../../../../arm-none-eabi/lib/thumb2\libstdc++.a(eh_alloc.o)
                0x0001ff00                __cxa_allocate_exception
 .text.__cxa_free_exception
                0x0001ff7c       0x3c c:/progra~2/codesourcery/source~1/bin/../lib/gcc/arm-none-eabi/4.5.2/../../../../arm-none-eabi/lib/thumb2\libstdc++.a(eh_alloc.o)
                0x0001ff7c                __cxa_free_exception
 .text.__cxa_allocate_dependent_exception
                0x0001ffb8       0x78 c:/progra~2/codesourcery/source~1/bin/../lib/gcc/arm-none-eabi/4.5.2/../../../../arm-none-eabi/lib/thumb2\libstdc++.a(eh_alloc.o)
                0x0001ffb8                __cxa_allocate_dependent_exception
 .text.__cxa_free_dependent_exception
                0x00020030       0x4c c:/progra~2/codesourcery/source~1/bin/../lib/gcc/arm-none-eabi/4.5.2/../../../../arm-none-eabi/lib/thumb2\libstdc++.a(eh_alloc.o)
                0x00020030                __cxa_free_dependent_exception
 .text._GLOBAL__I___cxa_allocate_exception
                0x0002007c        0x4 c:/progra~2/codesourcery/source~1/bin/../lib/gcc/arm-none-eabi/4.5.2/../../../../arm-none-eabi/lib/thumb2\libstdc++.a(eh_alloc.o)
 .text          0x00020080     0x912c c:/progra~2/codesourcery/source~1/bin/../lib/gcc/arm-none-eabi/4.5.2/../../../../arm-none-eabi/lib/thumb2\libstdc++.a(cp-demangle.o)
                0x000290a4                __cxa_demangle
                0x00029180                __gcclibcxx_demangle_callback
 .text          0x000291ac      0x21c c:/progra~2/codesourcery/source~1/bin/../lib/gcc/arm-none-eabi/4.5.2/thumb2\libgcc.a(_arm_addsubsf3.o)
                0x000291ac                __aeabi_frsub
                0x000291b4                __subsf3
                0x000291b4                __aeabi_fsub
                0x000291b8                __aeabi_fadd
                0x000291b8                __addsf3
                0x00029318                __aeabi_ui2f
                0x00029318                __floatunsisf
                0x00029320                __aeabi_i2f
                0x00029320                __floatsisf
                0x0002933c                __aeabi_ul2f
                0x0002933c                __floatundisf
                0x0002934c                __aeabi_l2f
                0x0002934c                __floatdisf
 .text          0x000293c8      0x2a0 c:/progra~2/codesourcery/source~1/bin/../lib/gcc/arm-none-eabi/4.5.2/thumb2\libgcc.a(_arm_muldivsf3.o)
                0x000293c8                __mulsf3
                0x000293c8                __aeabi_fmul
                0x00029530                __aeabi_fdiv
                0x00029530                __divsf3
 .text          0x00029668       0xec c:/progra~2/codesourcery/source~1/bin/../lib/gcc/arm-none-eabi/4.5.2/thumb2\libgcc.a(_arm_cmpsf2.o)
                0x00029668                __gesf2
                0x00029668                __gtsf2
                0x00029670                __lesf2
                0x00029670                __ltsf2
                0x00029678                __nesf2
                0x00029678                __eqsf2
                0x00029678                __cmpsf2
                0x000296d8                __aeabi_cfrcmple
                0x000296e0                __aeabi_cfcmpeq
                0x000296e0                __aeabi_cfcmple
                0x000296f0                __aeabi_fcmpeq
                0x00029704                __aeabi_fcmplt
                0x00029718                __aeabi_fcmple
                0x0002972c                __aeabi_fcmpge
                0x00029740                __aeabi_fcmpgt
 .text          0x00029754       0x4c c:/progra~2/codesourcery/source~1/bin/../lib/gcc/arm-none-eabi/4.5.2/thumb2\libgcc.a(_arm_fixsfsi.o)
                0x00029754                __aeabi_f2iz
                0x00029754                __fixsfsi
 .text          0x000297a0       0x2c c:/progra~2/codesourcery/source~1/bin/../lib/gcc/arm-none-eabi/4.5.2/thumb2\libgcc.a(_aeabi_uldivmod.o)
                0x000297a0                __aeabi_uldivmod
 .text          0x000297cc       0x60 c:/progra~2/codesourcery/source~1/bin/../lib/gcc/arm-none-eabi/4.5.2/thumb2\libgcc.a(bpabi.o)
                0x000297cc                __gnu_ldivmod_helper
                0x000297fc                __gnu_uldivmod_helper
 .text          0x0002982c      0xc38 c:/progra~2/codesourcery/source~1/bin/../lib/gcc/arm-none-eabi/4.5.2/thumb2\libgcc.a(unwind-arm.o)
                0x00029b08                _Unwind_VRS_Get
                0x00029b54                _Unwind_VRS_Set
                0x00029ef0                __aeabi_unwind_cpp_pr2
                0x00029ef4                __aeabi_unwind_cpp_pr1
                0x00029ef8                __aeabi_unwind_cpp_pr0
                0x00029efc                _Unwind_VRS_Pop
                0x0002a2e4                _Unwind_GetCFA
                0x0002a2e8                __gnu_Unwind_RaiseException
                0x0002a358                __gnu_Unwind_ForcedUnwind
                0x0002a36c                __gnu_Unwind_Resume
                0x0002a3a8                __gnu_Unwind_Resume_or_Rethrow
                0x0002a3c0                _Unwind_Complete
                0x0002a3c4                _Unwind_DeleteException
                0x0002a3d4                __gnu_Unwind_Backtrace
 .text          0x0002a464      0x1ac c:/progra~2/codesourcery/source~1/bin/../lib/gcc/arm-none-eabi/4.5.2/thumb2\libgcc.a(libunwind.o)
                0x0002a464                __restore_core_regs
                0x0002a464                restore_core_regs
                0x0002a47c                __gnu_Unwind_Restore_VFP
                0x0002a484                __gnu_Unwind_Save_VFP