Archive member included because of file (symbol)

c:/progra~1/codesourcery/source~1/bin/../lib/gcc/arm-none-eabi/4.5.2/../../../../arm-none-eabi/lib/thumb2\libstdc++.a(si_class_type_info.o)
                              build\Menu.o (vtable for __cxxabiv1::__si_class_type_info)
c:/progra~1/codesourcery/source~1/bin/../lib/gcc/arm-none-eabi/4.5.2/../../../../arm-none-eabi/lib/thumb2\libstdc++.a(pure.o)
                              build\InterfaceBoard.o (__cxa_pure_virtual)
c:/progra~1/codesourcery/source~1/bin/../lib/gcc/arm-none-eabi/4.5.2/../../../../arm-none-eabi/lib/thumb2\libstdc++.a(class_type_info.o)
                              c:/progra~1/codesourcery/source~1/bin/../lib/gcc/arm-none-eabi/4.5.2/../../../../arm-none-eabi/lib/thumb2\libstdc++.a(si_class_type_info.o) (__cxxabiv1::__class_type_info::__do_upcast(__cxxabiv1::__class_type_info const*, void**) const)
c:/progra~1/codesourcery/source~1/bin/../lib/gcc/arm-none-eabi/4.5.2/../../../../arm-none-eabi/lib/thumb2\libstdc++.a(tinfo.o)
                              c:/progra~1/codesourcery/source~1/bin/../lib/gcc/arm-none-eabi/4.5.2/../../../../arm-none-eabi/lib/thumb2\libstdc++.a(class_type_info.o) (std::type_info::~type_info())
c:/progra~1/codesourcery/source~1/bin/../lib/gcc/arm-none-eabi/4.5.2/../../../../arm-none-eabi/lib/thumb2\libstdc++.a(eh_terminate.o)
                              c:/progra~1/codesourcery/source~1/bin/../lib/gcc/arm-none-eabi/4.5.2/../../../../arm-none-eabi/lib/thumb2\libstdc++.a(pure.o) (std::terminate())
c:/progra~1/codesourcery/source~1/bin/../lib/gcc/arm-none-eabi/4.5.2/../../../../arm-none-eabi/lib/thumb2\libstdc++.a(eh_call.o)
                              c:/progra~1/codesourcery/source~1/bin/../lib/gcc/arm-none-eabi/4.5.2/../../../../arm-none-eabi/lib/thumb2\libstdc++.a(eh_terminate.o) (__cxa_call_unexpected)
c:/progra~1/codesourcery/source~1/bin/../lib/gcc/arm-none-eabi/4.5.2/../../../../arm-none-eabi/lib/thumb2\libstdc++.a(eh_term_handler.o)
                              c:/progra~1/codesourcery/source~1/bin/../lib/gcc/arm-none-eabi/4.5.2/../../../../arm-none-eabi/lib/thumb2\libstdc++.a(eh_terminate.o) (__cxxabiv1::__terminate_handler)
c:/progra~1/codesourcery/source~1/bin/../lib/gcc/arm-none-eabi/4.5.2/../../../../arm-none-eabi/lib/thumb2\libstdc++.a(eh_personality.o)
                              c:/progra~1/codesourcery/source~1/bin/../lib/gcc/arm-none-eabi/4.5.2/../../../../arm-none-eabi/lib/thumb2\libstdc++.a(eh_terminate.o) (__gxx_personality_v0)
c:/progra~1/codesourcery/source~1/bin/../lib/gcc/arm-none-eabi/4.5.2/../../../../arm-none-eabi/lib/thumb2\libstdc++.a(eh_throw.o)
                              c:/progra~1/codesourcery/source~1/bin/../lib/gcc/arm-none-eabi/4.5.2/../../../../arm-none-eabi/lib/thumb2\libstdc++.a(eh_call.o) (__cxa_throw)
c:/progra~1/codesourcery/source~1/bin/../lib/gcc/arm-none-eabi/4.5.2/../../../../arm-none-eabi/lib/thumb2\libstdc++.a(eh_unex_handler.o)
                              c:/progra~1/codesourcery/source~1/bin/../lib/gcc/arm-none-eabi/4.5.2/../../../../arm-none-eabi/lib/thumb2\libstdc++.a(eh_terminate.o) (__cxxabiv1::__unexpected_handler)
c:/progra~1/codesourcery/source~1/bin/../lib/gcc/arm-none-eabi/4.5.2/../../../../arm-none-eabi/lib/thumb2\libstdc++.a(eh_globals.o)
                              c:/progra~1/codesourcery/source~1/bin/../lib/gcc/arm-none-eabi/4.5.2/../../../../arm-none-eabi/lib/thumb2\libstdc++.a(eh_call.o) (__cxa_get_globals_fast)
c:/progra~1/codesourcery/source~1/bin/../lib/gcc/arm-none-eabi/4.5.2/../../../../arm-none-eabi/lib/thumb2\libstdc++.a(eh_catch.o)
                              c:/progra~1/codesourcery/source~1/bin/../lib/gcc/arm-none-eabi/4.5.2/../../../../arm-none-eabi/lib/thumb2\libstdc++.a(eh_terminate.o) (__cxa_begin_catch)
c:/progra~1/codesourcery/source~1/bin/../lib/gcc/arm-none-eabi/4.5.2/../../../../arm-none-eabi/lib/thumb2\libstdc++.a(vterminate.o)
                              c:/progra~1/codesourcery/source~1/bin/../lib/gcc/arm-none-eabi/4.5.2/../../../../arm-none-eabi/lib/thumb2\libstdc++.a(eh_term_handler.o) (__gnu_cxx::__verbose_terminate_handler())
c:/progra~1/codesourcery/source~1/bin/../lib/gcc/arm-none-eabi/4.5.2/../../../../arm-none-eabi/lib/thumb2\libstdc++.a(eh_exception.o)
                              c:/progra~1/codesourcery/source~1/bin/../lib/gcc/arm-none-eabi/4.5.2/../../../../arm-none-eabi/lib/thumb2\libstdc++.a(eh_call.o) (std::bad_exception::~bad_exception())
c:/progra~1/codesourcery/source~1/bin/../lib/gcc/arm-none-eabi/4.5.2/../../../../arm-none-eabi/lib/thumb2\libstdc++.a(eh_type.o)
                              c:/progra~1/codesourcery/source~1/bin/../lib/gcc/arm-none-eabi/4.5.2/../../../../arm-none-eabi/lib/thumb2\libstdc++.a(vterminate.o) (__cxa_current_exception_type)
c:/progra~1/codesourcery/source~1/bin/../lib/gcc/arm-none-eabi/4.5.2/../../../../arm-none-eabi/lib/thumb2\libstdc++.a(eh_arm.o)
[...]
Memory Configuration

Name             Origin             Length             Attributes
rom              0x00003000         0x0007d000         xr
ram              0x10001000         0x00007000         xrw
ram1             0x2007c000         0x00004000         xrw
ram2             0x20080000         0x00004000         xrw
*default*        0x00000000         0xffffffff

Linker script and memory map

LOAD c:/progra~1/codesourcery/source~1/bin/../lib/gcc/arm-none-eabi/4.5.2/thumb2/crti.o
LOAD c:/progra~1/codesourcery/source~1/bin/../lib/gcc/arm-none-eabi/4.5.2/thumb2/crtbegin.o
LOAD build\system\core_cm3.o
LOAD build\system\syscalls.o
LOAD build\system\system_LPC17xx.o
LOAD build\system\mini_cpp.o
LOAD build\system\startup_LPC17xx.o
LOAD build\lib\source\Uart32.o
LOAD build\lib\source\debug_frmwrk.o
LOAD build\lib\source\lpc17xx_adc.o
LOAD build\lib\source\lpc17xx_clkpwr.o
LOAD build\lib\source\lpc17xx_gpio.o
LOAD build\lib\source\lpc17xx_i2c.o
LOAD build\lib\source\lpc17xx_libcfg_default.o
LOAD build\lib\source\lpc17xx_nvic.o
LOAD build\lib\source\lpc17xx_pinsel.o
LOAD build\lib\source\lpc17xx_spi.o
LOAD build\lib\source\lpc17xx_timer.o
LOAD build\lib\source\lpc17xx_uart.o
LOAD build\lib_sd\byteordering.o
LOAD build\lib_sd\fat.o
LOAD build\lib_sd\partition.o
LOAD build\lib_sd\sd_raw.o
LOAD build\IAP_internal_flash_write\IAP.o
LOAD build\VCOM_GV\intenable.o
LOAD build\VCOM_GV\serial_fifo.o
LOAD build\VCOM_GV\usbSerial.o
LOAD build\VCOM_GV\usbcontrol.o
LOAD build\VCOM_GV\usbhw_lpc.o
LOAD build\VCOM_GV\usbinit.o
LOAD build\VCOM_GV\usbstdreq.o
LOAD src\shared\PID.o
LOAD src\shared\Packet.o
LOAD build\Command.o
LOAD build\DebugPacketProcessor.o
LOAD build\Delay.o
LOAD build\EepromMap.o
LOAD build\Host.o
LOAD build\Interface.o
LOAD build\InterfaceBoard.o
LOAD build\LPCPort.o
LOAD build\LiquidCrystal.o
LOAD build\Main.o
LOAD build\Menu.o
LOAD build\Microsteps.o
LOAD build\Motherboard.o
LOAD build\PID.o
LOAD build\Packet.o
LOAD build\SDCard.o
LOAD build\StepperInterface.o
LOAD build\Steppers.o
LOAD build\Timeout.o
LOAD build\Tool.o
LOAD build\UART.o
                0x10008000                PROVIDE (__cs3_stack, (__cs3_region_start_ram + __cs3_region_size_ram))
                0x00005060                PROVIDE (__cs3_stack_size, ((__cs3_region_start_ram + __cs3_region_size_ram) - _end))
                0x10002fa0                PROVIDE (__cs3_heap_start, _end)
                0x10008000                PROVIDE (__cs3_heap_end, (__cs3_region_start_ram + __cs3_region_size_ram))

.text           0x00003000    0x2932c
 CREATE_OBJECT_SYMBOLS
                0x00003000                __cs3_region_start_rom = .
 *(.cs3.region-head.rom)
                0x00003000                __cs3_interrupt_vector = __cs3_interrupt_vector_cortex_m
 *(.cs3.interrupt_vector)
 .cs3.interrupt_vector
                0x00003000       0xcc build\system\startup_LPC17xx.o
                0x00003000                __cs3_interrupt_vector_cortex_m
                0x00003001                ASSERT ((. != __cs3_interrupt_vector_cortex_m), No interrupt vector)
 *(.rom)
 *(.rom.b)
                0x000030cc                __cs3_reset = __cs3_reset_cortex_m
 *(.cs3.reset)
 .cs3.reset     0x000030cc       0x10 build\system\startup_LPC17xx.o
                0x000030cc                __cs3_reset_cortex_m
                0x00003001                ASSERT ((. != __cs3_reset), No reset code)
 *(.text .text.* .gnu.linkonce.t.*)
 .text          0x000030dc        0x0 c:/progra~1/codesourcery/source~1/bin/../lib/gcc/arm-none-eabi/4.5.2/thumb2/crti.o
 .text          0x000030dc       0x30 c:/progra~1/codesourcery/source~1/bin/../lib/gcc/arm-none-eabi/4.5.2/thumb2/crtbegin.o
 .text          0x0000310c        0x0 build\system\core_cm3.o
 .text          0x0000310c      0x188 build\system\syscalls.o
                0x0000310c                _kill
                0x00003134                _exit
                0x00003140                _getpid
                0x00003150                get_heap_end
                0x00003164                get_stack_top
                0x00003178                _sbrk
                0x000031cc                _close
                0x000031e4                _fstat
                0x00003208                _isatty
                0x00003220                _lseek
                0x0000323c                _read
                0x00003258                _write
 .text          0x00003294      0x318 build\system\system_LPC17xx.o
                0x00003294                SystemCoreClockUpdate
                0x0000343c                SystemInit
 .text          0x000035ac       0x6c build\system\mini_cpp.o
                0x000035ac                operator new(unsigned int)
                0x000035c8                operator new[](unsigned int)
                0x000035e4                operator delete(void*)
                0x000035fc                __aeabi_atexit
 .text          0x00003618       0x14 build\system\startup_LPC17xx.o
                0x00003618                NMI_Handler
                0x0000361a                HardFault_Handler
                0x0000361c                MemManage_Handler
                0x0000361e                BusFault_Handler
                0x00003620                UsageFault_Handler
                0x00003622                SVC_Handler
                0x00003624                DebugMon_Handler
                0x00003626                PendSV_Handler
                0x00003628                SysTick_Handler
                0x0000362a                PWM1_IRQHandler
                0x0000362a                I2C1_IRQHandler
                0x0000362a                EINT2_IRQHandler
                0x0000362a                EINT3_IRQHandler
                0x0000362a                CANActivity_IRQHandler
                0x0000362a                TIMER3_IRQHandler
                0x0000362a                UART0_IRQHandler
                0x0000362a                I2C0_IRQHandler
                0x0000362a                RIT_IRQHandler
                0x0000362a                CAN_IRQHandler
                0x0000362a                PLL1_IRQHandler
                0x0000362a                SSP0_IRQHandler
                0x0000362a                I2S_IRQHandler
                0x0000362a                I2C2_IRQHandler
                0x0000362a                RTC_IRQHandler
                0x0000362a                SPI_IRQHandler
                0x0000362a                EINT1_IRQHandler
                0x0000362a                UART2_IRQHandler
                0x0000362a                Default_Handler
                0x0000362a                ADC_IRQHandler
                0x0000362a                SSP1_IRQHandler
                0x0000362a                BOD_IRQHandler
                0x0000362a                USBActivity_IRQHandler
                0x0000362a                WDT_IRQHandler
                0x0000362a                PLL0_IRQHandler
                0x0000362a                QEI_IRQHandler
                0x0000362a                EINT0_IRQHandler
                0x0000362a                DMA_IRQHandler
                0x0000362a                TIMER2_IRQHandler
                0x0000362a                UART3_IRQHandler
                0x0000362a                MCPWM_IRQHandler
                0x0000362a                ENET_IRQHandler
 .text          0x0000362c       0xe4 build\lib\source\Uart32.o
                0x0000362c                UART_8
                0x0000364c                UART_32_DEC
                0x000036ac                UART_32_HEX
 .text          0x00003710      0x75c build\lib\source\debug_frmwrk.o
                0x00003710                UARTPutChar
                0x00003738                UARTGetChar
                0x00003768                UARTPuts
                0x0000379c                UARTPuts_
                0x000037c4                UARTPutDec
                0x0000387c                UARTPutDec16
                0x000039b8                UARTPutDec32
                0x00003c1c                UARTPutHex
                0x00003c90                UARTPutHex16
                0x00003d04                UARTPutHex32
                0x00003d74                debug_frmwrk_init
 .text          0x00003e6c      0x518 build\lib\source\lpc17xx_adc.o
                0x00003e6c                ADC_Init
                0x00003f04                ADC_DeInit
                0x00003f48                ADC_GetData
                0x00003f7c                ADC_StartCmd
                0x00004000                ADC_BurstCmd
                0x0000404c                ADC_PowerdownCmd
                0x00004098                ADC_EdgeStartConfig
                0x000040fc                ADC_IntConfig
                0x000041a0                ADC_ChannelCmd
                0x00004208                ADC_ChannelGetData
                0x0000425c                ADC_ChannelGetStatus
                0x000042e0                ADC_GlobalGetData
                0x00004310                ADC_GlobalGetStatus
 .text          0x00004384      0x250 build\lib\source\lpc17xx_clkpwr.o
                0x00004384                CLKPWR_SetPCLKDiv
                0x00004424                CLKPWR_GetPCLKSEL
                0x00004470                CLKPWR_GetPCLK
                0x000044e0                CLKPWR_ConfigPPWR
                0x00004540                CLKPWR_Sleep
                0x0000455c                CLKPWR_DeepSleep
                0x00004584                CLKPWR_PowerDown
                0x000045ac                CLKPWR_DeepPowerDown
 .text          0x000045d4      0x860 build\lib\source\lpc17xx_gpio.o
                0x00004730                GPIO_SetDir
                0x0000477c                GPIO_SetValue
                0x000047a8                GPIO_ClearValue
                0x000047d4                GPIO_ReadValue
                0x00004804                GPIO_IntCmd
                0x00004874                GPIO_GetIntStatus
                0x00004918                GPIO_ClearInt
                0x00004950                FIO_SetDir
                0x00004978                FIO_SetValue
                0x00004998                FIO_ClearValue
                0x000049b8                FIO_ReadValue
                0x000049d8                FIO_IntCmd
                0x00004a00                FIO_GetIntStatus
                0x00004a2c                FIO_ClearInt
                0x00004a4c                FIO_SetMask
                0x00004a98                FIO_HalfWordSetDir
                0x00004b34                FIO_HalfWordSetMask
                0x00004bd0                FIO_HalfWordSetValue
                0x00004c10                FIO_HalfWordClearValue
                0x00004c50                FIO_HalfWordReadValue
                0x00004c94                FIO_ByteSetDir
                0x00004d04                FIO_ByteSetMask
                0x00004d7c                FIO_ByteSetValue
                0x00004db8                FIO_ByteClearValue
                0x00004df4                FIO_ByteReadValue
 .text          0x00004e34     0x1348 build\lib\source\lpc17xx_i2c.o
                0x000050c4                I2C_Init
                0x00005180                I2C_DeInit
                0x0000520c                I2C_Cmd
                0x00005280                I2C_IntCmd
                0x00005310                I2C_MasterHandler
                0x000056d4                I2C_SlaveHandler
                0x000058a8                I2C_MasterTransferData
                0x00005bdc                I2C_SlaveTransferData
                0x00005e3c                I2C_SetOwnSlaveAddr
                0x00005f40                I2C_MonitorModeConfig
                0x00005fc8                I2C_MonitorModeCmd
                0x00006068                I2C_MonitorGetDatabuffer
                0x000060b4                I2C_MonitorHandler
                0x0000610c                I2C_MasterTransferComplete
                0x00006144                I2C_SlaveTransferComplete
 .text          0x0000617c        0xc build\lib\source\lpc17xx_libcfg_default.o
                0x0000617c                check_failed
 .text          0x00006188       0xfc build\lib\source\lpc17xx_nvic.o
                0x00006188                NVIC_DeInit
                0x000061e8                NVIC_SCBDeInit
                0x00006268                NVIC_SetVTOR
 .text          0x00006284      0x284 build\lib\source\lpc17xx_pinsel.o
                0x00006438                PINSEL_ConfigTraceFunc
                0x00006478                PINSEL_SetI2C0Pins
                0x000064b4                PINSEL_ConfigPin
 .text          0x00006508      0x58c build\lib\source\lpc17xx_spi.o
                0x00006508                SPI_SetClock
                0x00006584                SPI_DeInit
                0x000065c4                SPI_GetDataSize
                0x00006600                SPI_Init
                0x00006698                SPI_ConfigStructInit
                0x000066dc                SPI_SendData
                0x00006710                SPI_ReceiveData
                0x00006744                SPI_ReadWrite
                0x00006938                SPI_IntCmd
                0x000069a0                SPI_GetIntStatus
                0x000069d8                SPI_ClearIntPending
                0x00006a0c                SPI_GetStatus
                0x00006a40                SPI_CheckStatus
 .text          0x00006a94      0xab0 build\lib\source\lpc17xx_timer.o
                0x00006bc0                TIM_GetIntStatus
                0x00006c68                TIM_GetIntCaptureStatus
                0x00006d14                TIM_ClearIntPending
                0x00006da0                TIM_ClearIntCapturePending
                0x00006e30                TIM_ConfigStructInit
                0x00006e70                TIM_Init
                0x00007018                TIM_DeInit
                0x000070c0                TIM_Cmd
                0x00007130                TIM_ResetCounter
                0x00007194                TIM_ConfigMatch
                0x00007344                TIM_UpdateMatchValue
                0x000073d4                TIM_ConfigCapture
                0x000074cc                TIM_GetCaptureValue
 .text          0x00007544     0x16c0 build\lib\source\lpc17xx_uart.o
                0x0000784c                UART_Init
                0x00007b70                UART_DeInit
                0x00007c18                UART_ConfigStructInit
                0x00007c4c                UART_SendByte
                0x00007cb4                UART_ReceiveByte
                0x00007d1c                UART_Send
                0x00007e28                UART_Receive
                0x00007f00                UART_ForceBreak
                0x00007f78                UART_IntConfig
                0x00008110                UART_GetLineStatus
                0x00008178                UART_GetIntId
                0x000081d4                UART_CheckBusy
                0x00008200                UART_FIFOConfig
                0x0000835c                UART_FIFOConfigStructInit
                0x00008390                UART_ABCmd
                0x000084d8                UART_ABClearIntPending
                0x0000854c                UART_TxCmd
                0x00008618                UART_IrDAInvtInputCmd
                0x00008694                UART_IrDACmd
                0x00008708                UART_IrDAPulseDivConfig
                0x000087a8                UART_FullModemForcePinState
                0x00008864                UART_FullModemConfigMode
                0x0000892c                UART_FullModemGetStatus
                0x00008960                UART_RS485Config
                0x00008ae8                UART_RS485ReceiverCmd
                0x00008b30                UART_RS485Send
                0x00008bb4                UART_RS485SendSlvAddr
                0x00008bdc                UART_RS485SendData
 .text          0x00008c04       0xf8 build\lib_sd\byteordering.o
                0x00008c04                read16
                0x00008c34                read32
                0x00008c78                write16
                0x00008ca8                write32
 .text          0x00008cfc     0x1cb8 build\lib_sd\fat.o
                0x00008cfc                fat_open
                0x00008d98                fat_close
                0x00009380                fat_get_dir_entry_of_path
                0x000094b8                fat_open_file
                0x00009560                fat_close_file
                0x00009580                fat_read_file
                0x00009710                fat_write_file
                0x00009930                fat_seek_file
                0x000099cc                fat_resize_file
                0x00009b10                fat_open_dir
                0x00009bac                fat_close_dir
                0x00009bcc                fat_read_dir
                0x00009d54                fat_reset_dir
                0x0000a58c                fat_create_file
                0x0000a648                fat_delete_file
                0x0000a700                fat_create_dir
                0x0000a884                fat_get_fs_size
                0x0000a8b8                fat_get_fs_free
 .text          0x0000a9b4      0x16c build\lib_sd\partition.o
                0x0000a9b4                partition_open
                0x0000aaf4                partition_close
 .text          0x0000ab20      0xae4 build\lib_sd\sd_raw.o
                0x0000ab20                sd_raw_init
                0x0000ada0                sd_raw_available
                0x0000adb4                sd_raw_locked
                0x0000aee4                sd_raw_read
                0x0000b010                sd_raw_read_interval
                0x0000b090                sd_raw_write
                0x0000b1fc                sd_raw_write_interval
                0x0000b298                sd_raw_sync
                0x0000b2e4                sd_raw_get_info
 .text          0x0000b604      0x214 build\IAP_internal_flash_write\IAP.o
                0x0000b604                IAP::read_ID()
                0x0000b638                IAP::read_serial()
                0x0000b66c                IAP::blank_check(int, int)
                0x0000b6b0                IAP::erase(int, int)
                0x0000b700                IAP::prepare(int, int)
                0x0000b744                IAP::write(char*, char*, int)
                0x0000b79c                IAP::compare(char*, char*, int)
                0x0000b7e8                IAP::reserved_flash_area_start()
                0x0000b800                IAP::reserved_flash_area_size()
 .text          0x0000b818       0x44 build\VCOM_GV\intenable.o
                0x0000b84c                enable_USB_interrupts
 .text          0x0000b85c      0x164 build\VCOM_GV\serial_fifo.o
                0x0000b85c                fifo_init
                0x0000b888                fifo_put
                0x0000b8f0                fifo_get
                0x0000b95c                fifo_avail
                0x0000b99c                fifo_free
 .text          0x0000b9c0      0x8e8 build\VCOM_GV\usbSerial.o
                0x0000bb58                VCOM_init
                0x0000bb80                VCOM_putchar
                0x0000bbb0                VCOM_getchar
                0x0000bc0c                usbSerialInit
                0x0000bc88                VCOM_puts
                0x0000bcb4                VCOM_putc
                0x0000bcd8                VCOM_getc
                0x0000bd04                VCOM_putHex
                0x0000bd68                VCOM_gets
                0x0000bdac                VCOM_getc_echo
                0x0000bdd0                VCOM_gets_echo
                0x0000be14                xatoi
                0x0000bf98                xitoa
                0x0000c0f4                VCOM_printf
 .text          0x0000c2a8      0x27c build\VCOM_GV\usbcontrol.o
                0x0000c37c                USBHandleControlTransfer
                0x0000c4f0                USBRegisterRequestHandler
 .text          0x0000c524      0x76c build\VCOM_GV\usbhw_lpc.o
                0x0000c68c                USBHwEPConfig
                0x0000c6d0                USBHwRegisterEPIntHandler
                0x0000c748                USBHwRegisterDevIntHandler
                0x0000c778                USBHwRegisterFrameHandler
                0x0000c7a8                USBHwSetAddress
                0x0000c7cc                USBHwConnect
                0x0000c7f4                USBHwNakIntEnable
                0x0000c814                USBHwEPGetStatus
                0x0000c84c                USBHwEPStall
                0x0000c89c                USBHwEPWrite
                0x0000c950                USBHwEPRead
                0x0000ca38                USBHwConfigDevice
                0x0000ca60                USBHwISR
                0x0000cbb8                USBHwInit
 .text          0x0000cc90       0x74 build\VCOM_GV\usbinit.o
                0x0000cca4                USBInit
 .text          0x0000cd04      0x4c0 build\VCOM_GV\usbstdreq.o
                0x0000cd04                USBRegisterDescriptors
                0x0000cd20                USBGetDescriptor
                0x0000d12c                USBHandleStandardRequest
                0x0000d1a8                USBRegisterCustomReqHandler
 .text          0x0000d1c4      0x28c src\shared\PID.o
                0x0000d1c4                PID::reset()
                0x0000d1fc                PID::reset_state()
                0x0000d280                PID::calculate(int)
                0x0000d3d8                PID::setTarget(int)
                0x0000d400                PID::getErrorTerm()
                0x0000d418                PID::getDeltaTerm()
                0x0000d438                PID::getLastOutput()
 .text          0x0000d450      0x54c src\shared\Packet.o
                0x0000d450                _crc_ibutton_update(unsigned char, unsigned char)
                0x0000d4c0                Packet::appendByte(unsigned char)
                0x0000d520                Packet::reset()
                0x0000d558                InPacket::InPacket()
                0x0000d558                InPacket::InPacket()
                0x0000d57c                InPacket::reset()
                0x0000d594                InPacket::processByte(unsigned char)
                0x0000d6bc                Packet::read8(unsigned char) const
                0x0000d6e0                Packet::read16(unsigned char) const
                0x0000d720                Packet::read32(unsigned char) const
                0x0000d778                OutPacket::OutPacket()
                0x0000d778                OutPacket::OutPacket()
                0x0000d79c                OutPacket::reset()
                0x0000d7c0                OutPacket::prepareForResend()
                0x0000d7f0                OutPacket::getNextByteToSend()
                0x0000d8ec                OutPacket::append8(unsigned char)
                0x0000d90c                OutPacket::append16(unsigned short)
                0x0000d944                OutPacket::append32(unsigned long)
 .text._ZN6Packet5errorEh
                0x0000d99c       0x24 src\shared\Packet.o
                0x0000d99c                Packet::error(unsigned char)
 .text._ZN6PacketC2Ev
                0x0000d9c0       0x18 src\shared\Packet.o
                0x0000d9c0                Packet::Packet()
                0x0000d9c0                Packet::Packet()
 .text          0x0000d9d8      0xb68 build\Command.o
                0x0000d9d8                command::getRemainingCapacity()
                0x0000d9f8                command::pause(bool)
                0x0000da18                command::isPaused()
                0x0000da2c                command::isEmpty()
                0x0000da40                command::push(unsigned char)
                0x0000da60                command::pop8()
                0x0000da74                command::pop16()
                0x0000daa0                command::pop32()
                0x0000dae0                command::reset()
                0x0000dafc                command::runCommandSlice()
 .text._ZN5PointC2Elllll
                0x0000e540       0x3c build\Command.o
                0x0000e540                Point::Point(long, long, long, long, long)
                0x0000e540                Point::Point(long, long, long, long, long)
 .text._ZN5PointC2Elll
                0x0000e57c       0x64 build\Command.o
                0x0000e57c                Point::Point(long, long, long)
                0x0000e57c                Point::Point(long, long, long)
 .text._ZNK5PointixEj
                0x0000e5e0       0x20 build\Command.o
                0x0000e5e0                Point::operator[](unsigned int) const
 .text._ZN5PointixEj
                0x0000e600       0x20 build\Command.o
                0x0000e600                Point::operator[](unsigned int)
 .text._ZNK6Packet8hasErrorEv
                0x0000e620       0x28 build\Command.o
                0x0000e620                Packet::hasError() const
 .text._ZN19CircularBufferTemplIhEC2EtPh
                0x0000e648       0x48 build\Command.o
                0x0000e648                CircularBufferTempl<unsigned char>::CircularBufferTempl(unsigned short, unsigned char*)
                0x0000e648                CircularBufferTempl<unsigned char>::CircularBufferTempl(unsigned short, unsigned char*)
 .text._ZNK19CircularBufferTemplIhE20getRemainingCapacityEv
                0x0000e690       0x24 build\Command.o
                0x0000e690                CircularBufferTempl<unsigned char>::getRemainingCapacity() const
 .text._ZNK19CircularBufferTemplIhE7isEmptyEv
                0x0000e6b4       0x24 build\Command.o
                0x0000e6b4                CircularBufferTempl<unsigned char>::isEmpty() const
 .text._ZN19CircularBufferTemplIhE4pushEh
                0x0000e6d8       0x5c build\Command.o
                0x0000e6d8                CircularBufferTempl<unsigned char>::push(unsigned char)
 .text._ZN19CircularBufferTemplIhE3popEv
                0x0000e734       0x6c build\Command.o
                0x0000e734                CircularBufferTempl<unsigned char>::pop()
 .text._ZN19CircularBufferTemplIhE5resetEv
                0x0000e7a0       0x34 build\Command.o
                0x0000e7a0                CircularBufferTempl<unsigned char>::reset()
 .text._ZNK19CircularBufferTemplIhE9getLengthEv
                0x0000e7d4       0x1c build\Command.o
                0x0000e7d4                CircularBufferTempl<unsigned char>::getLength() const
 .text._ZN19CircularBufferTemplIhEixEt
                0x0000e7f0       0x3c build\Command.o
                0x0000e7f0                CircularBufferTempl<unsigned char>::operator[](unsigned short)
 .text          0x0000e82c      0x334 build\DebugPacketProcessor.o
                0x0000e82c                processDebugPacket(InPacket const&, OutPacket&)
 .text._ZNK6Packet9getLengthEv
                0x0000eb60       0x1c build\DebugPacketProcessor.o
                0x0000eb60                Packet::getLength() const
 .text._ZN11Motherboard8getBoardEv
                0x0000eb7c       0x14 build\DebugPacketProcessor.o
                0x0000eb7c                Motherboard::getBoard()
 .text          0x0000eb90      0x140 build\Delay.o
                0x0000eb90                few_ticks
                0x0000ec58                _delay_us
                0x0000ec90                _delay_ms
                0x0000ecb0                _delay_s
 .text          0x0000ecd0      0x74c build\EepromMap.o
                0x0000ecd0                print_menu()
                0x0000ed18                test_uart()
                0x0000edd8                test_led(unsigned char)
                0x0000ee48                test_led2(unsigned char)
                0x0000eeb8                test_led3(unsigned char)
                0x0000ef28                test_u()
                0x0000ef9c                UART_8(LPC_UART_TypeDef*, unsigned char)
                0x0000efbc                UART_32_DEC(LPC_UART_TypeDef*, unsigned long)
                0x0000f01c                UART_32_HEX(LPC_UART_TypeDef*, unsigned long)
                0x0000f080                read_all_from_flash()
                0x0000f0d8                save_to_flash()
                0x0000f124                microstep_pinout(unsigned char)
                0x0000f1fc                eeprom::init()
                0x0000f2a8                eeprom::getEeprom8(unsigned long, unsigned char)
                0x0000f2d4                eeprom::getEeprom16(unsigned long, unsigned short)
 .text._ZN3IAPC2Ev
                0x0000f41c       0x3c build\EepromMap.o
                0x0000f41c                IAP::IAP()
                0x0000f41c                IAP::IAP()
 .text          0x0000f458      0x7a4 build\Host.o
                0x0000f458                host::runHostSlice()
                0x0000f5e4                host::processCommandPacket(InPacket const&, OutPacket&)
                0x0000f6cc                host::doToolPause(OutPacket&)
                0x0000f7e8                host::processQueryPacket(InPacket const&, OutPacket&)
                0x0000f9d0                host::getMachineName()
                0x0000fa64                host::getBuildName()
                0x0000fa78                host::getHostState()
                0x0000fa8c                host::startBuildFromSD()
                0x0000fac4                host::stopBuild()
 .text._ZNK6Packet12getErrorCodeEv
                0x0000fbfc       0x1c build\Host.o
                0x0000fbfc                Packet::getErrorCode() const
 .text._ZNK6Packet7getDataEv
                0x0000fc18       0x1c build\Host.o
                0x0000fc18                Packet::getData() const
 .text._ZNK8InPacket10isFinishedEv
                0x0000fc34       0x28 build\Host.o
                0x0000fc34                InPacket::isFinished() const
 .text._ZNK8InPacket9isStartedEv
                0x0000fc5c       0x28 build\Host.o
                0x0000fc5c                InPacket::isStarted() const
 .text._ZN8InPacket7timeoutEv
                0x0000fc84       0x1c build\Host.o
                0x0000fc84                InPacket::timeout()
 .text._ZNK9OutPacket9isSendingEv
                0x0000fca0       0x38 build\Host.o
                0x0000fca0                OutPacket::isSending() const
 .text._ZN4UART11getHostUARTEv
                0x0000fcd8       0x14 build\Host.o
                0x0000fcd8                UART::getHostUART()
 .text._ZNK7Timeout8isActiveEv
                0x0000fcec       0x18 build\Host.o
                0x0000fcec                Timeout::isActive() const
 .text._ZN11Motherboard19getStepperInterfaceEi
                0x0000fd04       0x28 build\Host.o
                0x0000fd04                Motherboard::getStepperInterface(int)
 .text._ZN4host13handleVersionERK8InPacketR9OutPacket
                0x0000fd2c       0x28 build\Host.o
                0x0000fd2c                host::handleVersion(InPacket const&, OutPacket&)
 .text._ZN4host18handleGetBuildNameERK8InPacketR9OutPacket
                0x0000fd54       0x5c build\Host.o
                0x0000fd54                host::handleGetBuildName(InPacket const&, OutPacket&)
 .text._ZN4host19handleGetBufferSizeERK8InPacketR9OutPacket
                0x0000fdb0       0x2c build\Host.o
                0x0000fdb0                host::handleGetBufferSize(InPacket const&, OutPacket&)
 .text._ZN4host17handleGetPositionERK8InPacketR9OutPacket
                0x0000fddc      0x110 build\Host.o
                0x0000fddc                host::handleGetPosition(InPacket const&, OutPacket&)
 .text._ZN4host20handleGetPositionExtERK8InPacketR9OutPacket
                0x0000feec      0x148 build\Host.o
                0x0000feec                host::handleGetPositionExt(InPacket const&, OutPacket&)
 .text._ZN4host19handleCaptureToFileERK8InPacketR9OutPacket
                0x00010034       0x3c build\Host.o
                0x00010034                host::handleCaptureToFile(InPacket const&, OutPacket&)
 .text._ZN4host16handleEndCaptureERK8InPacketR9OutPacket
                0x00010070       0x2c build\Host.o
                0x00010070                host::handleEndCapture(InPacket const&, OutPacket&)
 .text._ZN4host14handlePlaybackERK8InPacketR9OutPacket
                0x0001009c       0x84 build\Host.o
                0x0001009c                host::handlePlayback(InPacket const&, OutPacket&)
 .text._ZN4host18handleNextFilenameERK8InPacketR9OutPacket
                0x00010120      0x10c build\Host.o
                0x00010120                host::handleNextFilename(InPacket const&, OutPacket&)
 .text._ZN4host15handleToolQueryERK8InPacketR9OutPacket
                0x0001022c      0x17c build\Host.o
                0x0001022c                host::handleToolQuery(InPacket const&, OutPacket&)
 .text._ZN4host11handlePauseERK8InPacketR9OutPacket
                0x000103a8       0x34 build\Host.o
                0x000103a8                host::handlePause(InPacket const&, OutPacket&)
 .text._ZN4host16handleIsFinishedERK8InPacketR9OutPacket
                0x000103dc       0x60 build\Host.o
                0x000103dc                host::handleIsFinished(InPacket const&, OutPacket&)
 .text._ZN4host16handleReadEepromERK8InPacketR9OutPacket
                0x0001043c       0x78 build\Host.o
                0x0001043c                host::handleReadEeprom(InPacket const&, OutPacket&)
 .text._ZN4host17handleWriteEepromERK8InPacketR9OutPacket
                0x000104b4       0x94 build\Host.o
                0x000104b4                host::handleWriteEeprom(InPacket const&, OutPacket&)
 .text._ZN4host18handleExtendedStopERK8InPacketR9OutPacket
                0x00010548       0x54 build\Host.o
                0x00010548                host::handleExtendedStop(InPacket const&, OutPacket&)
 .text._ZN4host27handleGetCommunicationStatsERK8InPacketR9OutPacket
                0x0001059c       0x60 build\Host.o
                0x0001059c                host::handleGetCommunicationStats(InPacket const&, OutPacket&)
 .text          0x000105fc       0xc8 build\Interface.o
                0x000105fc                interfaceboard::isConnected()
                0x00010614                interfaceboard::init()
                0x00010624                interfaceboard::pushScreen(Screen*)
                0x00010640                interfaceboard::popScreen()
                0x00010650                interfaceboard::doInterrupt()
                0x00010660                interfaceboard::getUpdateRate()
                0x00010674                interfaceboard::doUpdate()
 .text          0x000106c4      0x5e8 build\InterfaceBoard.o
                0x000106c4                ButtonArray::init()
                0x000106e8                ButtonArray::scanButtons()
                0x00010814                ButtonArray::getButton(InterfaceBoardDefinitions::ButtonName&)
                0x00010850                InterfaceBoard::InterfaceBoard()
                0x00010850                InterfaceBoard::InterfaceBoard()
                0x00010a24                InterfaceBoard::init()
                0x00010a38                InterfaceBoard::doInterrupt()
                0x00010a54                InterfaceBoard::getUpdateRate()
                0x00010a98                InterfaceBoard::doUpdate()
                0x00010b90                InterfaceBoard::pushScreen(Screen*)
                0x00010c44                InterfaceBoard::popScreen()
 .text._ZN4Port15setPinDirectionEhb
                0x00010cac       0x2c build\InterfaceBoard.o
                0x00010cac                Port::setPinDirection(unsigned char, bool)
 .text._ZN4Port6setPinEhb
                0x00010cd8       0x4c build\InterfaceBoard.o
                0x00010cd8                Port::setPin(unsigned char, bool)
 .text._ZN3PinC2ER4Porth
                0x00010d24       0x38 build\InterfaceBoard.o
                0x00010d24                Pin::Pin(Port&, unsigned char)
                0x00010d24                Pin::Pin(Port&, unsigned char)
 .text._ZN3Pin12setDirectionEb
                0x00010d5c       0x30 build\InterfaceBoard.o
                0x00010d5c                Pin::setDirection(bool)
 .text._ZN3Pin8setValueEb
                0x00010d8c       0x30 build\InterfaceBoard.o
                0x00010d8c                Pin::setValue(bool)
 .text._ZN6ScreenC2Ev
                0x00010dbc       0x20 build\InterfaceBoard.o
                0x00010dbc                Screen::Screen()
                0x00010dbc                Screen::Screen()
 .text._ZN12SplashScreenC2Ev
                0x00010ddc       0x28 build\InterfaceBoard.o
                0x00010ddc                SplashScreen::SplashScreen()
                0x00010ddc                SplashScreen::SplashScreen()
 .text._ZN11MonitorModeC2Ev
                0x00010e04       0x34 build\InterfaceBoard.o
                0x00010e04                MonitorMode::MonitorMode()
                0x00010e04                MonitorMode::MonitorMode()
 .text          0x00010e38       0x70 build\LPCPort.o
 .text._ZN4PortC2Eh
                0x00010ea8       0x20 build\LPCPort.o
                0x00010ea8                Port::Port(unsigned char)
                0x00010ea8                Port::Port(unsigned char)
 .text          0x00010ec8      0xbe0 build\LiquidCrystal.o
                0x00010ec8                LiquidCrystal::LiquidCrystal(Pin, Pin, Pin, Pin, Pin, Pin, Pin, Pin, Pin, Pin, Pin)
                0x00010ec8                LiquidCrystal::LiquidCrystal(Pin, Pin, Pin, Pin, Pin, Pin, Pin, Pin, Pin, Pin, Pin)
                0x00010f80                LiquidCrystal::LiquidCrystal(Pin, Pin, Pin, Pin, Pin, Pin, Pin, Pin, Pin, Pin)
                0x00010f80                LiquidCrystal::LiquidCrystal(Pin, Pin, Pin, Pin, Pin, Pin, Pin, Pin, Pin, Pin)
                0x00011044                LiquidCrystal::LiquidCrystal(Pin, Pin, Pin, Pin, Pin, Pin, Pin)
                0x00011044                LiquidCrystal::LiquidCrystal(Pin, Pin, Pin, Pin, Pin, Pin, Pin)
                0x00011124                LiquidCrystal::LiquidCrystal(Pin, Pin, Pin, Pin, Pin, Pin)
                0x00011124                LiquidCrystal::LiquidCrystal(Pin, Pin, Pin, Pin, Pin, Pin)
                0x00011210                LiquidCrystal::init(unsigned char, Pin, Pin, Pin, Pin, Pin, Pin, Pin, Pin, Pin, Pin, Pin)
                0x000112dc                LiquidCrystal::begin(unsigned char, unsigned char, unsigned char)
                0x00011454                LiquidCrystal::clear()
                0x00011478                LiquidCrystal::home()
                0x0001149c                LiquidCrystal::setCursor(unsigned char, unsigned char)
                0x00011504                LiquidCrystal::noDisplay()
                0x00011534                LiquidCrystal::display()
                0x00011564                LiquidCrystal::noCursor()
                0x00011594                LiquidCrystal::cursor()
                0x000115c4                LiquidCrystal::noBlink()
                0x000115f4                LiquidCrystal::blink()
                0x00011624                LiquidCrystal::scrollDisplayLeft()
                0x00011640                LiquidCrystal::scrollDisplayRight()
                0x0001165c                LiquidCrystal::leftToRight()
                0x0001168c                LiquidCrystal::rightToLeft()
                0x000116bc                LiquidCrystal::autoscroll()
                0x000116ec                LiquidCrystal::noAutoscroll()
                0x0001171c                LiquidCrystal::createChar(unsigned char, unsigned char*)
                0x00011788                LiquidCrystal::writeInt(unsigned short, unsigned char)
                0x00011848                LiquidCrystal::writeString(char*)
                0x0001188c                LiquidCrystal::writeFromPgmspace(char const*)
                0x000118cc                LiquidCrystal::send(unsigned char, bool)
                0x00011950                LiquidCrystal::pulseEnable()
                0x000119a8                LiquidCrystal::write4bits(unsigned char)
                0x00011a28                LiquidCrystal::write8bits(unsigned char)
 .text._ZN4PortC2Ev
                0x00011aa8       0x20 build\LiquidCrystal.o
                0x00011aa8                Port::Port()
                0x00011aa8                Port::Port()
 .text._ZN4Port6isNullEv
                0x00011ac8       0x24 build\LiquidCrystal.o
                0x00011ac8                Port::isNull()
 .text._ZN3PinC2Ev
                0x00011aec       0x28 build\LiquidCrystal.o
                0x00011aec                Pin::Pin()
                0x00011aec                Pin::Pin()
 .text._ZN3Pin6isNullEv
                0x00011b14       0x1c build\LiquidCrystal.o
                0x00011b14                Pin::isNull()
 .text._ZN13LiquidCrystal7commandEh
                0x00011b30       0x24 build\LiquidCrystal.o
                0x00011b30                LiquidCrystal::command(unsigned char)
 .text._ZN13LiquidCrystal5writeEh
                0x00011b54       0x24 build\LiquidCrystal.o
                0x00011b54                LiquidCrystal::write(unsigned char)
 .text          0x00011b78      0x87c build\Main.o
                0x00011f74                reset(bool)
                0x000121d0                main
 .text          0x000123f4     0x1254 build\Menu.o
                0x000123f4                queryExtruderParameter(unsigned char, OutPacket&)
                0x00012528                SplashScreen::update(LiquidCrystal&, bool)
                0x000125b4                SplashScreen::notifyButtonPressed(InterfaceBoardDefinitions::ButtonName)
                0x000125cc                SplashScreen::reset()
                0x000125e0                JogMode::reset()
                0x00012604                JogMode::update(LiquidCrystal&, bool)
                0x000126c4                JogMode::jog(InterfaceBoardDefinitions::ButtonName)
                0x000127e0                JogMode::notifyButtonPressed(InterfaceBoardDefinitions::ButtonName)
                0x0001286c                SnakeMode::update(LiquidCrystal&, bool)
                0x00012c0c                SnakeMode::reset()
                0x00012ccc                SnakeMode::notifyButtonPressed(InterfaceBoardDefinitions::ButtonName)
                0x00012d48                MonitorMode::reset()
                0x00012d5c                MonitorMode::update(LiquidCrystal&, bool)
                0x00012f14                MonitorMode::notifyButtonPressed(InterfaceBoardDefinitions::ButtonName)
                0x00012f50                Menu::update(LiquidCrystal&, bool)
                0x00013054                Menu::reset()
                0x0001308c                Menu::resetState()
                0x000130a0                Menu::handleSelect(unsigned char)
                0x000130b8                Menu::handleCancel()
                0x000130cc                Menu::notifyButtonPressed(InterfaceBoardDefinitions::ButtonName)
                0x0001318c                CancelBuildMenu::CancelBuildMenu()
                0x0001318c                CancelBuildMenu::CancelBuildMenu()
                0x000131c4                CancelBuildMenu::resetState()
                0x000131e8                CancelBuildMenu::drawItem(unsigned char, LiquidCrystal&)
                0x00013248                CancelBuildMenu::handleSelect(unsigned char)
                0x00013278                MainMenu::MainMenu()
                0x00013278                MainMenu::MainMenu()
                0x000132b0                MainMenu::drawItem(unsigned char, LiquidCrystal&)
                0x00013320                MainMenu::handleSelect(unsigned char)
                0x00013384                SDMenu::SDMenu()
                0x00013384                SDMenu::SDMenu()
                0x000133b4                SDMenu::resetState()
                0x000133d4                SDMenu::countFiles()
                0x00013444                SDMenu::getFilename(unsigned char, char*, unsigned char)
                0x000134d8                SDMenu::drawItem(unsigned char, LiquidCrystal&)
                0x00013588                SDMenu::handleSelect(unsigned char)
 .text._ZN4Menu13getUpdateRateEv
                0x00013648       0x1c build\Menu.o
                0x00013648                Menu::getUpdateRate()
 .text._ZN12SplashScreen13getUpdateRateEv
                0x00013664       0x18 build\Menu.o
                0x00013664                SplashScreen::getUpdateRate()
 .text._ZN7JogMode13getUpdateRateEv
                0x0001367c       0x18 build\Menu.o
                0x0001367c                JogMode::getUpdateRate()
 .text._ZN9SnakeMode13getUpdateRateEv
                0x00013694       0x18 build\Menu.o
                0x00013694                SnakeMode::getUpdateRate()
 .text._ZN11MonitorMode13getUpdateRateEv
                0x000136ac       0x1c build\Menu.o
                0x000136ac                MonitorMode::getUpdateRate()
 .text._ZN7JogModeC2Ev
                0x000136c8       0x28 build\Menu.o
                0x000136c8                JogMode::JogMode()
                0x000136c8                JogMode::JogMode()
 .text._ZN9SnakeModeC2Ev
                0x000136f0       0x28 build\Menu.o
                0x000136f0                SnakeMode::SnakeMode()
                0x000136f0                SnakeMode::SnakeMode()
 .text._ZN4MenuC2Ev
                0x00013718       0x28 build\Menu.o
                0x00013718                Menu::Menu()
                0x00013718                Menu::Menu()
 .text          0x00013740      0x204 build\Microsteps.o
                0x00013740                microsteps::init()
 .text          0x00013944      0x79c build\Motherboard.o
                0x00013b20                Motherboard::indicateError(int)
                0x00013b94                Motherboard::getCurrentError()
                0x00013bb4                TIMER0_IRQHandler
                0x00013bd4                TIMER1_IRQHandler
                0x00013be8                Motherboard::Motherboard()
                0x00013be8                Motherboard::Motherboard()
                0x00013e98                Motherboard::reset()
                0x00014004                Motherboard::getCurrentMicros()
                0x00014020                Motherboard::doInterrupt()
                0x0001405c                Motherboard::runMotherboardSlice()
 .text._ZN16StepperInterfaceC2Ev
                0x000140e0       0x4c build\Motherboard.o
                0x000140e0                StepperInterface::StepperInterface()
                0x000140e0                StepperInterface::StepperInterface()
 .text._ZN16StepperInterfaceC2ERK3PinS2_S2_S2_S2_
                0x0001412c       0x64 build\Motherboard.o
                0x0001412c                StepperInterface::StepperInterface(Pin const&, Pin const&, Pin const&, Pin const&, Pin const&)
                0x0001412c                StepperInterface::StepperInterface(Pin const&, Pin const&, Pin const&, Pin const&, Pin const&)
 .text          0x00014190      0x28c build\PID.o
 .text          0x0001441c      0x54c build\Packet.o
                0x0001441c                _crc_ibutton_update
 .text          0x00014968      0x730 build\SDCard.o
                0x00014968                sdcard::openPartition()
                0x000149d8                sdcard::openFilesys()
                0x00014a08                sdcard::openRoot()
                0x00014a5c                sdcard::initCard()
                0x00014b0c                sdcard::directoryReset()
                0x00014b4c                sdcard::directoryNextEntry(char*, unsigned char)
                0x00014c20                sdcard::findFileInDir(char const*, fat_dir_entry_struct*)
                0x00014c7c                sdcard::openFile(char const*, fat_file_struct**)
                0x00014cd0                sdcard::deleteFile(char*)
                0x00014d18                sdcard::createFile(char*)
                0x00014d4c                sdcard::isPlaying()
                0x00014d60                sdcard::isCapturing()
                0x00014d74                sdcard::startCapture(char*)
                0x00014e0c                sdcard::capturePacket(Packet const&)
                0x00014e64                sdcard::finishCapture()
                0x00014eb0                sdcard::fetchNextByte()
                0x00014ef0                sdcard::playbackHasNext()
                0x00014f04                sdcard::playbackNext()
                0x00014f24                sdcard::startPlayback(char*)
                0x00014fb0                sdcard::playbackRewind(unsigned char)
                0x00014fe4                sdcard::finishPlayback()
                0x00015018                sdcard::reset()
 .text          0x00015098      0x360 build\StepperInterface.o
                0x00015098                StepperInterface::setDirection(bool)
                0x000150c8                StepperInterface::step(bool)
                0x000150ec                StepperInterface::setEnabled(bool)
                0x00015118                StepperInterface::isAtMaximum()
                0x00015164                StepperInterface::isAtMinimum()
                0x000151b0                StepperInterface::init(unsigned char)
 .text._ZN4Port6getPinEh
                0x000153f8       0x34 build\StepperInterface.o
                0x000153f8                Port::getPin(unsigned char)
 .text._ZN3Pin8getValueEv
                0x0001542c       0x28 build\StepperInterface.o
                0x0001542c                Pin::getValue()
 .text          0x00015454      0x66c build\Steppers.o
                0x00015454                steppers::isRunning()
                0x00015488                steppers::init(Motherboard&)
                0x000154fc                steppers::abort()
                0x00015520                steppers::definePosition(Point const&)
                0x00015574                steppers::getPosition()
                0x000155a8                steppers::setHoldZ(bool)
                0x000155c8                steppers::setTarget(Point const&, long)
                0x00015714                steppers::setTargetNew(Point const&, long, unsigned char)
                0x00015858                steppers::startHoming(bool, unsigned char, unsigned long)
                0x00015920                steppers::enableAxis(unsigned char, bool)
                0x00015954                steppers::doInterrupt()
 .text._ZN8steppers4AxisC2Ev
                0x00015ac0       0x20 build\Steppers.o
                0x00015ac0                steppers::Axis::Axis()
                0x00015ac0                steppers::Axis::Axis()
 .text._ZN8steppers4AxisC2ER16StepperInterface
                0x00015ae0       0x24 build\Steppers.o
                0x00015ae0                steppers::Axis::Axis(StepperInterface&)
                0x00015ae0                steppers::Axis::Axis(StepperInterface&)
 .text._ZN8steppers4Axis9setTargetElb
                0x00015b04       0x84 build\Steppers.o
                0x00015b04                steppers::Axis::setTarget(long, bool)
 .text._ZN8steppers4Axis9setHomingEb
                0x00015b88       0x30 build\Steppers.o
                0x00015b88                steppers::Axis::setHoming(bool)
 .text._ZN8steppers4Axis14definePositionEl
                0x00015bb8       0x1c build\Steppers.o
                0x00015bb8                steppers::Axis::definePosition(long)
 .text._ZN8steppers4Axis13enableStepperEb
                0x00015bd4       0x24 build\Steppers.o
                0x00015bd4                steppers::Axis::enableStepper(bool)
 .text._ZN8steppers4Axis5resetEv
                0x00015bf8       0x44 build\Steppers.o
                0x00015bf8                steppers::Axis::reset()
 .text._ZN8steppers4Axis11doInterruptEl
                0x00015c3c       0xcc build\Steppers.o
                0x00015c3c                steppers::Axis::doInterrupt(long)
 .text._ZN8steppers4Axis8doHomingEl
                0x00015d08       0xf8 build\Steppers.o
                0x00015d08                steppers::Axis::doHoming(long)
 .text          0x00015e00      0x10c build\Timeout.o
                0x00015e00                Timeout::Timeout()
                0x00015e00                Timeout::Timeout()
                0x00015e28                Timeout::start(unsigned long)
                0x00015e64                Timeout::hasElapsed()
                0x00015ec4                Timeout::hasLeft()
                0x00015ef0                Timeout::abort()
 .text          0x00015f0c      0xb38 build\Tool.o
                0x000162bc                tool::getInPacket()
                0x000162d0                tool::getOutPacket()
                0x000162e4                tool::getSentPacketCount()
                0x000162f8                tool::getPacketFailureCount()
                0x0001630c                tool::getRetryCount()
                0x00016320                tool::getNoiseByteCount()
                0x00016334                tool::getToolVersion()
                0x0001655c                tool::setToolIndicatorLED()
                0x0001661c                tool::reset()
                0x0001672c                tool::getLock()
                0x00016764                tool::releaseLock()
                0x0001677c                tool::startTransaction()
                0x00016808                tool::isTransactionDone()
                0x00016824                tool::runToolSlice()
 .text._ZN4UART12getSlaveUARTEv
                0x00016a44       0x14 build\Tool.o
                0x00016a44                UART::getSlaveUART()
 .text          0x00016a58      0x364 build\UART.o
                0x00016a58                UART::UART(unsigned char)
                0x00016a58                UART::UART(unsigned char)
                0x00016b58                UART::beginSend()
                0x00016bf4                UART::enable(bool)
                0x00016c40                UART::reset()
                0x00016c68                USB_IRQHandler
                0x00016c74                UART1_IRQHandler
 .text._Z6listenv
                0x00016dbc       0x30 build\UART.o
                0x00016dbc                listen()
 .text._Z5speakv
                0x00016dec       0x30 build\UART.o
                0x00016dec                speak()
 .text          0x00016e1c        0x0 c:/progra~1/codesourcery/source~1/bin/../lib/gcc/arm-none-eabi/4.5.2/../../../../arm-none-eabi/lib/thumb2\libstdc++.a(si_class_type_info.o)
 .text._ZNK10__cxxabiv120__si_class_type_info11__do_upcastEPKNS_17__class_type_infoEPKvRNS1_15__upcast_resultE
                0x00016e1c       0x28 c:/progra~1/codesourcery/source~1/bin/../lib/gcc/arm-none-eabi/4.5.2/../../../../arm-none-eabi/lib/thumb2\libstdc++.a(si_class_type_info.o)
                0x00016e1c                __cxxabiv1::__si_class_type_info::__do_upcast(__cxxabiv1::__class_type_info const*, void const*, __cxxabiv1::__class_type_info::__upcast_result&) const
 .text._ZNK10__cxxabiv120__si_class_type_info12__do_dyncastEiNS_17__class_type_info10__sub_kindEPKS1_PKvS4_S6_RNS1_16__dyncast_resultE
                0x00016e44       0x90 c:/progra~1/codesourcery/source~1/bin/../lib/gcc/arm-none-eabi/4.5.2/../../../../arm-none-eabi/lib/thumb2\libstdc++.a(si_class_type_info.o)
                0x00016e44                __cxxabiv1::__si_class_type_info::__do_dyncast(int, __cxxabiv1::__class_type_info::__sub_kind, __cxxabiv1::__class_type_info const*, void const*, __cxxabiv1::__class_type_info const*, void const*, __cxxabiv1::__class_type_info::__dyncast_result&) const
 .text._ZNK10__cxxabiv120__si_class_type_info20__do_find_public_srcEiPKvPKNS_17__class_type_infoES2_
                0x00016ed4       0x38 c:/progra~1/codesourcery/source~1/bin/../lib/gcc/arm-none-eabi/4.5.2/../../../../arm-none-eabi/lib/thumb2\libstdc++.a(si_class_type_info.o)
                0x00016ed4                __cxxabiv1::__si_class_type_info::__do_find_public_src(int, void const*, __cxxabiv1::__class_type_info const*, void const*) const
 .text._ZN10__cxxabiv120__si_class_type_infoD2Ev
                0x00016f0c       0x14 c:/progra~1/codesourcery/source~1/bin/../lib/gcc/arm-none-eabi/4.5.2/../../../../arm-none-eabi/lib/thumb2\libstdc++.a(si_class_type_info.o)
                0x00016f0c                __cxxabiv1::__si_class_type_info::~__si_class_type_info()
                0x00016f0c                __cxxabiv1::__si_class_type_info::~__si_class_type_info()
 .text._ZN10__cxxabiv120__si_class_type_infoD0Ev
                0x00016f20       0x1c c:/progra~1/codesourcery/source~1/bin/../lib/gcc/arm-none-eabi/4.5.2/../../../../arm-none-eabi/lib/thumb2\libstdc++.a(si_class_type_info.o)
                0x00016f20                __cxxabiv1::__si_class_type_info::~__si_class_type_info()
 .text          0x00016f3c        0x0 c:/progra~1/codesourcery/source~1/bin/../lib/gcc/arm-none-eabi/4.5.2/../../../../arm-none-eabi/lib/thumb2\libstdc++.a(pure.o)
 .text.__cxa_pure_virtual
                0x00016f3c       0x18 c:/progra~1/codesourcery/source~1/bin/../lib/gcc/arm-none-eabi/4.5.2/../../../../arm-none-eabi/lib/thumb2\libstdc++.a(pure.o)
                0x00016f3c                __cxa_pure_virtual
 .text          0x00016f54        0x0 c:/progra~1/codesourcery/source~1/bin/../lib/gcc/arm-none-eabi/4.5.2/../../../../arm-none-eabi/lib/thumb2\libstdc++.a(class_type_info.o)
 .text._ZNK10__cxxabiv117__class_type_info11__do_upcastEPKS0_PPv
                0x00016f54       0x38 c:/progra~1/codesourcery/source~1/bin/../lib/gcc/arm-none-eabi/4.5.2/../../../../arm-none-eabi/lib/thumb2\libstdc++.a(class_type_info.o)
                0x00016f54                __cxxabiv1::__class_type_info::__do_upcast(__cxxabiv1::__class_type_info const*, void**) const
 .text._ZNK10__cxxabiv117__class_type_info20__do_find_public_srcEiPKvPKS0_S2_
                0x00016f8c        0xc c:/progra~1/codesourcery/source~1/bin/../lib/gcc/arm-none-eabi/4.5.2/../../../../arm-none-eabi/lib/thumb2\libstdc++.a(class_type_info.o)
                0x00016f8c                __cxxabiv1::__class_type_info::__do_find_public_src(int, void const*, __cxxabiv1::__class_type_info const*, void const*) const
 .text._ZNK10__cxxabiv117__class_type_info11__do_upcastEPKS0_PKvRNS0_15__upcast_resultE
                0x00016f98       0x1c c:/progra~1/codesourcery/source~1/bin/../lib/gcc/arm-none-eabi/4.5.2/../../../../arm-none-eabi/lib/thumb2\libstdc++.a(class_type_info.o)
                0x00016f98                __cxxabiv1::__class_type_info::__do_upcast(__cxxabiv1::__class_type_info const*, void const*, __cxxabiv1::__class_type_info::__upcast_result&) const
 .text._ZNK10__cxxabiv117__class_type_info12__do_dyncastEiNS0_10__sub_kindEPKS0_PKvS3_S5_RNS0_16__dyncast_resultE
                0x00016fb4       0x3c c:/progra~1/codesourcery/source~1/bin/../lib/gcc/arm-none-eabi/4.5.2/../../../../arm-none-eabi/lib/thumb2\libstdc++.a(class_type_info.o)
                0x00016fb4                __cxxabiv1::__class_type_info::__do_dyncast(int, __cxxabiv1::__class_type_info::__sub_kind, __cxxabiv1::__class_type_info const*, void const*, __cxxabiv1::__class_type_info const*, void const*, __cxxabiv1::__class_type_info::__dyncast_result&) const
 .text._ZNK10__cxxabiv117__class_type_info10__do_catchEPKSt9type_infoPPvj
                0x00016ff0       0x28 c:/progra~1/codesourcery/source~1/bin/../lib/gcc/arm-none-eabi/4.5.2/../../../../arm-none-eabi/lib/thumb2\libstdc++.a(class_type_info.o)
                0x00016ff0                __cxxabiv1::__class_type_info::__do_catch(std::type_info const*, void**, unsigned int) const
 .text._ZN10__cxxabiv117__class_type_infoD2Ev
                0x00017018       0x14 c:/progra~1/codesourcery/source~1/bin/../lib/gcc/arm-none-eabi/4.5.2/../../../../arm-none-eabi/lib/thumb2\libstdc++.a(class_type_info.o)
                0x00017018                __cxxabiv1::__class_type_info::~__class_type_info()
                0x00017018                __cxxabiv1::__class_type_info::~__class_type_info()
 .text._ZN10__cxxabiv117__class_type_infoD0Ev
                0x0001702c       0x1c c:/progra~1/codesourcery/source~1/bin/../lib/gcc/arm-none-eabi/4.5.2/../../../../arm-none-eabi/lib/thumb2\libstdc++.a(class_type_info.o)
                0x0001702c                __cxxabiv1::__class_type_info::~__class_type_info()
 .text          0x00017048        0x0 c:/progra~1/codesourcery/source~1/bin/../lib/gcc/arm-none-eabi/4.5.2/../../../../arm-none-eabi/lib/thumb2\libstdc++.a(tinfo.o)
 .text._ZNSt9type_infoD2Ev
                0x00017048        0xc c:/progra~1/codesourcery/source~1/bin/../lib/gcc/arm-none-eabi/4.5.2/../../../../arm-none-eabi/lib/thumb2\libstdc++.a(tinfo.o)
                0x00017048                std::type_info::~type_info()
                0x00017048                std::type_info::~type_info()
 .text._ZNKSt9type_info14__is_pointer_pEv
                0x00017054        0x4 c:/progra~1/codesourcery/source~1/bin/../lib/gcc/arm-none-eabi/4.5.2/../../../../arm-none-eabi/lib/thumb2\libstdc++.a(tinfo.o)
                0x00017054                std::type_info::__is_pointer_p() const
 .text._ZNKSt9type_info15__is_function_pEv
                0x00017058        0x4 c:/progra~1/codesourcery/source~1/bin/../lib/gcc/arm-none-eabi/4.5.2/../../../../arm-none-eabi/lib/thumb2\libstdc++.a(tinfo.o)
                0x00017058                std::type_info::__is_function_p() const
 .text._ZNKSt9type_info11__do_upcastEPKN10__cxxabiv117__class_type_infoEPPv
                0x0001705c        0x4 c:/progra~1/codesourcery/source~1/bin/../lib/gcc/arm-none-eabi/4.5.2/../../../../arm-none-eabi/lib/thumb2\libstdc++.a(tinfo.o)
                0x0001705c                std::type_info::__do_upcast(__cxxabiv1::__class_type_info const*, void**) const
 .text._ZNSt9type_infoD0Ev
                0x00017060       0x14 c:/progra~1/codesourcery/source~1/bin/../lib/gcc/arm-none-eabi/4.5.2/../../../../arm-none-eabi/lib/thumb2\libstdc++.a(tinfo.o)
                0x00017060                std::type_info::~type_info()
 .text._ZNKSt9type_infoeqERKS_
                0x00017074       0x3c c:/progra~1/codesourcery/source~1/bin/../lib/gcc/arm-none-eabi/4.5.2/../../../../arm-none-eabi/lib/thumb2\libstdc++.a(tinfo.o)
                0x00017074                std::type_info::operator==(std::type_info const&) const
 .text._ZNKSt9type_info10__do_catchEPKS_PPvj
                0x000170b0        0x4 c:/progra~1/codesourcery/source~1/bin/../lib/gcc/arm-none-eabi/4.5.2/../../../../arm-none-eabi/lib/thumb2\libstdc++.a(tinfo.o)
                0x000170b0                std::type_info::__do_catch(std::type_info const*, void**, unsigned int) const
 .text          0x000170b4        0x0 c:/progra~1/codesourcery/source~1/bin/../lib/gcc/arm-none-eabi/4.5.2/../../../../arm-none-eabi/lib/thumb2\libstdc++.a(eh_terminate.o)
 .text._ZN10__cxxabiv111__terminateEPFvvE
                0x000170b4       0x28 c:/progra~1/codesourcery/source~1/bin/../lib/gcc/arm-none-eabi/4.5.2/../../../../arm-none-eabi/lib/thumb2\libstdc++.a(eh_terminate.o)
                0x000170b4                __cxxabiv1::__terminate(void (*)())
 .text._ZSt9terminatev
                0x000170dc       0x10 c:/progra~1/codesourcery/source~1/bin/../lib/gcc/arm-none-eabi/4.5.2/../../../../arm-none-eabi/lib/thumb2\libstdc++.a(eh_terminate.o)
                0x000170dc                std::terminate()
 .text._ZN10__cxxabiv112__unexpectedEPFvvE
                0x000170ec        0x8 c:/progra~1/codesourcery/source~1/bin/../lib/gcc/arm-none-eabi/4.5.2/../../../../arm-none-eabi/lib/thumb2\libstdc++.a(eh_terminate.o)
                0x000170ec                __cxxabiv1::__unexpected(void (*)())
 .text._ZSt10unexpectedv
                0x000170f4       0x14 c:/progra~1/codesourcery/source~1/bin/../lib/gcc/arm-none-eabi/4.5.2/../../../../arm-none-eabi/lib/thumb2\libstdc++.a(eh_terminate.o)
                0x000170f4                std::unexpected()
 .text._ZSt13set_terminatePFvvE
                0x00017108       0x10 c:/progra~1/codesourcery/source~1/bin/../lib/gcc/arm-none-eabi/4.5.2/../../../../arm-none-eabi/lib/thumb2\libstdc++.a(eh_terminate.o)
                0x00017108                std::set_terminate(void (*)())
 .text._ZSt14set_unexpectedPFvvE
                0x00017118       0x10 c:/progra~1/codesourcery/source~1/bin/../lib/gcc/arm-none-eabi/4.5.2/../../../../arm-none-eabi/lib/thumb2\libstdc++.a(eh_terminate.o)
                0x00017118                std::set_unexpected(void (*)())
 .text          0x00017128        0x0 c:/progra~1/codesourcery/source~1/bin/../lib/gcc/arm-none-eabi/4.5.2/../../../../arm-none-eabi/lib/thumb2\libstdc++.a(eh_call.o)
 .text.__cxa_call_terminate
                0x00017128       0x50 c:/progra~1/codesourcery/source~1/bin/../lib/gcc/arm-none-eabi/4.5.2/../../../../arm-none-eabi/lib/thumb2\libstdc++.a(eh_call.o)
                0x00017128                __cxa_call_terminate
 .text.__cxa_call_unexpected
                0x00017178      0x130 c:/progra~1/codesourcery/source~1/bin/../lib/gcc/arm-none-eabi/4.5.2/../../../../arm-none-eabi/lib/thumb2\libstdc++.a(eh_call.o)
                0x00017178                __cxa_call_unexpected
 .text          0x000172a8        0x0 c:/progra~1/codesourcery/source~1/bin/../lib/gcc/arm-none-eabi/4.5.2/../../../../arm-none-eabi/lib/thumb2\libstdc++.a(eh_term_handler.o)
 .text          0x000172a8        0x0 c:/progra~1/codesourcery/source~1/bin/../lib/gcc/arm-none-eabi/4.5.2/../../../../arm-none-eabi/lib/thumb2\libstdc++.a(eh_personality.o)
 .text._ZL12read_sleb128PKhPl
                0x000172a8       0x3c c:/progra~1/codesourcery/source~1/bin/../lib/gcc/arm-none-eabi/4.5.2/../../../../arm-none-eabi/lib/thumb2\libstdc++.a(eh_personality.o)
 .text._ZL28read_encoded_value_with_basehjPKhPj
                0x000172e4       0xac c:/progra~1/codesourcery/source~1/bin/../lib/gcc/arm-none-eabi/4.5.2/../../../../arm-none-eabi/lib/thumb2\libstdc++.a(eh_personality.o)
 .text._ZL21base_of_encoded_valuehP15_Unwind_Context
                0x00017390       0x4c c:/progra~1/codesourcery/source~1/bin/../lib/gcc/arm-none-eabi/4.5.2/../../../../arm-none-eabi/lib/thumb2\libstdc++.a(eh_personality.o)
 .text._ZL17parse_lsda_headerP15_Unwind_ContextPKhP16lsda_header_info
                0x000173dc       0x8c c:/progra~1/codesourcery/source~1/bin/../lib/gcc/arm-none-eabi/4.5.2/../../../../arm-none-eabi/lib/thumb2\libstdc++.a(eh_personality.o)
 .text.__gxx_personality_v0
                0x00017468      0x3ec c:/progra~1/codesourcery/source~1/bin/../lib/gcc/arm-none-eabi/4.5.2/../../../../arm-none-eabi/lib/thumb2\libstdc++.a(eh_personality.o)
                0x00017468                __gxx_personality_v0
 .text          0x00017854        0x0 c:/progra~1/codesourcery/source~1/bin/../lib/gcc/arm-none-eabi/4.5.2/../../../../arm-none-eabi/lib/thumb2\libstdc++.a(eh_throw.o)
 .text._ZL23__gxx_exception_cleanup19_Unwind_Reason_CodeP21_Unwind_Control_Block
                0x00017854       0x4c c:/progra~1/codesourcery/source~1/bin/../lib/gcc/arm-none-eabi/4.5.2/../../../../arm-none-eabi/lib/thumb2\libstdc++.a(eh_throw.o)
 .text.__cxa_throw
                0x000178a0       0x80 c:/progra~1/codesourcery/source~1/bin/../lib/gcc/arm-none-eabi/4.5.2/../../../../arm-none-eabi/lib/thumb2\libstdc++.a(eh_throw.o)
                0x000178a0                __cxa_throw
 .text.__cxa_rethrow
                0x00017920       0x78 c:/progra~1/codesourcery/source~1/bin/../lib/gcc/arm-none-eabi/4.5.2/../../../../arm-none-eabi/lib/thumb2\libstdc++.a(eh_throw.o)
                0x00017920                __cxa_rethrow
 .text          0x00017998        0x0 c:/progra~1/codesourcery/source~1/bin/../lib/gcc/arm-none-eabi/4.5.2/../../../../arm-none-eabi/lib/thumb2\libstdc++.a(eh_unex_handler.o)
 .text          0x00017998        0x0 c:/progra~1/codesourcery/source~1/bin/../lib/gcc/arm-none-eabi/4.5.2/../../../../arm-none-eabi/lib/thumb2\libstdc++.a(eh_globals.o)
 .text.__cxa_get_globals_fast
                0x00017998        0xc c:/progra~1/codesourcery/source~1/bin/../lib/gcc/arm-none-eabi/4.5.2/../../../../arm-none-eabi/lib/thumb2\libstdc++.a(eh_globals.o)
                0x00017998                __cxa_get_globals_fast
 .text.__cxa_get_globals
                0x000179a4        0xc c:/progra~1/codesourcery/source~1/bin/../lib/gcc/arm-none-eabi/4.5.2/../../../../arm-none-eabi/lib/thumb2\libstdc++.a(eh_globals.o)
                0x000179a4                __cxa_get_globals
 .text          0x000179b0        0x0 c:/progra~1/codesourcery/source~1/bin/../lib/gcc/arm-none-eabi/4.5.2/../../../../arm-none-eabi/lib/thumb2\libstdc++.a(eh_catch.o)
 .text.__cxa_get_exception_ptr
                0x000179b0        0x4 c:/progra~1/codesourcery/source~1/bin/../lib/gcc/arm-none-eabi/4.5.2/../../../../arm-none-eabi/lib/thumb2\libstdc++.a(eh_catch.o)
                0x000179b0                __cxa_get_exception_ptr
 .text.__cxa_begin_catch
                0x000179b4       0x9c c:/progra~1/codesourcery/source~1/bin/../lib/gcc/arm-none-eabi/4.5.2/../../../../arm-none-eabi/lib/thumb2\libstdc++.a(eh_catch.o)
                0x000179b4                __cxa_begin_catch
 .text.__cxa_end_catch
                0x00017a50       0x98 c:/progra~1/codesourcery/source~1/bin/../lib/gcc/arm-none-eabi/4.5.2/../../../../arm-none-eabi/lib/thumb2\libstdc++.a(eh_catch.o)
                0x00017a50                __cxa_end_catch
 .text._ZSt18uncaught_exceptionv
                0x00017ae8       0x10 c:/progra~1/codesourcery/source~1/bin/../lib/gcc/arm-none-eabi/4.5.2/../../../../arm-none-eabi/lib/thumb2\libstdc++.a(eh_catch.o)
                0x00017ae8                std::uncaught_exception()
 .text          0x00017af8        0x0 c:/progra~1/codesourcery/source~1/bin/../lib/gcc/arm-none-eabi/4.5.2/../../../../arm-none-eabi/lib/thumb2\libstdc++.a(vterminate.o)
 .text._ZN9__gnu_cxx27__verbose_terminate_handlerEv
                0x00017af8      0x148 c:/progra~1/codesourcery/source~1/bin/../lib/gcc/arm-none-eabi/4.5.2/../../../../arm-none-eabi/lib/thumb2\libstdc++.a(vterminate.o)
                0x00017af8                __gnu_cxx::__verbose_terminate_handler()
 .text          0x00017c40        0x0 c:/progra~1/codesourcery/source~1/bin/../lib/gcc/arm-none-eabi/4.5.2/../../../../arm-none-eabi/lib/thumb2\libstdc++.a(eh_exception.o)
 .text._ZNSt9exceptionD2Ev
                0x00017c40        0xc c:/progra~1/codesourcery/source~1/bin/../lib/gcc/arm-none-eabi/4.5.2/../../../../arm-none-eabi/lib/thumb2\libstdc++.a(eh_exception.o)
                0x00017c40                std::exception::~exception()
                0x00017c40                std::exception::~exception()
 .text._ZNSt13bad_exceptionD2Ev
                0x00017c4c        0xc c:/progra~1/codesourcery/source~1/bin/../lib/gcc/arm-none-eabi/4.5.2/../../../../arm-none-eabi/lib/thumb2\libstdc++.a(eh_exception.o)
                0x00017c4c                std::bad_exception::~bad_exception()
                0x00017c4c                std::bad_exception::~bad_exception()
 .text._ZN10__cxxabiv115__forced_unwindD2Ev
                0x00017c58        0xc c:/progra~1/codesourcery/source~1/bin/../lib/gcc/arm-none-eabi/4.5.2/../../../../arm-none-eabi/lib/thumb2\libstdc++.a(eh_exception.o)
                0x00017c58                __cxxabiv1::__forced_unwind::~__forced_unwind()
                0x00017c58                __cxxabiv1::__forced_unwind::~__forced_unwind()
 .text._ZN10__cxxabiv119__foreign_exceptionD2Ev
                0x00017c64        0xc c:/progra~1/codesourcery/source~1/bin/../lib/gcc/arm-none-eabi/4.5.2/../../../../arm-none-eabi/lib/thumb2\libstdc++.a(eh_exception.o)
                0x00017c64                __cxxabiv1::__foreign_exception::~__foreign_exception()
                0x00017c64                __cxxabiv1::__foreign_exception::~__foreign_exception()
 .text._ZNKSt9exception4whatEv
                0x00017c70        0xc c:/progra~1/codesourcery/source~1/bin/../lib/gcc/arm-none-eabi/4.5.2/../../../../arm-none-eabi/lib/thumb2\libstdc++.a(eh_exception.o)
                0x00017c70                std::exception::what() const
 .text._ZNKSt13bad_exception4whatEv
                0x00017c7c        0xc c:/progra~1/codesourcery/source~1/bin/../lib/gcc/arm-none-eabi/4.5.2/../../../../arm-none-eabi/lib/thumb2\libstdc++.a(eh_exception.o)
                0x00017c7c                std::bad_exception::what() const
 .text._ZN10__cxxabiv119__foreign_exceptionD0Ev
                0x00017c88       0x14 c:/progra~1/codesourcery/source~1/bin/../lib/gcc/arm-none-eabi/4.5.2/../../../../arm-none-eabi/lib/thumb2\libstdc++.a(eh_exception.o)
                0x00017c88                __cxxabiv1::__foreign_exception::~__foreign_exception()
 .text._ZN10__cxxabiv115__forced_unwindD0Ev
                0x00017c9c       0x14 c:/progra~1/codesourcery/source~1/bin/../lib/gcc/arm-none-eabi/4.5.2/../../../../arm-none-eabi/lib/thumb2\libstdc++.a(eh_exception.o)
                0x00017c9c                __cxxabiv1::__forced_unwind::~__forced_unwind()
 .text._ZNSt13bad_exceptionD0Ev
                0x00017cb0       0x14 c:/progra~1/codesourcery/source~1/bin/../lib/gcc/arm-none-eabi/4.5.2/../../../../arm-none-eabi/lib/thumb2\libstdc++.a(eh_exception.o)
                0x00017cb0                std::bad_exception::~bad_exception()
 .text._ZNSt9exceptionD0Ev
                0x00017cc4       0x14 c:/progra~1/codesourcery/source~1/bin/../lib/gcc/arm-none-eabi/4.5.2/../../../../arm-none-eabi/lib/thumb2\libstdc++.a(eh_exception.o)
                0x00017cc4                std::exception::~exception()
 .text          0x00017cd8        0x0 c:/progra~1/codesourcery/source~1/bin/../lib/gcc/arm-none-eabi/4.5.2/../../../../arm-none-eabi/lib/thumb2\libstdc++.a(eh_type.o)
 .text.__cxa_current_exception_type
                0x00017cd8       0x1c c:/progra~1/codesourcery/source~1/bin/../lib/gcc/arm-none-eabi/4.5.2/../../../../arm-none-eabi/lib/thumb2\libstdc++.a(eh_type.o)
                0x00017cd8                __cxa_current_exception_type
 .text          0x00017cf4        0xc c:/progra~1/codesourcery/source~1/bin/../lib/gcc/arm-none-eabi/4.5.2/../../../../arm-none-eabi/lib/thumb2\libstdc++.a(eh_arm.o)
                0x00017cf4                __cxa_end_cleanup
 .text.__cxa_type_match
                0x00017d00       0xd0 c:/progra~1/codesourcery/source~1/bin/../lib/gcc/arm-none-eabi/4.5.2/../../../../arm-none-eabi/lib/thumb2\libstdc++.a(eh_arm.o)
                0x00017d00                __cxa_type_match
 .text.__cxa_begin_cleanup
                0x00017dd0       0x70 c:/progra~1/codesourcery/source~1/bin/../lib/gcc/arm-none-eabi/4.5.2/../../../../arm-none-eabi/lib/thumb2\libstdc++.a(eh_arm.o)
                0x00017dd0                __cxa_begin_cleanup
 .text.__gnu_end_cleanup
                0x00017e40       0x7c c:/progra~1/codesourcery/source~1/bin/../lib/gcc/arm-none-eabi/4.5.2/../../../../arm-none-eabi/lib/thumb2\libstdc++.a(eh_arm.o)
                0x00017e40                __gnu_end_cleanup
 .text          0x00017ebc        0x0 c:/progra~1/codesourcery/source~1/bin/../lib/gcc/arm-none-eabi/4.5.2/../../../../arm-none-eabi/lib/thumb2\libstdc++.a(eh_alloc.o)
 .text.__cxa_allocate_exception
                0x00017ebc       0x7c c:/progra~1/codesourcery/source~1/bin/../lib/gcc/arm-none-eabi/4.5.2/../../../../arm-none-eabi/lib/thumb2\libstdc++.a(eh_alloc.o)
                0x00017ebc                __cxa_allocate_exception
 .text.__cxa_free_exception
                0x00017f38       0x3c c:/progra~1/codesourcery/source~1/bin/../lib/gcc/arm-none-eabi/4.5.2/../../../../arm-none-eabi/lib/thumb2\libstdc++.a(eh_alloc.o)
                0x00017f38                __cxa_free_exception
 .text.__cxa_allocate_dependent_exception
                0x00017f74       0x78 c:/progra~1/codesourcery/source~1/bin/../lib/gcc/arm-none-eabi/4.5.2/../../../../arm-none-eabi/lib/thumb2\libstdc++.a(eh_alloc.o)
                0x00017f74                __cxa_allocate_dependent_exception
 .text.__cxa_free_dependent_exception
                0x00017fec       0x4c c:/progra~1/codesourcery/source~1/bin/../lib/gcc/arm-none-eabi/4.5.2/../../../../arm-none-eabi/lib/thumb2\libstdc++.a(eh_alloc.o)
                0x00017fec                __cxa_free_dependent_exception
 .text._GLOBAL__I___cxa_allocate_exception
                0x00018038        0x4 c:/progra~1/codesourcery/source~1/bin/../lib/gcc/arm-none-eabi/4.5.2/../../../../arm-none-eabi/lib/thumb2\libstdc++.a(eh_alloc.o)
 .text          0x0001803c     0x912c c:/progra~1/codesourcery/source~1/bin/../lib/gcc/arm-none-eabi/4.5.2/../../../../arm-none-eabi/lib/thumb2\libstdc++.a(cp-demangle.o)
                0x00021060                __cxa_demangle
                0x0002113c                __gcclibcxx_demangle_callback
 .text          0x00021168      0x21c c:/progra~1/codesourcery/source~1/bin/../lib/gcc/arm-none-eabi/4.5.2/thumb2\libgcc.a(_arm_addsubsf3.o)
                0x00021168                __aeabi_frsub
                0x00021170                __subsf3
                0x00021170                __aeabi_fsub
                0x00021174                __aeabi_fadd
                0x00021174                __addsf3
                0x000212d4                __aeabi_ui2f
                0x000212d4                __floatunsisf
                0x000212dc                __aeabi_i2f
                0x000212dc                __floatsisf
                0x000212f8                __aeabi_ul2f
                0x000212f8                __floatundisf
                0x00021308                __aeabi_l2f
                0x00021308                __floatdisf
 .text          0x00021384      0x2a0 c:/progra~1/codesourcery/source~1/bin/../lib/gcc/arm-none-eabi/4.5.2/thumb2\libgcc.a(_arm_muldivsf3.o)
                0x00021384                __mulsf3
                0x00021384                __aeabi_fmul
                0x000214ec                __aeabi_fdiv
                0x000214ec                __divsf3
 .text          0x00021624       0x4c c:/progra~1/codesourcery/source~1/bin/../lib/gcc/arm-none-eabi/4.5.2/thumb2\libgcc.a(_arm_fixsfsi.o)
                0x00021624                __aeabi_f2iz
                0x00021624                __fixsfsi
 .text          0x00021670       0x2c c:/progra~1/codesourcery/source~1/bin/../lib/gcc/arm-none-eabi/4.5.2/thumb2\libgcc.a(_aeabi_uldivmod.o)
                0x00021670                __aeabi_uldivmod
 .text          0x0002169c       0x60 c:/progra~1/codesourcery/source~1/bin/../lib/gcc/arm-none-eabi/4.5.2/thumb2\libgcc.a(bpabi.o)
                0x0002169c                __gnu_ldivmod_helper
                0x000216cc                __gnu_uldivmod_helper
 .text          0x000216fc      0xc38 c:/progra~1/codesourcery/source~1/bin/../lib/gcc/arm-none-eabi/4.5.2/thumb2\libgcc.a(unwind-arm.o)
                0x000219d8                _Unwind_VRS_Get
                0x00021a24                _Unwind_VRS_Set
                0x00021dc0                __aeabi_unwind_cpp_pr2
                0x00021dc4                __aeabi_unwind_cpp_pr1
                0x00021dc8                __aeabi_unwind_cpp_pr0
                0x00021dcc                _Unwind_VRS_Pop
                0x000221b4                _Unwind_GetCFA
                0x000221b8                __gnu_Unwind_RaiseException
                0x00022228                __gnu_Unwind_ForcedUnwind
                0x0002223c                __gnu_Unwind_Resume
                0x00022278                __gnu_Unwind_Resume_or_Rethrow
                0x00022290                _Unwind_Complete
                0x00022294                _Unwind_DeleteException
                0x000222a4                __gnu_Unwind_Backtrace
 .text          0x00022334      0x1ac c:/progra~1/codesourcery/source~1/bin/../lib/gcc/arm-none-eabi/4.5.2/thumb2\libgcc.a(libunwind.o)
                0x00022334                __restore_core_regs
                0x00022334                restore_core_regs
                0x0002234c                __gnu_Unwind_Restore_VFP
                0x00022354                __gnu_Unwind_Save_VFP
                0x0002235c                __gnu_Unwind_Restore_VFP_D
                0x00022364                __gnu_Unwind_Save_VFP_D
                0x0002236c                __gnu_Unwind_Restore_VFP_D_16_to_31
                0x00022374                __gnu_Unwind_Save_VFP_D_16_to_31
                0x0002237c                __gnu_Unwind_Restore_WMMXD
                0x000223c0                __gnu_Unwind_Save_WMMXD
                0x00022404                __gnu_Unwind_Restore_WMMXC
                0x00022418                __gnu_Unwind_Save_WMMXC
                0x0002242c                ___Unwind_RaiseException
                0x0002242c                _Unwind_RaiseException
                0x00022450                _Unwind_Resume
                0x00022450                ___Unwind_Resume
                0x00022474                _Unwind_Resume_or_Rethrow
                0x00022474                ___Unwind_Resume_or_Rethrow
                0x00022498                _Unwind_ForcedUnwind
                0x00022498                ___Unwind_ForcedUnwind
                0x000224bc                ___Unwind_Backtrace
                0x000224bc                _Unwind_Backtrace
 .text          0x000224e0      0x3c0 c:/progra~1/codesourcery/source~1/bin/../lib/gcc/arm-none-eabi/4.5.2/thumb2\libgcc.a(pr-support.o)
                0x00022534                __gnu_unwind_execute
                0x00022844                __gnu_unwind_frame
                0x00022870                _Unwind_GetRegionStart
                0x0002287c                _Unwind_GetLanguageSpecificData
                0x00022890                _Unwind_GetDataRelBase
                0x00022898                _Unwind_GetTextRelBase
 .text          0x000228a0        0x4 c:/progra~1/codesourcery/source~1/bin/../lib/gcc/arm-none-eabi/4.5.2/thumb2\libgcc.a(_dvmd_tls.o)
                0x000228a0                __aeabi_idiv0
                0x000228a0                __aeabi_ldiv0
 .text          0x000228a4      0x360 c:/progra~1/codesourcery/source~1/bin/../lib/gcc/arm-none-eabi/4.5.2/thumb2\libgcc.a(_divdi3.o)
                0x000228a4                __divdi3
 .text          0x00022c04      0x308 c:/progra~1/codesourcery/source~1/bin/../lib/gcc/arm-none-eabi/4.5.2/thumb2\libgcc.a(_udivdi3.o)
                0x00022c04                __udivdi3
 *fill*         0x00022f0c        0x4 00
 .text          0x00022f10      0x278 c:/progra~1/codesourcery/source~1/bin/../lib/gcc/arm-none-eabi/4.5.2/thumb2\libgcc.a(_udivsi3.o)
                0x00022f10                __aeabi_uidiv
                0x00022f10                __udivsi3
                0x0002316c                __aeabi_uidivmod
 .text          0x00023188       0x10 c:/progra~1/codesourcery/source~1/bin/../lib/gcc/arm-none-eabi/4.5.2/../../../../arm-none-eabi/lib/thumb2\libc.a(lib_a-abort.o)
                0x00023188                abort
 .text          0x00023198       0xac c:/progra~1/codesourcery/source~1/bin/../lib/gcc/arm-none-eabi/4.5.2/../../../../arm-none-eabi/lib/thumb2\libc.a(lib_a-fputc.o)
                0x00023198                _fputc_r
                0x000231ec                fputc
 .text          0x00023244       0x90 c:/progra~1/codesourcery/source~1/bin/../lib/gcc/arm-none-eabi/4.5.2/../../../../arm-none-eabi/lib/thumb2\libc.a(lib_a-fputs.o)
                0x00023244                _fputs_r
                0x000232c4                fputs
 .text          0x000232d4      0x338 c:/progra~1/codesourcery/source~1/bin/../lib/gcc/arm-none-eabi/4.5.2/../../../../arm-none-eabi/lib/thumb2\libc.a(lib_a-fvwrite.o)
                0x000232d4                __sfvwrite_r
 .text          0x0002360c       0xc0 c:/progra~1/codesourcery/source~1/bin/../lib/gcc/arm-none-eabi/4.5.2/../../../../arm-none-eabi/lib/thumb2\libc.a(lib_a-fwrite.o)
                0x0002360c                _fwrite_r
                0x000236a8                fwrite
 .text          0x000236cc        0x0 c:/progra~1/codesourcery/source~1/bin/../lib/gcc/arm-none-eabi/4.5.2/../../../../arm-none-eabi/lib/thumb2\libc.a(lib_a-impure.o)
 .text          0x000236cc       0x20 c:/progra~1/codesourcery/source~1/bin/../lib/gcc/arm-none-eabi/4.5.2/../../../../arm-none-eabi/lib/thumb2\libc.a(lib_a-malloc.o)
                0x000236cc                malloc
                0x000236dc                free
 .text          0x000236ec      0x57c c:/progra~1/codesourcery/source~1/bin/../lib/gcc/arm-none-eabi/4.5.2/../../../../arm-none-eabi/lib/thumb2\libc.a(lib_a-mallocr.o)
                0x000236ec                _malloc_r
 .text          0x00023c68       0x8c c:/progra~1/codesourcery/source~1/bin/../lib/gcc/arm-none-eabi/4.5.2/../../../../arm-none-eabi/lib/thumb2\libc.a(lib_a-memchr.o)
                0x00023c68                memchr
 .text          0x00023cf4       0x64 c:/progra~1/codesourcery/source~1/bin/../lib/gcc/arm-none-eabi/4.5.2/../../../../arm-none-eabi/lib/thumb2\libc.a(lib_a-memcmp.o)
                0x00023cf4                memcmp
 .text          0x00023d58      0x150 c:/progra~1/codesourcery/source~1/bin/../lib/gcc/arm-none-eabi/4.5.2/../../../../arm-none-eabi/lib/thumb2\libc.a(lib_a-memcpy.o)
                0x00023d58                memcpy
 .text          0x00023ea8       0xb4 c:/progra~1/codesourcery/source~1/bin/../lib/gcc/arm-none-eabi/4.5.2/../../../../arm-none-eabi/lib/thumb2\libc.a(lib_a-memmove.o)
                0x00023ea8                memmove
 .text          0x00023f5c       0xb4 c:/progra~1/codesourcery/source~1/bin/../lib/gcc/arm-none-eabi/4.5.2/../../../../arm-none-eabi/lib/thumb2\libc.a(lib_a-memset.o)
                0x00023f5c                memset
 .text          0x00024010        0x8 c:/progra~1/codesourcery/source~1/bin/../lib/gcc/arm-none-eabi/4.5.2/../../../../arm-none-eabi/lib/thumb2\libc.a(lib_a-mlock.o)
                0x00024010                __malloc_lock
                0x00024014                __malloc_unlock
 .text          0x00024018      0x138 c:/progra~1/codesourcery/source~1/bin/../lib/gcc/arm-none-eabi/4.5.2/../../../../arm-none-eabi/lib/thumb2\libc.a(lib_a-putc.o)
                0x00024018                _putc_r
                0x000240a8                putc
 .text          0x00024150      0x100 c:/progra~1/codesourcery/source~1/bin/../lib/gcc/arm-none-eabi/4.5.2/../../../../arm-none-eabi/lib/thumb2\libc.a(lib_a-rand.o)
                0x00024150                srand
                0x000241ac                rand
 .text          0x00024250       0x14 c:/progra~1/codesourcery/source~1/bin/../lib/gcc/arm-none-eabi/4.5.2/../../../../arm-none-eabi/lib/thumb2\libc.a(lib_a-realloc.o)
                0x00024250                realloc
 .text          0x00024264      0x41c c:/progra~1/codesourcery/source~1/bin/../lib/gcc/arm-none-eabi/4.5.2/../../../../arm-none-eabi/lib/thumb2\libc.a(lib_a-reallocr.o)
                0x00024264                _realloc_r
 .text          0x00024680      0x118 c:/progra~1/codesourcery/source~1/bin/../lib/gcc/arm-none-eabi/4.5.2/../../../../arm-none-eabi/lib/thumb2\libc.a(lib_a-reent.o)
                0x00024680                cleanup_glue
                0x0002469c                _reclaim_reent
                0x0002475c                _wrapup_reent
 .text          0x00024798       0x28 c:/progra~1/codesourcery/source~1/bin/../lib/gcc/arm-none-eabi/4.5.2/../../../../arm-none-eabi/lib/thumb2\libc.a(lib_a-sbrkr.o)
                0x00024798                _sbrk_r
 .text          0x000247c0      0x154 c:/progra~1/codesourcery/source~1/bin/../lib/gcc/arm-none-eabi/4.5.2/../../../../arm-none-eabi/lib/thumb2\libc.a(lib_a-signal.o)
                0x000247c0                _init_signal_r
                0x000247f0                _signal_r
                0x0002482c                _raise_r
                0x00024884                __sigtramp_r
                0x000248d8                raise
                0x000248e8                signal
                0x000248f8                _init_signal
                0x00024904                __sigtramp
 .text          0x00024914       0x30 c:/progra~1/codesourcery/source~1/bin/../lib/gcc/arm-none-eabi/4.5.2/../../../../arm-none-eabi/lib/thumb2\libc.a(lib_a-signalr.o)
                0x00024914                _kill_r
                0x00024940                _getpid_r
 .text          0x00024944       0x94 c:/progra~1/codesourcery/source~1/bin/../lib/gcc/arm-none-eabi/4.5.2/../../../../arm-none-eabi/lib/thumb2\libc.a(lib_a-sprintf.o)
                0x00024944                _sprintf_r
                0x00024988                sprintf
 .text          0x000249d8      0x10c c:/progra~1/codesourcery/source~1/bin/../lib/gcc/arm-none-eabi/4.5.2/../../../../arm-none-eabi/lib/thumb2\libc.a(lib_a-strchr.o)
                0x000249d8                strchr
 .text          0x00024ae4      0x1dc c:/progra~1/codesourcery/source~1/bin/../lib/gcc/arm-none-eabi/4.5.2/../../../../arm-none-eabi/lib/thumb2\libc.a(lib_a-strcmp.o)
                0x00024ae4                strcmp
 .text          0x00024cc0       0xbc c:/progra~1/codesourcery/source~1/bin/../lib/gcc/arm-none-eabi/4.5.2/../../../../arm-none-eabi/lib/thumb2\libc.a(lib_a-strcpy.o)
                0x00024cc0                strcpy
 .text          0x00024d7c       0x60 c:/progra~1/codesourcery/source~1/bin/../lib/gcc/arm-none-eabi/4.5.2/../../../../arm-none-eabi/lib/thumb2\libc.a(lib_a-strlen.o)
                0x00024d7c                strlen
 .text          0x00024ddc       0xac c:/progra~1/codesourcery/source~1/bin/../lib/gcc/arm-none-eabi/4.5.2/../../../../arm-none-eabi/lib/thumb2\libc.a(lib_a-strncmp.o)
                0x00024ddc                strncmp
 .text          0x00024e88       0x78 c:/progra~1/codesourcery/source~1/bin/../lib/gcc/arm-none-eabi/4.5.2/../../../../arm-none-eabi/lib/thumb2\libc.a(lib_a-strncpy.o)
                0x00024e88                strncpy
 .text          0x00024f00       0x28 c:/progra~1/codesourcery/source~1/bin/../lib/gcc/arm-none-eabi/4.5.2/../../../../arm-none-eabi/lib/thumb2\libc.a(lib_a-strrchr.o)
                0x00024f00                strrchr
 .text          0x00024f28     0x1640 c:/progra~1/codesourcery/source~1/bin/../lib/gcc/arm-none-eabi/4.5.2/../../../../arm-none-eabi/lib/thumb2\libc.a(lib_a-svfprintf.o)
                0x00024f28                _svfprintf_r
 .text          0x00026568       0x1c c:/progra~1/codesourcery/source~1/bin/../lib/gcc/arm-none-eabi/4.5.2/../../../../arm-none-eabi/lib/thumb2\libc.a(lib_a-syswrite.o)
                0x00026568                write
 .text          0x00026584       0xfc c:/progra~1/codesourcery/source~1/bin/../lib/gcc/arm-none-eabi/4.5.2/../../../../arm-none-eabi/lib/thumb2\libc.a(lib_a-wbuf.o)
                0x00026584                __swbuf_r
                0x00026670                __swbuf
 .text          0x00026680       0x2c c:/progra~1/codesourcery/source~1/bin/../lib/gcc/arm-none-eabi/4.5.2/../../../../arm-none-eabi/lib/thumb2\libc.a(lib_a-writer.o)
                0x00026680                _write_r
 .text          0x000266ac      0x104 c:/progra~1/codesourcery/source~1/bin/../lib/gcc/arm-none-eabi/4.5.2/../../../../arm-none-eabi/lib/thumb2\libc.a(lib_a-wsetup.o)
                0x000266ac                __swsetup_r
 .text          0x000267b0      0xfe8 c:/progra~1/codesourcery/source~1/bin/../lib/gcc/arm-none-eabi/4.5.2/../../../../arm-none-eabi/lib/thumb2\libc.a(lib_a-dtoa.o)
                0x000268dc                _dtoa_r
 .text          0x00027798      0x1ec c:/progra~1/codesourcery/source~1/bin/../lib/gcc/arm-none-eabi/4.5.2/../../../../arm-none-eabi/lib/thumb2\libc.a(lib_a-fflush.o)
                0x00027798                _fflush_r
                0x0002795c                fflush
 .text          0x00027984      0x220 c:/progra~1/codesourcery/source~1/bin/../lib/gcc/arm-none-eabi/4.5.2/../../../../arm-none-eabi/lib/thumb2\libc.a(lib_a-findfp.o)
                0x0002798c                _cleanup_r
                0x00027998                __sfmoreglue
                0x000279c8                _cleanup
                0x000279d4                __sinit
                0x00027adc                __sfp
                0x00027b64                __sfp_lock_acquire
                0x00027b68                __sfp_lock_release
                0x00027b6c                __sinit_lock_acquire
                0x00027b70                __sinit_lock_release
                0x00027b74                __fp_lock_all
                0x00027b8c                __fp_unlock_all
 .text          0x00027ba4      0x240 c:/progra~1/codesourcery/source~1/bin/../lib/gcc/arm-none-eabi/4.5.2/../../../../arm-none-eabi/lib/thumb2\libc.a(lib_a-freer.o)
                0x00027ba4                _malloc_trim_r