Archive member included because of file (symbol)

c:/progra~2/codesourcery/source~1/bin/../lib/gcc/arm-none-eabi/4.5.2/../../../../arm-none-eabi/lib/thumb2\libstdc++.a(si_class_type_info.o)
                              build\Menu.o (vtable for __cxxabiv1::__si_class_type_info)
c:/progra~2/codesourcery/source~1/bin/../lib/gcc/arm-none-eabi/4.5.2/../../../../arm-none-eabi/lib/thumb2\libstdc++.a(del_op.o)
                              c:/progra~2/codesourcery/source~1/bin/../lib/gcc/arm-none-eabi/4.5.2/../../../../arm-none-eabi/lib/thumb2\libstdc++.a(si_class_type_info.o) (operator delete(void*))
c:/progra~2/codesourcery/source~1/bin/../lib/gcc/arm-none-eabi/4.5.2/../../../../arm-none-eabi/lib/thumb2\libstdc++.a(pure.o)
                              build\InterfaceBoard.o (__cxa_pure_virtual)
c:/progra~2/codesourcery/source~1/bin/../lib/gcc/arm-none-eabi/4.5.2/../../../../arm-none-eabi/lib/thumb2\libstdc++.a(class_type_info.o)
                              c:/progra~2/codesourcery/source~1/bin/../lib/gcc/arm-none-eabi/4.5.2/../../../../arm-none-eabi/lib/thumb2\libstdc++.a(si_class_type_info.o) (__cxxabiv1::__class_type_info::__do_upcast(__cxxabiv1::__class_type_info const*, void**) const)
c:/progra~2/codesourcery/source~1/bin/../lib/gcc/arm-none-eabi/4.5.2/../../../../arm-none-eabi/lib/thumb2\libstdc++.a(tinfo.o)
                              c:/progra~2/codesourcery/source~1/bin/../lib/gcc/arm-none-eabi/4.5.2/../../../../arm-none-eabi/lib/thumb2\libstdc++.a(class_type_info.o) (std::type_info::~type_info())
c:/progra~2/codesourcery/source~1/bin/../lib/gcc/arm-none-eabi/4.5.2/../../../../arm-none-eabi/lib/thumb2\libstdc++.a(eh_terminate.o)
                              c:/progra~2/codesourcery/source~1/bin/../lib/gcc/arm-none-eabi/4.5.2/../../../../arm-none-eabi/lib/thumb2\libstdc++.a(pure.o) (std::terminate())
c:/progra~2/codesourcery/source~1/bin/../lib/gcc/arm-none-eabi/4.5.2/../../../../arm-none-eabi/lib/thumb2\libstdc++.a(eh_call.o)
                              c:/progra~2/codesourcery/source~1/bin/../lib/gcc/arm-none-eabi/4.5.2/../../../../arm-none-eabi/lib/thumb2\libstdc++.a(eh_terminate.o) (__cxa_call_unexpected)
c:/progra~2/codesourcery/source~1/bin/../lib/gcc/arm-none-eabi/4.5.2/../../../../arm-none-eabi/lib/thumb2\libstdc++.a(eh_term_handler.o)
                              c:/progra~2/codesourcery/source~1/bin/../lib/gcc/arm-none-eabi/4.5.2/../../../../arm-none-eabi/lib/thumb2\libstdc++.a(eh_terminate.o) (__cxxabiv1::__terminate_handler)
c:/progra~2/codesourcery/source~1/bin/../lib/gcc/arm-none-eabi/4.5.2/../../../../arm-none-eabi/lib/thumb2\libstdc++.a(eh_personality.o)
                              c:/progra~2/codesourcery/source~1/bin/../lib/gcc/arm-none-eabi/4.5.2/../../../../arm-none-eabi/lib/thumb2\libstdc++.a(eh_terminate.o) (__gxx_personality_v0)
c:/progra~2/codesourcery/source~1/bin/../lib/gcc/arm-none-eabi/4.5.2/../../../../arm-none-eabi/lib/thumb2\libstdc++.a(eh_throw.o)
                              c:/progra~2/codesourcery/source~1/bin/../lib/gcc/arm-none-eabi/4.5.2/../../../../arm-none-eabi/lib/thumb2\libstdc++.a(eh_call.o) (__cxa_throw)
c:/progra~2/codesourcery/source~1/bin/../lib/gcc/arm-none-eabi/4.5.2/../../../../arm-none-eabi/lib/thumb2\libstdc++.a(eh_unex_handler.o)
                              c:/progra~2/codesourcery/source~1/bin/../lib/gcc/arm-none-eabi/4.5.2/../../../../arm-none-eabi/lib/thumb2\libstdc++.a(eh_terminate.o) (__cxxabiv1::__unexpected_handler)
c:/progra~2/codesourcery/source~1/bin/../lib/gcc/arm-none-eabi/4.5.2/../../../../arm-none-eabi/lib/thumb2\libstdc++.a(eh_globals.o)
                              c:/progra~2/codesourcery/source~1/bin/../lib/gcc/arm-none-eabi/4.5.2/../../../../arm-none-eabi/lib/thumb2\libstdc++.a(eh_call.o) (__cxa_get_globals_fast)
c:/progra~2/codesourcery/source~1/bin/../lib/gcc/arm-none-eabi/4.5.2/../../../../arm-none-eabi/lib/thumb2\libstdc++.a(eh_catch.o)
                              c:/progra~2/codesourcery/source~1/bin/../lib/gcc/arm-none-eabi/4.5.2/../../../../arm-none-eabi/lib/thumb2\libstdc++.a(eh_terminate.o) (__cxa_begin_catch)
c:/progra~2/codesourcery/source~1/bin/../lib/gcc/arm-none-eabi/4.5.2/../../../../arm-none-eabi/lib/thumb2\libstdc++.a(vterminate.o)
                              c:/progra~2/codesourcery/source~1/bin/../lib/gcc/arm-none-eabi/4.5.2/../../../../arm-none-eabi/lib/thumb2\libstdc++.a(eh_term_handler.o) (__gnu_cxx::__verbose_terminate_handler())
c:/progra~2/codesourcery/source~1/bin/../lib/gcc/arm-none-eabi/4.5.2/../../../../arm-none-eabi/lib/thumb2\libstdc++.a(eh_exception.o)
                              c:/progra~2/codesourcery/source~1/bin/../lib/gcc/arm-none-eabi/4.5.2/../../../../arm-none-eabi/lib/thumb2\libstdc++.a(eh_call.o) (std::bad_exception::~bad_exception())
c:/progra~2/codesourcery/source~1/bin/../lib/gcc/arm-none-eabi/4.5.2/../../../../arm-none-eabi/lib/thumb2\libstdc++.a(eh_type.o)
[...]
Memory Configuration

Name             Origin             Length             Attributes
rom              0x00003000         0x00080000         xr
ram              0x10000000         0x00008000         xrw
ram1             0x2007c000         0x00004000         xrw
ram2             0x20080000         0x00004000         xrw
*default*        0x00000000         0xffffffff

Linker script and memory map

LOAD build\system\core_cm3.o
LOAD build\system\libnosys_gnu.o
LOAD build\system\system_LPC17xx.o
LOAD build\system\startup_LPC17xx.o
LOAD build\lib\source\debug_frmwrk.o
LOAD build\lib\source\lpc17xx_adc.o
LOAD build\lib\source\lpc17xx_clkpwr.o
LOAD build\lib\source\lpc17xx_dac.o
LOAD build\lib\source\lpc17xx_exti.o
LOAD build\lib\source\lpc17xx_gpdma.o
LOAD build\lib\source\lpc17xx_gpio.o
LOAD build\lib\source\lpc17xx_i2c.o
LOAD build\lib\source\lpc17xx_i2s.o
LOAD build\lib\source\lpc17xx_libcfg_default.o
LOAD build\lib\source\lpc17xx_mcpwm.o
LOAD build\lib\source\lpc17xx_nvic.o
LOAD build\lib\source\lpc17xx_pinsel.o
LOAD build\lib\source\lpc17xx_pwm.o
LOAD build\lib\source\lpc17xx_qei.o
LOAD build\lib\source\lpc17xx_rit.o
LOAD build\lib\source\lpc17xx_spi.o
LOAD build\lib\source\lpc17xx_systick.o
LOAD build\lib\source\lpc17xx_timer.o
LOAD build\lib\source\lpc17xx_uart.o
LOAD build\lib\source\lpc17xx_wdt.o
LOAD build\lib_sd\byteordering.o
LOAD build\lib_sd\fat.o
LOAD build\lib_sd\partition.o
LOAD build\lib_sd\sd_raw.o
LOAD build\IAP_internal_flash_write\IAP.o
LOAD build\USBCDC\cdcuser.o
LOAD build\USBCDC\serial.o
LOAD build\USBCDC\usbcore.o
LOAD build\USBCDC\usbdesc.o
LOAD build\USBCDC\usbhw.o
LOAD build\USBCDC\usbuser.o
LOAD src\shared\PID.o
LOAD src\shared\Packet.o
LOAD build\Command.o
LOAD build\DebugPacketProcessor.o
LOAD build\EepromMap.o
LOAD build\Host.o
LOAD build\Interface.o
LOAD build\InterfaceBoard.o
LOAD build\LPCPort.o
LOAD build\LiquidCrystal.o
LOAD build\Main.o
LOAD build\Menu.o
LOAD build\Motherboard.o
LOAD build\PID.o
LOAD build\PSU.o
LOAD build\Packet.o
LOAD build\SDCard.o
LOAD build\StepperInterface.o
LOAD build\Steppers.o
LOAD build\Timeout.o
LOAD build\Tool.o
LOAD build\UART.o
                0x10008000                PROVIDE (__cs3_stack, (__cs3_region_start_ram + __cs3_region_size_ram))
                0x00004408                PROVIDE (__cs3_stack_size, ((__cs3_region_start_ram + __cs3_region_size_ram) - _end))
                0x10003bf8                PROVIDE (__cs3_heap_start, _end)
                0x10008000                PROVIDE (__cs3_heap_end, (__cs3_region_start_ram + __cs3_region_size_ram))

.text           0x00003000    0x2bcc4
 CREATE_OBJECT_SYMBOLS
                0x00003000                __cs3_region_start_rom = .
 *(.cs3.region-head.rom)
                0x00003000                __cs3_interrupt_vector = __cs3_interrupt_vector_cortex_m
 *(.cs3.interrupt_vector)
 .cs3.interrupt_vector
                0x00003000       0xcc build\system\startup_LPC17xx.o
                0x00003000                __cs3_interrupt_vector_cortex_m
                0x00003001                ASSERT ((. != __cs3_interrupt_vector_cortex_m), No interrupt vector)
 *(.rom)
 *(.rom.b)
                0x000030cc                __cs3_reset = __cs3_reset_cortex_m
 *(.cs3.reset)
 .cs3.reset     0x000030cc       0x10 build\system\startup_LPC17xx.o
                0x000030cc                __cs3_reset_cortex_m
                0x00003001                ASSERT ((. != __cs3_reset), No reset code)
 *(.text .text.* .gnu.linkonce.t.*)
 .text          0x000030dc        0x0 build\system\core_cm3.o
 .text          0x000030dc      0x260 build\system\libnosys_gnu.o
                0x000030dc                _close
                0x000030f4                _execve
                0x0000311c                _exit
                0x0000312c                _fork
                0x00003148                _fstat
                0x0000316c                _getpid
                0x0000317c                _kill
                0x000031a4                isatty
                0x000031bc                _isatty
                0x000031d4                _link
                0x000031fc                _lseek
                0x00003218                _open
                0x00003234                _read
                0x00003250                _sbrk
                0x0000329c                _stat
                0x000032c0                _times
                0x000032d8                _unlink
                0x000032fc                _wait
                0x00003320                _write
 .text          0x0000333c      0x510 build\system\system_LPC17xx.o
                0x0000333c                _undef_open_r
                0x0000335c                _undef_close_r
                0x00003378                _undef_write_r
                0x00003394                _undef_read_r
                0x000033b0                _write_r
                0x000033e4                _read_r
                0x00003418                _open_r
                0x000034a4                _close_r
                0x000034d0                _sbrk_r
                0x00003524                SystemCoreClockUpdate
                0x000036cc                SystemInit
 .text          0x0000384c       0x14 build\system\startup_LPC17xx.o
                0x0000384c                NMI_Handler
                0x0000384e                HardFault_Handler
                0x00003850                MemManage_Handler
                0x00003852                BusFault_Handler
                0x00003854                UsageFault_Handler
                0x00003856                SVC_Handler
                0x00003858                DebugMon_Handler
                0x0000385a                PendSV_Handler
                0x0000385c                SysTick_Handler
                0x0000385e                PWM1_IRQHandler
                0x0000385e                I2C1_IRQHandler
                0x0000385e                EINT2_IRQHandler
                0x0000385e                EINT3_IRQHandler
                0x0000385e                CANActivity_IRQHandler
                0x0000385e                TIMER3_IRQHandler
                0x0000385e                I2C0_IRQHandler
                0x0000385e                PLL0_IRQHandler
                0x0000385e                RIT_IRQHandler
                0x0000385e                PLL1_IRQHandler
                0x0000385e                SSP0_IRQHandler
                0x0000385e                I2S_IRQHandler
                0x0000385e                I2C2_IRQHandler
                0x0000385e                RTC_IRQHandler
                0x0000385e                TIMER0_IRQHandler
                0x0000385e                SPI_IRQHandler
                0x0000385e                EINT1_IRQHandler
                0x0000385e                TIMER1_IRQHandler
                0x0000385e                UART2_IRQHandler
                0x0000385e                Default_Handler
                0x0000385e                ADC_IRQHandler
                0x0000385e                SSP1_IRQHandler
                0x0000385e                BOD_IRQHandler
                0x0000385e                USBActivity_IRQHandler
                0x0000385e                WDT_IRQHandler
                0x0000385e                CAN_IRQHandler
                0x0000385e                QEI_IRQHandler
                0x0000385e                EINT0_IRQHandler
                0x0000385e                DMA_IRQHandler
                0x0000385e                TIMER2_IRQHandler
                0x0000385e                UART3_IRQHandler
                0x0000385e                MCPWM_IRQHandler
                0x0000385e                ENET_IRQHandler
 .text          0x00003860      0x75c build\lib\source\debug_frmwrk.o
                0x00003860                UARTPutChar
                0x00003888                UARTGetChar
                0x000038b8                UARTPuts
                0x000038ec                UARTPuts_
                0x00003914                UARTPutDec
                0x000039cc                UARTPutDec16
                0x00003b08                UARTPutDec32
                0x00003d6c                UARTPutHex
                0x00003de0                UARTPutHex16
                0x00003e54                UARTPutHex32
                0x00003ec4                debug_frmwrk_init
 .text          0x00003fbc      0x518 build\lib\source\lpc17xx_adc.o
                0x00003fbc                ADC_Init
                0x00004054                ADC_DeInit
                0x00004098                ADC_GetData
                0x000040cc                ADC_StartCmd
                0x00004150                ADC_BurstCmd
                0x0000419c                ADC_PowerdownCmd
                0x000041e8                ADC_EdgeStartConfig
                0x0000424c                ADC_IntConfig
                0x000042f0                ADC_ChannelCmd
                0x00004358                ADC_ChannelGetData
                0x000043ac                ADC_ChannelGetStatus
                0x00004430                ADC_GlobalGetData
                0x00004460                ADC_GlobalGetStatus
 .text          0x000044d4      0x250 build\lib\source\lpc17xx_clkpwr.o
                0x000044d4                CLKPWR_SetPCLKDiv
                0x00004574                CLKPWR_GetPCLKSEL
                0x000045c0                CLKPWR_GetPCLK
                0x00004630                CLKPWR_ConfigPPWR
                0x00004690                CLKPWR_Sleep
                0x000046ac                CLKPWR_DeepSleep
                0x000046d4                CLKPWR_PowerDown
                0x000046fc                CLKPWR_DeepPowerDown
 .text          0x00004724      0x17c build\lib\source\lpc17xx_dac.o
                0x00004724                DAC_Init
                0x00004758                DAC_UpdateValue
                0x000047ac                DAC_SetBias
                0x000047f8                DAC_ConfigDAConverterControl
                0x0000486c                DAC_SetDMATimeOut
 .text          0x000048a0      0x174 build\lib\source\lpc17xx_exti.o
                0x000048a0                EXTI_Init
                0x000048cc                EXTI_DeInit
                0x000048d8                EXTI_Config
                0x00004918                EXTI_SetMode
                0x0000497c                EXTI_SetPolarity
                0x000049e0                EXTI_ClearEXTIFlag
 .text          0x00004a14      0x628 build\lib\source\lpc17xx_gpdma.o
                0x00004a14                GPDMA_Init
                0x00004a9c                GPDMA_Setup
                0x00004e24                GPDMA_ChannelCmd
                0x00004e6c                GPDMA_IntGetStatus
                0x00004fcc                GPDMA_ClearIntPending
 .text          0x0000503c      0x88c build\lib\source\lpc17xx_gpio.o
                0x00005198                GPIO_SetDir
                0x000051e4                GPIO_SetValue
                0x00005210                GPIO_ClearValue
                0x0000523c                GPIO_ReadValue
                0x0000526c                GPIO_IntCmd
                0x000052dc                isenabled
                0x000052fc                GPIO_GetIntStatus
                0x000053ac                GPIO_ClearInt
                0x000053e4                FIO_SetDir
                0x0000540c                FIO_SetValue
                0x0000542c                FIO_ClearValue
                0x0000544c                FIO_ReadValue
                0x0000546c                FIO_IntCmd
                0x00005494                FIO_GetIntStatus
                0x000054c0                FIO_ClearInt
                0x000054e0                FIO_SetMask
                0x0000552c                FIO_HalfWordSetDir
                0x000055c8                FIO_HalfWordSetMask
                0x00005664                FIO_HalfWordSetValue
                0x000056a4                FIO_HalfWordClearValue
                0x000056e4                FIO_HalfWordReadValue
                0x00005728                FIO_ByteSetDir
                0x00005798                FIO_ByteSetMask
                0x00005810                FIO_ByteSetValue
                0x0000584c                FIO_ByteClearValue
                0x00005888                FIO_ByteReadValue
 .text          0x000058c8     0x1348 build\lib\source\lpc17xx_i2c.o
                0x00005b58                I2C_Init
                0x00005c14                I2C_DeInit
                0x00005ca0                I2C_Cmd
                0x00005d14                I2C_IntCmd
                0x00005da4                I2C_MasterHandler
                0x00006168                I2C_SlaveHandler
                0x0000633c                I2C_MasterTransferData
                0x00006670                I2C_SlaveTransferData
                0x000068d0                I2C_SetOwnSlaveAddr
                0x000069d4                I2C_MonitorModeConfig
                0x00006a5c                I2C_MonitorModeCmd
                0x00006afc                I2C_MonitorGetDatabuffer
                0x00006b48                I2C_MonitorHandler
                0x00006ba0                I2C_MasterTransferComplete
                0x00006bd8                I2C_SlaveTransferComplete
 .text          0x00006c10      0xb2c build\lib\source\lpc17xx_i2s.o
                0x00006d10                I2S_Init
                0x00006d54                I2S_Config
                0x00006e88                I2S_DeInit
                0x00006ec0                I2S_GetLevel
                0x00006f24                I2S_Start
                0x00006f74                I2S_Send
                0x00006fa8                I2S_Receive
                0x00006fd8                I2S_Pause
                0x0000703c                I2S_Mute
                0x000070a0                I2S_Stop
                0x00007128                I2S_FreqConfig
                0x00007224                I2S_SetBitRate
                0x00007290                I2S_ModeConfig
                0x000073bc                I2S_DMAConfig
                0x00007468                I2S_DMACmd
                0x00007574                I2S_IRQConfig
                0x000075e4                I2S_IRQCmd
                0x00007694                I2S_GetIRQStatus
                0x000076f0                I2S_GetIRQDepth
 .text          0x0000773c        0xc build\lib\source\lpc17xx_libcfg_default.o
                0x0000773c                check_failed
 .text          0x00007748      0x7dc build\lib\source\lpc17xx_mcpwm.o
                0x00007748                MCPWM_Init
                0x0000777c                MCPWM_ConfigChannel
                0x000079a0                MCPWM_WriteToShadow
                0x000079fc                MCPWM_ConfigCapture
                0x00007b9c                MCPWM_ClearCapture
                0x00007bcc                MCPWM_GetCapture
                0x00007c0c                MCPWM_CountConfig
                0x00007d60                MCPWM_Start
                0x00007dbc                MCPWM_Stop
                0x00007e18                MCPWM_ACMode
                0x00007e44                MCPWM_DCMode
                0x00007e94                MCPWM_IntConfig
                0x00007ec0                MCPWM_IntSet
                0x00007edc                MCPWM_IntClear
                0x00007ef8                MCPWM_GetIntStatus
 .text          0x00007f24       0xfc build\lib\source\lpc17xx_nvic.o
                0x00007f24                NVIC_DeInit
                0x00007f84                NVIC_SCBDeInit
                0x00008004                NVIC_SetVTOR
 .text          0x00008020      0x284 build\lib\source\lpc17xx_pinsel.o
                0x000081d4                PINSEL_ConfigTraceFunc
                0x00008214                PINSEL_SetI2C0Pins
                0x00008250                PINSEL_ConfigPin
 .text          0x000082a4      0xaac build\lib\source\lpc17xx_pwm.o
                0x000082a4                PWM_GetIntStatus
                0x0000832c                PWM_ClearIntPending
                0x000083a4                PWM_ConfigStructInit
                0x00008408                PWM_Init
                0x0000859c                PWM_DeInit
                0x000085dc                PWM_Cmd
                0x00008640                PWM_CounterCmd
                0x000086a4                PWM_ResetCounter
                0x000086e8                PWM_ConfigMatch
                0x000088bc                PWM_ConfigCapture
                0x00008a8c                PWM_GetCaptureValue
                0x00008af0                PWM_MatchUpdate
                0x00008be8                PWM_ChannelConfig
                0x00008ca4                PWM_ChannelCmd
 .text          0x00008d50      0x8a8 build\lib\source\lpc17xx_qei.o
                0x00008d50                QEI_Reset
                0x00008da4                QEI_Init
                0x00008ee4                QEI_DeInit
                0x00008f1c                QEI_ConfigStructInit
                0x00008f58                QEI_GetStatus
                0x00008fac                QEI_GetPosition
                0x00008fdc                QEI_SetMaxPosition
                0x00009010                QEI_SetPositionComp
                0x00009074                QEI_GetIndex
                0x000090a4                QEI_SetIndexComp
                0x000090d8                QEI_SetTimerReload
                0x00009184                QEI_GetTimer
                0x000091b4                QEI_GetVelocity
                0x000091e4                QEI_GetVelocityCap
                0x00009214                QEI_SetVelocityComp
                0x00009248                QEI_SetDigiFilter
                0x0000927c                QEI_GetIntStatus
                0x00009324                QEI_IntCmd
                0x000093e4                QEI_IntSet
                0x0000947c                QEI_IntClear
                0x00009514                QEI_CalculateRPM
 .text          0x000095f8      0x248 build\lib\source\lpc17xx_rit.o
                0x000095f8                RIT_Init
                0x00009650                RIT_DeInit
                0x000096a8                RIT_TimerConfig
                0x0000970c                RIT_Cmd
                0x00009778                RIT_TimerDebugCmd
                0x000097e4                RIT_GetIntStatus
 .text          0x00009840      0x58c build\lib\source\lpc17xx_spi.o
                0x00009840                SPI_SetClock
                0x000098bc                SPI_DeInit
                0x000098fc                SPI_GetDataSize
                0x00009938                SPI_Init
                0x000099d0                SPI_ConfigStructInit
                0x00009a14                SPI_SendData
                0x00009a48                SPI_ReceiveData
                0x00009a7c                SPI_ReadWrite
                0x00009c70                SPI_IntCmd
                0x00009cd8                SPI_GetIntStatus
                0x00009d10                SPI_ClearIntPending
                0x00009d44                SPI_GetStatus
                0x00009d78                SPI_CheckStatus
 .text          0x00009dcc      0x20c build\lib\source\lpc17xx_systick.o
                0x00009dcc                SYSTICK_InternalInit
                0x00009e60                SYSTICK_ExternalInit
                0x00009f08                SYSTICK_Cmd
                0x00009f58                SYSTICK_IntCmd
                0x00009fa8                SYSTICK_GetCurrentValue
                0x00009fbc                SYSTICK_ClearCounterFlag
 .text          0x00009fd8      0xab8 build\lib\source\lpc17xx_timer.o
                0x0000a104                TIM_GetIntStatus
                0x0000a1ac                TIM_GetIntCaptureStatus
                0x0000a258                TIM_ClearIntPending
                0x0000a2e8                TIM_ClearIntCapturePending
                0x0000a37c                TIM_ConfigStructInit
                0x0000a3bc                TIM_Init
                0x0000a564                TIM_DeInit
                0x0000a60c                TIM_Cmd
                0x0000a67c                TIM_ResetCounter
                0x0000a6e0                TIM_ConfigMatch
                0x0000a890                TIM_UpdateMatchValue
                0x0000a920                TIM_ConfigCapture
                0x0000aa18                TIM_GetCaptureValue
 .text          0x0000aa90     0x1610 build\lib\source\lpc17xx_uart.o
                0x0000ace8                UART_Init
                0x0000b00c                UART_DeInit
                0x0000b0b4                UART_ConfigStructInit
                0x0000b0e8                UART_SendByte
                0x0000b150                UART_ReceiveByte
                0x0000b1b8                UART_Send
                0x0000b2c4                UART_Receive
                0x0000b39c                UART_ForceBreak
                0x0000b414                UART_IntConfig
                0x0000b5ac                UART_GetLineStatus
                0x0000b614                UART_GetIntId
                0x0000b670                UART_CheckBusy
                0x0000b69c                UART_FIFOConfig
                0x0000b7f8                UART_FIFOConfigStructInit
                0x0000b82c                UART_ABCmd
                0x0000b974                UART_ABClearIntPending
                0x0000b9e8                UART_TxCmd
                0x0000bab4                UART_IrDAInvtInputCmd
                0x0000bb30                UART_IrDACmd
                0x0000bba4                UART_IrDAPulseDivConfig
                0x0000bc44                UART_FullModemForcePinState
                0x0000bd00                UART_FullModemConfigMode
                0x0000bdc8                UART_FullModemGetStatus
                0x0000bdfc                UART_RS485Config
                0x0000bf84                UART_RS485ReceiverCmd
                0x0000bfcc                UART_RS485Send
                0x0000c050                UART_RS485SendSlvAddr
                0x0000c078                UART_RS485SendData
 .text          0x0000c0a0      0x2f8 build\lib\source\lpc17xx_wdt.o
                0x0000c218                WDT_Init
                0x0000c2ac                WDT_Start
                0x0000c2f0                WDT_ReadTimeOutFlag
                0x0000c310                WDT_ClrTimeOutFlag
                0x0000c330                WDT_UpdateTimeOut
                0x0000c360                WDT_Feed
                0x0000c384                WDT_GetCurrentCount
 .text          0x0000c398        0x0 build\lib_sd\byteordering.o
 .text          0x0000c398     0x1cb0 build\lib_sd\fat.o
                0x0000c398                fat_open
                0x0000c434                fat_close
                0x0000ca1c                fat_get_dir_entry_of_path
                0x0000cb54                fat_open_file
                0x0000cbfc                fat_close_file
                0x0000cc38                fat_read_file
                0x0000cdc8                fat_write_file
                0x0000cfc4                fat_seek_file
                0x0000d060                fat_resize_file
                0x0000d1a4                fat_open_dir
                0x0000d240                fat_close_dir
                0x0000d260                fat_read_dir
                0x0000d3e8                fat_reset_dir
                0x0000dc20                fat_create_file
                0x0000dcdc                fat_delete_file
                0x0000dd94                fat_create_dir
                0x0000df18                fat_get_fs_size
                0x0000df4c                fat_get_fs_free
 .text          0x0000e048      0x16c build\lib_sd\partition.o
                0x0000e048                partition_open
                0x0000e188                partition_close
 .text          0x0000e1b4      0xc30 build\lib_sd\sd_raw.o
                0x0000e1b4                sd_raw_init
                0x0000e4b4                sd_raw_available
                0x0000e4c8                sd_raw_locked
                0x0000e5f8                sd_raw_read
                0x0000e780                sd_raw_read_interval
                0x0000e800                sd_raw_write
                0x0000e9dc                sd_raw_write_interval
                0x0000ea78                sd_raw_sync
                0x0000eac4                sd_raw_get_info
 .text          0x0000ede4      0x214 build\IAP_internal_flash_write\IAP.o
                0x0000ede4                IAP::read_ID()
                0x0000ee18                IAP::read_serial()
                0x0000ee4c                IAP::blank_check(int, int)
                0x0000ee90                IAP::erase(int, int)
                0x0000eee0                IAP::prepare(int, int)
                0x0000ef24                IAP::write(char*, char*, int)
                0x0000ef7c                IAP::compare(char*, char*, int)
                0x0000efc8                IAP::reserved_flash_area_start()
                0x0000efe0                IAP::reserved_flash_area_size()
 .text          0x0000eff8      0x4d8 build\USBCDC\cdcuser.o
                0x0000eff8                CDC_RdOutBuf
                0x0000f068                CDC_WrOutBuf
                0x0000f0c0                CDC_OutBufAvailChar
                0x0000f0f0                CDC_Init
                0x0000f180                CDC_SendEncapsulatedCommand
                0x0000f190                CDC_GetEncapsulatedResponse
                0x0000f1a0                CDC_SetCommFeature
                0x0000f1bc                CDC_GetCommFeature
                0x0000f1d8                CDC_ClearCommFeature
                0x0000f1f4                CDC_SetLineCoding
                0x0000f274                CDC_GetLineCoding
                0x0000f2d8                CDC_SetControlLineState
                0x0000f2f4                CDC_SendBreak
                0x0000f310                CDC_BulkIn
                0x0000f358                CDC_BulkOut
                0x0000f384                CDC_GetSerialState
                0x0000f458                CDC_NotificationIn
 .text          0x0000f4d0      0x7f0 build\USBCDC\serial.o
                0x0000f53c                ser_OpenPort
                0x0000f59c                ser_ClosePort
                0x0000f5fc                ser_InitPort0
                0x0000f7b0                ser_InitPort1
                0x0000f964                ser_Read
                0x0000f9e8                ser_Write
                0x0000fab4                ser_AvailChar
                0x0000fae0                ser_LineState
                0x0000fb08                UART0_IRQHandler
                0x0000fbd8                UART1_IRQHandler
 .text          0x0000fcc0      0xe64 build\USBCDC\usbcore.o
                0x0000fcc0                USB_ResetCore
                0x0000fd14                USB_SetupStage
                0x0000fd28                USB_DataInStage
                0x0000fd80                USB_DataOutStage
                0x0000fdc0                USB_StatusInStage
                0x0000fdd8                USB_StatusOutStage
                0x0000fdec                USB_ReqGetStatus
                0x0000ff08                USB_ReqSetClrFeature
                0x00010048                USB_ReqSetAddress
                0x00010084                USB_ReqGetDescriptor
                0x000101ac                USB_ReqGetConfiguration
                0x000101e4                USB_ReqSetConfiguration
                0x0001046c                USB_ReqGetInterface
                0x000104cc                USB_ReqSetInterface
                0x000106b0                USB_EndPoint0
 .text          0x00010b24        0x0 build\USBCDC\usbdesc.o
 .text          0x00010b24      0x83c build\USBCDC\usbhw.o
                0x00010b58                EPAdr
                0x00010b8c                WrCmd
                0x00010bc4                WrCmdDat
                0x00010c20                WrCmdEP
                0x00010c88                RdCmdDat
                0x00010cc8                USB_Init
                0x00010d68                USB_Connect
                0x00010d98                USB_Reset
                0x00010e08                USB_Suspend
                0x00010e14                USB_Resume
                0x00010e20                USB_WakeUp
                0x00010e48                USB_WakeUpCfg
                0x00010e5c                USB_SetAddress
                0x00010e9c                USB_Configure
                0x00010ef4                USB_ConfigEP
                0x00010f5c                USB_DirCtrlEP
                0x00010f70                USB_EnableEP
                0x00010fa0                USB_DisableEP
                0x00010fd0                USB_ResetEP
                0x00011000                USB_SetStallEP
                0x00011030                USB_ClrStallEP
                0x00011060                USB_ClearEPBuf
                0x0001107c                USB_ReadEP
                0x00011124                USB_WriteEP
                0x000111a4                USB_GetFrame
                0x000111e0                USB_IRQHandler
 .text          0x00011360      0x180 build\USBCDC\usbuser.o
                0x00011360                USB_Reset_Event
                0x0001136c                USB_Configure_Event
                0x00011378                USB_EndPoint1
                0x000113b4                USB_EndPoint2
                0x000113dc                USB_EndPoint3
                0x000113f0                USB_EndPoint4
                0x00011404                USB_EndPoint5
                0x00011418                USB_EndPoint6
                0x0001142c                USB_EndPoint7
                0x00011440                USB_EndPoint8
                0x00011454                USB_EndPoint9
                0x00011468                USB_EndPoint10
                0x0001147c                USB_EndPoint11
                0x00011490                USB_EndPoint12
                0x000114a4                USB_EndPoint13
                0x000114b8                USB_EndPoint14
                0x000114cc                USB_EndPoint15
 .text          0x000114e0      0x28c src\shared\PID.o
                0x000114e0                PID::reset()
                0x00011518                PID::reset_state()
                0x0001159c                PID::calculate(int)
                0x000116f4                PID::setTarget(int)
                0x0001171c                PID::getErrorTerm()
                0x00011734                PID::getDeltaTerm()
                0x00011754                PID::getLastOutput()
 .text          0x0001176c      0x54c src\shared\Packet.o
                0x0001176c                _crc_ibutton_update(unsigned char, unsigned char)
                0x000117dc                Packet::appendByte(unsigned char)
                0x0001183c                Packet::reset()
                0x00011874                InPacket::InPacket()
                0x00011874                InPacket::InPacket()
                0x00011898                InPacket::reset()
                0x000118b0                InPacket::processByte(unsigned char)
                0x000119d8                Packet::read8(unsigned char) const
                0x000119fc                Packet::read16(unsigned char) const
                0x00011a3c                Packet::read32(unsigned char) const
                0x00011a94                OutPacket::OutPacket()
                0x00011a94                OutPacket::OutPacket()
                0x00011ab8                OutPacket::reset()
                0x00011adc                OutPacket::prepareForResend()
                0x00011b0c                OutPacket::getNextByteToSend()
                0x00011c08                OutPacket::append8(unsigned char)
                0x00011c28                OutPacket::append16(unsigned short)
                0x00011c60                OutPacket::append32(unsigned long)
 .text._ZN6Packet5errorEh
                0x00011cb8       0x24 src\shared\Packet.o
                0x00011cb8                Packet::error(unsigned char)
 .text._ZN6PacketC2Ev
                0x00011cdc       0x18 src\shared\Packet.o
                0x00011cdc                Packet::Packet()
                0x00011cdc                Packet::Packet()
 .text          0x00011cf4      0xb94 build\Command.o
                0x00011cf4                command::getRemainingCapacity()
                0x00011d14                command::pause(bool)
                0x00011d34                command::isPaused()
                0x00011d48                command::isEmpty()
                0x00011d5c                command::push(unsigned char)
                0x00011d7c                command::pop8()
                0x00011d90                command::pop16()
                0x00011dbc                command::pop32()
                0x00011dfc                command::reset()
                0x00011e18                command::runCommandSlice()
 .text._ZN5PointC2Elllll
                0x00012888       0x3c build\Command.o
                0x00012888                Point::Point(long, long, long, long, long)
                0x00012888                Point::Point(long, long, long, long, long)
 .text._ZN5PointC2Elll
                0x000128c4       0x64 build\Command.o
                0x000128c4                Point::Point(long, long, long)
                0x000128c4                Point::Point(long, long, long)
 .text._ZNK5PointixEj
                0x00012928       0x20 build\Command.o
                0x00012928                Point::operator[](unsigned int) const
 .text._ZNK6Packet8hasErrorEv
                0x00012948       0x28 build\Command.o
                0x00012948                Packet::hasError() const
 .text._ZN19CircularBufferTemplIhEC2EtPh
                0x00012970       0x48 build\Command.o
                0x00012970                CircularBufferTempl<unsigned char>::CircularBufferTempl(unsigned short, unsigned char*)
                0x00012970                CircularBufferTempl<unsigned char>::CircularBufferTempl(unsigned short, unsigned char*)
 .text._ZNK19CircularBufferTemplIhE20getRemainingCapacityEv
                0x000129b8       0x24 build\Command.o
                0x000129b8                CircularBufferTempl<unsigned char>::getRemainingCapacity() const
 .text._ZNK19CircularBufferTemplIhE7isEmptyEv
                0x000129dc       0x24 build\Command.o
                0x000129dc                CircularBufferTempl<unsigned char>::isEmpty() const
 .text._ZN19CircularBufferTemplIhE4pushEh
                0x00012a00       0x5c build\Command.o
                0x00012a00                CircularBufferTempl<unsigned char>::push(unsigned char)
 .text._ZN19CircularBufferTemplIhE3popEv
                0x00012a5c       0x6c build\Command.o
                0x00012a5c                CircularBufferTempl<unsigned char>::pop()
 .text._ZN19CircularBufferTemplIhE5resetEv
                0x00012ac8       0x34 build\Command.o
                0x00012ac8                CircularBufferTempl<unsigned char>::reset()
 .text._ZNK19CircularBufferTemplIhE9getLengthEv
                0x00012afc       0x1c build\Command.o
                0x00012afc                CircularBufferTempl<unsigned char>::getLength() const
 .text._ZN19CircularBufferTemplIhEixEt
                0x00012b18       0x3c build\Command.o
                0x00012b18                CircularBufferTempl<unsigned char>::operator[](unsigned short)
 .text          0x00012b54      0x334 build\DebugPacketProcessor.o
                0x00012b54                processDebugPacket(InPacket const&, OutPacket&)
 .text._ZNK6Packet9getLengthEv
                0x00012e88       0x1c build\DebugPacketProcessor.o
                0x00012e88                Packet::getLength() const
 .text._ZN11Motherboard8getBoardEv
                0x00012ea4       0x14 build\DebugPacketProcessor.o
                0x00012ea4                Motherboard::getBoard()
 .text          0x00012eb8       0xa0 build\EepromMap.o
                0x00012eb8                eeprom::init()
                0x00012f04                eeprom::getEeprom8(unsigned short, unsigned char)
                0x00012f2c                eeprom::getEeprom16(unsigned short, unsigned short)
 .text          0x00012f58      0x6c0 build\Host.o
                0x00012f58                host::runHostSlice()
                0x000130fc                host::processCommandPacket(InPacket const&, OutPacket&)
                0x000131e4                host::doToolPause(OutPacket&)
                0x00013300                host::processQueryPacket(InPacket const&, OutPacket&)
                0x000134cc                host::getMachineName()
                0x00013560                host::getBuildName()
                0x00013574                host::getHostState()
                0x00013588                host::startBuildFromSD()
                0x000135c0                host::stopBuild()
 .text._ZNK6Packet12getErrorCodeEv
                0x00013618       0x1c build\Host.o
                0x00013618                Packet::getErrorCode() const
 .text._ZNK6Packet7getDataEv
                0x00013634       0x1c build\Host.o
                0x00013634                Packet::getData() const
 .text._ZNK8InPacket10isFinishedEv
                0x00013650       0x28 build\Host.o
                0x00013650                InPacket::isFinished() const
 .text._ZNK8InPacket9isStartedEv
                0x00013678       0x28 build\Host.o
                0x00013678                InPacket::isStarted() const
 .text._ZN8InPacket7timeoutEv
                0x000136a0       0x1c build\Host.o
                0x000136a0                InPacket::timeout()
 .text._ZNK9OutPacket9isSendingEv
                0x000136bc       0x38 build\Host.o
                0x000136bc                OutPacket::isSending() const
 .text._ZN4UART11getHostUARTEv
                0x000136f4       0x14 build\Host.o
                0x000136f4                UART::getHostUART()
 .text._ZNK7Timeout8isActiveEv
                0x00013708       0x18 build\Host.o
                0x00013708                Timeout::isActive() const
 .text._ZN11Motherboard11getHostUARTEv
                0x00013720       0x18 build\Host.o
                0x00013720                Motherboard::getHostUART()
 .text._ZN11Motherboard19getStepperInterfaceEi
                0x00013738       0x28 build\Host.o
                0x00013738                Motherboard::getStepperInterface(int)
 .text._ZN4host13handleVersionERK8InPacketR9OutPacket
                0x00013760       0x28 build\Host.o
                0x00013760                host::handleVersion(InPacket const&, OutPacket&)
 .text._ZN4host18handleGetBuildNameERK8InPacketR9OutPacket
                0x00013788       0x5c build\Host.o
                0x00013788                host::handleGetBuildName(InPacket const&, OutPacket&)
 .text._ZN4host19handleGetBufferSizeERK8InPacketR9OutPacket
                0x000137e4       0x2c build\Host.o
                0x000137e4                host::handleGetBufferSize(InPacket const&, OutPacket&)
 .text._ZN4host17handleGetPositionERK8InPacketR9OutPacket
                0x00013810      0x110 build\Host.o
                0x00013810                host::handleGetPosition(InPacket const&, OutPacket&)
 .text._ZN4host20handleGetPositionExtERK8InPacketR9OutPacket
                0x00013920      0x148 build\Host.o
                0x00013920                host::handleGetPositionExt(InPacket const&, OutPacket&)
 .text._ZN4host19handleCaptureToFileERK8InPacketR9OutPacket
                0x00013a68       0x3c build\Host.o
                0x00013a68                host::handleCaptureToFile(InPacket const&, OutPacket&)
 .text._ZN4host16handleEndCaptureERK8InPacketR9OutPacket
                0x00013aa4       0x2c build\Host.o
                0x00013aa4                host::handleEndCapture(InPacket const&, OutPacket&)
 .text._ZN4host14handlePlaybackERK8InPacketR9OutPacket
                0x00013ad0       0x84 build\Host.o
                0x00013ad0                host::handlePlayback(InPacket const&, OutPacket&)
 .text._ZN4host18handleNextFilenameERK8InPacketR9OutPacket
                0x00013b54      0x10c build\Host.o
                0x00013b54                host::handleNextFilename(InPacket const&, OutPacket&)
 .text._ZN4host15handleToolQueryERK8InPacketR9OutPacket
                0x00013c60      0x17c build\Host.o
                0x00013c60                host::handleToolQuery(InPacket const&, OutPacket&)
 .text._ZN4host11handlePauseERK8InPacketR9OutPacket
                0x00013ddc       0x34 build\Host.o
                0x00013ddc                host::handlePause(InPacket const&, OutPacket&)
 .text._ZN4host16handleIsFinishedERK8InPacketR9OutPacket
                0x00013e10       0x60 build\Host.o
                0x00013e10                host::handleIsFinished(InPacket const&, OutPacket&)
 .text._ZN4host16handleReadEepromERK8InPacketR9OutPacket
                0x00013e70       0x70 build\Host.o
                0x00013e70                host::handleReadEeprom(InPacket const&, OutPacket&)
 .text._ZN4host17handleWriteEepromERK8InPacketR9OutPacket
                0x00013ee0       0x8c build\Host.o
                0x00013ee0                host::handleWriteEeprom(InPacket const&, OutPacket&)
 .text._ZN4host18handleExtendedStopERK8InPacketR9OutPacket
                0x00013f6c       0x54 build\Host.o
                0x00013f6c                host::handleExtendedStop(InPacket const&, OutPacket&)
 .text          0x00013fc0      0x1a4 build\Interface.o
                0x00013fc0                interfaceboard::isConnected()
                0x000140b4                interfaceboard::init()
                0x000140c4                interfaceboard::pushScreen(Screen*)
                0x000140e0                interfaceboard::popScreen()
                0x000140f0                interfaceboard::doInterrupt()
                0x00014100                interfaceboard::getUpdateRate()
                0x00014114                interfaceboard::doUpdate()
 .text._ZN4Port15setPinDirectionEhb
                0x00014164       0x2c build\Interface.o
                0x00014164                Port::setPinDirection(unsigned char, bool)
 .text._ZN4Port6getPinEh
                0x00014190       0x34 build\Interface.o
                0x00014190                Port::getPin(unsigned char)
 .text._ZN4Port6setPinEhb
                0x000141c4       0x4c build\Interface.o
                0x000141c4                Port::setPin(unsigned char, bool)
 .text._ZN3PinC2ER4Porth
                0x00014210       0x38 build\Interface.o
                0x00014210                Pin::Pin(Port&, unsigned char)
                0x00014210                Pin::Pin(Port&, unsigned char)
 .text._ZN3Pin12setDirectionEb
                0x00014248       0x30 build\Interface.o
                0x00014248                Pin::setDirection(bool)
 .text._ZN3Pin8getValueEv
                0x00014278       0x28 build\Interface.o
                0x00014278                Pin::getValue()
 .text._ZN3Pin8setValueEb
                0x000142a0       0x30 build\Interface.o
                0x000142a0                Pin::setValue(bool)
 .text          0x000142d0      0x5e8 build\InterfaceBoard.o
                0x000142d0                ButtonArray::init()
                0x000142f4                ButtonArray::scanButtons()
                0x00014420                ButtonArray::getButton(InterfaceBoardDefinitions::ButtonName&)
                0x0001445c                InterfaceBoard::InterfaceBoard()
                0x0001445c                InterfaceBoard::InterfaceBoard()
                0x00014630                InterfaceBoard::init()
                0x00014644                InterfaceBoard::doInterrupt()
                0x00014660                InterfaceBoard::getUpdateRate()
                0x000146a4                InterfaceBoard::doUpdate()
                0x0001479c                InterfaceBoard::pushScreen(Screen*)
                0x00014850                InterfaceBoard::popScreen()
 .text._ZN6ScreenC2Ev
                0x000148b8       0x20 build\InterfaceBoard.o
                0x000148b8                Screen::Screen()
                0x000148b8                Screen::Screen()
 .text._ZN12SplashScreenC2Ev
                0x000148d8       0x28 build\InterfaceBoard.o
                0x000148d8                SplashScreen::SplashScreen()
                0x000148d8                SplashScreen::SplashScreen()
 .text._ZN11MonitorModeC2Ev
                0x00014900       0x34 build\InterfaceBoard.o
                0x00014900                MonitorMode::MonitorMode()
                0x00014900                MonitorMode::MonitorMode()
 .text          0x00014934       0x70 build\LPCPort.o
 .text._ZN4PortC2Eh
                0x000149a4       0x20 build\LPCPort.o
                0x000149a4                Port::Port(unsigned char)
                0x000149a4                Port::Port(unsigned char)
 .text          0x000149c4      0xc5c build\LiquidCrystal.o
                0x000149c4                Delay_us(unsigned long)
                0x00014a40                LiquidCrystal::LiquidCrystal(Pin, Pin, Pin, Pin, Pin, Pin, Pin, Pin, Pin, Pin, Pin)
                0x00014a40                LiquidCrystal::LiquidCrystal(Pin, Pin, Pin, Pin, Pin, Pin, Pin, Pin, Pin, Pin, Pin)
                0x00014af8                LiquidCrystal::LiquidCrystal(Pin, Pin, Pin, Pin, Pin, Pin, Pin, Pin, Pin, Pin)
                0x00014af8                LiquidCrystal::LiquidCrystal(Pin, Pin, Pin, Pin, Pin, Pin, Pin, Pin, Pin, Pin)
                0x00014bbc                LiquidCrystal::LiquidCrystal(Pin, Pin, Pin, Pin, Pin, Pin, Pin)
                0x00014bbc                LiquidCrystal::LiquidCrystal(Pin, Pin, Pin, Pin, Pin, Pin, Pin)
                0x00014c9c                LiquidCrystal::LiquidCrystal(Pin, Pin, Pin, Pin, Pin, Pin)
                0x00014c9c                LiquidCrystal::LiquidCrystal(Pin, Pin, Pin, Pin, Pin, Pin)
                0x00014d88                LiquidCrystal::init(unsigned char, Pin, Pin, Pin, Pin, Pin, Pin, Pin, Pin, Pin, Pin, Pin)
                0x00014e54                LiquidCrystal::begin(unsigned char, unsigned char, unsigned char)
                0x00014fcc                LiquidCrystal::clear()
                0x00014ff0                LiquidCrystal::home()
                0x00015014                LiquidCrystal::setCursor(unsigned char, unsigned char)
                0x0001507c                LiquidCrystal::noDisplay()
                0x000150ac                LiquidCrystal::display()
                0x000150dc                LiquidCrystal::noCursor()
                0x0001510c                LiquidCrystal::cursor()
                0x0001513c                LiquidCrystal::noBlink()
                0x0001516c                LiquidCrystal::blink()
                0x0001519c                LiquidCrystal::scrollDisplayLeft()
                0x000151b8                LiquidCrystal::scrollDisplayRight()
                0x000151d4                LiquidCrystal::leftToRight()
                0x00015204                LiquidCrystal::rightToLeft()
                0x00015234                LiquidCrystal::autoscroll()
                0x00015264                LiquidCrystal::noAutoscroll()
                0x00015294                LiquidCrystal::createChar(unsigned char, unsigned char*)
                0x00015300                LiquidCrystal::writeInt(unsigned short, unsigned char)
                0x000153c0                LiquidCrystal::writeString(char*)
                0x00015404                LiquidCrystal::writeFromPgmspace(char const*)
                0x00015444                LiquidCrystal::send(unsigned char, bool)
                0x000154c8                LiquidCrystal::pulseEnable()
                0x00015520                LiquidCrystal::write4bits(unsigned char)
                0x000155a0                LiquidCrystal::write8bits(unsigned char)
 .text._ZN4PortC2Ev
                0x00015620       0x20 build\LiquidCrystal.o
                0x00015620                Port::Port()
                0x00015620                Port::Port()
 .text._ZN4Port6isNullEv
                0x00015640       0x24 build\LiquidCrystal.o
                0x00015640                Port::isNull()
 .text._ZN3PinC2Ev
                0x00015664       0x28 build\LiquidCrystal.o
                0x00015664                Pin::Pin()
                0x00015664                Pin::Pin()
 .text._ZN3Pin6isNullEv
                0x0001568c       0x1c build\LiquidCrystal.o
                0x0001568c                Pin::isNull()
 .text._ZN13LiquidCrystal7commandEh
                0x000156a8       0x24 build\LiquidCrystal.o
                0x000156a8                LiquidCrystal::command(unsigned char)
 .text._ZN13LiquidCrystal5writeEh
                0x000156cc       0x24 build\LiquidCrystal.o
                0x000156cc                LiquidCrystal::write(unsigned char)
 .text          0x000156f0      0x1d4 build\Main.o
                0x0001579c                SysTick_Handler()
                0x000157ec                reset(bool)
                0x0001588c                main
 .text          0x000158c4     0x1298 build\Menu.o
                0x00015914                queryExtruderParameter(unsigned char, OutPacket&)
                0x00015a3c                SplashScreen::update(LiquidCrystal&, bool)
                0x00015ac8                SplashScreen::notifyButtonPressed(InterfaceBoardDefinitions::ButtonName)
                0x00015ae0                SplashScreen::reset()
                0x00015af4                JogMode::reset()
                0x00015b18                JogMode::update(LiquidCrystal&, bool)
                0x00015bd8                JogMode::jog(InterfaceBoardDefinitions::ButtonName)
                0x00015cf4                JogMode::notifyButtonPressed(InterfaceBoardDefinitions::ButtonName)
                0x00015d80                SnakeMode::update(LiquidCrystal&, bool)
                0x00016120                SnakeMode::reset()
                0x000161e0                SnakeMode::notifyButtonPressed(InterfaceBoardDefinitions::ButtonName)
                0x0001625c                MonitorMode::reset()
                0x00016270                MonitorMode::update(LiquidCrystal&, bool)
                0x00016428                MonitorMode::notifyButtonPressed(InterfaceBoardDefinitions::ButtonName)
                0x00016464                Menu::update(LiquidCrystal&, bool)
                0x00016568                Menu::reset()
                0x000165a0                Menu::resetState()
                0x000165b4                Menu::handleSelect(unsigned char)
                0x000165cc                Menu::handleCancel()
                0x000165e0                Menu::notifyButtonPressed(InterfaceBoardDefinitions::ButtonName)
                0x000166a0                CancelBuildMenu::CancelBuildMenu()
                0x000166a0                CancelBuildMenu::CancelBuildMenu()
                0x000166d8                CancelBuildMenu::resetState()
                0x000166fc                CancelBuildMenu::drawItem(unsigned char, LiquidCrystal&)
                0x0001675c                CancelBuildMenu::handleSelect(unsigned char)
                0x0001678c                MainMenu::MainMenu()
                0x0001678c                MainMenu::MainMenu()
                0x000167c4                MainMenu::drawItem(unsigned char, LiquidCrystal&)
                0x00016834                MainMenu::handleSelect(unsigned char)
                0x00016898                SDMenu::SDMenu()
                0x00016898                SDMenu::SDMenu()
                0x000168c8                SDMenu::resetState()
                0x000168e8                SDMenu::countFiles()
                0x00016958                SDMenu::getFilename(unsigned char, char*, unsigned char)
                0x000169ec                SDMenu::drawItem(unsigned char, LiquidCrystal&)
                0x00016a9c                SDMenu::handleSelect(unsigned char)
 .text._ZN5PointixEj
                0x00016b5c       0x20 build\Menu.o
                0x00016b5c                Point::operator[](unsigned int)
 .text._ZN4Menu13getUpdateRateEv
                0x00016b7c       0x1c build\Menu.o
                0x00016b7c                Menu::getUpdateRate()
 .text._ZN12SplashScreen13getUpdateRateEv
                0x00016b98       0x18 build\Menu.o
                0x00016b98                SplashScreen::getUpdateRate()
 .text._ZN7JogMode13getUpdateRateEv
                0x00016bb0       0x18 build\Menu.o
                0x00016bb0                JogMode::getUpdateRate()
 .text._ZN9SnakeMode13getUpdateRateEv
                0x00016bc8       0x18 build\Menu.o
                0x00016bc8                SnakeMode::getUpdateRate()
 .text._ZN11MonitorMode13getUpdateRateEv
                0x00016be0       0x1c build\Menu.o
                0x00016be0                MonitorMode::getUpdateRate()
 .text._ZN7JogModeC2Ev
                0x00016bfc       0x28 build\Menu.o
                0x00016bfc                JogMode::JogMode()
                0x00016bfc                JogMode::JogMode()
 .text._ZN9SnakeModeC2Ev
                0x00016c24       0x28 build\Menu.o
                0x00016c24                SnakeMode::SnakeMode()
                0x00016c24                SnakeMode::SnakeMode()
 .text._ZN4MenuC2Ev
                0x00016c4c       0x28 build\Menu.o
                0x00016c4c                Menu::Menu()
                0x00016c4c                Menu::Menu()
 .text          0x00016c74      0x72c build\Motherboard.o
                0x00016c74                Motherboard::Motherboard()
                0x00016c74                Motherboard::Motherboard()
                0x00016f24                Motherboard::reset()
                0x000170e4                Motherboard::getCurrentMicros()
                0x00017100                Motherboard::doInterrupt()
                0x0001713c                Motherboard::runMotherboardSlice()
                0x00017180                TIMER1_IRQHandler()
                0x000171a0                Motherboard::indicateError(int)
                0x00017214                Motherboard::getCurrentError()
                0x00017234                TIMER2_IRQHandler()
 .text._ZN4UART12getSlaveUARTEv
                0x000173a0       0x14 build\Motherboard.o
                0x000173a0                UART::getSlaveUART()
 .text._ZN16StepperInterfaceC2Ev
                0x000173b4       0x4c build\Motherboard.o
                0x000173b4                StepperInterface::StepperInterface()
                0x000173b4                StepperInterface::StepperInterface()
 .text._ZN16StepperInterfaceC2ERK3PinS2_S2_S2_S2_
                0x00017400       0x64 build\Motherboard.o
                0x00017400                StepperInterface::StepperInterface(Pin const&, Pin const&, Pin const&, Pin const&, Pin const&)
                0x00017400                StepperInterface::StepperInterface(Pin const&, Pin const&, Pin const&, Pin const&, Pin const&)
 .text._ZN11Motherboard12getSlaveUARTEv
                0x00017464       0x18 build\Motherboard.o
                0x00017464                Motherboard::getSlaveUART()
 .text._ZN11Motherboard6getPSUEv
                0x0001747c       0x1c build\Motherboard.o
                0x0001747c                Motherboard::getPSU()
 .text          0x00017498      0x28c build\PID.o
 .text          0x00017724       0x2c build\PSU.o
                0x00017724                PSU::init()
                0x00017738                PSU::turnOn(bool)
 .text          0x00017750      0x54c build\Packet.o
                0x00017750                _crc_ibutton_update
 .text          0x00017c9c      0x730 build\SDCard.o
                0x00017c9c                sdcard::openPartition()
                0x00017d0c                sdcard::openFilesys()
                0x00017d3c                sdcard::openRoot()
                0x00017d90                sdcard::initCard()
                0x00017e40                sdcard::directoryReset()
                0x00017e80                sdcard::directoryNextEntry(char*, unsigned char)
                0x00017f54                sdcard::findFileInDir(char const*, fat_dir_entry_struct*)
                0x00017fb0                sdcard::openFile(char const*, fat_file_struct**)
                0x00018004                sdcard::deleteFile(char*)
                0x0001804c                sdcard::createFile(char*)
                0x00018080                sdcard::isPlaying()
                0x00018094                sdcard::isCapturing()
                0x000180a8                sdcard::startCapture(char*)
                0x00018140                sdcard::capturePacket(Packet const&)
                0x00018198                sdcard::finishCapture()
                0x000181e4                sdcard::fetchNextByte()
                0x00018224                sdcard::playbackHasNext()
                0x00018238                sdcard::playbackNext()
                0x00018258                sdcard::startPlayback(char*)
                0x000182e4                sdcard::playbackRewind(unsigned char)
                0x00018318                sdcard::finishPlayback()
                0x0001834c                sdcard::reset()
 .text          0x000183cc      0x244 build\StepperInterface.o
                0x000183cc                StepperInterface::setDirection(bool)
                0x000183fc                StepperInterface::step(bool)
                0x00018420                StepperInterface::setEnabled(bool)
                0x0001844c                StepperInterface::isAtMaximum()
                0x00018498                StepperInterface::isAtMinimum()
                0x000184e4                StepperInterface::init(unsigned char)
 .text          0x00018610      0x66c build\Steppers.o
                0x00018610                steppers::isRunning()
                0x00018644                steppers::init(Motherboard&)
                0x000186b8                steppers::abort()
                0x000186dc                steppers::definePosition(Point const&)
                0x00018730                steppers::getPosition()
                0x00018764                steppers::setHoldZ(bool)
                0x00018784                steppers::setTarget(Point const&, long)
                0x000188d0                steppers::setTargetNew(Point const&, long, unsigned char)
                0x00018a14                steppers::startHoming(bool, unsigned char, unsigned long)
                0x00018adc                steppers::enableAxis(unsigned char, bool)
                0x00018b10                steppers::doInterrupt()
 .text._ZN8steppers4AxisC2Ev
                0x00018c7c       0x20 build\Steppers.o
                0x00018c7c                steppers::Axis::Axis()
                0x00018c7c                steppers::Axis::Axis()
 .text._ZN8steppers4AxisC2ER16StepperInterface
                0x00018c9c       0x24 build\Steppers.o
                0x00018c9c                steppers::Axis::Axis(StepperInterface&)
                0x00018c9c                steppers::Axis::Axis(StepperInterface&)
 .text._ZN8steppers4Axis9setTargetElb
                0x00018cc0       0x84 build\Steppers.o
                0x00018cc0                steppers::Axis::setTarget(long, bool)
 .text._ZN8steppers4Axis9setHomingEb
                0x00018d44       0x30 build\Steppers.o
                0x00018d44                steppers::Axis::setHoming(bool)
 .text._ZN8steppers4Axis14definePositionEl
                0x00018d74       0x1c build\Steppers.o
                0x00018d74                steppers::Axis::definePosition(long)
 .text._ZN8steppers4Axis13enableStepperEb
                0x00018d90       0x24 build\Steppers.o
                0x00018d90                steppers::Axis::enableStepper(bool)
 .text._ZN8steppers4Axis5resetEv
                0x00018db4       0x44 build\Steppers.o
                0x00018db4                steppers::Axis::reset()
 .text._ZN8steppers4Axis11doInterruptEl
                0x00018df8       0xcc build\Steppers.o
                0x00018df8                steppers::Axis::doInterrupt(long)
 .text._ZN8steppers4Axis8doHomingEl
                0x00018ec4       0xf8 build\Steppers.o
                0x00018ec4                steppers::Axis::doHoming(long)
 .text          0x00018fbc       0xe0 build\Timeout.o
                0x00018fbc                Timeout::Timeout()
                0x00018fbc                Timeout::Timeout()
                0x00018fe4                Timeout::start(unsigned long)
                0x00019020                Timeout::hasElapsed()
                0x00019080                Timeout::abort()
 .text          0x0001909c      0x384 build\Tool.o
                0x0001909c                tool::getInPacket()
                0x000190b8                tool::getOutPacket()
                0x000190d4                tool::reset()
                0x000191b4                tool::getLock()
                0x000191ec                tool::releaseLock()
                0x00019204                tool::startTransaction()
                0x0001925c                tool::isTransactionDone()
                0x00019278                tool::runToolSlice()
 .text          0x00019420      0x3b4 build\UART.o
                0x0001949c                UART::UART(unsigned char)
                0x0001949c                UART::UART(unsigned char)
                0x000195cc                UART::beginSend()
                0x0001964c                UART::enable(bool)
                0x000196b0                UART::reset()
                0x000196d8                UART1_IRQHandler()
 .text._Z6listenv
                0x000197d4       0x30 build\UART.o
                0x000197d4                listen()
 .text._Z5speakv
                0x00019804       0x30 build\UART.o
                0x00019804                speak()
 .text          0x00019834        0x0 c:/progra~2/codesourcery/source~1/bin/../lib/gcc/arm-none-eabi/4.5.2/../../../../arm-none-eabi/lib/thumb2\libstdc++.a(si_class_type_info.o)
 .text._ZNK10__cxxabiv120__si_class_type_info11__do_upcastEPKNS_17__class_type_infoEPKvRNS1_15__upcast_resultE
                0x00019834       0x28 c:/progra~2/codesourcery/source~1/bin/../lib/gcc/arm-none-eabi/4.5.2/../../../../arm-none-eabi/lib/thumb2\libstdc++.a(si_class_type_info.o)
                0x00019834                __cxxabiv1::__si_class_type_info::__do_upcast(__cxxabiv1::__class_type_info const*, void const*, __cxxabiv1::__class_type_info::__upcast_result&) const
 .text._ZNK10__cxxabiv120__si_class_type_info12__do_dyncastEiNS_17__class_type_info10__sub_kindEPKS1_PKvS4_S6_RNS1_16__dyncast_resultE
                0x0001985c       0x90 c:/progra~2/codesourcery/source~1/bin/../lib/gcc/arm-none-eabi/4.5.2/../../../../arm-none-eabi/lib/thumb2\libstdc++.a(si_class_type_info.o)
                0x0001985c                __cxxabiv1::__si_class_type_info::__do_dyncast(int, __cxxabiv1::__class_type_info::__sub_kind, __cxxabiv1::__class_type_info const*, void const*, __cxxabiv1::__class_type_info const*, void const*, __cxxabiv1::__class_type_info::__dyncast_result&) const
 .text._ZNK10__cxxabiv120__si_class_type_info20__do_find_public_srcEiPKvPKNS_17__class_type_infoES2_
                0x000198ec       0x38 c:/progra~2/codesourcery/source~1/bin/../lib/gcc/arm-none-eabi/4.5.2/../../../../arm-none-eabi/lib/thumb2\libstdc++.a(si_class_type_info.o)
                0x000198ec                __cxxabiv1::__si_class_type_info::__do_find_public_src(int, void const*, __cxxabiv1::__class_type_info const*, void const*) const
 .text._ZN10__cxxabiv120__si_class_type_infoD2Ev
                0x00019924       0x14 c:/progra~2/codesourcery/source~1/bin/../lib/gcc/arm-none-eabi/4.5.2/../../../../arm-none-eabi/lib/thumb2\libstdc++.a(si_class_type_info.o)
                0x00019924                __cxxabiv1::__si_class_type_info::~__si_class_type_info()
                0x00019924                __cxxabiv1::__si_class_type_info::~__si_class_type_info()
 .text._ZN10__cxxabiv120__si_class_type_infoD0Ev
                0x00019938       0x1c c:/progra~2/codesourcery/source~1/bin/../lib/gcc/arm-none-eabi/4.5.2/../../../../arm-none-eabi/lib/thumb2\libstdc++.a(si_class_type_info.o)
                0x00019938                __cxxabiv1::__si_class_type_info::~__si_class_type_info()
 .text          0x00019954        0x0 c:/progra~2/codesourcery/source~1/bin/../lib/gcc/arm-none-eabi/4.5.2/../../../../arm-none-eabi/lib/thumb2\libstdc++.a(del_op.o)
 .text._ZdlPv   0x00019954        0x8 c:/progra~2/codesourcery/source~1/bin/../lib/gcc/arm-none-eabi/4.5.2/../../../../arm-none-eabi/lib/thumb2\libstdc++.a(del_op.o)
                0x00019954                operator delete(void*)
 .text          0x0001995c        0x0 c:/progra~2/codesourcery/source~1/bin/../lib/gcc/arm-none-eabi/4.5.2/../../../../arm-none-eabi/lib/thumb2\libstdc++.a(pure.o)
 .text.__cxa_pure_virtual
                0x0001995c       0x18 c:/progra~2/codesourcery/source~1/bin/../lib/gcc/arm-none-eabi/4.5.2/../../../../arm-none-eabi/lib/thumb2\libstdc++.a(pure.o)
                0x0001995c                __cxa_pure_virtual
 .text          0x00019974        0x0 c:/progra~2/codesourcery/source~1/bin/../lib/gcc/arm-none-eabi/4.5.2/../../../../arm-none-eabi/lib/thumb2\libstdc++.a(class_type_info.o)
 .text._ZNK10__cxxabiv117__class_type_info11__do_upcastEPKS0_PPv
                0x00019974       0x38 c:/progra~2/codesourcery/source~1/bin/../lib/gcc/arm-none-eabi/4.5.2/../../../../arm-none-eabi/lib/thumb2\libstdc++.a(class_type_info.o)
                0x00019974                __cxxabiv1::__class_type_info::__do_upcast(__cxxabiv1::__class_type_info const*, void**) const
 .text._ZNK10__cxxabiv117__class_type_info20__do_find_public_srcEiPKvPKS0_S2_
                0x000199ac        0xc c:/progra~2/codesourcery/source~1/bin/../lib/gcc/arm-none-eabi/4.5.2/../../../../arm-none-eabi/lib/thumb2\libstdc++.a(class_type_info.o)
                0x000199ac                __cxxabiv1::__class_type_info::__do_find_public_src(int, void const*, __cxxabiv1::__class_type_info const*, void const*) const
 .text._ZNK10__cxxabiv117__class_type_info11__do_upcastEPKS0_PKvRNS0_15__upcast_resultE
                0x000199b8       0x1c c:/progra~2/codesourcery/source~1/bin/../lib/gcc/arm-none-eabi/4.5.2/../../../../arm-none-eabi/lib/thumb2\libstdc++.a(class_type_info.o)
                0x000199b8                __cxxabiv1::__class_type_info::__do_upcast(__cxxabiv1::__class_type_info const*, void const*, __cxxabiv1::__class_type_info::__upcast_result&) const
 .text._ZNK10__cxxabiv117__class_type_info12__do_dyncastEiNS0_10__sub_kindEPKS0_PKvS3_S5_RNS0_16__dyncast_resultE
                0x000199d4       0x3c c:/progra~2/codesourcery/source~1/bin/../lib/gcc/arm-none-eabi/4.5.2/../../../../arm-none-eabi/lib/thumb2\libstdc++.a(class_type_info.o)
                0x000199d4                __cxxabiv1::__class_type_info::__do_dyncast(int, __cxxabiv1::__class_type_info::__sub_kind, __cxxabiv1::__class_type_info const*, void const*, __cxxabiv1::__class_type_info const*, void const*, __cxxabiv1::__class_type_info::__dyncast_result&) const
 .text._ZNK10__cxxabiv117__class_type_info10__do_catchEPKSt9type_infoPPvj
                0x00019a10       0x28 c:/progra~2/codesourcery/source~1/bin/../lib/gcc/arm-none-eabi/4.5.2/../../../../arm-none-eabi/lib/thumb2\libstdc++.a(class_type_info.o)
                0x00019a10                __cxxabiv1::__class_type_info::__do_catch(std::type_info const*, void**, unsigned int) const
 .text._ZN10__cxxabiv117__class_type_infoD2Ev
                0x00019a38       0x14 c:/progra~2/codesourcery/source~1/bin/../lib/gcc/arm-none-eabi/4.5.2/../../../../arm-none-eabi/lib/thumb2\libstdc++.a(class_type_info.o)
                0x00019a38                __cxxabiv1::__class_type_info::~__class_type_info()
                0x00019a38                __cxxabiv1::__class_type_info::~__class_type_info()
 .text._ZN10__cxxabiv117__class_type_infoD0Ev
                0x00019a4c       0x1c c:/progra~2/codesourcery/source~1/bin/../lib/gcc/arm-none-eabi/4.5.2/../../../../arm-none-eabi/lib/thumb2\libstdc++.a(class_type_info.o)
                0x00019a4c                __cxxabiv1::__class_type_info::~__class_type_info()
 .text          0x00019a68        0x0 c:/progra~2/codesourcery/source~1/bin/../lib/gcc/arm-none-eabi/4.5.2/../../../../arm-none-eabi/lib/thumb2\libstdc++.a(tinfo.o)
 .text._ZNSt9type_infoD2Ev
                0x00019a68        0xc c:/progra~2/codesourcery/source~1/bin/../lib/gcc/arm-none-eabi/4.5.2/../../../../arm-none-eabi/lib/thumb2\libstdc++.a(tinfo.o)
                0x00019a68                std::type_info::~type_info()
                0x00019a68                std::type_info::~type_info()
 .text._ZNKSt9type_info14__is_pointer_pEv
                0x00019a74        0x4 c:/progra~2/codesourcery/source~1/bin/../lib/gcc/arm-none-eabi/4.5.2/../../../../arm-none-eabi/lib/thumb2\libstdc++.a(tinfo.o)
                0x00019a74                std::type_info::__is_pointer_p() const
 .text._ZNKSt9type_info15__is_function_pEv
                0x00019a78        0x4 c:/progra~2/codesourcery/source~1/bin/../lib/gcc/arm-none-eabi/4.5.2/../../../../arm-none-eabi/lib/thumb2\libstdc++.a(tinfo.o)
                0x00019a78                std::type_info::__is_function_p() const
 .text._ZNKSt9type_info11__do_upcastEPKN10__cxxabiv117__class_type_infoEPPv
                0x00019a7c        0x4 c:/progra~2/codesourcery/source~1/bin/../lib/gcc/arm-none-eabi/4.5.2/../../../../arm-none-eabi/lib/thumb2\libstdc++.a(tinfo.o)
                0x00019a7c                std::type_info::__do_upcast(__cxxabiv1::__class_type_info const*, void**) const
 .text._ZNSt9type_infoD0Ev
                0x00019a80       0x14 c:/progra~2/codesourcery/source~1/bin/../lib/gcc/arm-none-eabi/4.5.2/../../../../arm-none-eabi/lib/thumb2\libstdc++.a(tinfo.o)
                0x00019a80                std::type_info::~type_info()
 .text._ZNKSt9type_infoeqERKS_
                0x00019a94       0x3c c:/progra~2/codesourcery/source~1/bin/../lib/gcc/arm-none-eabi/4.5.2/../../../../arm-none-eabi/lib/thumb2\libstdc++.a(tinfo.o)
                0x00019a94                std::type_info::operator==(std::type_info const&) const
 .text._ZNKSt9type_info10__do_catchEPKS_PPvj
                0x00019ad0        0x4 c:/progra~2/codesourcery/source~1/bin/../lib/gcc/arm-none-eabi/4.5.2/../../../../arm-none-eabi/lib/thumb2\libstdc++.a(tinfo.o)
                0x00019ad0                std::type_info::__do_catch(std::type_info const*, void**, unsigned int) const
 .text          0x00019ad4        0x0 c:/progra~2/codesourcery/source~1/bin/../lib/gcc/arm-none-eabi/4.5.2/../../../../arm-none-eabi/lib/thumb2\libstdc++.a(eh_terminate.o)
 .text._ZN10__cxxabiv111__terminateEPFvvE
                0x00019ad4       0x28 c:/progra~2/codesourcery/source~1/bin/../lib/gcc/arm-none-eabi/4.5.2/../../../../arm-none-eabi/lib/thumb2\libstdc++.a(eh_terminate.o)
                0x00019ad4                __cxxabiv1::__terminate(void (*)())
 .text._ZSt9terminatev
                0x00019afc       0x10 c:/progra~2/codesourcery/source~1/bin/../lib/gcc/arm-none-eabi/4.5.2/../../../../arm-none-eabi/lib/thumb2\libstdc++.a(eh_terminate.o)
                0x00019afc                std::terminate()
 .text._ZN10__cxxabiv112__unexpectedEPFvvE
                0x00019b0c        0x8 c:/progra~2/codesourcery/source~1/bin/../lib/gcc/arm-none-eabi/4.5.2/../../../../arm-none-eabi/lib/thumb2\libstdc++.a(eh_terminate.o)
                0x00019b0c                __cxxabiv1::__unexpected(void (*)())
 .text._ZSt10unexpectedv
                0x00019b14       0x14 c:/progra~2/codesourcery/source~1/bin/../lib/gcc/arm-none-eabi/4.5.2/../../../../arm-none-eabi/lib/thumb2\libstdc++.a(eh_terminate.o)
                0x00019b14                std::unexpected()
 .text._ZSt13set_terminatePFvvE
                0x00019b28       0x10 c:/progra~2/codesourcery/source~1/bin/../lib/gcc/arm-none-eabi/4.5.2/../../../../arm-none-eabi/lib/thumb2\libstdc++.a(eh_terminate.o)
                0x00019b28                std::set_terminate(void (*)())
 .text._ZSt14set_unexpectedPFvvE
                0x00019b38       0x10 c:/progra~2/codesourcery/source~1/bin/../lib/gcc/arm-none-eabi/4.5.2/../../../../arm-none-eabi/lib/thumb2\libstdc++.a(eh_terminate.o)
                0x00019b38                std::set_unexpected(void (*)())
 .text          0x00019b48        0x0 c:/progra~2/codesourcery/source~1/bin/../lib/gcc/arm-none-eabi/4.5.2/../../../../arm-none-eabi/lib/thumb2\libstdc++.a(eh_call.o)
 .text.__cxa_call_terminate
                0x00019b48       0x50 c:/progra~2/codesourcery/source~1/bin/../lib/gcc/arm-none-eabi/4.5.2/../../../../arm-none-eabi/lib/thumb2\libstdc++.a(eh_call.o)
                0x00019b48                __cxa_call_terminate
 .text.__cxa_call_unexpected
                0x00019b98      0x130 c:/progra~2/codesourcery/source~1/bin/../lib/gcc/arm-none-eabi/4.5.2/../../../../arm-none-eabi/lib/thumb2\libstdc++.a(eh_call.o)
                0x00019b98                __cxa_call_unexpected
 .text          0x00019cc8        0x0 c:/progra~2/codesourcery/source~1/bin/../lib/gcc/arm-none-eabi/4.5.2/../../../../arm-none-eabi/lib/thumb2\libstdc++.a(eh_term_handler.o)
 .text          0x00019cc8        0x0 c:/progra~2/codesourcery/source~1/bin/../lib/gcc/arm-none-eabi/4.5.2/../../../../arm-none-eabi/lib/thumb2\libstdc++.a(eh_personality.o)
 .text._ZL12read_sleb128PKhPl
                0x00019cc8       0x3c c:/progra~2/codesourcery/source~1/bin/../lib/gcc/arm-none-eabi/4.5.2/../../../../arm-none-eabi/lib/thumb2\libstdc++.a(eh_personality.o)
 .text._ZL28read_encoded_value_with_basehjPKhPj
                0x00019d04       0xac c:/progra~2/codesourcery/source~1/bin/../lib/gcc/arm-none-eabi/4.5.2/../../../../arm-none-eabi/lib/thumb2\libstdc++.a(eh_personality.o)
 .text._ZL21base_of_encoded_valuehP15_Unwind_Context
                0x00019db0       0x4c c:/progra~2/codesourcery/source~1/bin/../lib/gcc/arm-none-eabi/4.5.2/../../../../arm-none-eabi/lib/thumb2\libstdc++.a(eh_personality.o)
 .text._ZL17parse_lsda_headerP15_Unwind_ContextPKhP16lsda_header_info
                0x00019dfc       0x8c c:/progra~2/codesourcery/source~1/bin/../lib/gcc/arm-none-eabi/4.5.2/../../../../arm-none-eabi/lib/thumb2\libstdc++.a(eh_personality.o)
 .text.__gxx_personality_v0
                0x00019e88      0x3ec c:/progra~2/codesourcery/source~1/bin/../lib/gcc/arm-none-eabi/4.5.2/../../../../arm-none-eabi/lib/thumb2\libstdc++.a(eh_personality.o)
                0x00019e88                __gxx_personality_v0
 .text          0x0001a274        0x0 c:/progra~2/codesourcery/source~1/bin/../lib/gcc/arm-none-eabi/4.5.2/../../../../arm-none-eabi/lib/thumb2\libstdc++.a(eh_throw.o)
 .text._ZL23__gxx_exception_cleanup19_Unwind_Reason_CodeP21_Unwind_Control_Block
                0x0001a274       0x4c c:/progra~2/codesourcery/source~1/bin/../lib/gcc/arm-none-eabi/4.5.2/../../../../arm-none-eabi/lib/thumb2\libstdc++.a(eh_throw.o)
 .text.__cxa_throw
                0x0001a2c0       0x80 c:/progra~2/codesourcery/source~1/bin/../lib/gcc/arm-none-eabi/4.5.2/../../../../arm-none-eabi/lib/thumb2\libstdc++.a(eh_throw.o)
                0x0001a2c0                __cxa_throw
 .text.__cxa_rethrow
                0x0001a340       0x78 c:/progra~2/codesourcery/source~1/bin/../lib/gcc/arm-none-eabi/4.5.2/../../../../arm-none-eabi/lib/thumb2\libstdc++.a(eh_throw.o)
                0x0001a340                __cxa_rethrow
 .text          0x0001a3b8        0x0 c:/progra~2/codesourcery/source~1/bin/../lib/gcc/arm-none-eabi/4.5.2/../../../../arm-none-eabi/lib/thumb2\libstdc++.a(eh_unex_handler.o)
 .text          0x0001a3b8        0x0 c:/progra~2/codesourcery/source~1/bin/../lib/gcc/arm-none-eabi/4.5.2/../../../../arm-none-eabi/lib/thumb2\libstdc++.a(eh_globals.o)
 .text.__cxa_get_globals_fast
                0x0001a3b8        0xc c:/progra~2/codesourcery/source~1/bin/../lib/gcc/arm-none-eabi/4.5.2/../../../../arm-none-eabi/lib/thumb2\libstdc++.a(eh_globals.o)
                0x0001a3b8                __cxa_get_globals_fast
 .text.__cxa_get_globals
                0x0001a3c4        0xc c:/progra~2/codesourcery/source~1/bin/../lib/gcc/arm-none-eabi/4.5.2/../../../../arm-none-eabi/lib/thumb2\libstdc++.a(eh_globals.o)
                0x0001a3c4                __cxa_get_globals
 .text          0x0001a3d0        0x0 c:/progra~2/codesourcery/source~1/bin/../lib/gcc/arm-none-eabi/4.5.2/../../../../arm-none-eabi/lib/thumb2\libstdc++.a(eh_catch.o)
 .text.__cxa_get_exception_ptr
                0x0001a3d0        0x4 c:/progra~2/codesourcery/source~1/bin/../lib/gcc/arm-none-eabi/4.5.2/../../../../arm-none-eabi/lib/thumb2\libstdc++.a(eh_catch.o)
                0x0001a3d0                __cxa_get_exception_ptr
 .text.__cxa_begin_catch
                0x0001a3d4       0x9c c:/progra~2/codesourcery/source~1/bin/../lib/gcc/arm-none-eabi/4.5.2/../../../../arm-none-eabi/lib/thumb2\libstdc++.a(eh_catch.o)
                0x0001a3d4                __cxa_begin_catch
 .text.__cxa_end_catch
                0x0001a470       0x98 c:/progra~2/codesourcery/source~1/bin/../lib/gcc/arm-none-eabi/4.5.2/../../../../arm-none-eabi/lib/thumb2\libstdc++.a(eh_catch.o)
                0x0001a470                __cxa_end_catch
 .text._ZSt18uncaught_exceptionv
                0x0001a508       0x10 c:/progra~2/codesourcery/source~1/bin/../lib/gcc/arm-none-eabi/4.5.2/../../../../arm-none-eabi/lib/thumb2\libstdc++.a(eh_catch.o)
                0x0001a508                std::uncaught_exception()
 .text          0x0001a518        0x0 c:/progra~2/codesourcery/source~1/bin/../lib/gcc/arm-none-eabi/4.5.2/../../../../arm-none-eabi/lib/thumb2\libstdc++.a(vterminate.o)
 .text._ZN9__gnu_cxx27__verbose_terminate_handlerEv
                0x0001a518      0x148 c:/progra~2/codesourcery/source~1/bin/../lib/gcc/arm-none-eabi/4.5.2/../../../../arm-none-eabi/lib/thumb2\libstdc++.a(vterminate.o)
                0x0001a518                __gnu_cxx::__verbose_terminate_handler()
 .text          0x0001a660        0x0 c:/progra~2/codesourcery/source~1/bin/../lib/gcc/arm-none-eabi/4.5.2/../../../../arm-none-eabi/lib/thumb2\libstdc++.a(eh_exception.o)
 .text._ZNSt9exceptionD2Ev
                0x0001a660        0xc c:/progra~2/codesourcery/source~1/bin/../lib/gcc/arm-none-eabi/4.5.2/../../../../arm-none-eabi/lib/thumb2\libstdc++.a(eh_exception.o)
                0x0001a660                std::exception::~exception()
                0x0001a660                std::exception::~exception()
 .text._ZNSt13bad_exceptionD2Ev
                0x0001a66c        0xc c:/progra~2/codesourcery/source~1/bin/../lib/gcc/arm-none-eabi/4.5.2/../../../../arm-none-eabi/lib/thumb2\libstdc++.a(eh_exception.o)
                0x0001a66c                std::bad_exception::~bad_exception()
                0x0001a66c                std::bad_exception::~bad_exception()
 .text._ZN10__cxxabiv115__forced_unwindD2Ev
                0x0001a678        0xc c:/progra~2/codesourcery/source~1/bin/../lib/gcc/arm-none-eabi/4.5.2/../../../../arm-none-eabi/lib/thumb2\libstdc++.a(eh_exception.o)
                0x0001a678                __cxxabiv1::__forced_unwind::~__forced_unwind()
                0x0001a678                __cxxabiv1::__forced_unwind::~__forced_unwind()
 .text._ZN10__cxxabiv119__foreign_exceptionD2Ev
                0x0001a684        0xc c:/progra~2/codesourcery/source~1/bin/../lib/gcc/arm-none-eabi/4.5.2/../../../../arm-none-eabi/lib/thumb2\libstdc++.a(eh_exception.o)
                0x0001a684                __cxxabiv1::__foreign_exception::~__foreign_exception()
                0x0001a684                __cxxabiv1::__foreign_exception::~__foreign_exception()
 .text._ZNKSt9exception4whatEv
                0x0001a690        0xc c:/progra~2/codesourcery/source~1/bin/../lib/gcc/arm-none-eabi/4.5.2/../../../../arm-none-eabi/lib/thumb2\libstdc++.a(eh_exception.o)
                0x0001a690                std::exception::what() const
 .text._ZNKSt13bad_exception4whatEv
                0x0001a69c        0xc c:/progra~2/codesourcery/source~1/bin/../lib/gcc/arm-none-eabi/4.5.2/../../../../arm-none-eabi/lib/thumb2\libstdc++.a(eh_exception.o)
                0x0001a69c                std::bad_exception::what() const
 .text._ZN10__cxxabiv119__foreign_exceptionD0Ev
                0x0001a6a8       0x14 c:/progra~2/codesourcery/source~1/bin/../lib/gcc/arm-none-eabi/4.5.2/../../../../arm-none-eabi/lib/thumb2\libstdc++.a(eh_exception.o)
                0x0001a6a8                __cxxabiv1::__foreign_exception::~__foreign_exception()
 .text._ZN10__cxxabiv115__forced_unwindD0Ev
                0x0001a6bc       0x14 c:/progra~2/codesourcery/source~1/bin/../lib/gcc/arm-none-eabi/4.5.2/../../../../arm-none-eabi/lib/thumb2\libstdc++.a(eh_exception.o)
                0x0001a6bc                __cxxabiv1::__forced_unwind::~__forced_unwind()
 .text._ZNSt13bad_exceptionD0Ev
                0x0001a6d0       0x14 c:/progra~2/codesourcery/source~1/bin/../lib/gcc/arm-none-eabi/4.5.2/../../../../arm-none-eabi/lib/thumb2\libstdc++.a(eh_exception.o)
                0x0001a6d0                std::bad_exception::~bad_exception()
 .text._ZNSt9exceptionD0Ev
                0x0001a6e4       0x14 c:/progra~2/codesourcery/source~1/bin/../lib/gcc/arm-none-eabi/4.5.2/../../../../arm-none-eabi/lib/thumb2\libstdc++.a(eh_exception.o)
                0x0001a6e4                std::exception::~exception()
 .text          0x0001a6f8        0x0 c:/progra~2/codesourcery/source~1/bin/../lib/gcc/arm-none-eabi/4.5.2/../../../../arm-none-eabi/lib/thumb2\libstdc++.a(eh_type.o)
 .text.__cxa_current_exception_type
                0x0001a6f8       0x1c c:/progra~2/codesourcery/source~1/bin/../lib/gcc/arm-none-eabi/4.5.2/../../../../arm-none-eabi/lib/thumb2\libstdc++.a(eh_type.o)
                0x0001a6f8                __cxa_current_exception_type
 .text          0x0001a714        0xc c:/progra~2/codesourcery/source~1/bin/../lib/gcc/arm-none-eabi/4.5.2/../../../../arm-none-eabi/lib/thumb2\libstdc++.a(eh_arm.o)
                0x0001a714                __cxa_end_cleanup
 .text.__cxa_type_match
                0x0001a720       0xd0 c:/progra~2/codesourcery/source~1/bin/../lib/gcc/arm-none-eabi/4.5.2/../../../../arm-none-eabi/lib/thumb2\libstdc++.a(eh_arm.o)
                0x0001a720                __cxa_type_match
 .text.__cxa_begin_cleanup
                0x0001a7f0       0x70 c:/progra~2/codesourcery/source~1/bin/../lib/gcc/arm-none-eabi/4.5.2/../../../../arm-none-eabi/lib/thumb2\libstdc++.a(eh_arm.o)
                0x0001a7f0                __cxa_begin_cleanup
 .text.__gnu_end_cleanup
                0x0001a860       0x7c c:/progra~2/codesourcery/source~1/bin/../lib/gcc/arm-none-eabi/4.5.2/../../../../arm-none-eabi/lib/thumb2\libstdc++.a(eh_arm.o)
                0x0001a860                __gnu_end_cleanup
 .text          0x0001a8dc        0x0 c:/progra~2/codesourcery/source~1/bin/../lib/gcc/arm-none-eabi/4.5.2/../../../../arm-none-eabi/lib/thumb2\libstdc++.a(eh_alloc.o)
 .text.__cxa_allocate_exception
                0x0001a8dc       0x7c c:/progra~2/codesourcery/source~1/bin/../lib/gcc/arm-none-eabi/4.5.2/../../../../arm-none-eabi/lib/thumb2\libstdc++.a(eh_alloc.o)
                0x0001a8dc                __cxa_allocate_exception
 .text.__cxa_free_exception
                0x0001a958       0x3c c:/progra~2/codesourcery/source~1/bin/../lib/gcc/arm-none-eabi/4.5.2/../../../../arm-none-eabi/lib/thumb2\libstdc++.a(eh_alloc.o)
                0x0001a958                __cxa_free_exception
 .text.__cxa_allocate_dependent_exception
                0x0001a994       0x78 c:/progra~2/codesourcery/source~1/bin/../lib/gcc/arm-none-eabi/4.5.2/../../../../arm-none-eabi/lib/thumb2\libstdc++.a(eh_alloc.o)
                0x0001a994                __cxa_allocate_dependent_exception
 .text.__cxa_free_dependent_exception
                0x0001aa0c       0x4c c:/progra~2/codesourcery/source~1/bin/../lib/gcc/arm-none-eabi/4.5.2/../../../../arm-none-eabi/lib/thumb2\libstdc++.a(eh_alloc.o)
                0x0001aa0c                __cxa_free_dependent_exception
 .text._GLOBAL__I___cxa_allocate_exception
                0x0001aa58        0x4 c:/progra~2/codesourcery/source~1/bin/../lib/gcc/arm-none-eabi/4.5.2/../../../../arm-none-eabi/lib/thumb2\libstdc++.a(eh_alloc.o)
 .text          0x0001aa5c     0x912c c:/progra~2/codesourcery/source~1/bin/../lib/gcc/arm-none-eabi/4.5.2/../../../../arm-none-eabi/lib/thumb2\libstdc++.a(cp-demangle.o)
                0x00023a80                __cxa_demangle
                0x00023b5c                __gcclibcxx_demangle_callback
 .text          0x00023b88      0x21c c:/progra~2/codesourcery/source~1/bin/../lib/gcc/arm-none-eabi/4.5.2/thumb2\libgcc.a(_arm_addsubsf3.o)
                0x00023b88                __aeabi_frsub
                0x00023b90                __subsf3
                0x00023b90                __aeabi_fsub
                0x00023b94                __aeabi_fadd
                0x00023b94                __addsf3
                0x00023cf4                __aeabi_ui2f
                0x00023cf4                __floatunsisf
                0x00023cfc                __aeabi_i2f
                0x00023cfc                __floatsisf
                0x00023d18                __aeabi_ul2f
                0x00023d18                __floatundisf
                0x00023d28                __aeabi_l2f
                0x00023d28                __floatdisf
 .text          0x00023da4      0x2a0 c:/progra~2/codesourcery/source~1/bin/../lib/gcc/arm-none-eabi/4.5.2/thumb2\libgcc.a(_arm_muldivsf3.o)
                0x00023da4                __mulsf3
                0x00023da4                __aeabi_fmul
                0x00023f0c                __aeabi_fdiv
                0x00023f0c                __divsf3
 .text          0x00024044       0xec c:/progra~2/codesourcery/source~1/bin/../lib/gcc/arm-none-eabi/4.5.2/thumb2\libgcc.a(_arm_cmpsf2.o)
                0x00024044                __gesf2
                0x00024044                __gtsf2
                0x0002404c                __lesf2
                0x0002404c                __ltsf2
                0x00024054                __nesf2
                0x00024054                __eqsf2
                0x00024054                __cmpsf2
                0x000240b4                __aeabi_cfrcmple
                0x000240bc                __aeabi_cfcmpeq
                0x000240bc                __aeabi_cfcmple
                0x000240cc                __aeabi_fcmpeq
                0x000240e0                __aeabi_fcmplt
                0x000240f4                __aeabi_fcmple
                0x00024108                __aeabi_fcmpge
                0x0002411c                __aeabi_fcmpgt
 .text          0x00024130       0x4c c:/progra~2/codesourcery/source~1/bin/../lib/gcc/arm-none-eabi/4.5.2/thumb2\libgcc.a(_arm_fixsfsi.o)
                0x00024130                __aeabi_f2iz
                0x00024130                __fixsfsi
 .text          0x0002417c       0x2c c:/progra~2/codesourcery/source~1/bin/../lib/gcc/arm-none-eabi/4.5.2/thumb2\libgcc.a(_aeabi_uldivmod.o)
                0x0002417c                __aeabi_uldivmod
 .text          0x000241a8       0x60 c:/progra~2/codesourcery/source~1/bin/../lib/gcc/arm-none-eabi/4.5.2/thumb2\libgcc.a(bpabi.o)
                0x000241a8                __gnu_ldivmod_helper
                0x000241d8                __gnu_uldivmod_helper
 .text          0x00024208      0xc38 c:/progra~2/codesourcery/source~1/bin/../lib/gcc/arm-none-eabi/4.5.2/thumb2\libgcc.a(unwind-arm.o)
                0x000244e4                _Unwind_VRS_Get
                0x00024530                _Unwind_VRS_Set
                0x000248cc                __aeabi_unwind_cpp_pr2
                0x000248d0                __aeabi_unwind_cpp_pr1
                0x000248d4                __aeabi_unwind_cpp_pr0
                0x000248d8                _Unwind_VRS_Pop
                0x00024cc0                _Unwind_GetCFA
                0x00024cc4                __gnu_Unwind_RaiseException
                0x00024d34                __gnu_Unwind_ForcedUnwind
                0x00024d48                __gnu_Unwind_Resume
                0x00024d84                __gnu_Unwind_Resume_or_Rethrow
                0x00024d9c                _Unwind_Complete
                0x00024da0                _Unwind_DeleteException
                0x00024db0                __gnu_Unwind_Backtrace
 .text          0x00024e40      0x1ac c:/progra~2/codesourcery/source~1/bin/../lib/gcc/arm-none-eabi/4.5.2/thumb2\libgcc.a(libunwind.o)
                0x00024e40                __restore_core_regs
                0x00024e40                restore_core_regs
                0x00024e58                __gnu_Unwind_Restore_VFP
                0x00024e60                __gnu_Unwind_Save_VFP
                0x00024e68                __gnu_Unwind_Restore_VFP_D
                0x00024e70                __gnu_Unwind_Save_VFP_D
                0x00024e78                __gnu_Unwind_Restore_VFP_D_16_to_31
                0x00024e80                __gnu_Unwind_Save_VFP_D_16_to_31
                0x00024e88                __gnu_Unwind_Restore_WMMXD
                0x00024ecc                __gnu_Unwind_Save_WMMXD
                0x00024f10                __gnu_Unwind_Restore_WMMXC
                0x00024f24                __gnu_Unwind_Save_WMMXC
                0x00024f38                ___Unwind_RaiseException
                0x00024f38                _Unwind_RaiseException
                0x00024f5c                _Unwind_Resume
                0x00024f5c                ___Unwind_Resume
                0x00024f80                _Unwind_Resume_or_Rethrow
                0x00024f80                ___Unwind_Resume_or_Rethrow
                0x00024fa4                _Unwind_ForcedUnwind
                0x00024fa4                ___Unwind_ForcedUnwind
                0x00024fc8                ___Unwind_Backtrace
                0x00024fc8                _Unwind_Backtrace
 .text          0x00024fec      0x3c0 c:/progra~2/codesourcery/source~1/bin/../lib/gcc/arm-none-eabi/4.5.2/thumb2\libgcc.a(pr-support.o)
                0x00025040                __gnu_unwind_execute
                0x00025350                __gnu_unwind_frame
                0x0002537c                _Unwind_GetRegionStart
                0x00025388                _Unwind_GetLanguageSpecificData
                0x0002539c                _Unwind_GetDataRelBase
                0x000253a4                _Unwind_GetTextRelBase
 .text          0x000253ac        0x4 c:/progra~2/codesourcery/source~1/bin/../lib/gcc/arm-none-eabi/4.5.2/thumb2\libgcc.a(_dvmd_tls.o)
                0x000253ac                __aeabi_idiv0
                0x000253ac                __aeabi_ldiv0
 .text          0x000253b0      0x360 c:/progra~2/codesourcery/source~1/bin/../lib/gcc/arm-none-eabi/4.5.2/thumb2\libgcc.a(_divdi3.o)
                0x000253b0                __divdi3
 .text          0x00025710      0x308 c:/progra~2/codesourcery/source~1/bin/../lib/gcc/arm-none-eabi/4.5.2/thumb2\libgcc.a(_udivdi3.o)
                0x00025710                __udivdi3
 .text          0x00025a18      0x278 c:/progra~2/codesourcery/source~1/bin/../lib/gcc/arm-none-eabi/4.5.2/thumb2\libgcc.a(_udivsi3.o)
                0x00025a18                __aeabi_uidiv
                0x00025a18                __udivsi3
                0x00025c74                __aeabi_uidivmod
 .text          0x00025c90       0x10 c:/progra~2/codesourcery/source~1/bin/../lib/gcc/arm-none-eabi/4.5.2/../../../../arm-none-eabi/lib/thumb2\libc.a(lib_a-abort.o)
                0x00025c90                abort
 .text          0x00025ca0       0xac c:/progra~2/codesourcery/source~1/bin/../lib/gcc/arm-none-eabi/4.5.2/../../../../arm-none-eabi/lib/thumb2\libc.a(lib_a-fputc.o)
                0x00025ca0                _fputc_r
                0x00025cf4                fputc
 .text          0x00025d4c       0x90 c:/progra~2/codesourcery/source~1/bin/../lib/gcc/arm-none-eabi/4.5.2/../../../../arm-none-eabi/lib/thumb2\libc.a(lib_a-fputs.o)
                0x00025d4c                _fputs_r
                0x00025dcc                fputs
 .text          0x00025ddc      0x338 c:/progra~2/codesourcery/source~1/bin/../lib/gcc/arm-none-eabi/4.5.2/../../../../arm-none-eabi/lib/thumb2\libc.a(lib_a-fvwrite.o)
                0x00025ddc                __sfvwrite_r
 .text          0x00026114       0xc0 c:/progra~2/codesourcery/source~1/bin/../lib/gcc/arm-none-eabi/4.5.2/../../../../arm-none-eabi/lib/thumb2\libc.a(lib_a-fwrite.o)
                0x00026114                _fwrite_r
                0x000261b0                fwrite
 .text          0x000261d4        0x0 c:/progra~2/codesourcery/source~1/bin/../lib/gcc/arm-none-eabi/4.5.2/../../../../arm-none-eabi/lib/thumb2\libc.a(lib_a-impure.o)
 .text          0x000261d4       0x20 c:/progra~2/codesourcery/source~1/bin/../lib/gcc/arm-none-eabi/4.5.2/../../../../arm-none-eabi/lib/thumb2\libc.a(lib_a-malloc.o)
                0x000261d4                malloc
                0x000261e4                free
 .text          0x000261f4      0x57c c:/progra~2/codesourcery/source~1/bin/../lib/gcc/arm-none-eabi/4.5.2/../../../../arm-none-eabi/lib/thumb2\libc.a(lib_a-mallocr.o)
                0x000261f4                _malloc_r
 .text          0x00026770       0x8c c:/progra~2/codesourcery/source~1/bin/../lib/gcc/arm-none-eabi/4.5.2/../../../../arm-none-eabi/lib/thumb2\libc.a(lib_a-memchr.o)
                0x00026770                memchr
 .text          0x000267fc       0x64 c:/progra~2/codesourcery/source~1/bin/../lib/gcc/arm-none-eabi/4.5.2/../../../../arm-none-eabi/lib/thumb2\libc.a(lib_a-memcmp.o)
                0x000267fc                memcmp