Archive member included because of file (symbol)

c:/progra~2/codesourcery/source~1/bin/../lib/gcc/arm-none-eabi/4.5.2/../../../../arm-none-eabi/lib/thumb2\libstdc++.a(si_class_type_info.o)
                              build\Menu.o (vtable for __cxxabiv1::__si_class_type_info)
c:/progra~2/codesourcery/source~1/bin/../lib/gcc/arm-none-eabi/4.5.2/../../../../arm-none-eabi/lib/thumb2\libstdc++.a(del_op.o)
                              c:/progra~2/codesourcery/source~1/bin/../lib/gcc/arm-none-eabi/4.5.2/../../../../arm-none-eabi/lib/thumb2\libstdc++.a(si_class_type_info.o) (operator delete(void*))
c:/progra~2/codesourcery/source~1/bin/../lib/gcc/arm-none-eabi/4.5.2/../../../../arm-none-eabi/lib/thumb2\libstdc++.a(pure.o)
                              build\InterfaceBoard.o (__cxa_pure_virtual)
c:/progra~2/codesourcery/source~1/bin/../lib/gcc/arm-none-eabi/4.5.2/../../../../arm-none-eabi/lib/thumb2\libstdc++.a(class_type_info.o)
                              c:/progra~2/codesourcery/source~1/bin/../lib/gcc/arm-none-eabi/4.5.2/../../../../arm-none-eabi/lib/thumb2\libstdc++.a(si_class_type_info.o) (__cxxabiv1::__class_type_info::__do_upcast(__cxxabiv1::__class_type_info const*, void**) const)
c:/progra~2/codesourcery/source~1/bin/../lib/gcc/arm-none-eabi/4.5.2/../../../../arm-none-eabi/lib/thumb2\libstdc++.a(tinfo.o)
                              c:/progra~2/codesourcery/source~1/bin/../lib/gcc/arm-none-eabi/4.5.2/../../../../arm-none-eabi/lib/thumb2\libstdc++.a(class_type_info.o) (std::type_info::~type_info())
c:/progra~2/codesourcery/source~1/bin/../lib/gcc/arm-none-eabi/4.5.2/../../../../arm-none-eabi/lib/thumb2\libstdc++.a(eh_terminate.o)
                              c:/progra~2/codesourcery/source~1/bin/../lib/gcc/arm-none-eabi/4.5.2/../../../../arm-none-eabi/lib/thumb2\libstdc++.a(pure.o) (std::terminate())
c:/progra~2/codesourcery/source~1/bin/../lib/gcc/arm-none-eabi/4.5.2/../../../../arm-none-eabi/lib/thumb2\libstdc++.a(eh_call.o)
                              c:/progra~2/codesourcery/source~1/bin/../lib/gcc/arm-none-eabi/4.5.2/../../../../arm-none-eabi/lib/thumb2\libstdc++.a(eh_terminate.o) (__cxa_call_unexpected)
c:/progra~2/codesourcery/source~1/bin/../lib/gcc/arm-none-eabi/4.5.2/../../../../arm-none-eabi/lib/thumb2\libstdc++.a(eh_term_handler.o)
                              c:/progra~2/codesourcery/source~1/bin/../lib/gcc/arm-none-eabi/4.5.2/../../../../arm-none-eabi/lib/thumb2\libstdc++.a(eh_terminate.o) (__cxxabiv1::__terminate_handler)
c:/progra~2/codesourcery/source~1/bin/../lib/gcc/arm-none-eabi/4.5.2/../../../../arm-none-eabi/lib/thumb2\libstdc++.a(eh_personality.o)
                              c:/progra~2/codesourcery/source~1/bin/../lib/gcc/arm-none-eabi/4.5.2/../../../../arm-none-eabi/lib/thumb2\libstdc++.a(eh_terminate.o) (__gxx_personality_v0)
c:/progra~2/codesourcery/source~1/bin/../lib/gcc/arm-none-eabi/4.5.2/../../../../arm-none-eabi/lib/thumb2\libstdc++.a(eh_throw.o)
                              c:/progra~2/codesourcery/source~1/bin/../lib/gcc/arm-none-eabi/4.5.2/../../../../arm-none-eabi/lib/thumb2\libstdc++.a(eh_call.o) (__cxa_throw)
c:/progra~2/codesourcery/source~1/bin/../lib/gcc/arm-none-eabi/4.5.2/../../../../arm-none-eabi/lib/thumb2\libstdc++.a(eh_unex_handler.o)
                              c:/progra~2/codesourcery/source~1/bin/../lib/gcc/arm-none-eabi/4.5.2/../../../../arm-none-eabi/lib/thumb2\libstdc++.a(eh_terminate.o) (__cxxabiv1::__unexpected_handler)
c:/progra~2/codesourcery/source~1/bin/../lib/gcc/arm-none-eabi/4.5.2/../../../../arm-none-eabi/lib/thumb2\libstdc++.a(eh_globals.o)
                              c:/progra~2/codesourcery/source~1/bin/../lib/gcc/arm-none-eabi/4.5.2/../../../../arm-none-eabi/lib/thumb2\libstdc++.a(eh_call.o) (__cxa_get_globals_fast)
c:/progra~2/codesourcery/source~1/bin/../lib/gcc/arm-none-eabi/4.5.2/../../../../arm-none-eabi/lib/thumb2\libstdc++.a(eh_catch.o)
                              c:/progra~2/codesourcery/source~1/bin/../lib/gcc/arm-none-eabi/4.5.2/../../../../arm-none-eabi/lib/thumb2\libstdc++.a(eh_terminate.o) (__cxa_begin_catch)
c:/progra~2/codesourcery/source~1/bin/../lib/gcc/arm-none-eabi/4.5.2/../../../../arm-none-eabi/lib/thumb2\libstdc++.a(vterminate.o)
                              c:/progra~2/codesourcery/source~1/bin/../lib/gcc/arm-none-eabi/4.5.2/../../../../arm-none-eabi/lib/thumb2\libstdc++.a(eh_term_handler.o) (__gnu_cxx::__verbose_terminate_handler())
c:/progra~2/codesourcery/source~1/bin/../lib/gcc/arm-none-eabi/4.5.2/../../../../arm-none-eabi/lib/thumb2\libstdc++.a(eh_exception.o)
                              c:/progra~2/codesourcery/source~1/bin/../lib/gcc/arm-none-eabi/4.5.2/../../../../arm-none-eabi/lib/thumb2\libstdc++.a(eh_call.o) (std::bad_exception::~bad_exception())
c:/progra~2/codesourcery/source~1/bin/../lib/gcc/arm-none-eabi/4.5.2/../../../../arm-none-eabi/lib/thumb2\libstdc++.a(eh_type.o)
[...]
Memory Configuration

Name             Origin             Length             Attributes
rom              0x00003000         0x0007d000         xr
ram              0x10001000         0x00007000         xrw
ram1             0x2007c000         0x00004000         xrw
ram2             0x20080000         0x00004000         xrw
*default*        0x00000000         0xffffffff

Linker script and memory map

LOAD build\system\core_cm3.o
LOAD build\system\syscalls.o
LOAD build\system\system_LPC17xx.o
LOAD build\system\startup_LPC17xx.o
LOAD build\lib\source\debug_frmwrk.o
LOAD build\lib\source\lpc17xx_adc.o
LOAD build\lib\source\lpc17xx_can.o
LOAD build\lib\source\lpc17xx_clkpwr.o
LOAD build\lib\source\lpc17xx_dac.o
LOAD build\lib\source\lpc17xx_emac.o
LOAD build\lib\source\lpc17xx_exti.o
LOAD build\lib\source\lpc17xx_gpdma.o
LOAD build\lib\source\lpc17xx_gpio.o
LOAD build\lib\source\lpc17xx_i2c.o
LOAD build\lib\source\lpc17xx_i2s.o
LOAD build\lib\source\lpc17xx_libcfg_default.o
LOAD build\lib\source\lpc17xx_mcpwm.o
LOAD build\lib\source\lpc17xx_nvic.o
LOAD build\lib\source\lpc17xx_pinsel.o
LOAD build\lib\source\lpc17xx_pwm.o
LOAD build\lib\source\lpc17xx_qei.o
LOAD build\lib\source\lpc17xx_rit.o
LOAD build\lib\source\lpc17xx_rtc.o
LOAD build\lib\source\lpc17xx_spi.o
LOAD build\lib\source\lpc17xx_ssp.o
LOAD build\lib\source\lpc17xx_systick.o
LOAD build\lib\source\lpc17xx_timer.o
LOAD build\lib\source\lpc17xx_uart.o
LOAD build\lib\source\lpc17xx_wdt.o
LOAD build\lib_sd\byteordering.o
LOAD build\lib_sd\fat.o
LOAD build\lib_sd\partition.o
LOAD build\lib_sd\sd_raw.o
LOAD build\IAP_internal_flash_write\IAP.o
LOAD build\VCOM_GV\intenable.o
LOAD build\VCOM_GV\serial_fifo.o
LOAD build\VCOM_GV\usbSerial.o
LOAD build\VCOM_GV\usbcontrol.o
LOAD build\VCOM_GV\usbhw_lpc.o
LOAD build\VCOM_GV\usbinit.o
LOAD build\VCOM_GV\usbstdreq.o
LOAD src\shared\PID.o
LOAD src\shared\Packet.o
LOAD build\Command.o
LOAD build\DebugPacketProcessor.o
LOAD build\Delay.o
LOAD build\EepromMap.o
LOAD build\Host.o
LOAD build\Interface.o
LOAD build\InterfaceBoard.o
LOAD build\LPCPort.o
LOAD build\LiquidCrystal.o
LOAD build\Main.o
LOAD build\Menu.o
LOAD build\Microsteps.o
LOAD build\Motherboard.o
LOAD build\PID.o
LOAD build\Packet.o
LOAD build\SDCard.o
LOAD build\StepperInterface.o
LOAD build\Steppers.o
LOAD build\Timeout.o
LOAD build\Tool.o
LOAD build\UART.o
                0x10008000                PROVIDE (__cs3_stack, (__cs3_region_start_ram + __cs3_region_size_ram))
                0x00002730                PROVIDE (__cs3_stack_size, ((__cs3_region_start_ram + __cs3_region_size_ram) - _end))
                0x100058d0                PROVIDE (__cs3_heap_start, _end)
                0x10008000                PROVIDE (__cs3_heap_end, (__cs3_region_start_ram + __cs3_region_size_ram))

.text           0x00003000    0x312f8
 CREATE_OBJECT_SYMBOLS
                0x00003000                __cs3_region_start_rom = .
 *(.cs3.region-head.rom)
                0x00003000                __cs3_interrupt_vector = __cs3_interrupt_vector_cortex_m
 *(.cs3.interrupt_vector)
 .cs3.interrupt_vector
                0x00003000       0xcc build\system\startup_LPC17xx.o
                0x00003000                __cs3_interrupt_vector_cortex_m
                0x00003001                ASSERT ((. != __cs3_interrupt_vector_cortex_m), No interrupt vector)
 *(.rom)
 *(.rom.b)
                0x000030cc                __cs3_reset = __cs3_reset_cortex_m
 *(.cs3.reset)
 .cs3.reset     0x000030cc       0x10 build\system\startup_LPC17xx.o
                0x000030cc                __cs3_reset_cortex_m
                0x00003001                ASSERT ((. != __cs3_reset), No reset code)
 *(.text .text.* .gnu.linkonce.t.*)
 .text          0x000030dc        0x0 build\system\core_cm3.o
 .text          0x000030dc      0x188 build\system\syscalls.o
                0x000030dc                _kill
                0x00003104                _exit
                0x00003110                _getpid
                0x00003120                get_heap_end
                0x00003134                get_stack_top
                0x00003148                _sbrk
                0x0000319c                _close
                0x000031b4                _fstat
                0x000031d8                _isatty
                0x000031f0                _lseek
                0x0000320c                _read
                0x00003228                _write
 .text          0x00003264      0x324 build\system\system_LPC17xx.o
                0x00003264                SystemCoreClockUpdate
                0x0000340c                SystemInit
 .text          0x00003588       0x14 build\system\startup_LPC17xx.o
                0x00003588                NMI_Handler
                0x0000358a                HardFault_Handler
                0x0000358c                MemManage_Handler
                0x0000358e                BusFault_Handler
                0x00003590                UsageFault_Handler
                0x00003592                SVC_Handler
                0x00003594                DebugMon_Handler
                0x00003596                PendSV_Handler
                0x00003598                SysTick_Handler
                0x0000359a                PWM1_IRQHandler
                0x0000359a                I2C1_IRQHandler
                0x0000359a                EINT2_IRQHandler
                0x0000359a                UART1_IRQHandler
                0x0000359a                EINT3_IRQHandler
                0x0000359a                CANActivity_IRQHandler
                0x0000359a                TIMER3_IRQHandler
                0x0000359a                UART0_IRQHandler
                0x0000359a                I2C0_IRQHandler
                0x0000359a                RIT_IRQHandler
                0x0000359a                CAN_IRQHandler
                0x0000359a                PLL1_IRQHandler
                0x0000359a                SSP0_IRQHandler
                0x0000359a                I2S_IRQHandler
                0x0000359a                I2C2_IRQHandler
                0x0000359a                RTC_IRQHandler
                0x0000359a                TIMER0_IRQHandler
                0x0000359a                SPI_IRQHandler
                0x0000359a                EINT1_IRQHandler
                0x0000359a                TIMER1_IRQHandler
                0x0000359a                UART2_IRQHandler
                0x0000359a                Default_Handler
                0x0000359a                ADC_IRQHandler
                0x0000359a                SSP1_IRQHandler
                0x0000359a                BOD_IRQHandler
                0x0000359a                USBActivity_IRQHandler
                0x0000359a                WDT_IRQHandler
                0x0000359a                PLL0_IRQHandler
                0x0000359a                QEI_IRQHandler
                0x0000359a                EINT0_IRQHandler
                0x0000359a                DMA_IRQHandler
                0x0000359a                TIMER2_IRQHandler
                0x0000359a                UART3_IRQHandler
                0x0000359a                MCPWM_IRQHandler
                0x0000359a                ENET_IRQHandler
 .text          0x0000359c      0x75c build\lib\source\debug_frmwrk.o
                0x0000359c                UARTPutChar
                0x000035c4                UARTGetChar
                0x000035f4                UARTPuts
                0x00003628                UARTPuts_
                0x00003650                UARTPutDec
                0x00003708                UARTPutDec16
                0x00003844                UARTPutDec32
                0x00003aa8                UARTPutHex
                0x00003b1c                UARTPutHex16
                0x00003b90                UARTPutHex32
                0x00003c00                debug_frmwrk_init
 .text          0x00003cf8      0x518 build\lib\source\lpc17xx_adc.o
                0x00003cf8                ADC_Init
                0x00003d90                ADC_DeInit
                0x00003dd4                ADC_GetData
                0x00003e08                ADC_StartCmd
                0x00003e8c                ADC_BurstCmd
                0x00003ed8                ADC_PowerdownCmd
                0x00003f24                ADC_EdgeStartConfig
                0x00003f88                ADC_IntConfig
                0x0000402c                ADC_ChannelCmd
                0x00004094                ADC_ChannelGetData
                0x000040e8                ADC_ChannelGetStatus
                0x0000416c                ADC_GlobalGetData
                0x0000419c                ADC_GlobalGetStatus
 .text          0x00004210     0x313c build\lib\source\lpc17xx_can.o
                0x00004334                CAN_Init
                0x00004450                CAN_DeInit
                0x000044a8                CAN_SetupAFLUT
                0x00004e98                CAN_LoadExplicitEntry
                0x00005440                CAN_LoadFullCANEntry
                0x000059cc                CAN_LoadGroupEntry
                0x00005f80                CAN_RemoveEntry
                0x00006738                CAN_SendMsg
                0x00006a9c                CAN_ReceiveMsg
                0x00006bd4                FCAN_ReadObj
                0x00006db0                CAN_GetCTRLStatus
                0x00006e34                CAN_GetCRStatus
                0x00006e9c                CAN_IRQCmd
                0x00006fbc                CAN_SetAFMode
                0x00007050                CAN_ModeConfig
                0x00007234                CAN_SetCommand
                0x00007278                CAN_IntGetStatus
                0x000072b4                CAN_FullCANIntGetStatus
                0x000072f4                CAN_FullCANPendGetStatus
 .text          0x0000734c      0x250 build\lib\source\lpc17xx_clkpwr.o
                0x0000734c                CLKPWR_SetPCLKDiv
                0x000073ec                CLKPWR_GetPCLKSEL
                0x00007438                CLKPWR_GetPCLK
                0x000074a8                CLKPWR_ConfigPPWR
                0x00007508                CLKPWR_Sleep
                0x00007524                CLKPWR_DeepSleep
                0x0000754c                CLKPWR_PowerDown
                0x00007574                CLKPWR_DeepPowerDown
 .text          0x0000759c      0x17c build\lib\source\lpc17xx_dac.o
                0x0000759c                DAC_Init
                0x000075d0                DAC_UpdateValue
                0x00007624                DAC_SetBias
                0x00007670                DAC_ConfigDAConverterControl
                0x000076e4                DAC_SetDMATimeOut
 .text          0x00007718      0xbb8 build\lib\source\lpc17xx_emac.o
                0x00007ac4                EMAC_Init
                0x00007ca4                EMAC_DeInit
                0x00007cd0                EMAC_CheckPHYStatus
                0x00007d34                EMAC_SetPHYMode
                0x00007e38                EMAC_UpdatePHYStatus
                0x00007eec                EMAC_SetHashFilter
                0x00007f88                EMAC_SetFilterMode
                0x00007fd8                EMAC_GetWoLStatus
                0x00008014                EMAC_WritePacketBuffer
                0x00008094                EMAC_ReadPacketBuffer
                0x00008104                EMAC_IntCmd
                0x00008154                EMAC_IntGetStatus
                0x00008190                EMAC_CheckReceiveIndex
                0x000081bc                EMAC_CheckTransmitIndex
                0x000081f4                EMAC_CheckReceiveDataStatus
                0x00008230                EMAC_GetReceiveDataSize
                0x00008260                EMAC_UpdateRxConsumeIndex
                0x00008298                EMAC_UpdateTxProduceIndex
 .text          0x000082d0      0x174 build\lib\source\lpc17xx_exti.o
                0x000082d0                EXTI_Init
                0x000082fc                EXTI_DeInit
                0x00008308                EXTI_Config
                0x00008348                EXTI_SetMode
                0x000083ac                EXTI_SetPolarity
                0x00008410                EXTI_ClearEXTIFlag
 .text          0x00008444      0x628 build\lib\source\lpc17xx_gpdma.o
                0x00008444                GPDMA_Init
                0x000084cc                GPDMA_Setup
                0x00008854                GPDMA_ChannelCmd
                0x0000889c                GPDMA_IntGetStatus
                0x000089fc                GPDMA_ClearIntPending
 .text          0x00008a6c      0x860 build\lib\source\lpc17xx_gpio.o
                0x00008bc8                GPIO_SetDir
                0x00008c14                GPIO_SetValue
                0x00008c40                GPIO_ClearValue
                0x00008c6c                GPIO_ReadValue
                0x00008c9c                GPIO_IntCmd
                0x00008d0c                GPIO_GetIntStatus
                0x00008db0                GPIO_ClearInt
                0x00008de8                FIO_SetDir
                0x00008e10                FIO_SetValue
                0x00008e30                FIO_ClearValue
                0x00008e50                FIO_ReadValue
                0x00008e70                FIO_IntCmd
                0x00008e98                FIO_GetIntStatus
                0x00008ec4                FIO_ClearInt
                0x00008ee4                FIO_SetMask
                0x00008f30                FIO_HalfWordSetDir
                0x00008fcc                FIO_HalfWordSetMask
                0x00009068                FIO_HalfWordSetValue
                0x000090a8                FIO_HalfWordClearValue
                0x000090e8                FIO_HalfWordReadValue
                0x0000912c                FIO_ByteSetDir
                0x0000919c                FIO_ByteSetMask
                0x00009214                FIO_ByteSetValue
                0x00009250                FIO_ByteClearValue
                0x0000928c                FIO_ByteReadValue
 .text          0x000092cc     0x1348 build\lib\source\lpc17xx_i2c.o
                0x0000955c                I2C_Init
                0x00009618                I2C_DeInit
                0x000096a4                I2C_Cmd
                0x00009718                I2C_IntCmd
                0x000097a8                I2C_MasterHandler
                0x00009b6c                I2C_SlaveHandler
                0x00009d40                I2C_MasterTransferData
                0x0000a074                I2C_SlaveTransferData
                0x0000a2d4                I2C_SetOwnSlaveAddr
                0x0000a3d8                I2C_MonitorModeConfig
                0x0000a460                I2C_MonitorModeCmd
                0x0000a500                I2C_MonitorGetDatabuffer
                0x0000a54c                I2C_MonitorHandler
                0x0000a5a4                I2C_MasterTransferComplete
                0x0000a5dc                I2C_SlaveTransferComplete
 .text          0x0000a614      0xb28 build\lib\source\lpc17xx_i2s.o
                0x0000a714                I2S_Init
                0x0000a758                I2S_Config
                0x0000a88c                I2S_DeInit
                0x0000a8c4                I2S_GetLevel
                0x0000a928                I2S_Start
                0x0000a978                I2S_Send
                0x0000a9ac                I2S_Receive
                0x0000a9dc                I2S_Pause
                0x0000aa40                I2S_Mute
                0x0000aaa4                I2S_Stop
                0x0000ab2c                I2S_FreqConfig
                0x0000ac28                I2S_SetBitRate
                0x0000ac94                I2S_ModeConfig
                0x0000adc0                I2S_DMAConfig
                0x0000ae80                I2S_DMACmd
                0x0000af8c                I2S_IRQConfig
                0x0000b00c                I2S_IRQCmd
                0x0000b09c                I2S_GetIRQStatus
                0x0000b0f0                I2S_GetIRQDepth
 .text          0x0000b13c        0xc build\lib\source\lpc17xx_libcfg_default.o
                0x0000b13c                check_failed
 .text          0x0000b148      0x7dc build\lib\source\lpc17xx_mcpwm.o
                0x0000b148                MCPWM_Init
                0x0000b17c                MCPWM_ConfigChannel
                0x0000b3a0                MCPWM_WriteToShadow
                0x0000b3fc                MCPWM_ConfigCapture
                0x0000b59c                MCPWM_ClearCapture
                0x0000b5cc                MCPWM_GetCapture
                0x0000b60c                MCPWM_CountConfig
                0x0000b760                MCPWM_Start
                0x0000b7bc                MCPWM_Stop
                0x0000b818                MCPWM_ACMode
                0x0000b844                MCPWM_DCMode
                0x0000b894                MCPWM_IntConfig
                0x0000b8c0                MCPWM_IntSet
                0x0000b8dc                MCPWM_IntClear
                0x0000b8f8                MCPWM_GetIntStatus
 .text          0x0000b924       0xfc build\lib\source\lpc17xx_nvic.o
                0x0000b924                NVIC_DeInit
                0x0000b984                NVIC_SCBDeInit
                0x0000ba04                NVIC_SetVTOR
 .text          0x0000ba20      0x284 build\lib\source\lpc17xx_pinsel.o
                0x0000bbd4                PINSEL_ConfigTraceFunc
                0x0000bc14                PINSEL_SetI2C0Pins
                0x0000bc50                PINSEL_ConfigPin
 .text          0x0000bca4      0xb9c build\lib\source\lpc17xx_pwm.o
                0x0000bca4                PWM_GetIntStatus
                0x0000bd2c                PWM_ClearIntPending
                0x0000bda4                PWM_ConfigStructInit
                0x0000be08                PWM_Init
                0x0000bf9c                PWM_DeInit
                0x0000bfdc                PWM_Cmd
                0x0000c040                PWM_CounterCmd
                0x0000c0a4                PWM_ResetCounter
                0x0000c0e8                PWM_ConfigMatch
                0x0000c2bc                PWM_ConfigCapture
                0x0000c48c                PWM_GetCaptureValue
                0x0000c4f0                PWM_MatchUpdate
                0x0000c5e8                PWM_MultiMatchUpdate
                0x0000c6d8                PWM_ChannelConfig
                0x0000c794                PWM_ChannelCmd
 .text          0x0000c840      0x8a8 build\lib\source\lpc17xx_qei.o
                0x0000c840                QEI_Reset
                0x0000c894                QEI_Init
                0x0000c9d4                QEI_DeInit
                0x0000ca0c                QEI_ConfigStructInit
                0x0000ca48                QEI_GetStatus
                0x0000ca9c                QEI_GetPosition
                0x0000cacc                QEI_SetMaxPosition
                0x0000cb00                QEI_SetPositionComp
                0x0000cb64                QEI_GetIndex
                0x0000cb94                QEI_SetIndexComp
                0x0000cbc8                QEI_SetTimerReload
                0x0000cc74                QEI_GetTimer
                0x0000cca4                QEI_GetVelocity
                0x0000ccd4                QEI_GetVelocityCap
                0x0000cd04                QEI_SetVelocityComp
                0x0000cd38                QEI_SetDigiFilter
                0x0000cd6c                QEI_GetIntStatus
                0x0000ce14                QEI_IntCmd
                0x0000ced4                QEI_IntSet
                0x0000cf6c                QEI_IntClear
                0x0000d004                QEI_CalculateRPM
 .text          0x0000d0e8      0x248 build\lib\source\lpc17xx_rit.o
                0x0000d0e8                RIT_Init
                0x0000d140                RIT_DeInit
                0x0000d198                RIT_TimerConfig
                0x0000d1fc                RIT_Cmd
                0x0000d268                RIT_TimerDebugCmd
                0x0000d2d4                RIT_GetIntStatus
 .text          0x0000d330      0xfcc build\lib\source\lpc17xx_rtc.o
                0x0000d330                RTC_Init
                0x0000d390                RTC_DeInit
                0x0000d3d0                RTC_ResetClockTickCounter
                0x0000d41c                RTC_Cmd
                0x0000d488                RTC_CntIncrIntConfig
                0x0000d690                RTC_AlarmIntConfig
                0x0000d898                RTC_SetTime
                0x0000da5c                RTC_GetTime
                0x0000db6c                RTC_SetFullTime
                0x0000dc2c                RTC_GetFullTime
                0x0000dcdc                RTC_SetAlarmTime
                0x0000de68                RTC_GetAlarmTime
                0x0000df28                RTC_SetFullAlarmTime
                0x0000dfec                RTC_GetFullAlarmTime
                0x0000e0a0                RTC_GetIntPending
                0x0000e0fc                RTC_ClearIntPending
                0x0000e154                RTC_CalibCounterCmd
                0x0000e1c0                RTC_CalibConfig
                0x0000e244                RTC_WriteGPREG
                0x0000e2a0                RTC_ReadGPREG
 .text          0x0000e2fc      0x58c build\lib\source\lpc17xx_spi.o
                0x0000e2fc                SPI_SetClock
                0x0000e378                SPI_DeInit
                0x0000e3b8                SPI_GetDataSize
                0x0000e3f4                SPI_Init
                0x0000e48c                SPI_ConfigStructInit
                0x0000e4d0                SPI_SendData
                0x0000e504                SPI_ReceiveData
                0x0000e538                SPI_ReadWrite
                0x0000e72c                SPI_IntCmd
                0x0000e794                SPI_GetIntStatus
                0x0000e7cc                SPI_ClearIntPending
                0x0000e800                SPI_GetStatus
                0x0000e834                SPI_CheckStatus
 .text          0x0000e888      0xabc build\lib\source\lpc17xx_ssp.o
                0x0000e96c                SSP_Init
                0x0000ea18                SSP_DeInit
                0x0000ea78                SSP_GetDataSize
                0x0000eabc                SSP_ConfigStructInit
                0x0000eb00                SSP_Cmd
                0x0000eb70                SSP_LoopBackCmd
                0x0000ebe0                SSP_SlaveOutputCmd
                0x0000ec50                SSP_SendData
                0x0000ec90                SSP_ReceiveData
                0x0000ecd0                SSP_ReadWrite
                0x0000f060                SSP_GetStatus
                0x0000f0d8                SSP_IntConfig
                0x0000f140                SSP_GetRawIntStatus
                0x0000f1b0                SSP_GetRawIntStatusReg
                0x0000f1ec                SSP_GetIntStatus
                0x0000f25c                SSP_ClearIntPending
                0x0000f2b0                SSP_DMACmd
 .text          0x0000f344      0x20c build\lib\source\lpc17xx_systick.o
                0x0000f344                SYSTICK_InternalInit
                0x0000f3d8                SYSTICK_ExternalInit
                0x0000f480                SYSTICK_Cmd
                0x0000f4d0                SYSTICK_IntCmd
                0x0000f520                SYSTICK_GetCurrentValue
                0x0000f534                SYSTICK_ClearCounterFlag
 .text          0x0000f550      0xab0 build\lib\source\lpc17xx_timer.o
                0x0000f67c                TIM_GetIntStatus
                0x0000f724                TIM_GetIntCaptureStatus
                0x0000f7d0                TIM_ClearIntPending
                0x0000f85c                TIM_ClearIntCapturePending
                0x0000f8ec                TIM_ConfigStructInit
                0x0000f92c                TIM_Init
                0x0000fad4                TIM_DeInit
                0x0000fb7c                TIM_Cmd
                0x0000fbec                TIM_ResetCounter
                0x0000fc50                TIM_ConfigMatch
                0x0000fe00                TIM_UpdateMatchValue
                0x0000fe90                TIM_ConfigCapture
                0x0000ff88                TIM_GetCaptureValue
 .text          0x00010000     0x16c8 build\lib\source\lpc17xx_uart.o
                0x00010310                UART_Init
                0x00010634                UART_DeInit
                0x000106dc                UART_ConfigStructInit
                0x00010710                UART_SendByte
                0x00010778                UART_ReceiveByte
                0x000107e0                UART_Send
                0x000108ec                UART_Receive
                0x000109c4                UART_ForceBreak
                0x00010a3c                UART_IntConfig
                0x00010bd4                UART_GetLineStatus
                0x00010c3c                UART_GetIntId
                0x00010c98                UART_CheckBusy
                0x00010cc4                UART_FIFOConfig
                0x00010e20                UART_FIFOConfigStructInit
                0x00010e54                UART_ABCmd
                0x00010f9c                UART_ABClearIntPending
                0x00011010                UART_TxCmd
                0x000110dc                UART_IrDAInvtInputCmd
                0x00011158                UART_IrDACmd
                0x000111cc                UART_IrDAPulseDivConfig
                0x0001126c                UART_FullModemForcePinState
                0x00011328                UART_FullModemConfigMode
                0x000113f0                UART_FullModemGetStatus
                0x00011424                UART_RS485Config
                0x000115ac                UART_RS485ReceiverCmd
                0x000115f4                UART_RS485Send
                0x00011678                UART_RS485SendSlvAddr
                0x000116a0                UART_RS485SendData
 .text          0x000116c8      0x2f8 build\lib\source\lpc17xx_wdt.o
                0x00011840                WDT_Init
                0x000118d4                WDT_Start
                0x00011918                WDT_ReadTimeOutFlag
                0x00011938                WDT_ClrTimeOutFlag
                0x00011958                WDT_UpdateTimeOut
                0x00011988                WDT_Feed
                0x000119ac                WDT_GetCurrentCount
 .text          0x000119c0       0xf8 build\lib_sd\byteordering.o
                0x000119c0                read16
                0x000119f0                read32
                0x00011a34                write16
                0x00011a64                write32
 .text          0x00011ab8     0x1cb8 build\lib_sd\fat.o
                0x00011ab8                fat_open
                0x00011b54                fat_close
                0x0001213c                fat_get_dir_entry_of_path
                0x00012274                fat_open_file
                0x0001231c                fat_close_file
                0x0001233c                fat_read_file
                0x000124cc                fat_write_file
                0x000126ec                fat_seek_file
                0x00012788                fat_resize_file
                0x000128cc                fat_open_dir
                0x00012968                fat_close_dir
                0x00012988                fat_read_dir
                0x00012b10                fat_reset_dir
                0x00013348                fat_create_file
                0x00013404                fat_delete_file
                0x000134bc                fat_create_dir
                0x00013640                fat_get_fs_size
                0x00013674                fat_get_fs_free
 .text          0x00013770      0x16c build\lib_sd\partition.o
                0x00013770                partition_open
                0x000138b0                partition_close
 .text          0x000138dc      0xae4 build\lib_sd\sd_raw.o
                0x000138dc                sd_raw_init
                0x00013b5c                sd_raw_available
                0x00013b70                sd_raw_locked
                0x00013ca0                sd_raw_read
                0x00013dcc                sd_raw_read_interval
                0x00013e4c                sd_raw_write
                0x00013fb8                sd_raw_write_interval
                0x00014054                sd_raw_sync
                0x000140a0                sd_raw_get_info
 .text          0x000143c0      0x214 build\IAP_internal_flash_write\IAP.o
                0x000143c0                IAP::read_ID()
                0x000143f4                IAP::read_serial()
                0x00014428                IAP::blank_check(int, int)
                0x0001446c                IAP::erase(int, int)
                0x000144bc                IAP::prepare(int, int)
                0x00014500                IAP::write(char*, char*, int)
                0x00014558                IAP::compare(char*, char*, int)
                0x000145a4                IAP::reserved_flash_area_start()
                0x000145bc                IAP::reserved_flash_area_size()
 .text          0x000145d4       0x44 build\VCOM_GV\intenable.o
                0x00014608                enable_USB_interrupts
 .text          0x00014618      0x164 build\VCOM_GV\serial_fifo.o
                0x00014618                fifo_init
                0x00014644                fifo_put
                0x000146ac                fifo_get
                0x00014718                fifo_avail
                0x00014758                fifo_free
 .text          0x0001477c      0x8f4 build\VCOM_GV\usbSerial.o
                0x00014914                VCOM_init
                0x0001493c                VCOM_putchar
                0x0001496c                VCOM_getchar
                0x0001499c                USB_IRQHandler
                0x000149d4                usbSerialInit
                0x00014a50                VCOM_puts
                0x00014a7c                VCOM_putc
                0x00014aa0                VCOM_getc
                0x00014acc                VCOM_putHex
                0x00014b30                VCOM_gets
                0x00014b74                VCOM_getc_echo
                0x00014b98                VCOM_gets_echo
                0x00014bdc                xatoi
                0x00014d60                xitoa
                0x00014ebc                VCOM_printf
 .text          0x00015070      0x27c build\VCOM_GV\usbcontrol.o
                0x00015144                USBHandleControlTransfer
                0x000152b8                USBRegisterRequestHandler
 .text          0x000152ec      0x76c build\VCOM_GV\usbhw_lpc.o
                0x00015454                USBHwEPConfig
                0x00015498                USBHwRegisterEPIntHandler
                0x00015510                USBHwRegisterDevIntHandler
                0x00015540                USBHwRegisterFrameHandler
                0x00015570                USBHwSetAddress
                0x00015594                USBHwConnect
                0x000155bc                USBHwNakIntEnable
                0x000155dc                USBHwEPGetStatus
                0x00015614                USBHwEPStall
                0x00015664                USBHwEPWrite
                0x00015718                USBHwEPRead
                0x00015800                USBHwConfigDevice
                0x00015828                USBHwISR
                0x00015980                USBHwInit
 .text          0x00015a58       0x74 build\VCOM_GV\usbinit.o
                0x00015a6c                USBInit
 .text          0x00015acc      0x4c0 build\VCOM_GV\usbstdreq.o
                0x00015acc                USBRegisterDescriptors
                0x00015ae8                USBGetDescriptor
                0x00015ef4                USBHandleStandardRequest
                0x00015f70                USBRegisterCustomReqHandler
 .text          0x00015f8c      0x28c src\shared\PID.o
                0x00015f8c                PID::reset()
                0x00015fc4                PID::reset_state()
                0x00016048                PID::calculate(int)
                0x000161a0                PID::setTarget(int)
                0x000161c8                PID::getErrorTerm()
                0x000161e0                PID::getDeltaTerm()
                0x00016200                PID::getLastOutput()
 .text          0x00016218      0x54c src\shared\Packet.o
                0x00016218                _crc_ibutton_update(unsigned char, unsigned char)
                0x00016288                Packet::appendByte(unsigned char)
                0x000162e8                Packet::reset()
                0x00016320                InPacket::InPacket()
                0x00016320                InPacket::InPacket()
                0x00016344                InPacket::reset()
                0x0001635c                InPacket::processByte(unsigned char)
                0x00016484                Packet::read8(unsigned char) const
                0x000164a8                Packet::read16(unsigned char) const
                0x000164e8                Packet::read32(unsigned char) const
                0x00016540                OutPacket::OutPacket()
                0x00016540                OutPacket::OutPacket()
                0x00016564                OutPacket::reset()
                0x00016588                OutPacket::prepareForResend()
                0x000165b8                OutPacket::getNextByteToSend()
                0x000166b4                OutPacket::append8(unsigned char)
                0x000166d4                OutPacket::append16(unsigned short)
                0x0001670c                OutPacket::append32(unsigned long)
 .text._ZN6Packet5errorEh
                0x00016764       0x24 src\shared\Packet.o
                0x00016764                Packet::error(unsigned char)
 .text._ZN6PacketC2Ev
                0x00016788       0x18 src\shared\Packet.o
                0x00016788                Packet::Packet()
                0x00016788                Packet::Packet()
 .text          0x000167a0      0xa88 build\Command.o
                0x000167a0                command::getRemainingCapacity()
                0x000167c0                command::pause(bool)
                0x000167e0                command::isPaused()
                0x000167f4                command::isEmpty()
                0x00016808                command::push(unsigned char)
                0x00016828                command::pop8()
                0x0001683c                command::pop16()
                0x00016868                command::pop32()
                0x000168a8                command::reset()
                0x000168c4                command::runCommandSlice()
 .text._ZN5PointC2Elllll
                0x00017228       0x3c build\Command.o
                0x00017228                Point::Point(long, long, long, long, long)
                0x00017228                Point::Point(long, long, long, long, long)
 .text._ZN5PointC2Elll
                0x00017264       0x64 build\Command.o
                0x00017264                Point::Point(long, long, long)
                0x00017264                Point::Point(long, long, long)
 .text._ZNK5PointixEj
                0x000172c8       0x20 build\Command.o
                0x000172c8                Point::operator[](unsigned int) const
 .text._ZN5PointixEj
                0x000172e8       0x20 build\Command.o
                0x000172e8                Point::operator[](unsigned int)
 .text._ZNK6Packet8hasErrorEv
                0x00017308       0x28 build\Command.o
                0x00017308                Packet::hasError() const
 .text._ZN19CircularBufferTemplIhEC2EtPh
                0x00017330       0x48 build\Command.o
                0x00017330                CircularBufferTempl<unsigned char>::CircularBufferTempl(unsigned short, unsigned char*)
                0x00017330                CircularBufferTempl<unsigned char>::CircularBufferTempl(unsigned short, unsigned char*)
 .text._ZNK19CircularBufferTemplIhE20getRemainingCapacityEv
                0x00017378       0x24 build\Command.o
                0x00017378                CircularBufferTempl<unsigned char>::getRemainingCapacity() const
 .text._ZNK19CircularBufferTemplIhE7isEmptyEv
                0x0001739c       0x24 build\Command.o
                0x0001739c                CircularBufferTempl<unsigned char>::isEmpty() const
 .text._ZN19CircularBufferTemplIhE4pushEh
                0x000173c0       0x5c build\Command.o
                0x000173c0                CircularBufferTempl<unsigned char>::push(unsigned char)
 .text._ZN19CircularBufferTemplIhE3popEv
                0x0001741c       0x6c build\Command.o
                0x0001741c                CircularBufferTempl<unsigned char>::pop()
 .text._ZN19CircularBufferTemplIhE5resetEv
                0x00017488       0x34 build\Command.o
                0x00017488                CircularBufferTempl<unsigned char>::reset()
 .text._ZNK19CircularBufferTemplIhE9getLengthEv
                0x000174bc       0x1c build\Command.o
                0x000174bc                CircularBufferTempl<unsigned char>::getLength() const
 .text._ZN19CircularBufferTemplIhEixEt
                0x000174d8       0x3c build\Command.o
                0x000174d8                CircularBufferTempl<unsigned char>::operator[](unsigned short)
 .text          0x00017514      0x334 build\DebugPacketProcessor.o
                0x00017514                processDebugPacket(InPacket const&, OutPacket&)
 .text._ZNK6Packet9getLengthEv
                0x00017848       0x1c build\DebugPacketProcessor.o
                0x00017848                Packet::getLength() const
 .text._ZN11Motherboard8getBoardEv
                0x00017864       0x14 build\DebugPacketProcessor.o
                0x00017864                Motherboard::getBoard()
 .text          0x00017878      0x140 build\Delay.o
                0x00017878                few_ticks
                0x00017940                _delay_us
                0x00017978                _delay_ms
                0x00017998                _delay_s
 .text          0x000179b8      0x2b4 build\EepromMap.o
                0x000179b8                read_all_from_flash()
                0x00017a00                save_to_flash()
                0x00017a4c                eeprom::init()
                0x00017af8                eeprom::getEeprom8(unsigned long, unsigned char)
                0x00017b24                eeprom::getEeprom16(unsigned long, unsigned short)
 .text._ZN3IAPC2Ev
                0x00017c6c       0x3c build\EepromMap.o
                0x00017c6c                IAP::IAP()
                0x00017c6c                IAP::IAP()
 .text          0x00017ca8      0x6c4 build\Host.o
                0x00017ca8                host::runHostSlice()
                0x00017e34                host::processCommandPacket(InPacket const&, OutPacket&)
                0x00017f1c                host::doToolPause(OutPacket&)
                0x00018038                host::processQueryPacket(InPacket const&, OutPacket&)
                0x00018220                host::getMachineName()
                0x000182b4                host::getBuildName()
                0x000182c8                host::getHostState()
                0x000182dc                host::startBuildFromSD()
                0x00018314                host::stopBuild()
 .text._ZNK6Packet12getErrorCodeEv
                0x0001836c       0x1c build\Host.o
                0x0001836c                Packet::getErrorCode() const
 .text._ZNK6Packet7getDataEv
                0x00018388       0x1c build\Host.o
                0x00018388                Packet::getData() const
 .text._ZNK8InPacket10isFinishedEv
                0x000183a4       0x28 build\Host.o
                0x000183a4                InPacket::isFinished() const
 .text._ZNK8InPacket9isStartedEv
                0x000183cc       0x28 build\Host.o
                0x000183cc                InPacket::isStarted() const
 .text._ZN8InPacket7timeoutEv
                0x000183f4       0x1c build\Host.o
                0x000183f4                InPacket::timeout()
 .text._ZNK9OutPacket9isSendingEv
                0x00018410       0x38 build\Host.o
                0x00018410                OutPacket::isSending() const
 .text._ZN4UART11getHostUARTEv
                0x00018448       0x14 build\Host.o
                0x00018448                UART::getHostUART()
 .text._ZNK7Timeout8isActiveEv
                0x0001845c       0x18 build\Host.o
                0x0001845c                Timeout::isActive() const
 .text._ZN11Motherboard19getStepperInterfaceEi
                0x00018474       0x28 build\Host.o
                0x00018474                Motherboard::getStepperInterface(int)
 .text._ZN4host13handleVersionERK8InPacketR9OutPacket
                0x0001849c       0x28 build\Host.o
                0x0001849c                host::handleVersion(InPacket const&, OutPacket&)
 .text._ZN4host18handleGetBuildNameERK8InPacketR9OutPacket
                0x000184c4       0x5c build\Host.o
                0x000184c4                host::handleGetBuildName(InPacket const&, OutPacket&)
 .text._ZN4host19handleGetBufferSizeERK8InPacketR9OutPacket
                0x00018520       0x2c build\Host.o
                0x00018520                host::handleGetBufferSize(InPacket const&, OutPacket&)
 .text._ZN4host17handleGetPositionERK8InPacketR9OutPacket
                0x0001854c      0x110 build\Host.o
                0x0001854c                host::handleGetPosition(InPacket const&, OutPacket&)
 .text._ZN4host20handleGetPositionExtERK8InPacketR9OutPacket
                0x0001865c      0x148 build\Host.o
                0x0001865c                host::handleGetPositionExt(InPacket const&, OutPacket&)
 .text._ZN4host19handleCaptureToFileERK8InPacketR9OutPacket
                0x000187a4       0x3c build\Host.o
                0x000187a4                host::handleCaptureToFile(InPacket const&, OutPacket&)
 .text._ZN4host16handleEndCaptureERK8InPacketR9OutPacket
                0x000187e0       0x2c build\Host.o
                0x000187e0                host::handleEndCapture(InPacket const&, OutPacket&)
 .text._ZN4host14handlePlaybackERK8InPacketR9OutPacket
                0x0001880c       0x84 build\Host.o
                0x0001880c                host::handlePlayback(InPacket const&, OutPacket&)
 .text._ZN4host18handleNextFilenameERK8InPacketR9OutPacket
                0x00018890      0x10c build\Host.o
                0x00018890                host::handleNextFilename(InPacket const&, OutPacket&)
 .text._ZN4host15handleToolQueryERK8InPacketR9OutPacket
                0x0001899c      0x17c build\Host.o
                0x0001899c                host::handleToolQuery(InPacket const&, OutPacket&)
 .text._ZN4host11handlePauseERK8InPacketR9OutPacket
                0x00018b18       0x34 build\Host.o
                0x00018b18                host::handlePause(InPacket const&, OutPacket&)
 .text._ZN4host16handleIsFinishedERK8InPacketR9OutPacket
                0x00018b4c       0x60 build\Host.o
                0x00018b4c                host::handleIsFinished(InPacket const&, OutPacket&)
 .text._ZN4host16handleReadEepromERK8InPacketR9OutPacket
                0x00018bac       0x74 build\Host.o
                0x00018bac                host::handleReadEeprom(InPacket const&, OutPacket&)
 .text._ZN4host17handleWriteEepromERK8InPacketR9OutPacket
                0x00018c20       0x90 build\Host.o
                0x00018c20                host::handleWriteEeprom(InPacket const&, OutPacket&)
 .text._ZN4host18handleExtendedStopERK8InPacketR9OutPacket
                0x00018cb0       0x54 build\Host.o
                0x00018cb0                host::handleExtendedStop(InPacket const&, OutPacket&)
 .text._ZN4host27handleGetCommunicationStatsERK8InPacketR9OutPacket
                0x00018d04       0x60 build\Host.o
                0x00018d04                host::handleGetCommunicationStats(InPacket const&, OutPacket&)
 .text          0x00018d64       0xc8 build\Interface.o
                0x00018d64                interfaceboard::isConnected()
                0x00018d7c                interfaceboard::init()
                0x00018d8c                interfaceboard::pushScreen(Screen*)
                0x00018da8                interfaceboard::popScreen()
                0x00018db8                interfaceboard::doInterrupt()
                0x00018dc8                interfaceboard::getUpdateRate()
                0x00018ddc                interfaceboard::doUpdate()
 .text          0x00018e2c      0x5e8 build\InterfaceBoard.o
                0x00018e2c                ButtonArray::init()
                0x00018e50                ButtonArray::scanButtons()
                0x00018f7c                ButtonArray::getButton(InterfaceBoardDefinitions::ButtonName&)
                0x00018fb8                InterfaceBoard::InterfaceBoard()
                0x00018fb8                InterfaceBoard::InterfaceBoard()
                0x0001918c                InterfaceBoard::init()
                0x000191a0                InterfaceBoard::doInterrupt()
                0x000191bc                InterfaceBoard::getUpdateRate()
                0x00019200                InterfaceBoard::doUpdate()
                0x000192f8                InterfaceBoard::pushScreen(Screen*)
                0x000193ac                InterfaceBoard::popScreen()
 .text._ZN4Port15setPinDirectionEhb
                0x00019414       0x2c build\InterfaceBoard.o
                0x00019414                Port::setPinDirection(unsigned char, bool)
 .text._ZN4Port6setPinEhb
                0x00019440       0x4c build\InterfaceBoard.o
                0x00019440                Port::setPin(unsigned char, bool)
 .text._ZN3PinC2ER4Porth
                0x0001948c       0x38 build\InterfaceBoard.o
                0x0001948c                Pin::Pin(Port&, unsigned char)
                0x0001948c                Pin::Pin(Port&, unsigned char)
 .text._ZN3Pin12setDirectionEb
                0x000194c4       0x30 build\InterfaceBoard.o
                0x000194c4                Pin::setDirection(bool)
 .text._ZN3Pin8setValueEb
                0x000194f4       0x30 build\InterfaceBoard.o
                0x000194f4                Pin::setValue(bool)
 .text._ZN6ScreenC2Ev
                0x00019524       0x20 build\InterfaceBoard.o
                0x00019524                Screen::Screen()
                0x00019524                Screen::Screen()
 .text._ZN12SplashScreenC2Ev
                0x00019544       0x28 build\InterfaceBoard.o
                0x00019544                SplashScreen::SplashScreen()
                0x00019544                SplashScreen::SplashScreen()
 .text._ZN11MonitorModeC2Ev
                0x0001956c       0x34 build\InterfaceBoard.o
                0x0001956c                MonitorMode::MonitorMode()
                0x0001956c                MonitorMode::MonitorMode()
 .text          0x000195a0       0x70 build\LPCPort.o
 .text._ZN4PortC2Eh
                0x00019610       0x20 build\LPCPort.o
                0x00019610                Port::Port(unsigned char)
                0x00019610                Port::Port(unsigned char)
 .text          0x00019630      0xbe0 build\LiquidCrystal.o
                0x00019630                LiquidCrystal::LiquidCrystal(Pin, Pin, Pin, Pin, Pin, Pin, Pin, Pin, Pin, Pin, Pin)
                0x00019630                LiquidCrystal::LiquidCrystal(Pin, Pin, Pin, Pin, Pin, Pin, Pin, Pin, Pin, Pin, Pin)
                0x000196e8                LiquidCrystal::LiquidCrystal(Pin, Pin, Pin, Pin, Pin, Pin, Pin, Pin, Pin, Pin)
                0x000196e8                LiquidCrystal::LiquidCrystal(Pin, Pin, Pin, Pin, Pin, Pin, Pin, Pin, Pin, Pin)
                0x000197ac                LiquidCrystal::LiquidCrystal(Pin, Pin, Pin, Pin, Pin, Pin, Pin)
                0x000197ac                LiquidCrystal::LiquidCrystal(Pin, Pin, Pin, Pin, Pin, Pin, Pin)
                0x0001988c                LiquidCrystal::LiquidCrystal(Pin, Pin, Pin, Pin, Pin, Pin)
                0x0001988c                LiquidCrystal::LiquidCrystal(Pin, Pin, Pin, Pin, Pin, Pin)
                0x00019978                LiquidCrystal::init(unsigned char, Pin, Pin, Pin, Pin, Pin, Pin, Pin, Pin, Pin, Pin, Pin)
                0x00019a44                LiquidCrystal::begin(unsigned char, unsigned char, unsigned char)
                0x00019bbc                LiquidCrystal::clear()
                0x00019be0                LiquidCrystal::home()
                0x00019c04                LiquidCrystal::setCursor(unsigned char, unsigned char)
                0x00019c6c                LiquidCrystal::noDisplay()
                0x00019c9c                LiquidCrystal::display()
                0x00019ccc                LiquidCrystal::noCursor()
                0x00019cfc                LiquidCrystal::cursor()
                0x00019d2c                LiquidCrystal::noBlink()
                0x00019d5c                LiquidCrystal::blink()
                0x00019d8c                LiquidCrystal::scrollDisplayLeft()
                0x00019da8                LiquidCrystal::scrollDisplayRight()
                0x00019dc4                LiquidCrystal::leftToRight()
                0x00019df4                LiquidCrystal::rightToLeft()
                0x00019e24                LiquidCrystal::autoscroll()
                0x00019e54                LiquidCrystal::noAutoscroll()
                0x00019e84                LiquidCrystal::createChar(unsigned char, unsigned char*)
                0x00019ef0                LiquidCrystal::writeInt(unsigned short, unsigned char)
                0x00019fb0                LiquidCrystal::writeString(char*)
                0x00019ff4                LiquidCrystal::writeFromPgmspace(char const*)
                0x0001a034                LiquidCrystal::send(unsigned char, bool)
                0x0001a0b8                LiquidCrystal::pulseEnable()
                0x0001a110                LiquidCrystal::write4bits(unsigned char)
                0x0001a190                LiquidCrystal::write8bits(unsigned char)
 .text._ZN4PortC2Ev
                0x0001a210       0x20 build\LiquidCrystal.o
                0x0001a210                Port::Port()
                0x0001a210                Port::Port()
 .text._ZN4Port6isNullEv
                0x0001a230       0x24 build\LiquidCrystal.o
                0x0001a230                Port::isNull()
 .text._ZN3PinC2Ev
                0x0001a254       0x28 build\LiquidCrystal.o
                0x0001a254                Pin::Pin()
                0x0001a254                Pin::Pin()
 .text._ZN3Pin6isNullEv
                0x0001a27c       0x1c build\LiquidCrystal.o
                0x0001a27c                Pin::isNull()
 .text._ZN13LiquidCrystal7commandEh
                0x0001a298       0x24 build\LiquidCrystal.o
                0x0001a298                LiquidCrystal::command(unsigned char)
 .text._ZN13LiquidCrystal5writeEh
                0x0001a2bc       0x24 build\LiquidCrystal.o
                0x0001a2bc                LiquidCrystal::write(unsigned char)
 .text          0x0001a2e0      0x34c build\Main.o
                0x0001a2e0                print_menu()
                0x0001a328                test_uart()
                0x0001a3e8                test_led(unsigned char)
                0x0001a45c                test_led2(unsigned char)
                0x0001a4cc                test_led3(unsigned char)
                0x0001a53c                reset(bool)
                0x0001a5d0                main
 .text          0x0001a62c     0x1248 build\Menu.o
                0x0001a62c                queryExtruderParameter(unsigned char, OutPacket&)
                0x0001a754                SplashScreen::update(LiquidCrystal&, bool)
                0x0001a7e0                SplashScreen::notifyButtonPressed(InterfaceBoardDefinitions::ButtonName)
                0x0001a7f8                SplashScreen::reset()
                0x0001a80c                JogMode::reset()
                0x0001a830                JogMode::update(LiquidCrystal&, bool)
                0x0001a8f0                JogMode::jog(InterfaceBoardDefinitions::ButtonName)
                0x0001aa0c                JogMode::notifyButtonPressed(InterfaceBoardDefinitions::ButtonName)
                0x0001aa98                SnakeMode::update(LiquidCrystal&, bool)
                0x0001ae38                SnakeMode::reset()
                0x0001aef8                SnakeMode::notifyButtonPressed(InterfaceBoardDefinitions::ButtonName)
                0x0001af74                MonitorMode::reset()
                0x0001af88                MonitorMode::update(LiquidCrystal&, bool)
                0x0001b140                MonitorMode::notifyButtonPressed(InterfaceBoardDefinitions::ButtonName)
                0x0001b17c                Menu::update(LiquidCrystal&, bool)
                0x0001b280                Menu::reset()
                0x0001b2b8                Menu::resetState()
                0x0001b2cc                Menu::handleSelect(unsigned char)
                0x0001b2e4                Menu::handleCancel()
                0x0001b2f8                Menu::notifyButtonPressed(InterfaceBoardDefinitions::ButtonName)
                0x0001b3b8                CancelBuildMenu::CancelBuildMenu()
                0x0001b3b8                CancelBuildMenu::CancelBuildMenu()
                0x0001b3f0                CancelBuildMenu::resetState()
                0x0001b414                CancelBuildMenu::drawItem(unsigned char, LiquidCrystal&)
                0x0001b474                CancelBuildMenu::handleSelect(unsigned char)
                0x0001b4a4                MainMenu::MainMenu()
                0x0001b4a4                MainMenu::MainMenu()
                0x0001b4dc                MainMenu::drawItem(unsigned char, LiquidCrystal&)
                0x0001b54c                MainMenu::handleSelect(unsigned char)
                0x0001b5b0                SDMenu::SDMenu()
                0x0001b5b0                SDMenu::SDMenu()
                0x0001b5e0                SDMenu::resetState()
                0x0001b600                SDMenu::countFiles()
                0x0001b670                SDMenu::getFilename(unsigned char, char*, unsigned char)
                0x0001b704                SDMenu::drawItem(unsigned char, LiquidCrystal&)
                0x0001b7b4                SDMenu::handleSelect(unsigned char)
 .text._ZN4Menu13getUpdateRateEv
                0x0001b874       0x1c build\Menu.o
                0x0001b874                Menu::getUpdateRate()
 .text._ZN12SplashScreen13getUpdateRateEv
                0x0001b890       0x18 build\Menu.o
                0x0001b890                SplashScreen::getUpdateRate()
 .text._ZN7JogMode13getUpdateRateEv
                0x0001b8a8       0x18 build\Menu.o
                0x0001b8a8                JogMode::getUpdateRate()
 .text._ZN9SnakeMode13getUpdateRateEv
                0x0001b8c0       0x18 build\Menu.o
                0x0001b8c0                SnakeMode::getUpdateRate()
 .text._ZN11MonitorMode13getUpdateRateEv
                0x0001b8d8       0x1c build\Menu.o
                0x0001b8d8                MonitorMode::getUpdateRate()
 .text._ZN7JogModeC2Ev
                0x0001b8f4       0x28 build\Menu.o
                0x0001b8f4                JogMode::JogMode()
                0x0001b8f4                JogMode::JogMode()
 .text._ZN9SnakeModeC2Ev
                0x0001b91c       0x28 build\Menu.o
                0x0001b91c                SnakeMode::SnakeMode()
                0x0001b91c                SnakeMode::SnakeMode()
 .text._ZN4MenuC2Ev
                0x0001b944       0x28 build\Menu.o
                0x0001b944                Menu::Menu()
                0x0001b944                Menu::Menu()
 .text          0x0001b96c      0x2dc build\Microsteps.o
                0x0001b96c                microsteps::init()
                0x0001ba58                microsteps::microstep_pinout(bool)
 .text          0x0001bc48      0x8b0 build\Motherboard.o
                0x0001bdd0                Motherboard::Motherboard()
                0x0001bdd0                Motherboard::Motherboard()
                0x0001c080                Motherboard::reset()
                0x0001c288                Motherboard::getCurrentMicros()
                0x0001c2a4                Motherboard::doInterrupt()
                0x0001c2e0                Motherboard::runMotherboardSlice()
                0x0001c324                TIMER0_IRQHandler()
                0x0001c35c                Motherboard::indicateError(int)
                0x0001c3d0                Motherboard::getCurrentError()
                0x0001c3f0                TIMER2_IRQHandler()
 .text._ZN4UART12getSlaveUARTEv
                0x0001c4f8       0x14 build\Motherboard.o
                0x0001c4f8                UART::getSlaveUART()
 .text._ZN16StepperInterfaceC2Ev
                0x0001c50c       0x4c build\Motherboard.o
                0x0001c50c                StepperInterface::StepperInterface()
                0x0001c50c                StepperInterface::StepperInterface()
 .text._ZN16StepperInterfaceC2ERK3PinS2_S2_S2_S2_
                0x0001c558       0x64 build\Motherboard.o
                0x0001c558                StepperInterface::StepperInterface(Pin const&, Pin const&, Pin const&, Pin const&, Pin const&)
                0x0001c558                StepperInterface::StepperInterface(Pin const&, Pin const&, Pin const&, Pin const&, Pin const&)
 .text          0x0001c5bc      0x28c build\PID.o
 .text          0x0001c848      0x54c build\Packet.o
                0x0001c848                _crc_ibutton_update
 .text          0x0001cd94      0x730 build\SDCard.o
                0x0001cd94                sdcard::openPartition()
                0x0001ce04                sdcard::openFilesys()
                0x0001ce34                sdcard::openRoot()
                0x0001ce88                sdcard::initCard()
                0x0001cf38                sdcard::directoryReset()
                0x0001cf78                sdcard::directoryNextEntry(char*, unsigned char)
                0x0001d04c                sdcard::findFileInDir(char const*, fat_dir_entry_struct*)
                0x0001d0a8                sdcard::openFile(char const*, fat_file_struct**)
                0x0001d0fc                sdcard::deleteFile(char*)
                0x0001d144                sdcard::createFile(char*)
                0x0001d178                sdcard::isPlaying()
                0x0001d18c                sdcard::isCapturing()
                0x0001d1a0                sdcard::startCapture(char*)
                0x0001d238                sdcard::capturePacket(Packet const&)
                0x0001d290                sdcard::finishCapture()
                0x0001d2dc                sdcard::fetchNextByte()
                0x0001d31c                sdcard::playbackHasNext()
                0x0001d330                sdcard::playbackNext()
                0x0001d350                sdcard::startPlayback(char*)
                0x0001d3dc                sdcard::playbackRewind(unsigned char)
                0x0001d410                sdcard::finishPlayback()
                0x0001d444                sdcard::reset()
 .text          0x0001d4c4      0x248 build\StepperInterface.o
                0x0001d4c4                StepperInterface::setDirection(bool)
                0x0001d4f4                StepperInterface::step(bool)
                0x0001d518                StepperInterface::setEnabled(bool)
                0x0001d544                StepperInterface::isAtMaximum()
                0x0001d590                StepperInterface::isAtMinimum()
                0x0001d5dc                StepperInterface::init(unsigned char)
 .text._ZN4Port6getPinEh
                0x0001d70c       0x34 build\StepperInterface.o
                0x0001d70c                Port::getPin(unsigned char)
 .text._ZN3Pin8getValueEv
                0x0001d740       0x28 build\StepperInterface.o
                0x0001d740                Pin::getValue()
 .text          0x0001d768      0x66c build\Steppers.o
                0x0001d768                steppers::isRunning()
                0x0001d79c                steppers::init(Motherboard&)
                0x0001d810                steppers::abort()
                0x0001d834                steppers::definePosition(Point const&)
                0x0001d888                steppers::getPosition()
                0x0001d8bc                steppers::setHoldZ(bool)
                0x0001d8dc                steppers::setTarget(Point const&, long)
                0x0001da28                steppers::setTargetNew(Point const&, long, unsigned char)
                0x0001db6c                steppers::startHoming(bool, unsigned char, unsigned long)
                0x0001dc34                steppers::enableAxis(unsigned char, bool)
                0x0001dc68                steppers::doInterrupt()
 .text._ZN8steppers4AxisC2Ev
                0x0001ddd4       0x20 build\Steppers.o
                0x0001ddd4                steppers::Axis::Axis()
                0x0001ddd4                steppers::Axis::Axis()
 .text._ZN8steppers4AxisC2ER16StepperInterface
                0x0001ddf4       0x24 build\Steppers.o
                0x0001ddf4                steppers::Axis::Axis(StepperInterface&)
                0x0001ddf4                steppers::Axis::Axis(StepperInterface&)
 .text._ZN8steppers4Axis9setTargetElb
                0x0001de18       0x84 build\Steppers.o
                0x0001de18                steppers::Axis::setTarget(long, bool)
 .text._ZN8steppers4Axis9setHomingEb
                0x0001de9c       0x30 build\Steppers.o
                0x0001de9c                steppers::Axis::setHoming(bool)
 .text._ZN8steppers4Axis14definePositionEl
                0x0001decc       0x1c build\Steppers.o
                0x0001decc                steppers::Axis::definePosition(long)
 .text._ZN8steppers4Axis13enableStepperEb
                0x0001dee8       0x24 build\Steppers.o
                0x0001dee8                steppers::Axis::enableStepper(bool)
 .text._ZN8steppers4Axis5resetEv
                0x0001df0c       0x44 build\Steppers.o
                0x0001df0c                steppers::Axis::reset()
 .text._ZN8steppers4Axis11doInterruptEl
                0x0001df50       0xcc build\Steppers.o
                0x0001df50                steppers::Axis::doInterrupt(long)
 .text._ZN8steppers4Axis8doHomingEl
                0x0001e01c       0xf8 build\Steppers.o
                0x0001e01c                steppers::Axis::doHoming(long)
 .text          0x0001e114       0xe0 build\Timeout.o
                0x0001e114                Timeout::Timeout()
                0x0001e114                Timeout::Timeout()
                0x0001e13c                Timeout::start(unsigned long)
                0x0001e178                Timeout::hasElapsed()
                0x0001e1d8                Timeout::abort()
 .text          0x0001e1f4      0x764 build\Tool.o
                0x0001e348                tool::getInPacket()
                0x0001e35c                tool::getOutPacket()
                0x0001e370                tool::getSentPacketCount()
                0x0001e384                tool::getPacketFailureCount()
                0x0001e398                tool::getRetryCount()
                0x0001e3ac                tool::getNoiseByteCount()
                0x0001e3c0                tool::getToolVersion()
                0x0001e4e0                tool::setToolIndicatorLED()
                0x0001e5a4                tool::reset()
                0x0001e63c                tool::getLock()
                0x0001e674                tool::releaseLock()
                0x0001e68c                tool::startTransaction()
                0x0001e71c                tool::isTransactionDone()
                0x0001e738                tool::runToolSlice()
 .text          0x0001e958      0x3ac build\UART.o
                0x0001e98c                UART::UART(unsigned char)
                0x0001e98c                UART::UART(unsigned char)
                0x0001eaac                UART::beginSend()
                0x0001eb48                UART::enable(bool)
                0x0001eb94                UART::reset()
                0x0001ebbc                UART1_IRQHandler()
 .text._Z6listenv
                0x0001ed04       0x30 build\UART.o
                0x0001ed04                listen()
 .text._Z5speakv
                0x0001ed34       0x30 build\UART.o
                0x0001ed34                speak()
 .text          0x0001ed64        0x0 c:/progra~2/codesourcery/source~1/bin/../lib/gcc/arm-none-eabi/4.5.2/../../../../arm-none-eabi/lib/thumb2\libstdc++.a(si_class_type_info.o)
 .text._ZNK10__cxxabiv120__si_class_type_info11__do_upcastEPKNS_17__class_type_infoEPKvRNS1_15__upcast_resultE
                0x0001ed64       0x28 c:/progra~2/codesourcery/source~1/bin/../lib/gcc/arm-none-eabi/4.5.2/../../../../arm-none-eabi/lib/thumb2\libstdc++.a(si_class_type_info.o)
                0x0001ed64                __cxxabiv1::__si_class_type_info::__do_upcast(__cxxabiv1::__class_type_info const*, void const*, __cxxabiv1::__class_type_info::__upcast_result&) const
 .text._ZNK10__cxxabiv120__si_class_type_info12__do_dyncastEiNS_17__class_type_info10__sub_kindEPKS1_PKvS4_S6_RNS1_16__dyncast_resultE
                0x0001ed8c       0x90 c:/progra~2/codesourcery/source~1/bin/../lib/gcc/arm-none-eabi/4.5.2/../../../../arm-none-eabi/lib/thumb2\libstdc++.a(si_class_type_info.o)
                0x0001ed8c                __cxxabiv1::__si_class_type_info::__do_dyncast(int, __cxxabiv1::__class_type_info::__sub_kind, __cxxabiv1::__class_type_info const*, void const*, __cxxabiv1::__class_type_info const*, void const*, __cxxabiv1::__class_type_info::__dyncast_result&) const
 .text._ZNK10__cxxabiv120__si_class_type_info20__do_find_public_srcEiPKvPKNS_17__class_type_infoES2_
                0x0001ee1c       0x38 c:/progra~2/codesourcery/source~1/bin/../lib/gcc/arm-none-eabi/4.5.2/../../../../arm-none-eabi/lib/thumb2\libstdc++.a(si_class_type_info.o)
                0x0001ee1c                __cxxabiv1::__si_class_type_info::__do_find_public_src(int, void const*, __cxxabiv1::__class_type_info const*, void const*) const
 .text._ZN10__cxxabiv120__si_class_type_infoD2Ev
                0x0001ee54       0x14 c:/progra~2/codesourcery/source~1/bin/../lib/gcc/arm-none-eabi/4.5.2/../../../../arm-none-eabi/lib/thumb2\libstdc++.a(si_class_type_info.o)
                0x0001ee54                __cxxabiv1::__si_class_type_info::~__si_class_type_info()
                0x0001ee54                __cxxabiv1::__si_class_type_info::~__si_class_type_info()
 .text._ZN10__cxxabiv120__si_class_type_infoD0Ev
                0x0001ee68       0x1c c:/progra~2/codesourcery/source~1/bin/../lib/gcc/arm-none-eabi/4.5.2/../../../../arm-none-eabi/lib/thumb2\libstdc++.a(si_class_type_info.o)
                0x0001ee68                __cxxabiv1::__si_class_type_info::~__si_class_type_info()
 .text          0x0001ee84        0x0 c:/progra~2/codesourcery/source~1/bin/../lib/gcc/arm-none-eabi/4.5.2/../../../../arm-none-eabi/lib/thumb2\libstdc++.a(del_op.o)
 .text._ZdlPv   0x0001ee84        0x8 c:/progra~2/codesourcery/source~1/bin/../lib/gcc/arm-none-eabi/4.5.2/../../../../arm-none-eabi/lib/thumb2\libstdc++.a(del_op.o)
                0x0001ee84                operator delete(void*)
 .text          0x0001ee8c        0x0 c:/progra~2/codesourcery/source~1/bin/../lib/gcc/arm-none-eabi/4.5.2/../../../../arm-none-eabi/lib/thumb2\libstdc++.a(pure.o)
 .text.__cxa_pure_virtual
                0x0001ee8c       0x18 c:/progra~2/codesourcery/source~1/bin/../lib/gcc/arm-none-eabi/4.5.2/../../../../arm-none-eabi/lib/thumb2\libstdc++.a(pure.o)
                0x0001ee8c                __cxa_pure_virtual
 .text          0x0001eea4        0x0 c:/progra~2/codesourcery/source~1/bin/../lib/gcc/arm-none-eabi/4.5.2/../../../../arm-none-eabi/lib/thumb2\libstdc++.a(class_type_info.o)
 .text._ZNK10__cxxabiv117__class_type_info11__do_upcastEPKS0_PPv
                0x0001eea4       0x38 c:/progra~2/codesourcery/source~1/bin/../lib/gcc/arm-none-eabi/4.5.2/../../../../arm-none-eabi/lib/thumb2\libstdc++.a(class_type_info.o)
                0x0001eea4                __cxxabiv1::__class_type_info::__do_upcast(__cxxabiv1::__class_type_info const*, void**) const
 .text._ZNK10__cxxabiv117__class_type_info20__do_find_public_srcEiPKvPKS0_S2_
                0x0001eedc        0xc c:/progra~2/codesourcery/source~1/bin/../lib/gcc/arm-none-eabi/4.5.2/../../../../arm-none-eabi/lib/thumb2\libstdc++.a(class_type_info.o)
                0x0001eedc                __cxxabiv1::__class_type_info::__do_find_public_src(int, void const*, __cxxabiv1::__class_type_info const*, void const*) const
 .text._ZNK10__cxxabiv117__class_type_info11__do_upcastEPKS0_PKvRNS0_15__upcast_resultE
                0x0001eee8       0x1c c:/progra~2/codesourcery/source~1/bin/../lib/gcc/arm-none-eabi/4.5.2/../../../../arm-none-eabi/lib/thumb2\libstdc++.a(class_type_info.o)
                0x0001eee8                __cxxabiv1::__class_type_info::__do_upcast(__cxxabiv1::__class_type_info const*, void const*, __cxxabiv1::__class_type_info::__upcast_result&) const
 .text._ZNK10__cxxabiv117__class_type_info12__do_dyncastEiNS0_10__sub_kindEPKS0_PKvS3_S5_RNS0_16__dyncast_resultE
                0x0001ef04       0x3c c:/progra~2/codesourcery/source~1/bin/../lib/gcc/arm-none-eabi/4.5.2/../../../../arm-none-eabi/lib/thumb2\libstdc++.a(class_type_info.o)
                0x0001ef04                __cxxabiv1::__class_type_info::__do_dyncast(int, __cxxabiv1::__class_type_info::__sub_kind, __cxxabiv1::__class_type_info const*, void const*, __cxxabiv1::__class_type_info const*, void const*, __cxxabiv1::__class_type_info::__dyncast_result&) const
 .text._ZNK10__cxxabiv117__class_type_info10__do_catchEPKSt9type_infoPPvj
                0x0001ef40       0x28 c:/progra~2/codesourcery/source~1/bin/../lib/gcc/arm-none-eabi/4.5.2/../../../../arm-none-eabi/lib/thumb2\libstdc++.a(class_type_info.o)
                0x0001ef40                __cxxabiv1::__class_type_info::__do_catch(std::type_info const*, void**, unsigned int) const
 .text._ZN10__cxxabiv117__class_type_infoD2Ev
                0x0001ef68       0x14 c:/progra~2/codesourcery/source~1/bin/../lib/gcc/arm-none-eabi/4.5.2/../../../../arm-none-eabi/lib/thumb2\libstdc++.a(class_type_info.o)
                0x0001ef68                __cxxabiv1::__class_type_info::~__class_type_info()
                0x0001ef68                __cxxabiv1::__class_type_info::~__class_type_info()
 .text._ZN10__cxxabiv117__class_type_infoD0Ev
                0x0001ef7c       0x1c c:/progra~2/codesourcery/source~1/bin/../lib/gcc/arm-none-eabi/4.5.2/../../../../arm-none-eabi/lib/thumb2\libstdc++.a(class_type_info.o)
                0x0001ef7c                __cxxabiv1::__class_type_info::~__class_type_info()
 .text          0x0001ef98        0x0 c:/progra~2/codesourcery/source~1/bin/../lib/gcc/arm-none-eabi/4.5.2/../../../../arm-none-eabi/lib/thumb2\libstdc++.a(tinfo.o)
 .text._ZNSt9type_infoD2Ev
                0x0001ef98        0xc c:/progra~2/codesourcery/source~1/bin/../lib/gcc/arm-none-eabi/4.5.2/../../../../arm-none-eabi/lib/thumb2\libstdc++.a(tinfo.o)
                0x0001ef98                std::type_info::~type_info()
                0x0001ef98                std::type_info::~type_info()
 .text._ZNKSt9type_info14__is_pointer_pEv
                0x0001efa4        0x4 c:/progra~2/codesourcery/source~1/bin/../lib/gcc/arm-none-eabi/4.5.2/../../../../arm-none-eabi/lib/thumb2\libstdc++.a(tinfo.o)
                0x0001efa4                std::type_info::__is_pointer_p() const
 .text._ZNKSt9type_info15__is_function_pEv
                0x0001efa8        0x4 c:/progra~2/codesourcery/source~1/bin/../lib/gcc/arm-none-eabi/4.5.2/../../../../arm-none-eabi/lib/thumb2\libstdc++.a(tinfo.o)
                0x0001efa8                std::type_info::__is_function_p() const
 .text._ZNKSt9type_info11__do_upcastEPKN10__cxxabiv117__class_type_infoEPPv
                0x0001efac        0x4 c:/progra~2/codesourcery/source~1/bin/../lib/gcc/arm-none-eabi/4.5.2/../../../../arm-none-eabi/lib/thumb2\libstdc++.a(tinfo.o)
                0x0001efac                std::type_info::__do_upcast(__cxxabiv1::__class_type_info const*, void**) const
 .text._ZNSt9type_infoD0Ev
                0x0001efb0       0x14 c:/progra~2/codesourcery/source~1/bin/../lib/gcc/arm-none-eabi/4.5.2/../../../../arm-none-eabi/lib/thumb2\libstdc++.a(tinfo.o)
                0x0001efb0                std::type_info::~type_info()
 .text._ZNKSt9type_infoeqERKS_
                0x0001efc4       0x3c c:/progra~2/codesourcery/source~1/bin/../lib/gcc/arm-none-eabi/4.5.2/../../../../arm-none-eabi/lib/thumb2\libstdc++.a(tinfo.o)
                0x0001efc4                std::type_info::operator==(std::type_info const&) const
 .text._ZNKSt9type_info10__do_catchEPKS_PPvj
                0x0001f000        0x4 c:/progra~2/codesourcery/source~1/bin/../lib/gcc/arm-none-eabi/4.5.2/../../../../arm-none-eabi/lib/thumb2\libstdc++.a(tinfo.o)
                0x0001f000                std::type_info::__do_catch(std::type_info const*, void**, unsigned int) const
 .text          0x0001f004        0x0 c:/progra~2/codesourcery/source~1/bin/../lib/gcc/arm-none-eabi/4.5.2/../../../../arm-none-eabi/lib/thumb2\libstdc++.a(eh_terminate.o)
 .text._ZN10__cxxabiv111__terminateEPFvvE
                0x0001f004       0x28 c:/progra~2/codesourcery/source~1/bin/../lib/gcc/arm-none-eabi/4.5.2/../../../../arm-none-eabi/lib/thumb2\libstdc++.a(eh_terminate.o)
                0x0001f004                __cxxabiv1::__terminate(void (*)())
 .text._ZSt9terminatev
                0x0001f02c       0x10 c:/progra~2/codesourcery/source~1/bin/../lib/gcc/arm-none-eabi/4.5.2/../../../../arm-none-eabi/lib/thumb2\libstdc++.a(eh_terminate.o)
                0x0001f02c                std::terminate()
 .text._ZN10__cxxabiv112__unexpectedEPFvvE
                0x0001f03c        0x8 c:/progra~2/codesourcery/source~1/bin/../lib/gcc/arm-none-eabi/4.5.2/../../../../arm-none-eabi/lib/thumb2\libstdc++.a(eh_terminate.o)
                0x0001f03c                __cxxabiv1::__unexpected(void (*)())
 .text._ZSt10unexpectedv
                0x0001f044       0x14 c:/progra~2/codesourcery/source~1/bin/../lib/gcc/arm-none-eabi/4.5.2/../../../../arm-none-eabi/lib/thumb2\libstdc++.a(eh_terminate.o)
                0x0001f044                std::unexpected()
 .text._ZSt13set_terminatePFvvE
                0x0001f058       0x10 c:/progra~2/codesourcery/source~1/bin/../lib/gcc/arm-none-eabi/4.5.2/../../../../arm-none-eabi/lib/thumb2\libstdc++.a(eh_terminate.o)
                0x0001f058                std::set_terminate(void (*)())
 .text._ZSt14set_unexpectedPFvvE
                0x0001f068       0x10 c:/progra~2/codesourcery/source~1/bin/../lib/gcc/arm-none-eabi/4.5.2/../../../../arm-none-eabi/lib/thumb2\libstdc++.a(eh_terminate.o)
                0x0001f068                std::set_unexpected(void (*)())
 .text          0x0001f078        0x0 c:/progra~2/codesourcery/source~1/bin/../lib/gcc/arm-none-eabi/4.5.2/../../../../arm-none-eabi/lib/thumb2\libstdc++.a(eh_call.o)
 .text.__cxa_call_terminate
                0x0001f078       0x50 c:/progra~2/codesourcery/source~1/bin/../lib/gcc/arm-none-eabi/4.5.2/../../../../arm-none-eabi/lib/thumb2\libstdc++.a(eh_call.o)
                0x0001f078                __cxa_call_terminate
 .text.__cxa_call_unexpected
                0x0001f0c8      0x130 c:/progra~2/codesourcery/source~1/bin/../lib/gcc/arm-none-eabi/4.5.2/../../../../arm-none-eabi/lib/thumb2\libstdc++.a(eh_call.o)
                0x0001f0c8                __cxa_call_unexpected
 .text          0x0001f1f8        0x0 c:/progra~2/codesourcery/source~1/bin/../lib/gcc/arm-none-eabi/4.5.2/../../../../arm-none-eabi/lib/thumb2\libstdc++.a(eh_term_handler.o)
 .text          0x0001f1f8        0x0 c:/progra~2/codesourcery/source~1/bin/../lib/gcc/arm-none-eabi/4.5.2/../../../../arm-none-eabi/lib/thumb2\libstdc++.a(eh_personality.o)
 .text._ZL12read_sleb128PKhPl
                0x0001f1f8       0x3c c:/progra~2/codesourcery/source~1/bin/../lib/gcc/arm-none-eabi/4.5.2/../../../../arm-none-eabi/lib/thumb2\libstdc++.a(eh_personality.o)
 .text._ZL28read_encoded_value_with_basehjPKhPj
                0x0001f234       0xac c:/progra~2/codesourcery/source~1/bin/../lib/gcc/arm-none-eabi/4.5.2/../../../../arm-none-eabi/lib/thumb2\libstdc++.a(eh_personality.o)
 .text._ZL21base_of_encoded_valuehP15_Unwind_Context
                0x0001f2e0       0x4c c:/progra~2/codesourcery/source~1/bin/../lib/gcc/arm-none-eabi/4.5.2/../../../../arm-none-eabi/lib/thumb2\libstdc++.a(eh_personality.o)
 .text._ZL17parse_lsda_headerP15_Unwind_ContextPKhP16lsda_header_info
                0x0001f32c       0x8c c:/progra~2/codesourcery/source~1/bin/../lib/gcc/arm-none-eabi/4.5.2/../../../../arm-none-eabi/lib/thumb2\libstdc++.a(eh_personality.o)
 .text.__gxx_personality_v0
                0x0001f3b8      0x3ec c:/progra~2/codesourcery/source~1/bin/../lib/gcc/arm-none-eabi/4.5.2/../../../../arm-none-eabi/lib/thumb2\libstdc++.a(eh_personality.o)
                0x0001f3b8                __gxx_personality_v0
 .text          0x0001f7a4        0x0 c:/progra~2/codesourcery/source~1/bin/../lib/gcc/arm-none-eabi/4.5.2/../../../../arm-none-eabi/lib/thumb2\libstdc++.a(eh_throw.o)
 .text._ZL23__gxx_exception_cleanup19_Unwind_Reason_CodeP21_Unwind_Control_Block
                0x0001f7a4       0x4c c:/progra~2/codesourcery/source~1/bin/../lib/gcc/arm-none-eabi/4.5.2/../../../../arm-none-eabi/lib/thumb2\libstdc++.a(eh_throw.o)
 .text.__cxa_throw
                0x0001f7f0       0x80 c:/progra~2/codesourcery/source~1/bin/../lib/gcc/arm-none-eabi/4.5.2/../../../../arm-none-eabi/lib/thumb2\libstdc++.a(eh_throw.o)
                0x0001f7f0                __cxa_throw
 .text.__cxa_rethrow
                0x0001f870       0x78 c:/progra~2/codesourcery/source~1/bin/../lib/gcc/arm-none-eabi/4.5.2/../../../../arm-none-eabi/lib/thumb2\libstdc++.a(eh_throw.o)
                0x0001f870                __cxa_rethrow
 .text          0x0001f8e8        0x0 c:/progra~2/codesourcery/source~1/bin/../lib/gcc/arm-none-eabi/4.5.2/../../../../arm-none-eabi/lib/thumb2\libstdc++.a(eh_unex_handler.o)
 .text          0x0001f8e8        0x0 c:/progra~2/codesourcery/source~1/bin/../lib/gcc/arm-none-eabi/4.5.2/../../../../arm-none-eabi/lib/thumb2\libstdc++.a(eh_globals.o)
 .text.__cxa_get_globals_fast
                0x0001f8e8        0xc c:/progra~2/codesourcery/source~1/bin/../lib/gcc/arm-none-eabi/4.5.2/../../../../arm-none-eabi/lib/thumb2\libstdc++.a(eh_globals.o)
                0x0001f8e8                __cxa_get_globals_fast
 .text.__cxa_get_globals
                0x0001f8f4        0xc c:/progra~2/codesourcery/source~1/bin/../lib/gcc/arm-none-eabi/4.5.2/../../../../arm-none-eabi/lib/thumb2\libstdc++.a(eh_globals.o)
                0x0001f8f4                __cxa_get_globals
 .text          0x0001f900        0x0 c:/progra~2/codesourcery/source~1/bin/../lib/gcc/arm-none-eabi/4.5.2/../../../../arm-none-eabi/lib/thumb2\libstdc++.a(eh_catch.o)
 .text.__cxa_get_exception_ptr
                0x0001f900        0x4 c:/progra~2/codesourcery/source~1/bin/../lib/gcc/arm-none-eabi/4.5.2/../../../../arm-none-eabi/lib/thumb2\libstdc++.a(eh_catch.o)
                0x0001f900                __cxa_get_exception_ptr
 .text.__cxa_begin_catch
                0x0001f904       0x9c c:/progra~2/codesourcery/source~1/bin/../lib/gcc/arm-none-eabi/4.5.2/../../../../arm-none-eabi/lib/thumb2\libstdc++.a(eh_catch.o)
                0x0001f904                __cxa_begin_catch
 .text.__cxa_end_catch
                0x0001f9a0       0x98 c:/progra~2/codesourcery/source~1/bin/../lib/gcc/arm-none-eabi/4.5.2/../../../../arm-none-eabi/lib/thumb2\libstdc++.a(eh_catch.o)
                0x0001f9a0                __cxa_end_catch
 .text._ZSt18uncaught_exceptionv
                0x0001fa38       0x10 c:/progra~2/codesourcery/source~1/bin/../lib/gcc/arm-none-eabi/4.5.2/../../../../arm-none-eabi/lib/thumb2\libstdc++.a(eh_catch.o)
                0x0001fa38                std::uncaught_exception()
 .text          0x0001fa48        0x0 c:/progra~2/codesourcery/source~1/bin/../lib/gcc/arm-none-eabi/4.5.2/../../../../arm-none-eabi/lib/thumb2\libstdc++.a(vterminate.o)
 .text._ZN9__gnu_cxx27__verbose_terminate_handlerEv
                0x0001fa48      0x148 c:/progra~2/codesourcery/source~1/bin/../lib/gcc/arm-none-eabi/4.5.2/../../../../arm-none-eabi/lib/thumb2\libstdc++.a(vterminate.o)
                0x0001fa48                __gnu_cxx::__verbose_terminate_handler()
 .text          0x0001fb90        0x0 c:/progra~2/codesourcery/source~1/bin/../lib/gcc/arm-none-eabi/4.5.2/../../../../arm-none-eabi/lib/thumb2\libstdc++.a(eh_exception.o)
 .text._ZNSt9exceptionD2Ev
                0x0001fb90        0xc c:/progra~2/codesourcery/source~1/bin/../lib/gcc/arm-none-eabi/4.5.2/../../../../arm-none-eabi/lib/thumb2\libstdc++.a(eh_exception.o)
                0x0001fb90                std::exception::~exception()
                0x0001fb90                std::exception::~exception()
 .text._ZNSt13bad_exceptionD2Ev
                0x0001fb9c        0xc c:/progra~2/codesourcery/source~1/bin/../lib/gcc/arm-none-eabi/4.5.2/../../../../arm-none-eabi/lib/thumb2\libstdc++.a(eh_exception.o)
                0x0001fb9c                std::bad_exception::~bad_exception()
                0x0001fb9c                std::bad_exception::~bad_exception()
 .text._ZN10__cxxabiv115__forced_unwindD2Ev
                0x0001fba8        0xc c:/progra~2/codesourcery/source~1/bin/../lib/gcc/arm-none-eabi/4.5.2/../../../../arm-none-eabi/lib/thumb2\libstdc++.a(eh_exception.o)
                0x0001fba8                __cxxabiv1::__forced_unwind::~__forced_unwind()
                0x0001fba8                __cxxabiv1::__forced_unwind::~__forced_unwind()
 .text._ZN10__cxxabiv119__foreign_exceptionD2Ev
                0x0001fbb4        0xc c:/progra~2/codesourcery/source~1/bin/../lib/gcc/arm-none-eabi/4.5.2/../../../../arm-none-eabi/lib/thumb2\libstdc++.a(eh_exception.o)
                0x0001fbb4                __cxxabiv1::__foreign_exception::~__foreign_exception()
                0x0001fbb4                __cxxabiv1::__foreign_exception::~__foreign_exception()
 .text._ZNKSt9exception4whatEv
                0x0001fbc0        0xc c:/progra~2/codesourcery/source~1/bin/../lib/gcc/arm-none-eabi/4.5.2/../../../../arm-none-eabi/lib/thumb2\libstdc++.a(eh_exception.o)
                0x0001fbc0                std::exception::what() const
 .text._ZNKSt13bad_exception4whatEv
                0x0001fbcc        0xc c:/progra~2/codesourcery/source~1/bin/../lib/gcc/arm-none-eabi/4.5.2/../../../../arm-none-eabi/lib/thumb2\libstdc++.a(eh_exception.o)
                0x0001fbcc                std::bad_exception::what() const
 .text._ZN10__cxxabiv119__foreign_exceptionD0Ev
                0x0001fbd8       0x14 c:/progra~2/codesourcery/source~1/bin/../lib/gcc/arm-none-eabi/4.5.2/../../../../arm-none-eabi/lib/thumb2\libstdc++.a(eh_exception.o)
                0x0001fbd8                __cxxabiv1::__foreign_exception::~__foreign_exception()
 .text._ZN10__cxxabiv115__forced_unwindD0Ev
                0x0001fbec       0x14 c:/progra~2/codesourcery/source~1/bin/../lib/gcc/arm-none-eabi/4.5.2/../../../../arm-none-eabi/lib/thumb2\libstdc++.a(eh_exception.o)
                0x0001fbec                __cxxabiv1::__forced_unwind::~__forced_unwind()
 .text._ZNSt13bad_exceptionD0Ev
                0x0001fc00       0x14 c:/progra~2/codesourcery/source~1/bin/../lib/gcc/arm-none-eabi/4.5.2/../../../../arm-none-eabi/lib/thumb2\libstdc++.a(eh_exception.o)
                0x0001fc00                std::bad_exception::~bad_exception()
 .text._ZNSt9exceptionD0Ev
                0x0001fc14       0x14 c:/progra~2/codesourcery/source~1/bin/../lib/gcc/arm-none-eabi/4.5.2/../../../../arm-none-eabi/lib/thumb2\libstdc++.a(eh_exception.o)
                0x0001fc14                std::exception::~exception()
 .text          0x0001fc28        0x0 c:/progra~2/codesourcery/source~1/bin/../lib/gcc/arm-none-eabi/4.5.2/../../../../arm-none-eabi/lib/thumb2\libstdc++.a(eh_type.o)
 .text.__cxa_current_exception_type
                0x0001fc28       0x1c c:/progra~2/codesourcery/source~1/bin/../lib/gcc/arm-none-eabi/4.5.2/../../../../arm-none-eabi/lib/thumb2\libstdc++.a(eh_type.o)
                0x0001fc28                __cxa_current_exception_type
 .text          0x0001fc44        0xc c:/progra~2/codesourcery/source~1/bin/../lib/gcc/arm-none-eabi/4.5.2/../../../../arm-none-eabi/lib/thumb2\libstdc++.a(eh_arm.o)
                0x0001fc44                __cxa_end_cleanup
 .text.__cxa_type_match
                0x0001fc50       0xd0 c:/progra~2/codesourcery/source~1/bin/../lib/gcc/arm-none-eabi/4.5.2/../../../../arm-none-eabi/lib/thumb2\libstdc++.a(eh_arm.o)
                0x0001fc50                __cxa_type_match
 .text.__cxa_begin_cleanup
                0x0001fd20       0x70 c:/progra~2/codesourcery/source~1/bin/../lib/gcc/arm-none-eabi/4.5.2/../../../../arm-none-eabi/lib/thumb2\libstdc++.a(eh_arm.o)
                0x0001fd20                __cxa_begin_cleanup
 .text.__gnu_end_cleanup
                0x0001fd90       0x7c c:/progra~2/codesourcery/source~1/bin/../lib/gcc/arm-none-eabi/4.5.2/../../../../arm-none-eabi/lib/thumb2\libstdc++.a(eh_arm.o)
                0x0001fd90                __gnu_end_cleanup
 .text          0x0001fe0c        0x0 c:/progra~2/codesourcery/source~1/bin/../lib/gcc/arm-none-eabi/4.5.2/../../../../arm-none-eabi/lib/thumb2\libstdc++.a(eh_alloc.o)
 .text.__cxa_allocate_exception
                0x0001fe0c       0x7c c:/progra~2/codesourcery/source~1/bin/../lib/gcc/arm-none-eabi/4.5.2/../../../../arm-none-eabi/lib/thumb2\libstdc++.a(eh_alloc.o)
                0x0001fe0c                __cxa_allocate_exception
 .text.__cxa_free_exception
                0x0001fe88       0x3c c:/progra~2/codesourcery/source~1/bin/../lib/gcc/arm-none-eabi/4.5.2/../../../../arm-none-eabi/lib/thumb2\libstdc++.a(eh_alloc.o)
                0x0001fe88                __cxa_free_exception
 .text.__cxa_allocate_dependent_exception
                0x0001fec4       0x78 c:/progra~2/codesourcery/source~1/bin/../lib/gcc/arm-none-eabi/4.5.2/../../../../arm-none-eabi/lib/thumb2\libstdc++.a(eh_alloc.o)
                0x0001fec4                __cxa_allocate_dependent_exception
 .text.__cxa_free_dependent_exception
                0x0001ff3c       0x4c c:/progra~2/codesourcery/source~1/bin/../lib/gcc/arm-none-eabi/4.5.2/../../../../arm-none-eabi/lib/thumb2\libstdc++.a(eh_alloc.o)
                0x0001ff3c                __cxa_free_dependent_exception
 .text._GLOBAL__I___cxa_allocate_exception
                0x0001ff88        0x4 c:/progra~2/codesourcery/source~1/bin/../lib/gcc/arm-none-eabi/4.5.2/../../../../arm-none-eabi/lib/thumb2\libstdc++.a(eh_alloc.o)
 .text          0x0001ff8c     0x912c c:/progra~2/codesourcery/source~1/bin/../lib/gcc/arm-none-eabi/4.5.2/../../../../arm-none-eabi/lib/thumb2\libstdc++.a(cp-demangle.o)
                0x00028fb0                __cxa_demangle
                0x0002908c                __gcclibcxx_demangle_callback
 .text          0x000290b8      0x21c c:/progra~2/codesourcery/source~1/bin/../lib/gcc/arm-none-eabi/4.5.2/thumb2\libgcc.a(_arm_addsubsf3.o)
                0x000290b8                __aeabi_frsub
                0x000290c0                __subsf3
                0x000290c0                __aeabi_fsub
                0x000290c4                __aeabi_fadd
                0x000290c4                __addsf3
                0x00029224                __aeabi_ui2f
                0x00029224                __floatunsisf
                0x0002922c                __aeabi_i2f
                0x0002922c                __floatsisf
                0x00029248                __aeabi_ul2f
                0x00029248                __floatundisf
                0x00029258                __aeabi_l2f
                0x00029258                __floatdisf
 .text          0x000292d4      0x2a0 c:/progra~2/codesourcery/source~1/bin/../lib/gcc/arm-none-eabi/4.5.2/thumb2\libgcc.a(_arm_muldivsf3.o)
                0x000292d4                __mulsf3
                0x000292d4                __aeabi_fmul
                0x0002943c                __aeabi_fdiv
                0x0002943c                __divsf3
 .text          0x00029574       0xec c:/progra~2/codesourcery/source~1/bin/../lib/gcc/arm-none-eabi/4.5.2/thumb2\libgcc.a(_arm_cmpsf2.o)
                0x00029574                __gesf2
                0x00029574                __gtsf2
                0x0002957c                __lesf2
                0x0002957c                __ltsf2
                0x00029584                __nesf2
                0x00029584                __eqsf2
                0x00029584                __cmpsf2
                0x000295e4                __aeabi_cfrcmple
                0x000295ec                __aeabi_cfcmpeq
                0x000295ec                __aeabi_cfcmple
                0x000295fc                __aeabi_fcmpeq
                0x00029610                __aeabi_fcmplt
                0x00029624                __aeabi_fcmple
                0x00029638                __aeabi_fcmpge
                0x0002964c                __aeabi_fcmpgt
 .text          0x00029660       0x4c c:/progra~2/codesourcery/source~1/bin/../lib/gcc/arm-none-eabi/4.5.2/thumb2\libgcc.a(_arm_fixsfsi.o)
                0x00029660                __aeabi_f2iz
                0x00029660                __fixsfsi
 .text          0x000296ac       0x2c c:/progra~2/codesourcery/source~1/bin/../lib/gcc/arm-none-eabi/4.5.2/thumb2\libgcc.a(_aeabi_uldivmod.o)
                0x000296ac                __aeabi_uldivmod
 .text          0x000296d8       0x60 c:/progra~2/codesourcery/source~1/bin/../lib/gcc/arm-none-eabi/4.5.2/thumb2\libgcc.a(bpabi.o)
                0x000296d8                __gnu_ldivmod_helper
                0x00029708                __gnu_uldivmod_helper
 .text          0x00029738      0xc38 c:/progra~2/codesourcery/source~1/bin/../lib/gcc/arm-none-eabi/4.5.2/thumb2\libgcc.a(unwind-arm.o)
                0x00029a14                _Unwind_VRS_Get
                0x00029a60                _Unwind_VRS_Set
                0x00029dfc                __aeabi_unwind_cpp_pr2
                0x00029e00                __aeabi_unwind_cpp_pr1
                0x00029e04                __aeabi_unwind_cpp_pr0
                0x00029e08                _Unwind_VRS_Pop
                0x0002a1f0                _Unwind_GetCFA
                0x0002a1f4                __gnu_Unwind_RaiseException
                0x0002a264                __gnu_Unwind_ForcedUnwind
                0x0002a278                __gnu_Unwind_Resume
                0x0002a2b4                __gnu_Unwind_Resume_or_Rethrow
                0x0002a2cc                _Unwind_Complete
                0x0002a2d0                _Unwind_DeleteException
                0x0002a2e0                __gnu_Unwind_Backtrace
 .text          0x0002a370      0x1ac c:/progra~2/codesourcery/source~1/bin/../lib/gcc/arm-none-eabi/4.5.2/thumb2\libgcc.a(libunwind.o)
                0x0002a370                __restore_core_regs
                0x0002a370                restore_core_regs
                0x0002a388                __gnu_Unwind_Restore_VFP
                0x0002a390                __gnu_Unwind_Save_VFP
                0x0002a398                __gnu_Unwind_Restore_VFP_D
                0x0002a3a0                __gnu_Unwind_Save_VFP_D
                0x0002a3a8                __gnu_Unwind_Restore_VFP_D_16_to_31
                0x0002a3b0                __gnu_Unwind_Save_VFP_D_16_to_31
                0x0002a3b8                __gnu_Unwind_Restore_WMMXD
                0x0002a3fc                __gnu_Unwind_Save_WMMXD
                0x0002a440                __gnu_Unwind_Restore_WMMXC
                0x0002a454                __gnu_Unwind_Save_WMMXC
                0x0002a468                ___Unwind_RaiseException
                0x0002a468                _Unwind_RaiseException