Archive member included because of file (symbol)

c:/progra~2/codesourcery/source~1/bin/../lib/gcc/arm-none-eabi/4.5.2/../../../../arm-none-eabi/lib/thumb2\libstdc++.a(si_class_type_info.o)
                              build\Menu.o (vtable for __cxxabiv1::__si_class_type_info)
c:/progra~2/codesourcery/source~1/bin/../lib/gcc/arm-none-eabi/4.5.2/../../../../arm-none-eabi/lib/thumb2\libstdc++.a(pure.o)
                              build\InterfaceBoard.o (__cxa_pure_virtual)
c:/progra~2/codesourcery/source~1/bin/../lib/gcc/arm-none-eabi/4.5.2/../../../../arm-none-eabi/lib/thumb2\libstdc++.a(class_type_info.o)
                              c:/progra~2/codesourcery/source~1/bin/../lib/gcc/arm-none-eabi/4.5.2/../../../../arm-none-eabi/lib/thumb2\libstdc++.a(si_class_type_info.o) (__cxxabiv1::__class_type_info::__do_upcast(__cxxabiv1::__class_type_info const*, void**) const)
c:/progra~2/codesourcery/source~1/bin/../lib/gcc/arm-none-eabi/4.5.2/../../../../arm-none-eabi/lib/thumb2\libstdc++.a(tinfo.o)
                              c:/progra~2/codesourcery/source~1/bin/../lib/gcc/arm-none-eabi/4.5.2/../../../../arm-none-eabi/lib/thumb2\libstdc++.a(class_type_info.o) (std::type_info::~type_info())
c:/progra~2/codesourcery/source~1/bin/../lib/gcc/arm-none-eabi/4.5.2/../../../../arm-none-eabi/lib/thumb2\libstdc++.a(eh_terminate.o)
                              c:/progra~2/codesourcery/source~1/bin/../lib/gcc/arm-none-eabi/4.5.2/../../../../arm-none-eabi/lib/thumb2\libstdc++.a(pure.o) (std::terminate())
c:/progra~2/codesourcery/source~1/bin/../lib/gcc/arm-none-eabi/4.5.2/../../../../arm-none-eabi/lib/thumb2\libstdc++.a(eh_call.o)
                              c:/progra~2/codesourcery/source~1/bin/../lib/gcc/arm-none-eabi/4.5.2/../../../../arm-none-eabi/lib/thumb2\libstdc++.a(eh_terminate.o) (__cxa_call_unexpected)
c:/progra~2/codesourcery/source~1/bin/../lib/gcc/arm-none-eabi/4.5.2/../../../../arm-none-eabi/lib/thumb2\libstdc++.a(eh_term_handler.o)
                              c:/progra~2/codesourcery/source~1/bin/../lib/gcc/arm-none-eabi/4.5.2/../../../../arm-none-eabi/lib/thumb2\libstdc++.a(eh_terminate.o) (__cxxabiv1::__terminate_handler)
c:/progra~2/codesourcery/source~1/bin/../lib/gcc/arm-none-eabi/4.5.2/../../../../arm-none-eabi/lib/thumb2\libstdc++.a(eh_personality.o)
                              c:/progra~2/codesourcery/source~1/bin/../lib/gcc/arm-none-eabi/4.5.2/../../../../arm-none-eabi/lib/thumb2\libstdc++.a(eh_terminate.o) (__gxx_personality_v0)
c:/progra~2/codesourcery/source~1/bin/../lib/gcc/arm-none-eabi/4.5.2/../../../../arm-none-eabi/lib/thumb2\libstdc++.a(eh_throw.o)
                              c:/progra~2/codesourcery/source~1/bin/../lib/gcc/arm-none-eabi/4.5.2/../../../../arm-none-eabi/lib/thumb2\libstdc++.a(eh_call.o) (__cxa_throw)
c:/progra~2/codesourcery/source~1/bin/../lib/gcc/arm-none-eabi/4.5.2/../../../../arm-none-eabi/lib/thumb2\libstdc++.a(eh_unex_handler.o)
                              c:/progra~2/codesourcery/source~1/bin/../lib/gcc/arm-none-eabi/4.5.2/../../../../arm-none-eabi/lib/thumb2\libstdc++.a(eh_terminate.o) (__cxxabiv1::__unexpected_handler)
c:/progra~2/codesourcery/source~1/bin/../lib/gcc/arm-none-eabi/4.5.2/../../../../arm-none-eabi/lib/thumb2\libstdc++.a(eh_globals.o)
                              c:/progra~2/codesourcery/source~1/bin/../lib/gcc/arm-none-eabi/4.5.2/../../../../arm-none-eabi/lib/thumb2\libstdc++.a(eh_call.o) (__cxa_get_globals_fast)
c:/progra~2/codesourcery/source~1/bin/../lib/gcc/arm-none-eabi/4.5.2/../../../../arm-none-eabi/lib/thumb2\libstdc++.a(eh_catch.o)
                              c:/progra~2/codesourcery/source~1/bin/../lib/gcc/arm-none-eabi/4.5.2/../../../../arm-none-eabi/lib/thumb2\libstdc++.a(eh_terminate.o) (__cxa_begin_catch)
c:/progra~2/codesourcery/source~1/bin/../lib/gcc/arm-none-eabi/4.5.2/../../../../arm-none-eabi/lib/thumb2\libstdc++.a(vterminate.o)
                              c:/progra~2/codesourcery/source~1/bin/../lib/gcc/arm-none-eabi/4.5.2/../../../../arm-none-eabi/lib/thumb2\libstdc++.a(eh_term_handler.o) (__gnu_cxx::__verbose_terminate_handler())
c:/progra~2/codesourcery/source~1/bin/../lib/gcc/arm-none-eabi/4.5.2/../../../../arm-none-eabi/lib/thumb2\libstdc++.a(eh_exception.o)
                              c:/progra~2/codesourcery/source~1/bin/../lib/gcc/arm-none-eabi/4.5.2/../../../../arm-none-eabi/lib/thumb2\libstdc++.a(eh_call.o) (std::bad_exception::~bad_exception())
c:/progra~2/codesourcery/source~1/bin/../lib/gcc/arm-none-eabi/4.5.2/../../../../arm-none-eabi/lib/thumb2\libstdc++.a(eh_type.o)
                              c:/progra~2/codesourcery/source~1/bin/../lib/gcc/arm-none-eabi/4.5.2/../../../../arm-none-eabi/lib/thumb2\libstdc++.a(vterminate.o) (__cxa_current_exception_type)
c:/progra~2/codesourcery/source~1/bin/../lib/gcc/arm-none-eabi/4.5.2/../../../../arm-none-eabi/lib/thumb2\libstdc++.a(eh_arm.o)
[...]
Memory Configuration

Name             Origin             Length             Attributes
rom              0x00003000         0x0007d000         xr
ram              0x10001000         0x00007000         xrw
ram1             0x2007c000         0x00004000         xrw
ram2             0x20080000         0x00004000         xrw
*default*        0x00000000         0xffffffff

Linker script and memory map

LOAD c:/progra~2/codesourcery/source~1/bin/../lib/gcc/arm-none-eabi/4.5.2/thumb2/crti.o
LOAD c:/progra~2/codesourcery/source~1/bin/../lib/gcc/arm-none-eabi/4.5.2/thumb2/crtbegin.o
LOAD build\system\core_cm3.o
LOAD build\system\syscalls.o
LOAD build\system\system_LPC17xx.o
LOAD build\system\mini_cpp.o
LOAD build\system\startup_LPC17xx.o
LOAD build\lib\source\Uart32.o
LOAD build\lib\source\lpc17xx_adc.o
LOAD build\lib\source\lpc17xx_clkpwr.o
LOAD build\lib\source\lpc17xx_gpio.o
LOAD build\lib\source\lpc17xx_i2c.o
LOAD build\lib\source\lpc17xx_libcfg_default.o
LOAD build\lib\source\lpc17xx_nvic.o
LOAD build\lib\source\lpc17xx_pinsel.o
LOAD build\lib\source\lpc17xx_spi.o
LOAD build\lib\source\lpc17xx_timer.o
LOAD build\lib\source\lpc17xx_uart.o
LOAD build\lib_sd\byteordering.o
LOAD build\lib_sd\fat.o
LOAD build\lib_sd\partition.o
LOAD build\lib_sd\sd_raw.o
LOAD build\IAP_internal_flash_write\IAP.o
LOAD build\USBCDC\cdcuser.o
LOAD build\USBCDC\serial.o
LOAD build\USBCDC\usbcore.o
LOAD build\USBCDC\usbdesc.o
LOAD build\USBCDC\usbhw.o
LOAD build\USBCDC\usbuser.o
LOAD build\USBCDC\vcomdemo.o
LOAD src\shared\PID.o
LOAD src\shared\Packet.o
LOAD build\Command.o
LOAD build\DebugPacketProcessor.o
LOAD build\Delay.o
LOAD build\EepromMap.o
LOAD build\Host.o
LOAD build\Interface.o
LOAD build\InterfaceBoard.o
LOAD build\LPCPort.o
LOAD build\LiquidCrystal.o
LOAD build\Main.o
LOAD build\Menu.o
LOAD build\Microsteps.o
LOAD build\Motherboard.o
LOAD build\PID.o
LOAD build\Packet.o
LOAD build\SDCard.o
LOAD build\StepperInterface.o
LOAD build\Steppers.o
LOAD build\Timeout.o
LOAD build\Tool.o
LOAD build\UART.o
                0x10008000                PROVIDE (__cs3_stack, (__cs3_region_start_ram + __cs3_region_size_ram))
                0x00005250                PROVIDE (__cs3_stack_size, ((__cs3_region_start_ram + __cs3_region_size_ram) - _end))
                0x10002db0                PROVIDE (__cs3_heap_start, _end)
                0x10008000                PROVIDE (__cs3_heap_end, (__cs3_region_start_ram + __cs3_region_size_ram))

.text           0x00003000    0x2a220
 CREATE_OBJECT_SYMBOLS
                0x00003000                __cs3_region_start_rom = .
 *(.cs3.region-head.rom)
                0x00003000                __cs3_interrupt_vector = __cs3_interrupt_vector_cortex_m
 *(.cs3.interrupt_vector)
 .cs3.interrupt_vector
                0x00003000       0xcc build\system\startup_LPC17xx.o
                0x00003000                __cs3_interrupt_vector_cortex_m
                0x00003001                ASSERT ((. != __cs3_interrupt_vector_cortex_m), No interrupt vector)
 *(.rom)
 *(.rom.b)
                0x000030cc                __cs3_reset = __cs3_reset_cortex_m
 *(.cs3.reset)
 .cs3.reset     0x000030cc       0x10 build\system\startup_LPC17xx.o
                0x000030cc                __cs3_reset_cortex_m
                0x00003001                ASSERT ((. != __cs3_reset), No reset code)
 *(.text .text.* .gnu.linkonce.t.*)
 .text          0x000030dc        0x0 c:/progra~2/codesourcery/source~1/bin/../lib/gcc/arm-none-eabi/4.5.2/thumb2/crti.o
 .text          0x000030dc       0x30 c:/progra~2/codesourcery/source~1/bin/../lib/gcc/arm-none-eabi/4.5.2/thumb2/crtbegin.o
 .text          0x0000310c        0x0 build\system\core_cm3.o
 .text          0x0000310c      0x188 build\system\syscalls.o
                0x0000310c                _kill
                0x00003134                _exit
                0x00003140                _getpid
                0x00003150                get_heap_end
                0x00003164                get_stack_top
                0x00003178                _sbrk
                0x000031cc                _close
                0x000031e4                _fstat
                0x00003208                _isatty
                0x00003220                _lseek
                0x0000323c                _read
                0x00003258                _write
 .text          0x00003294      0x318 build\system\system_LPC17xx.o
                0x00003294                SystemCoreClockUpdate
                0x0000343c                SystemInit
 .text          0x000035ac       0x6c build\system\mini_cpp.o
                0x000035ac                operator new(unsigned int)
                0x000035c8                operator new[](unsigned int)
                0x000035e4                operator delete(void*)
                0x000035fc                __aeabi_atexit
 .text          0x00003618       0x14 build\system\startup_LPC17xx.o
                0x00003618                NMI_Handler
                0x0000361a                HardFault_Handler
                0x0000361c                MemManage_Handler
                0x0000361e                BusFault_Handler
                0x00003620                UsageFault_Handler
                0x00003622                SVC_Handler
                0x00003624                DebugMon_Handler
                0x00003626                PendSV_Handler
                0x00003628                SysTick_Handler
                0x0000362a                PWM1_IRQHandler
                0x0000362a                I2C1_IRQHandler
                0x0000362a                EINT2_IRQHandler
                0x0000362a                EINT3_IRQHandler
                0x0000362a                TIMER3_IRQHandler
                0x0000362a                UART0_IRQHandler
                0x0000362a                I2C0_IRQHandler
                0x0000362a                RIT_IRQHandler
                0x0000362a                CAN_IRQHandler
                0x0000362a                PLL1_IRQHandler
                0x0000362a                SSP0_IRQHandler
                0x0000362a                I2S_IRQHandler
                0x0000362a                I2C2_IRQHandler
                0x0000362a                RTC_IRQHandler
                0x0000362a                SPI_IRQHandler
                0x0000362a                EINT1_IRQHandler
                0x0000362a                UART2_IRQHandler
                0x0000362a                Default_Handler
                0x0000362a                ADC_IRQHandler
                0x0000362a                SSP1_IRQHandler
                0x0000362a                BOD_IRQHandler
                0x0000362a                USBActivity_IRQHandler
                0x0000362a                WDT_IRQHandler
                0x0000362a                PLL0_IRQHandler
                0x0000362a                QEI_IRQHandler
                0x0000362a                EINT0_IRQHandler
                0x0000362a                DMA_IRQHandler
                0x0000362a                TIMER2_IRQHandler
                0x0000362a                UART3_IRQHandler
                0x0000362a                MCPWM_IRQHandler
                0x0000362a                ENET_IRQHandler
 .text          0x0000362c       0xe4 build\lib\source\Uart32.o
                0x0000362c                UART_8
                0x0000364c                UART_32_DEC
                0x000036ac                UART_32_HEX
 .text          0x00003710      0x518 build\lib\source\lpc17xx_adc.o
                0x00003710                ADC_Init
                0x000037a8                ADC_DeInit
                0x000037ec                ADC_GetData
                0x00003820                ADC_StartCmd
                0x000038a4                ADC_BurstCmd
                0x000038f0                ADC_PowerdownCmd
                0x0000393c                ADC_EdgeStartConfig
                0x000039a0                ADC_IntConfig
                0x00003a44                ADC_ChannelCmd
                0x00003aac                ADC_ChannelGetData
                0x00003b00                ADC_ChannelGetStatus
                0x00003b84                ADC_GlobalGetData
                0x00003bb4                ADC_GlobalGetStatus
 .text          0x00003c28      0x250 build\lib\source\lpc17xx_clkpwr.o
                0x00003c28                CLKPWR_SetPCLKDiv
                0x00003cc8                CLKPWR_GetPCLKSEL
                0x00003d14                CLKPWR_GetPCLK
                0x00003d84                CLKPWR_ConfigPPWR
                0x00003de4                CLKPWR_Sleep
                0x00003e00                CLKPWR_DeepSleep
                0x00003e28                CLKPWR_PowerDown
                0x00003e50                CLKPWR_DeepPowerDown
 .text          0x00003e78      0xa0c build\lib\source\lpc17xx_gpio.o
                0x000040b8                GPIO_SetDir
                0x00004160                GPIO_SetValue
                0x000041cc                GPIO_ClearValue
                0x000041f8                GPIO_ReadValue
                0x00004254                GPIO_IntCmd
                0x000042c4                GPIO_GetIntStatus
                0x00004368                GPIO_ClearInt
                0x000043a0                FIO_SetDir
                0x000043c8                FIO_SetValue
                0x000043e8                FIO_ClearValue
                0x00004408                FIO_ReadValue
                0x00004428                FIO_IntCmd
                0x00004450                FIO_GetIntStatus
                0x0000447c                FIO_ClearInt
                0x0000449c                FIO_SetMask
                0x000044e8                FIO_HalfWordSetDir
                0x00004584                FIO_HalfWordSetMask
                0x00004620                FIO_HalfWordSetValue
                0x00004660                FIO_HalfWordClearValue
                0x000046a0                FIO_HalfWordReadValue
                0x000046e4                FIO_ByteSetDir
                0x00004754                FIO_ByteSetMask
                0x000047cc                FIO_ByteSetValue
                0x00004808                FIO_ByteClearValue
                0x00004844                FIO_ByteReadValue
 .text          0x00004884     0x1348 build\lib\source\lpc17xx_i2c.o
                0x00004b14                I2C_Init
                0x00004bd0                I2C_DeInit
                0x00004c5c                I2C_Cmd
                0x00004cd0                I2C_IntCmd
                0x00004d60                I2C_MasterHandler
                0x00005124                I2C_SlaveHandler
                0x000052f8                I2C_MasterTransferData
                0x0000562c                I2C_SlaveTransferData
                0x0000588c                I2C_SetOwnSlaveAddr
                0x00005990                I2C_MonitorModeConfig
                0x00005a18                I2C_MonitorModeCmd
                0x00005ab8                I2C_MonitorGetDatabuffer
                0x00005b04                I2C_MonitorHandler
                0x00005b5c                I2C_MasterTransferComplete
                0x00005b94                I2C_SlaveTransferComplete
 .text          0x00005bcc        0xc build\lib\source\lpc17xx_libcfg_default.o
                0x00005bcc                check_failed
 .text          0x00005bd8       0xfc build\lib\source\lpc17xx_nvic.o
                0x00005bd8                NVIC_DeInit
                0x00005c38                NVIC_SCBDeInit
                0x00005cb8                NVIC_SetVTOR
 .text          0x00005cd4      0x284 build\lib\source\lpc17xx_pinsel.o
                0x00005e88                PINSEL_ConfigTraceFunc
                0x00005ec8                PINSEL_SetI2C0Pins
                0x00005f04                PINSEL_ConfigPin
 .text          0x00005f58      0x58c build\lib\source\lpc17xx_spi.o
                0x00005f58                SPI_SetClock
                0x00005fd4                SPI_DeInit
                0x00006014                SPI_GetDataSize
                0x00006050                SPI_Init
                0x000060e8                SPI_ConfigStructInit
                0x0000612c                SPI_SendData
                0x00006160                SPI_ReceiveData
                0x00006194                SPI_ReadWrite
                0x00006388                SPI_IntCmd
                0x000063f0                SPI_GetIntStatus
                0x00006428                SPI_ClearIntPending
                0x0000645c                SPI_GetStatus
                0x00006490                SPI_CheckStatus
 .text          0x000064e4      0xab0 build\lib\source\lpc17xx_timer.o
                0x00006610                TIM_GetIntStatus
                0x000066b8                TIM_GetIntCaptureStatus
                0x00006764                TIM_ClearIntPending
                0x000067f0                TIM_ClearIntCapturePending
                0x00006880                TIM_ConfigStructInit
                0x000068c0                TIM_Init
                0x00006a68                TIM_DeInit
                0x00006b10                TIM_Cmd
                0x00006b80                TIM_ResetCounter
                0x00006be4                TIM_ConfigMatch
                0x00006d94                TIM_UpdateMatchValue
                0x00006e24                TIM_ConfigCapture
                0x00006f1c                TIM_GetCaptureValue
 .text          0x00006f94     0x16c0 build\lib\source\lpc17xx_uart.o
                0x0000729c                UART_Init
                0x000075c0                UART_DeInit
                0x00007668                UART_ConfigStructInit
                0x0000769c                UART_SendByte
                0x00007704                UART_ReceiveByte
                0x0000776c                UART_Send
                0x00007878                UART_Receive
                0x00007950                UART_ForceBreak
                0x000079c8                UART_IntConfig
                0x00007b60                UART_GetLineStatus
                0x00007bc8                UART_GetIntId
                0x00007c24                UART_CheckBusy
                0x00007c50                UART_FIFOConfig
                0x00007dac                UART_FIFOConfigStructInit
                0x00007de0                UART_ABCmd
                0x00007f28                UART_ABClearIntPending
                0x00007f9c                UART_TxCmd
                0x00008068                UART_IrDAInvtInputCmd
                0x000080e4                UART_IrDACmd
                0x00008158                UART_IrDAPulseDivConfig
                0x000081f8                UART_FullModemForcePinState
                0x000082b4                UART_FullModemConfigMode
                0x0000837c                UART_FullModemGetStatus
                0x000083b0                UART_RS485Config
                0x00008538                UART_RS485ReceiverCmd
                0x00008580                UART_RS485Send
                0x00008604                UART_RS485SendSlvAddr
                0x0000862c                UART_RS485SendData
 .text          0x00008654       0xf8 build\lib_sd\byteordering.o
                0x00008654                read16
                0x00008684                read32
                0x000086c8                write16
                0x000086f8                write32
 .text          0x0000874c     0x1cb8 build\lib_sd\fat.o
                0x0000874c                fat_open
                0x000087e8                fat_close
                0x00008dd0                fat_get_dir_entry_of_path
                0x00008f08                fat_open_file
                0x00008fb0                fat_close_file
                0x00008fd0                fat_read_file
                0x00009160                fat_write_file
                0x00009380                fat_seek_file
                0x0000941c                fat_resize_file
                0x00009560                fat_open_dir
                0x000095fc                fat_close_dir
                0x0000961c                fat_read_dir
                0x000097a4                fat_reset_dir
                0x00009fdc                fat_create_file
                0x0000a098                fat_delete_file
                0x0000a150                fat_create_dir
                0x0000a2d4                fat_get_fs_size
                0x0000a308                fat_get_fs_free
 .text          0x0000a404      0x16c build\lib_sd\partition.o
                0x0000a404                partition_open
                0x0000a544                partition_close
 .text          0x0000a570      0xae4 build\lib_sd\sd_raw.o
                0x0000a570                sd_raw_init
                0x0000a7f0                sd_raw_available
                0x0000a804                sd_raw_locked
                0x0000a934                sd_raw_read
                0x0000aa60                sd_raw_read_interval
                0x0000aae0                sd_raw_write
                0x0000ac4c                sd_raw_write_interval
                0x0000ace8                sd_raw_sync
                0x0000ad34                sd_raw_get_info
 .text          0x0000b054      0x214 build\IAP_internal_flash_write\IAP.o
                0x0000b054                IAP::read_ID()
                0x0000b088                IAP::read_serial()
                0x0000b0bc                IAP::blank_check(int, int)
                0x0000b100                IAP::erase(int, int)
                0x0000b150                IAP::prepare(int, int)
                0x0000b194                IAP::write(char*, char*, int)
                0x0000b1ec                IAP::compare(char*, char*, int)
                0x0000b238                IAP::reserved_flash_area_start()
                0x0000b250                IAP::reserved_flash_area_size()
 .text          0x0000b268      0x468 build\USBCDC\cdcuser.o
                0x0000b2a0                CDC_RdOutBuf
                0x0000b310                CDC_WrOutBuf
                0x0000b368                CDC_OutBufAvailChar
                0x0000b398                CDC_Init
                0x0000b3c0                CDC_SendEncapsulatedCommand
                0x0000b3d0                CDC_GetEncapsulatedResponse
                0x0000b3e0                CDC_SetCommFeature
                0x0000b3fc                CDC_GetCommFeature
                0x0000b418                CDC_ClearCommFeature
                0x0000b434                CDC_SetLineCoding
                0x0000b490                CDC_GetLineCoding
                0x0000b4f4                CDC_SetControlLineState
                0x0000b510                CDC_SendBreak
                0x0000b52c                CDC_BulkIn
                0x0000b574                CDC_BulkOut
                0x0000b584                CDC_GetSerialState
                0x0000b658                CDC_NotificationIn
 .text          0x0000b6d0      0x224 build\USBCDC\serial.o
                0x0000b6d0                ser_OpenPort
                0x0000b6e4                ser_ClosePort
                0x0000b6f8                ser_InitPort0
                0x0000b750                ser_Read
                0x0000b7d4                ser_Write
                0x0000b8a0                ser_AvailChar
                0x0000b8cc                ser_LineState
 .text          0x0000b8f4      0xe64 build\USBCDC\usbcore.o
                0x0000b8f4                USB_ResetCore
                0x0000b948                USB_SetupStage
                0x0000b95c                USB_DataInStage
                0x0000b9b4                USB_DataOutStage
                0x0000b9f4                USB_StatusInStage
                0x0000ba0c                USB_StatusOutStage
                0x0000ba20                USB_ReqGetStatus
                0x0000bb3c                USB_ReqSetClrFeature
                0x0000bc7c                USB_ReqSetAddress
                0x0000bcb8                USB_ReqGetDescriptor
                0x0000bde0                USB_ReqGetConfiguration
                0x0000be18                USB_ReqSetConfiguration
                0x0000c0a0                USB_ReqGetInterface
                0x0000c100                USB_ReqSetInterface
                0x0000c2e4                USB_EndPoint0
 .text          0x0000c758        0x0 build\USBCDC\usbdesc.o
 .text          0x0000c758      0x9e0 build\USBCDC\usbhw.o
                0x0000c8c8                EPAdr
                0x0000c8fc                WrCmd
                0x0000c934                WrCmdDat
                0x0000c990                WrCmdEP
                0x0000c9f8                RdCmdDat
                0x0000ca38                USB_Init
                0x0000cb18                USB_Connect
                0x0000cb48                USB_Reset
                0x0000cbb8                USB_Suspend
                0x0000cbc4                USB_Resume
                0x0000cbd0                USB_WakeUp
                0x0000cbf8                USB_WakeUpCfg
                0x0000cc0c                USB_SetAddress
                0x0000cc4c                USB_Configure
                0x0000cca4                USB_ConfigEP
                0x0000cd0c                USB_DirCtrlEP
                0x0000cd20                USB_EnableEP
                0x0000cd50                USB_DisableEP
                0x0000cd80                USB_ResetEP
                0x0000cdb0                USB_SetStallEP
                0x0000cde0                USB_ClrStallEP
                0x0000ce10                USB_ClearEPBuf
                0x0000ce2c                USB_ReadEP
                0x0000ced4                USB_WriteEP
                0x0000cf54                USB_GetFrame
                0x0000cf90                USB_IRQHandler
 .text          0x0000d138      0x180 build\USBCDC\usbuser.o
                0x0000d138                USB_Reset_Event
                0x0000d144                USB_Configure_Event
                0x0000d150                USB_EndPoint1
                0x0000d18c                USB_EndPoint2
                0x0000d1b4                USB_EndPoint3
                0x0000d1c8                USB_EndPoint4
                0x0000d1dc                USB_EndPoint5
                0x0000d1f0                USB_EndPoint6
                0x0000d204                USB_EndPoint7
                0x0000d218                USB_EndPoint8
                0x0000d22c                USB_EndPoint9
                0x0000d240                USB_EndPoint10
                0x0000d254                USB_EndPoint11
                0x0000d268                USB_EndPoint12
                0x0000d27c                USB_EndPoint13
                0x0000d290                USB_EndPoint14
                0x0000d2a4                USB_EndPoint15
 .text          0x0000d2b8       0xa4 build\USBCDC\vcomdemo.o
                0x0000d2b8                VCOM_Init
                0x0000d2c8                VCOM_Usb2Serial
                0x0000d314                VCOM_CheckSerialState
                0x0000d344                VCOM_Start
 .text          0x0000d35c      0x28c src\shared\PID.o
                0x0000d35c                PID::reset()
                0x0000d394                PID::reset_state()
                0x0000d418                PID::calculate(int)
                0x0000d570                PID::setTarget(int)
                0x0000d598                PID::getErrorTerm()
                0x0000d5b0                PID::getDeltaTerm()
                0x0000d5d0                PID::getLastOutput()
 .text          0x0000d5e8      0x54c src\shared\Packet.o
                0x0000d5e8                _crc_ibutton_update(unsigned char, unsigned char)
                0x0000d658                Packet::appendByte(unsigned char)
                0x0000d6b8                Packet::reset()
                0x0000d6f0                InPacket::InPacket()
                0x0000d6f0                InPacket::InPacket()
                0x0000d714                InPacket::reset()
                0x0000d72c                InPacket::processByte(unsigned char)
                0x0000d854                Packet::read8(unsigned char) const
                0x0000d878                Packet::read16(unsigned char) const
                0x0000d8b8                Packet::read32(unsigned char) const
                0x0000d910                OutPacket::OutPacket()
                0x0000d910                OutPacket::OutPacket()
                0x0000d934                OutPacket::reset()
                0x0000d958                OutPacket::prepareForResend()
                0x0000d988                OutPacket::getNextByteToSend()
                0x0000da84                OutPacket::append8(unsigned char)
                0x0000daa4                OutPacket::append16(unsigned short)
                0x0000dadc                OutPacket::append32(unsigned long)
 .text._ZN6Packet5errorEh
                0x0000db34       0x24 src\shared\Packet.o
                0x0000db34                Packet::error(unsigned char)
 .text._ZN6PacketC2Ev
                0x0000db58       0x18 src\shared\Packet.o
                0x0000db58                Packet::Packet()
                0x0000db58                Packet::Packet()
 .text          0x0000db70      0xb70 build\Command.o
                0x0000db70                command::getRemainingCapacity()
                0x0000db90                command::pause(bool)
                0x0000dbb0                command::isPaused()
                0x0000dbc4                command::isEmpty()
                0x0000dbd8                command::push(unsigned char)
                0x0000dbf8                command::pop8()
                0x0000dc0c                command::pop16()
                0x0000dc38                command::pop32()
                0x0000dc78                command::reset()
                0x0000dc94                command::runCommandSlice()
 .text._ZN5PointC2Elllll
                0x0000e6e0       0x3c build\Command.o
                0x0000e6e0                Point::Point(long, long, long, long, long)
                0x0000e6e0                Point::Point(long, long, long, long, long)
 .text._ZN5PointC2Elll
                0x0000e71c       0x64 build\Command.o
                0x0000e71c                Point::Point(long, long, long)
                0x0000e71c                Point::Point(long, long, long)
 .text._ZNK5PointixEj
                0x0000e780       0x20 build\Command.o
                0x0000e780                Point::operator[](unsigned int) const
 .text._ZN5PointixEj
                0x0000e7a0       0x20 build\Command.o
                0x0000e7a0                Point::operator[](unsigned int)
 .text._ZNK6Packet8hasErrorEv
                0x0000e7c0       0x28 build\Command.o
                0x0000e7c0                Packet::hasError() const
 .text._ZN19CircularBufferTemplIhEC2EtPh
                0x0000e7e8       0x48 build\Command.o
                0x0000e7e8                CircularBufferTempl<unsigned char>::CircularBufferTempl(unsigned short, unsigned char*)
                0x0000e7e8                CircularBufferTempl<unsigned char>::CircularBufferTempl(unsigned short, unsigned char*)
 .text._ZNK19CircularBufferTemplIhE20getRemainingCapacityEv
                0x0000e830       0x24 build\Command.o
                0x0000e830                CircularBufferTempl<unsigned char>::getRemainingCapacity() const
 .text._ZNK19CircularBufferTemplIhE7isEmptyEv
                0x0000e854       0x24 build\Command.o
                0x0000e854                CircularBufferTempl<unsigned char>::isEmpty() const
 .text._ZN19CircularBufferTemplIhE4pushEh
                0x0000e878       0x5c build\Command.o
                0x0000e878                CircularBufferTempl<unsigned char>::push(unsigned char)
 .text._ZN19CircularBufferTemplIhE3popEv
                0x0000e8d4       0x6c build\Command.o
                0x0000e8d4                CircularBufferTempl<unsigned char>::pop()
 .text._ZN19CircularBufferTemplIhE5resetEv
                0x0000e940       0x34 build\Command.o
                0x0000e940                CircularBufferTempl<unsigned char>::reset()
 .text._ZNK19CircularBufferTemplIhE9getLengthEv
                0x0000e974       0x1c build\Command.o
                0x0000e974                CircularBufferTempl<unsigned char>::getLength() const
 .text._ZN19CircularBufferTemplIhEixEt
                0x0000e990       0x3c build\Command.o
                0x0000e990                CircularBufferTempl<unsigned char>::operator[](unsigned short)
 .text          0x0000e9cc      0x334 build\DebugPacketProcessor.o
                0x0000e9cc                processDebugPacket(InPacket const&, OutPacket&)
 .text._ZNK6Packet9getLengthEv
                0x0000ed00       0x1c build\DebugPacketProcessor.o
                0x0000ed00                Packet::getLength() const
 .text._ZN11Motherboard8getBoardEv
                0x0000ed1c       0x14 build\DebugPacketProcessor.o
                0x0000ed1c                Motherboard::getBoard()
 .text          0x0000ed30      0x140 build\Delay.o
                0x0000ed30                few_ticks
                0x0000edf8                _delay_us
                0x0000ee30                _delay_ms
                0x0000ee50                _delay_s
 .text          0x0000ee70      0x850 build\EepromMap.o
                0x0000ee70                print_menu()
                0x0000eeb8                test_uart()
                0x0000ef78                test_led(unsigned char)
                0x0000efe8                test_led2(unsigned char)
                0x0000f058                test_led3(unsigned char)
                0x0000f0c8                test_u()
                0x0000f13c                UART_8(LPC_UART_TypeDef*, unsigned char)
                0x0000f15c                UART_32_DEC(LPC_UART_TypeDef*, unsigned long)
                0x0000f1bc                UART_32_HEX(LPC_UART_TypeDef*, unsigned long)
                0x0000f220                read_all_from_flash()
                0x0000f338                save_to_flash()
                0x0000f384                microstep_pinout(unsigned char)
                0x0000f45c                eeprom::init()
                0x0000f54c                eeprom::getEeprom8(unsigned long, unsigned char)
                0x0000f578                eeprom::getEeprom16(unsigned long, unsigned short)
 .text._ZN3IAPC2Ev
                0x0000f6c0       0x3c build\EepromMap.o
                0x0000f6c0                IAP::IAP()
                0x0000f6c0                IAP::IAP()
 .text          0x0000f6fc      0x7a4 build\Host.o
                0x0000f6fc                host::runHostSlice()
                0x0000f888                host::processCommandPacket(InPacket const&, OutPacket&)
                0x0000f970                host::doToolPause(OutPacket&)
                0x0000fa8c                host::processQueryPacket(InPacket const&, OutPacket&)
                0x0000fc74                host::getMachineName()
                0x0000fd08                host::getBuildName()
                0x0000fd1c                host::getHostState()
                0x0000fd30                host::startBuildFromSD()
                0x0000fd68                host::stopBuild()
 .text._ZNK6Packet12getErrorCodeEv
                0x0000fea0       0x1c build\Host.o
                0x0000fea0                Packet::getErrorCode() const
 .text._ZNK6Packet7getDataEv
                0x0000febc       0x1c build\Host.o
                0x0000febc                Packet::getData() const
 .text._ZNK8InPacket10isFinishedEv
                0x0000fed8       0x28 build\Host.o
                0x0000fed8                InPacket::isFinished() const
 .text._ZNK8InPacket9isStartedEv
                0x0000ff00       0x28 build\Host.o
                0x0000ff00                InPacket::isStarted() const
 .text._ZN8InPacket7timeoutEv
                0x0000ff28       0x1c build\Host.o
                0x0000ff28                InPacket::timeout()
 .text._ZNK9OutPacket9isSendingEv
                0x0000ff44       0x38 build\Host.o
                0x0000ff44                OutPacket::isSending() const
 .text._ZN4UART11getHostUARTEv
                0x0000ff7c       0x14 build\Host.o
                0x0000ff7c                UART::getHostUART()
 .text._ZNK7Timeout8isActiveEv
                0x0000ff90       0x18 build\Host.o
                0x0000ff90                Timeout::isActive() const
 .text._ZN11Motherboard19getStepperInterfaceEi
                0x0000ffa8       0x28 build\Host.o
                0x0000ffa8                Motherboard::getStepperInterface(int)
 .text._ZN4host13handleVersionERK8InPacketR9OutPacket
                0x0000ffd0       0x28 build\Host.o
                0x0000ffd0                host::handleVersion(InPacket const&, OutPacket&)
 .text._ZN4host18handleGetBuildNameERK8InPacketR9OutPacket
                0x0000fff8       0x5c build\Host.o
                0x0000fff8                host::handleGetBuildName(InPacket const&, OutPacket&)
 .text._ZN4host19handleGetBufferSizeERK8InPacketR9OutPacket
                0x00010054       0x2c build\Host.o
                0x00010054                host::handleGetBufferSize(InPacket const&, OutPacket&)
 .text._ZN4host17handleGetPositionERK8InPacketR9OutPacket
                0x00010080      0x110 build\Host.o
                0x00010080                host::handleGetPosition(InPacket const&, OutPacket&)
 .text._ZN4host20handleGetPositionExtERK8InPacketR9OutPacket
                0x00010190      0x148 build\Host.o
                0x00010190                host::handleGetPositionExt(InPacket const&, OutPacket&)
 .text._ZN4host19handleCaptureToFileERK8InPacketR9OutPacket
                0x000102d8       0x3c build\Host.o
                0x000102d8                host::handleCaptureToFile(InPacket const&, OutPacket&)
 .text._ZN4host16handleEndCaptureERK8InPacketR9OutPacket
                0x00010314       0x2c build\Host.o
                0x00010314                host::handleEndCapture(InPacket const&, OutPacket&)
 .text._ZN4host14handlePlaybackERK8InPacketR9OutPacket
                0x00010340       0x84 build\Host.o
                0x00010340                host::handlePlayback(InPacket const&, OutPacket&)
 .text._ZN4host18handleNextFilenameERK8InPacketR9OutPacket
                0x000103c4      0x10c build\Host.o
                0x000103c4                host::handleNextFilename(InPacket const&, OutPacket&)
 .text._ZN4host15handleToolQueryERK8InPacketR9OutPacket
                0x000104d0      0x17c build\Host.o
                0x000104d0                host::handleToolQuery(InPacket const&, OutPacket&)
 .text._ZN4host11handlePauseERK8InPacketR9OutPacket
                0x0001064c       0x34 build\Host.o
                0x0001064c                host::handlePause(InPacket const&, OutPacket&)
 .text._ZN4host16handleIsFinishedERK8InPacketR9OutPacket
                0x00010680       0x60 build\Host.o
                0x00010680                host::handleIsFinished(InPacket const&, OutPacket&)
 .text._ZN4host16handleReadEepromERK8InPacketR9OutPacket
                0x000106e0       0x74 build\Host.o
                0x000106e0                host::handleReadEeprom(InPacket const&, OutPacket&)
 .text._ZN4host17handleWriteEepromERK8InPacketR9OutPacket
                0x00010754       0x90 build\Host.o
                0x00010754                host::handleWriteEeprom(InPacket const&, OutPacket&)
 .text._ZN4host18handleExtendedStopERK8InPacketR9OutPacket
                0x000107e4       0x54 build\Host.o
                0x000107e4                host::handleExtendedStop(InPacket const&, OutPacket&)
 .text._ZN4host27handleGetCommunicationStatsERK8InPacketR9OutPacket
                0x00010838       0x60 build\Host.o
                0x00010838                host::handleGetCommunicationStats(InPacket const&, OutPacket&)
 .text          0x00010898       0xc8 build\Interface.o
                0x00010898                interfaceboard::isConnected()
                0x000108b0                interfaceboard::init()
                0x000108c0                interfaceboard::pushScreen(Screen*)
                0x000108dc                interfaceboard::popScreen()
                0x000108ec                interfaceboard::doInterrupt()
                0x000108fc                interfaceboard::getUpdateRate()
                0x00010910                interfaceboard::doUpdate()
 .text          0x00010960      0x5fc build\InterfaceBoard.o
                0x00010960                ButtonArray::init()
                0x00010984                ButtonArray::scanButtons()
                0x00010ab0                ButtonArray::getButton(InterfaceBoardDefinitions::ButtonName&)
                0x00010aec                InterfaceBoard::InterfaceBoard()
                0x00010aec                InterfaceBoard::InterfaceBoard()
                0x00010cd4                InterfaceBoard::init()
                0x00010ce8                InterfaceBoard::doInterrupt()
                0x00010d04                InterfaceBoard::getUpdateRate()
                0x00010d48                InterfaceBoard::doUpdate()
                0x00010e40                InterfaceBoard::pushScreen(Screen*)
                0x00010ef4                InterfaceBoard::popScreen()
 .text._ZN4Port15setPinDirectionEhb
                0x00010f5c       0x34 build\InterfaceBoard.o
                0x00010f5c                Port::setPinDirection(unsigned char, bool)
 .text._ZN4Port6setPinEhb
                0x00010f90       0x64 build\InterfaceBoard.o
                0x00010f90                Port::setPin(unsigned char, bool)
 .text._ZN3PinC2E4Porth
                0x00010ff4       0x28 build\InterfaceBoard.o
                0x00010ff4                Pin::Pin(Port, unsigned char)
                0x00010ff4                Pin::Pin(Port, unsigned char)
 .text._ZN3Pin12setDirectionEb
                0x0001101c       0x28 build\InterfaceBoard.o
                0x0001101c                Pin::setDirection(bool)
 .text._ZN3Pin8setValueEb
                0x00011044       0x28 build\InterfaceBoard.o
                0x00011044                Pin::setValue(bool)
 .text._ZN6ScreenC2Ev
                0x0001106c       0x20 build\InterfaceBoard.o
                0x0001106c                Screen::Screen()
                0x0001106c                Screen::Screen()
 .text._ZN12SplashScreenC2Ev
                0x0001108c       0x28 build\InterfaceBoard.o
                0x0001108c                SplashScreen::SplashScreen()
                0x0001108c                SplashScreen::SplashScreen()
 .text._ZN11MonitorModeC2Ev
                0x000110b4       0x34 build\InterfaceBoard.o
                0x000110b4                MonitorMode::MonitorMode()
                0x000110b4                MonitorMode::MonitorMode()
 .text          0x000110e8       0x7c build\LPCPort.o
 .text._ZN4PortC2Eh
                0x00011164       0x20 build\LPCPort.o
                0x00011164                Port::Port(unsigned char)
                0x00011164                Port::Port(unsigned char)
 .text          0x00011184      0xbe0 build\LiquidCrystal.o
                0x00011184                LiquidCrystal::LiquidCrystal(Pin, Pin, Pin, Pin, Pin, Pin, Pin, Pin, Pin, Pin, Pin)
                0x00011184                LiquidCrystal::LiquidCrystal(Pin, Pin, Pin, Pin, Pin, Pin, Pin, Pin, Pin, Pin, Pin)
                0x0001123c                LiquidCrystal::LiquidCrystal(Pin, Pin, Pin, Pin, Pin, Pin, Pin, Pin, Pin, Pin)
                0x0001123c                LiquidCrystal::LiquidCrystal(Pin, Pin, Pin, Pin, Pin, Pin, Pin, Pin, Pin, Pin)
                0x00011300                LiquidCrystal::LiquidCrystal(Pin, Pin, Pin, Pin, Pin, Pin, Pin)
                0x00011300                LiquidCrystal::LiquidCrystal(Pin, Pin, Pin, Pin, Pin, Pin, Pin)
                0x000113e0                LiquidCrystal::LiquidCrystal(Pin, Pin, Pin, Pin, Pin, Pin)
                0x000113e0                LiquidCrystal::LiquidCrystal(Pin, Pin, Pin, Pin, Pin, Pin)
                0x000114cc                LiquidCrystal::init(unsigned char, Pin, Pin, Pin, Pin, Pin, Pin, Pin, Pin, Pin, Pin, Pin)
                0x00011598                LiquidCrystal::begin(unsigned char, unsigned char, unsigned char)
                0x00011710                LiquidCrystal::clear()
                0x00011734                LiquidCrystal::home()
                0x00011758                LiquidCrystal::setCursor(unsigned char, unsigned char)
                0x000117c0                LiquidCrystal::noDisplay()
                0x000117f0                LiquidCrystal::display()
                0x00011820                LiquidCrystal::noCursor()
                0x00011850                LiquidCrystal::cursor()
                0x00011880                LiquidCrystal::noBlink()
                0x000118b0                LiquidCrystal::blink()
                0x000118e0                LiquidCrystal::scrollDisplayLeft()
                0x000118fc                LiquidCrystal::scrollDisplayRight()
                0x00011918                LiquidCrystal::leftToRight()
                0x00011948                LiquidCrystal::rightToLeft()
                0x00011978                LiquidCrystal::autoscroll()
                0x000119a8                LiquidCrystal::noAutoscroll()
                0x000119d8                LiquidCrystal::createChar(unsigned char, unsigned char*)
                0x00011a44                LiquidCrystal::writeInt(unsigned short, unsigned char)
                0x00011b04                LiquidCrystal::writeString(char*)
                0x00011b48                LiquidCrystal::writeFromPgmspace(char const*)
                0x00011b88                LiquidCrystal::send(unsigned char, bool)
                0x00011c0c                LiquidCrystal::pulseEnable()
                0x00011c64                LiquidCrystal::write4bits(unsigned char)
                0x00011ce4                LiquidCrystal::write8bits(unsigned char)
 .text._ZN4PortC2Ev
                0x00011d64       0x20 build\LiquidCrystal.o
                0x00011d64                Port::Port()
                0x00011d64                Port::Port()
 .text._ZN4Port6isNullEv
                0x00011d84       0x24 build\LiquidCrystal.o
                0x00011d84                Port::isNull()
 .text._ZN3PinC2Ev
                0x00011da8       0x28 build\LiquidCrystal.o
                0x00011da8                Pin::Pin()
                0x00011da8                Pin::Pin()
 .text._ZN3Pin6isNullEv
                0x00011dd0       0x1c build\LiquidCrystal.o
                0x00011dd0                Pin::isNull()
 .text._ZN13LiquidCrystal7commandEh
                0x00011dec       0x24 build\LiquidCrystal.o
                0x00011dec                LiquidCrystal::command(unsigned char)
 .text._ZN13LiquidCrystal5writeEh
                0x00011e10       0x24 build\LiquidCrystal.o
                0x00011e10                LiquidCrystal::write(unsigned char)
 .text          0x00011e34      0x8cc build\Main.o
                0x000122d4                reset(bool)
                0x0001254c                main
 .text          0x00012700     0x1258 build\Menu.o
                0x00012700                queryExtruderParameter(unsigned char, OutPacket&)
                0x00012834                SplashScreen::update(LiquidCrystal&, bool)
                0x000128c0                SplashScreen::notifyButtonPressed(InterfaceBoardDefinitions::ButtonName)
                0x000128d8                SplashScreen::reset()
                0x000128ec                JogMode::reset()
                0x00012910                JogMode::update(LiquidCrystal&, bool)
                0x000129d0                JogMode::jog(InterfaceBoardDefinitions::ButtonName)
                0x00012af0                JogMode::notifyButtonPressed(InterfaceBoardDefinitions::ButtonName)
                0x00012b7c                SnakeMode::update(LiquidCrystal&, bool)
                0x00012f1c                SnakeMode::reset()
                0x00012fdc                SnakeMode::notifyButtonPressed(InterfaceBoardDefinitions::ButtonName)
                0x00013058                MonitorMode::reset()
                0x0001306c                MonitorMode::update(LiquidCrystal&, bool)
                0x00013224                MonitorMode::notifyButtonPressed(InterfaceBoardDefinitions::ButtonName)
                0x00013260                Menu::update(LiquidCrystal&, bool)
                0x00013364                Menu::reset()
                0x0001339c                Menu::resetState()
                0x000133b0                Menu::handleSelect(unsigned char)
                0x000133c8                Menu::handleCancel()
                0x000133dc                Menu::notifyButtonPressed(InterfaceBoardDefinitions::ButtonName)
                0x0001349c                CancelBuildMenu::CancelBuildMenu()
                0x0001349c                CancelBuildMenu::CancelBuildMenu()
                0x000134d4                CancelBuildMenu::resetState()
                0x000134f8                CancelBuildMenu::drawItem(unsigned char, LiquidCrystal&)
                0x00013558                CancelBuildMenu::handleSelect(unsigned char)
                0x00013588                MainMenu::MainMenu()
                0x00013588                MainMenu::MainMenu()
                0x000135c0                MainMenu::drawItem(unsigned char, LiquidCrystal&)
                0x00013630                MainMenu::handleSelect(unsigned char)
                0x00013694                SDMenu::SDMenu()
                0x00013694                SDMenu::SDMenu()
                0x000136c4                SDMenu::resetState()
                0x000136e4                SDMenu::countFiles()
                0x00013754                SDMenu::getFilename(unsigned char, char*, unsigned char)
                0x000137e8                SDMenu::drawItem(unsigned char, LiquidCrystal&)
                0x00013898                SDMenu::handleSelect(unsigned char)
 .text._ZN4Menu13getUpdateRateEv
                0x00013958       0x1c build\Menu.o
                0x00013958                Menu::getUpdateRate()
 .text._ZN12SplashScreen13getUpdateRateEv
                0x00013974       0x18 build\Menu.o
                0x00013974                SplashScreen::getUpdateRate()
 .text._ZN7JogMode13getUpdateRateEv
                0x0001398c       0x18 build\Menu.o
                0x0001398c                JogMode::getUpdateRate()
 .text._ZN9SnakeMode13getUpdateRateEv
                0x000139a4       0x18 build\Menu.o
                0x000139a4                SnakeMode::getUpdateRate()
 .text._ZN11MonitorMode13getUpdateRateEv
                0x000139bc       0x1c build\Menu.o
                0x000139bc                MonitorMode::getUpdateRate()
 .text._ZN7JogModeC2Ev
                0x000139d8       0x28 build\Menu.o
                0x000139d8                JogMode::JogMode()
                0x000139d8                JogMode::JogMode()
 .text._ZN9SnakeModeC2Ev
                0x00013a00       0x28 build\Menu.o
                0x00013a00                SnakeMode::SnakeMode()
                0x00013a00                SnakeMode::SnakeMode()
 .text._ZN4MenuC2Ev
                0x00013a28       0x28 build\Menu.o
                0x00013a28                Menu::Menu()
                0x00013a28                Menu::Menu()
 .text          0x00013a50      0x204 build\Microsteps.o
                0x00013a50                microsteps::init()
 .text          0x00013c54      0xcb4 build\Motherboard.o
                0x00014090                Motherboard::indicateError(int)
                0x00014108                Motherboard::getCurrentError()
                0x00014128                TIMER0_IRQHandler
                0x00014158                TIMER1_IRQHandler
                0x0001429c                Motherboard::Motherboard()
                0x0001429c                Motherboard::Motherboard()
                0x00014578                Motherboard::reset()
                0x0001482c                Motherboard::getCurrentMicros()
                0x00014848                Motherboard::doInterrupt()
                0x00014884                Motherboard::runMotherboardSlice()
 .text._ZN4UART12getSlaveUARTEv
                0x00014908       0x14 build\Motherboard.o
                0x00014908                UART::getSlaveUART()
 .text._ZN16StepperInterfaceC2Ev
                0x0001491c       0x4c build\Motherboard.o
                0x0001491c                StepperInterface::StepperInterface()
                0x0001491c                StepperInterface::StepperInterface()
 .text._ZN16StepperInterfaceC2ERK3PinS2_S2_S2_S2_
                0x00014968       0x64 build\Motherboard.o
                0x00014968                StepperInterface::StepperInterface(Pin const&, Pin const&, Pin const&, Pin const&, Pin const&)
                0x00014968                StepperInterface::StepperInterface(Pin const&, Pin const&, Pin const&, Pin const&, Pin const&)
 .text          0x000149cc      0x28c build\PID.o
 .text          0x00014c58      0x54c build\Packet.o
                0x00014c58                _crc_ibutton_update
 .text          0x000151a4      0x71c build\SDCard.o
                0x000151a4                sdcard::openPartition()
                0x00015214                sdcard::openFilesys()
                0x00015244                sdcard::openRoot()
                0x00015298                sdcard::initCard()
                0x00015348                sdcard::directoryReset()
                0x00015388                sdcard::directoryNextEntry(char*, unsigned char)
                0x0001545c                sdcard::findFileInDir(char const*, fat_dir_entry_struct*)
                0x000154b8                sdcard::openFile(char const*, fat_file_struct**)
                0x0001550c                sdcard::deleteFile(char*)
                0x00015554                sdcard::createFile(char*)
                0x00015588                sdcard::isPlaying()
                0x0001559c                sdcard::isCapturing()
                0x000155b0                sdcard::startCapture(char*)
                0x00015648                sdcard::capturePacket(Packet const&)
                0x000156a0                sdcard::finishCapture()
                0x000156ec                sdcard::fetchNextByte()
                0x0001572c                sdcard::playbackHasNext()
                0x00015740                sdcard::playbackNext()
                0x00015760                sdcard::startPlayback(char*)
                0x000157ec                sdcard::playbackRewind(unsigned char)
                0x00015820                sdcard::finishPlayback()
                0x00015854                sdcard::reset()
 .text          0x000158c0      0x360 build\StepperInterface.o
                0x000158c0                StepperInterface::setDirection(bool)
                0x000158f0                StepperInterface::step(bool)
                0x00015914                StepperInterface::setEnabled(bool)
                0x00015940                StepperInterface::isAtMaximum()
                0x0001598c                StepperInterface::isAtMinimum()
                0x000159d8                StepperInterface::init(unsigned char)
 .text._ZN4Port6getPinEh
                0x00015c20       0x3c build\StepperInterface.o
                0x00015c20                Port::getPin(unsigned char)
 .text._ZN3Pin8getValueEv
                0x00015c5c       0x24 build\StepperInterface.o
                0x00015c5c                Pin::getValue()
 .text          0x00015c80      0x66c build\Steppers.o
                0x00015c80                steppers::isRunning()
                0x00015cb4                steppers::init(Motherboard&)
                0x00015d28                steppers::abort()
                0x00015d4c                steppers::definePosition(Point const&)
                0x00015da0                steppers::getPosition()
                0x00015dd4                steppers::setHoldZ(bool)
                0x00015df4                steppers::setTarget(Point const&, long)
                0x00015f40                steppers::setTargetNew(Point const&, long, unsigned char)
                0x00016084                steppers::startHoming(bool, unsigned char, unsigned long)
                0x0001614c                steppers::enableAxis(unsigned char, bool)
                0x00016180                steppers::doInterrupt()
 .text._ZN8steppers4AxisC2Ev
                0x000162ec       0x20 build\Steppers.o
                0x000162ec                steppers::Axis::Axis()
                0x000162ec                steppers::Axis::Axis()
 .text._ZN8steppers4AxisC2ER16StepperInterface
                0x0001630c       0x24 build\Steppers.o
                0x0001630c                steppers::Axis::Axis(StepperInterface&)
                0x0001630c                steppers::Axis::Axis(StepperInterface&)
 .text._ZN8steppers4Axis9setTargetElb
                0x00016330       0x84 build\Steppers.o
                0x00016330                steppers::Axis::setTarget(long, bool)
 .text._ZN8steppers4Axis9setHomingEb
                0x000163b4       0x30 build\Steppers.o
                0x000163b4                steppers::Axis::setHoming(bool)
 .text._ZN8steppers4Axis14definePositionEl
                0x000163e4       0x1c build\Steppers.o
                0x000163e4                steppers::Axis::definePosition(long)
 .text._ZN8steppers4Axis13enableStepperEb
                0x00016400       0x24 build\Steppers.o
                0x00016400                steppers::Axis::enableStepper(bool)
 .text._ZN8steppers4Axis5resetEv
                0x00016424       0x44 build\Steppers.o
                0x00016424                steppers::Axis::reset()
 .text._ZN8steppers4Axis11doInterruptEl
                0x00016468       0xcc build\Steppers.o
                0x00016468                steppers::Axis::doInterrupt(long)
 .text._ZN8steppers4Axis8doHomingEl
                0x00016534       0xf8 build\Steppers.o
                0x00016534                steppers::Axis::doHoming(long)
 .text          0x0001662c      0x10c build\Timeout.o
                0x0001662c                Timeout::Timeout()
                0x0001662c                Timeout::Timeout()
                0x00016654                Timeout::start(unsigned long)
                0x00016690                Timeout::hasElapsed()
                0x000166f0                Timeout::hasLeft()
                0x0001671c                Timeout::abort()
 .text          0x00016738      0xab0 build\Tool.o
                0x00016ae8                tool::getInPacket()
                0x00016afc                tool::getOutPacket()
                0x00016b10                tool::getSentPacketCount()
                0x00016b24                tool::getPacketFailureCount()
                0x00016b38                tool::getRetryCount()
                0x00016b4c                tool::getNoiseByteCount()
                0x00016b60                tool::getToolVersion()
                0x00016db0                tool::setToolIndicatorLED()
                0x00016e70                tool::reset()
                0x00016f08                tool::getLock()
                0x00016f40                tool::releaseLock()
                0x00016f58                tool::startTransaction()
                0x00016fe4                tool::isTransactionDone()
                0x00017000                tool::runToolSlice()
 .text          0x000171e8      0x92c build\UART.o
                0x00017624                UART::UART(unsigned char)
                0x00017624                UART::UART(unsigned char)
                0x000177c4                UART::beginSend()
                0x000178a0                UART::enable(bool)
                0x00017904                UART::reset()
                0x0001792c                UART1_IRQHandler
                0x00017a40                CANActivity_IRQHandler
 .text._Z6listenv
                0x00017b14       0x34 build\UART.o
                0x00017b14                listen()
 .text._Z5speakv
                0x00017b48       0x34 build\UART.o
                0x00017b48                speak()
 .text          0x00017b7c        0x0 c:/progra~2/codesourcery/source~1/bin/../lib/gcc/arm-none-eabi/4.5.2/../../../../arm-none-eabi/lib/thumb2\libstdc++.a(si_class_type_info.o)
 .text._ZNK10__cxxabiv120__si_class_type_info11__do_upcastEPKNS_17__class_type_infoEPKvRNS1_15__upcast_resultE
                0x00017b7c       0x28 c:/progra~2/codesourcery/source~1/bin/../lib/gcc/arm-none-eabi/4.5.2/../../../../arm-none-eabi/lib/thumb2\libstdc++.a(si_class_type_info.o)
                0x00017b7c                __cxxabiv1::__si_class_type_info::__do_upcast(__cxxabiv1::__class_type_info const*, void const*, __cxxabiv1::__class_type_info::__upcast_result&) const
 .text._ZNK10__cxxabiv120__si_class_type_info12__do_dyncastEiNS_17__class_type_info10__sub_kindEPKS1_PKvS4_S6_RNS1_16__dyncast_resultE
                0x00017ba4       0x90 c:/progra~2/codesourcery/source~1/bin/../lib/gcc/arm-none-eabi/4.5.2/../../../../arm-none-eabi/lib/thumb2\libstdc++.a(si_class_type_info.o)
                0x00017ba4                __cxxabiv1::__si_class_type_info::__do_dyncast(int, __cxxabiv1::__class_type_info::__sub_kind, __cxxabiv1::__class_type_info const*, void const*, __cxxabiv1::__class_type_info const*, void const*, __cxxabiv1::__class_type_info::__dyncast_result&) const
 .text._ZNK10__cxxabiv120__si_class_type_info20__do_find_public_srcEiPKvPKNS_17__class_type_infoES2_
                0x00017c34       0x38 c:/progra~2/codesourcery/source~1/bin/../lib/gcc/arm-none-eabi/4.5.2/../../../../arm-none-eabi/lib/thumb2\libstdc++.a(si_class_type_info.o)
                0x00017c34                __cxxabiv1::__si_class_type_info::__do_find_public_src(int, void const*, __cxxabiv1::__class_type_info const*, void const*) const
 .text._ZN10__cxxabiv120__si_class_type_infoD2Ev
                0x00017c6c       0x14 c:/progra~2/codesourcery/source~1/bin/../lib/gcc/arm-none-eabi/4.5.2/../../../../arm-none-eabi/lib/thumb2\libstdc++.a(si_class_type_info.o)
                0x00017c6c                __cxxabiv1::__si_class_type_info::~__si_class_type_info()
                0x00017c6c                __cxxabiv1::__si_class_type_info::~__si_class_type_info()
 .text._ZN10__cxxabiv120__si_class_type_infoD0Ev
                0x00017c80       0x1c c:/progra~2/codesourcery/source~1/bin/../lib/gcc/arm-none-eabi/4.5.2/../../../../arm-none-eabi/lib/thumb2\libstdc++.a(si_class_type_info.o)
                0x00017c80                __cxxabiv1::__si_class_type_info::~__si_class_type_info()
 .text          0x00017c9c        0x0 c:/progra~2/codesourcery/source~1/bin/../lib/gcc/arm-none-eabi/4.5.2/../../../../arm-none-eabi/lib/thumb2\libstdc++.a(pure.o)
 .text.__cxa_pure_virtual
                0x00017c9c       0x18 c:/progra~2/codesourcery/source~1/bin/../lib/gcc/arm-none-eabi/4.5.2/../../../../arm-none-eabi/lib/thumb2\libstdc++.a(pure.o)
                0x00017c9c                __cxa_pure_virtual
 .text          0x00017cb4        0x0 c:/progra~2/codesourcery/source~1/bin/../lib/gcc/arm-none-eabi/4.5.2/../../../../arm-none-eabi/lib/thumb2\libstdc++.a(class_type_info.o)
 .text._ZNK10__cxxabiv117__class_type_info11__do_upcastEPKS0_PPv
                0x00017cb4       0x38 c:/progra~2/codesourcery/source~1/bin/../lib/gcc/arm-none-eabi/4.5.2/../../../../arm-none-eabi/lib/thumb2\libstdc++.a(class_type_info.o)
                0x00017cb4                __cxxabiv1::__class_type_info::__do_upcast(__cxxabiv1::__class_type_info const*, void**) const
 .text._ZNK10__cxxabiv117__class_type_info20__do_find_public_srcEiPKvPKS0_S2_
                0x00017cec        0xc c:/progra~2/codesourcery/source~1/bin/../lib/gcc/arm-none-eabi/4.5.2/../../../../arm-none-eabi/lib/thumb2\libstdc++.a(class_type_info.o)
                0x00017cec                __cxxabiv1::__class_type_info::__do_find_public_src(int, void const*, __cxxabiv1::__class_type_info const*, void const*) const
 .text._ZNK10__cxxabiv117__class_type_info11__do_upcastEPKS0_PKvRNS0_15__upcast_resultE
                0x00017cf8       0x1c c:/progra~2/codesourcery/source~1/bin/../lib/gcc/arm-none-eabi/4.5.2/../../../../arm-none-eabi/lib/thumb2\libstdc++.a(class_type_info.o)
                0x00017cf8                __cxxabiv1::__class_type_info::__do_upcast(__cxxabiv1::__class_type_info const*, void const*, __cxxabiv1::__class_type_info::__upcast_result&) const
 .text._ZNK10__cxxabiv117__class_type_info12__do_dyncastEiNS0_10__sub_kindEPKS0_PKvS3_S5_RNS0_16__dyncast_resultE
                0x00017d14       0x3c c:/progra~2/codesourcery/source~1/bin/../lib/gcc/arm-none-eabi/4.5.2/../../../../arm-none-eabi/lib/thumb2\libstdc++.a(class_type_info.o)
                0x00017d14                __cxxabiv1::__class_type_info::__do_dyncast(int, __cxxabiv1::__class_type_info::__sub_kind, __cxxabiv1::__class_type_info const*, void const*, __cxxabiv1::__class_type_info const*, void const*, __cxxabiv1::__class_type_info::__dyncast_result&) const
 .text._ZNK10__cxxabiv117__class_type_info10__do_catchEPKSt9type_infoPPvj
                0x00017d50       0x28 c:/progra~2/codesourcery/source~1/bin/../lib/gcc/arm-none-eabi/4.5.2/../../../../arm-none-eabi/lib/thumb2\libstdc++.a(class_type_info.o)
                0x00017d50                __cxxabiv1::__class_type_info::__do_catch(std::type_info const*, void**, unsigned int) const
 .text._ZN10__cxxabiv117__class_type_infoD2Ev
                0x00017d78       0x14 c:/progra~2/codesourcery/source~1/bin/../lib/gcc/arm-none-eabi/4.5.2/../../../../arm-none-eabi/lib/thumb2\libstdc++.a(class_type_info.o)
                0x00017d78                __cxxabiv1::__class_type_info::~__class_type_info()
                0x00017d78                __cxxabiv1::__class_type_info::~__class_type_info()
 .text._ZN10__cxxabiv117__class_type_infoD0Ev
                0x00017d8c       0x1c c:/progra~2/codesourcery/source~1/bin/../lib/gcc/arm-none-eabi/4.5.2/../../../../arm-none-eabi/lib/thumb2\libstdc++.a(class_type_info.o)
                0x00017d8c                __cxxabiv1::__class_type_info::~__class_type_info()
 .text          0x00017da8        0x0 c:/progra~2/codesourcery/source~1/bin/../lib/gcc/arm-none-eabi/4.5.2/../../../../arm-none-eabi/lib/thumb2\libstdc++.a(tinfo.o)
 .text._ZNSt9type_infoD2Ev
                0x00017da8        0xc c:/progra~2/codesourcery/source~1/bin/../lib/gcc/arm-none-eabi/4.5.2/../../../../arm-none-eabi/lib/thumb2\libstdc++.a(tinfo.o)
                0x00017da8                std::type_info::~type_info()
                0x00017da8                std::type_info::~type_info()
 .text._ZNKSt9type_info14__is_pointer_pEv
                0x00017db4        0x4 c:/progra~2/codesourcery/source~1/bin/../lib/gcc/arm-none-eabi/4.5.2/../../../../arm-none-eabi/lib/thumb2\libstdc++.a(tinfo.o)
                0x00017db4                std::type_info::__is_pointer_p() const
 .text._ZNKSt9type_info15__is_function_pEv
                0x00017db8        0x4 c:/progra~2/codesourcery/source~1/bin/../lib/gcc/arm-none-eabi/4.5.2/../../../../arm-none-eabi/lib/thumb2\libstdc++.a(tinfo.o)
                0x00017db8                std::type_info::__is_function_p() const
 .text._ZNKSt9type_info11__do_upcastEPKN10__cxxabiv117__class_type_infoEPPv
                0x00017dbc        0x4 c:/progra~2/codesourcery/source~1/bin/../lib/gcc/arm-none-eabi/4.5.2/../../../../arm-none-eabi/lib/thumb2\libstdc++.a(tinfo.o)
                0x00017dbc                std::type_info::__do_upcast(__cxxabiv1::__class_type_info const*, void**) const
 .text._ZNSt9type_infoD0Ev
                0x00017dc0       0x14 c:/progra~2/codesourcery/source~1/bin/../lib/gcc/arm-none-eabi/4.5.2/../../../../arm-none-eabi/lib/thumb2\libstdc++.a(tinfo.o)
                0x00017dc0                std::type_info::~type_info()
 .text._ZNKSt9type_infoeqERKS_
                0x00017dd4       0x3c c:/progra~2/codesourcery/source~1/bin/../lib/gcc/arm-none-eabi/4.5.2/../../../../arm-none-eabi/lib/thumb2\libstdc++.a(tinfo.o)
                0x00017dd4                std::type_info::operator==(std::type_info const&) const
 .text._ZNKSt9type_info10__do_catchEPKS_PPvj
                0x00017e10        0x4 c:/progra~2/codesourcery/source~1/bin/../lib/gcc/arm-none-eabi/4.5.2/../../../../arm-none-eabi/lib/thumb2\libstdc++.a(tinfo.o)
                0x00017e10                std::type_info::__do_catch(std::type_info const*, void**, unsigned int) const
 .text          0x00017e14        0x0 c:/progra~2/codesourcery/source~1/bin/../lib/gcc/arm-none-eabi/4.5.2/../../../../arm-none-eabi/lib/thumb2\libstdc++.a(eh_terminate.o)
 .text._ZN10__cxxabiv111__terminateEPFvvE
                0x00017e14       0x28 c:/progra~2/codesourcery/source~1/bin/../lib/gcc/arm-none-eabi/4.5.2/../../../../arm-none-eabi/lib/thumb2\libstdc++.a(eh_terminate.o)
                0x00017e14                __cxxabiv1::__terminate(void (*)())
 .text._ZSt9terminatev
                0x00017e3c       0x10 c:/progra~2/codesourcery/source~1/bin/../lib/gcc/arm-none-eabi/4.5.2/../../../../arm-none-eabi/lib/thumb2\libstdc++.a(eh_terminate.o)
                0x00017e3c                std::terminate()
 .text._ZN10__cxxabiv112__unexpectedEPFvvE
                0x00017e4c        0x8 c:/progra~2/codesourcery/source~1/bin/../lib/gcc/arm-none-eabi/4.5.2/../../../../arm-none-eabi/lib/thumb2\libstdc++.a(eh_terminate.o)
                0x00017e4c                __cxxabiv1::__unexpected(void (*)())
 .text._ZSt10unexpectedv
                0x00017e54       0x14 c:/progra~2/codesourcery/source~1/bin/../lib/gcc/arm-none-eabi/4.5.2/../../../../arm-none-eabi/lib/thumb2\libstdc++.a(eh_terminate.o)
                0x00017e54                std::unexpected()
 .text._ZSt13set_terminatePFvvE
                0x00017e68       0x10 c:/progra~2/codesourcery/source~1/bin/../lib/gcc/arm-none-eabi/4.5.2/../../../../arm-none-eabi/lib/thumb2\libstdc++.a(eh_terminate.o)
                0x00017e68                std::set_terminate(void (*)())
 .text._ZSt14set_unexpectedPFvvE
                0x00017e78       0x10 c:/progra~2/codesourcery/source~1/bin/../lib/gcc/arm-none-eabi/4.5.2/../../../../arm-none-eabi/lib/thumb2\libstdc++.a(eh_terminate.o)
                0x00017e78                std::set_unexpected(void (*)())
 .text          0x00017e88        0x0 c:/progra~2/codesourcery/source~1/bin/../lib/gcc/arm-none-eabi/4.5.2/../../../../arm-none-eabi/lib/thumb2\libstdc++.a(eh_call.o)
 .text.__cxa_call_terminate
                0x00017e88       0x50 c:/progra~2/codesourcery/source~1/bin/../lib/gcc/arm-none-eabi/4.5.2/../../../../arm-none-eabi/lib/thumb2\libstdc++.a(eh_call.o)
                0x00017e88                __cxa_call_terminate
 .text.__cxa_call_unexpected
                0x00017ed8      0x130 c:/progra~2/codesourcery/source~1/bin/../lib/gcc/arm-none-eabi/4.5.2/../../../../arm-none-eabi/lib/thumb2\libstdc++.a(eh_call.o)
                0x00017ed8                __cxa_call_unexpected
 .text          0x00018008        0x0 c:/progra~2/codesourcery/source~1/bin/../lib/gcc/arm-none-eabi/4.5.2/../../../../arm-none-eabi/lib/thumb2\libstdc++.a(eh_term_handler.o)
 .text          0x00018008        0x0 c:/progra~2/codesourcery/source~1/bin/../lib/gcc/arm-none-eabi/4.5.2/../../../../arm-none-eabi/lib/thumb2\libstdc++.a(eh_personality.o)
 .text._ZL12read_sleb128PKhPl
                0x00018008       0x3c c:/progra~2/codesourcery/source~1/bin/../lib/gcc/arm-none-eabi/4.5.2/../../../../arm-none-eabi/lib/thumb2\libstdc++.a(eh_personality.o)
 .text._ZL28read_encoded_value_with_basehjPKhPj
                0x00018044       0xac c:/progra~2/codesourcery/source~1/bin/../lib/gcc/arm-none-eabi/4.5.2/../../../../arm-none-eabi/lib/thumb2\libstdc++.a(eh_personality.o)
 .text._ZL21base_of_encoded_valuehP15_Unwind_Context
                0x000180f0       0x4c c:/progra~2/codesourcery/source~1/bin/../lib/gcc/arm-none-eabi/4.5.2/../../../../arm-none-eabi/lib/thumb2\libstdc++.a(eh_personality.o)
 .text._ZL17parse_lsda_headerP15_Unwind_ContextPKhP16lsda_header_info
                0x0001813c       0x8c c:/progra~2/codesourcery/source~1/bin/../lib/gcc/arm-none-eabi/4.5.2/../../../../arm-none-eabi/lib/thumb2\libstdc++.a(eh_personality.o)
 .text.__gxx_personality_v0
                0x000181c8      0x3ec c:/progra~2/codesourcery/source~1/bin/../lib/gcc/arm-none-eabi/4.5.2/../../../../arm-none-eabi/lib/thumb2\libstdc++.a(eh_personality.o)
                0x000181c8                __gxx_personality_v0
 .text          0x000185b4        0x0 c:/progra~2/codesourcery/source~1/bin/../lib/gcc/arm-none-eabi/4.5.2/../../../../arm-none-eabi/lib/thumb2\libstdc++.a(eh_throw.o)
 .text._ZL23__gxx_exception_cleanup19_Unwind_Reason_CodeP21_Unwind_Control_Block
                0x000185b4       0x4c c:/progra~2/codesourcery/source~1/bin/../lib/gcc/arm-none-eabi/4.5.2/../../../../arm-none-eabi/lib/thumb2\libstdc++.a(eh_throw.o)
 .text.__cxa_throw
                0x00018600       0x80 c:/progra~2/codesourcery/source~1/bin/../lib/gcc/arm-none-eabi/4.5.2/../../../../arm-none-eabi/lib/thumb2\libstdc++.a(eh_throw.o)
                0x00018600                __cxa_throw
 .text.__cxa_rethrow
                0x00018680       0x78 c:/progra~2/codesourcery/source~1/bin/../lib/gcc/arm-none-eabi/4.5.2/../../../../arm-none-eabi/lib/thumb2\libstdc++.a(eh_throw.o)
                0x00018680                __cxa_rethrow
 .text          0x000186f8        0x0 c:/progra~2/codesourcery/source~1/bin/../lib/gcc/arm-none-eabi/4.5.2/../../../../arm-none-eabi/lib/thumb2\libstdc++.a(eh_unex_handler.o)
 .text          0x000186f8        0x0 c:/progra~2/codesourcery/source~1/bin/../lib/gcc/arm-none-eabi/4.5.2/../../../../arm-none-eabi/lib/thumb2\libstdc++.a(eh_globals.o)
 .text.__cxa_get_globals_fast
                0x000186f8        0xc c:/progra~2/codesourcery/source~1/bin/../lib/gcc/arm-none-eabi/4.5.2/../../../../arm-none-eabi/lib/thumb2\libstdc++.a(eh_globals.o)
                0x000186f8                __cxa_get_globals_fast
 .text.__cxa_get_globals
                0x00018704        0xc c:/progra~2/codesourcery/source~1/bin/../lib/gcc/arm-none-eabi/4.5.2/../../../../arm-none-eabi/lib/thumb2\libstdc++.a(eh_globals.o)
                0x00018704                __cxa_get_globals
 .text          0x00018710        0x0 c:/progra~2/codesourcery/source~1/bin/../lib/gcc/arm-none-eabi/4.5.2/../../../../arm-none-eabi/lib/thumb2\libstdc++.a(eh_catch.o)
 .text.__cxa_get_exception_ptr
                0x00018710        0x4 c:/progra~2/codesourcery/source~1/bin/../lib/gcc/arm-none-eabi/4.5.2/../../../../arm-none-eabi/lib/thumb2\libstdc++.a(eh_catch.o)
                0x00018710                __cxa_get_exception_ptr
 .text.__cxa_begin_catch
                0x00018714       0x9c c:/progra~2/codesourcery/source~1/bin/../lib/gcc/arm-none-eabi/4.5.2/../../../../arm-none-eabi/lib/thumb2\libstdc++.a(eh_catch.o)
                0x00018714                __cxa_begin_catch
 .text.__cxa_end_catch
                0x000187b0       0x98 c:/progra~2/codesourcery/source~1/bin/../lib/gcc/arm-none-eabi/4.5.2/../../../../arm-none-eabi/lib/thumb2\libstdc++.a(eh_catch.o)
                0x000187b0                __cxa_end_catch
 .text._ZSt18uncaught_exceptionv
                0x00018848       0x10 c:/progra~2/codesourcery/source~1/bin/../lib/gcc/arm-none-eabi/4.5.2/../../../../arm-none-eabi/lib/thumb2\libstdc++.a(eh_catch.o)
                0x00018848                std::uncaught_exception()
 .text          0x00018858        0x0 c:/progra~2/codesourcery/source~1/bin/../lib/gcc/arm-none-eabi/4.5.2/../../../../arm-none-eabi/lib/thumb2\libstdc++.a(vterminate.o)
 .text._ZN9__gnu_cxx27__verbose_terminate_handlerEv
                0x00018858      0x148 c:/progra~2/codesourcery/source~1/bin/../lib/gcc/arm-none-eabi/4.5.2/../../../../arm-none-eabi/lib/thumb2\libstdc++.a(vterminate.o)
                0x00018858                __gnu_cxx::__verbose_terminate_handler()
 .text          0x000189a0        0x0 c:/progra~2/codesourcery/source~1/bin/../lib/gcc/arm-none-eabi/4.5.2/../../../../arm-none-eabi/lib/thumb2\libstdc++.a(eh_exception.o)
 .text._ZNSt9exceptionD2Ev
                0x000189a0        0xc c:/progra~2/codesourcery/source~1/bin/../lib/gcc/arm-none-eabi/4.5.2/../../../../arm-none-eabi/lib/thumb2\libstdc++.a(eh_exception.o)
                0x000189a0                std::exception::~exception()
                0x000189a0                std::exception::~exception()
 .text._ZNSt13bad_exceptionD2Ev
                0x000189ac        0xc c:/progra~2/codesourcery/source~1/bin/../lib/gcc/arm-none-eabi/4.5.2/../../../../arm-none-eabi/lib/thumb2\libstdc++.a(eh_exception.o)
                0x000189ac                std::bad_exception::~bad_exception()
                0x000189ac                std::bad_exception::~bad_exception()
 .text._ZN10__cxxabiv115__forced_unwindD2Ev
                0x000189b8        0xc c:/progra~2/codesourcery/source~1/bin/../lib/gcc/arm-none-eabi/4.5.2/../../../../arm-none-eabi/lib/thumb2\libstdc++.a(eh_exception.o)
                0x000189b8                __cxxabiv1::__forced_unwind::~__forced_unwind()
                0x000189b8                __cxxabiv1::__forced_unwind::~__forced_unwind()
 .text._ZN10__cxxabiv119__foreign_exceptionD2Ev
                0x000189c4        0xc c:/progra~2/codesourcery/source~1/bin/../lib/gcc/arm-none-eabi/4.5.2/../../../../arm-none-eabi/lib/thumb2\libstdc++.a(eh_exception.o)
                0x000189c4                __cxxabiv1::__foreign_exception::~__foreign_exception()
                0x000189c4                __cxxabiv1::__foreign_exception::~__foreign_exception()
 .text._ZNKSt9exception4whatEv
                0x000189d0        0xc c:/progra~2/codesourcery/source~1/bin/../lib/gcc/arm-none-eabi/4.5.2/../../../../arm-none-eabi/lib/thumb2\libstdc++.a(eh_exception.o)
                0x000189d0                std::exception::what() const
 .text._ZNKSt13bad_exception4whatEv
                0x000189dc        0xc c:/progra~2/codesourcery/source~1/bin/../lib/gcc/arm-none-eabi/4.5.2/../../../../arm-none-eabi/lib/thumb2\libstdc++.a(eh_exception.o)
                0x000189dc                std::bad_exception::what() const
 .text._ZN10__cxxabiv119__foreign_exceptionD0Ev
                0x000189e8       0x14 c:/progra~2/codesourcery/source~1/bin/../lib/gcc/arm-none-eabi/4.5.2/../../../../arm-none-eabi/lib/thumb2\libstdc++.a(eh_exception.o)
                0x000189e8                __cxxabiv1::__foreign_exception::~__foreign_exception()
 .text._ZN10__cxxabiv115__forced_unwindD0Ev
                0x000189fc       0x14 c:/progra~2/codesourcery/source~1/bin/../lib/gcc/arm-none-eabi/4.5.2/../../../../arm-none-eabi/lib/thumb2\libstdc++.a(eh_exception.o)
                0x000189fc                __cxxabiv1::__forced_unwind::~__forced_unwind()
 .text._ZNSt13bad_exceptionD0Ev
                0x00018a10       0x14 c:/progra~2/codesourcery/source~1/bin/../lib/gcc/arm-none-eabi/4.5.2/../../../../arm-none-eabi/lib/thumb2\libstdc++.a(eh_exception.o)
                0x00018a10                std::bad_exception::~bad_exception()
 .text._ZNSt9exceptionD0Ev
                0x00018a24       0x14 c:/progra~2/codesourcery/source~1/bin/../lib/gcc/arm-none-eabi/4.5.2/../../../../arm-none-eabi/lib/thumb2\libstdc++.a(eh_exception.o)
                0x00018a24                std::exception::~exception()
 .text          0x00018a38        0x0 c:/progra~2/codesourcery/source~1/bin/../lib/gcc/arm-none-eabi/4.5.2/../../../../arm-none-eabi/lib/thumb2\libstdc++.a(eh_type.o)
 .text.__cxa_current_exception_type
                0x00018a38       0x1c c:/progra~2/codesourcery/source~1/bin/../lib/gcc/arm-none-eabi/4.5.2/../../../../arm-none-eabi/lib/thumb2\libstdc++.a(eh_type.o)
                0x00018a38                __cxa_current_exception_type
 .text          0x00018a54        0xc c:/progra~2/codesourcery/source~1/bin/../lib/gcc/arm-none-eabi/4.5.2/../../../../arm-none-eabi/lib/thumb2\libstdc++.a(eh_arm.o)
                0x00018a54                __cxa_end_cleanup
 .text.__cxa_type_match
                0x00018a60       0xd0 c:/progra~2/codesourcery/source~1/bin/../lib/gcc/arm-none-eabi/4.5.2/../../../../arm-none-eabi/lib/thumb2\libstdc++.a(eh_arm.o)
                0x00018a60                __cxa_type_match
 .text.__cxa_begin_cleanup
                0x00018b30       0x70 c:/progra~2/codesourcery/source~1/bin/../lib/gcc/arm-none-eabi/4.5.2/../../../../arm-none-eabi/lib/thumb2\libstdc++.a(eh_arm.o)
                0x00018b30                __cxa_begin_cleanup
 .text.__gnu_end_cleanup
                0x00018ba0       0x7c c:/progra~2/codesourcery/source~1/bin/../lib/gcc/arm-none-eabi/4.5.2/../../../../arm-none-eabi/lib/thumb2\libstdc++.a(eh_arm.o)
                0x00018ba0                __gnu_end_cleanup
 .text          0x00018c1c        0x0 c:/progra~2/codesourcery/source~1/bin/../lib/gcc/arm-none-eabi/4.5.2/../../../../arm-none-eabi/lib/thumb2\libstdc++.a(eh_alloc.o)
 .text.__cxa_allocate_exception
                0x00018c1c       0x7c c:/progra~2/codesourcery/source~1/bin/../lib/gcc/arm-none-eabi/4.5.2/../../../../arm-none-eabi/lib/thumb2\libstdc++.a(eh_alloc.o)
                0x00018c1c                __cxa_allocate_exception
 .text.__cxa_free_exception
                0x00018c98       0x3c c:/progra~2/codesourcery/source~1/bin/../lib/gcc/arm-none-eabi/4.5.2/../../../../arm-none-eabi/lib/thumb2\libstdc++.a(eh_alloc.o)
                0x00018c98                __cxa_free_exception
 .text.__cxa_allocate_dependent_exception
                0x00018cd4       0x78 c:/progra~2/codesourcery/source~1/bin/../lib/gcc/arm-none-eabi/4.5.2/../../../../arm-none-eabi/lib/thumb2\libstdc++.a(eh_alloc.o)
                0x00018cd4                __cxa_allocate_dependent_exception
 .text.__cxa_free_dependent_exception
                0x00018d4c       0x4c c:/progra~2/codesourcery/source~1/bin/../lib/gcc/arm-none-eabi/4.5.2/../../../../arm-none-eabi/lib/thumb2\libstdc++.a(eh_alloc.o)
                0x00018d4c                __cxa_free_dependent_exception
 .text._GLOBAL__I___cxa_allocate_exception
                0x00018d98        0x4 c:/progra~2/codesourcery/source~1/bin/../lib/gcc/arm-none-eabi/4.5.2/../../../../arm-none-eabi/lib/thumb2\libstdc++.a(eh_alloc.o)
 .text          0x00018d9c     0x912c c:/progra~2/codesourcery/source~1/bin/../lib/gcc/arm-none-eabi/4.5.2/../../../../arm-none-eabi/lib/thumb2\libstdc++.a(cp-demangle.o)
                0x00021dc0                __cxa_demangle
                0x00021e9c                __gcclibcxx_demangle_callback
 .text          0x00021ec8      0x21c c:/progra~2/codesourcery/source~1/bin/../lib/gcc/arm-none-eabi/4.5.2/thumb2\libgcc.a(_arm_addsubsf3.o)
                0x00021ec8                __aeabi_frsub
                0x00021ed0                __subsf3
                0x00021ed0                __aeabi_fsub
                0x00021ed4                __aeabi_fadd
                0x00021ed4                __addsf3
                0x00022034                __aeabi_ui2f
                0x00022034                __floatunsisf
                0x0002203c                __aeabi_i2f
                0x0002203c                __floatsisf
                0x00022058                __aeabi_ul2f
                0x00022058                __floatundisf
                0x00022068                __aeabi_l2f
                0x00022068                __floatdisf
 .text          0x000220e4      0x2a0 c:/progra~2/codesourcery/source~1/bin/../lib/gcc/arm-none-eabi/4.5.2/thumb2\libgcc.a(_arm_muldivsf3.o)
                0x000220e4                __mulsf3
                0x000220e4                __aeabi_fmul
                0x0002224c                __aeabi_fdiv
                0x0002224c                __divsf3
 .text          0x00022384       0x4c c:/progra~2/codesourcery/source~1/bin/../lib/gcc/arm-none-eabi/4.5.2/thumb2\libgcc.a(_arm_fixsfsi.o)
                0x00022384                __aeabi_f2iz
                0x00022384                __fixsfsi
 .text          0x000223d0       0x2c c:/progra~2/codesourcery/source~1/bin/../lib/gcc/arm-none-eabi/4.5.2/thumb2\libgcc.a(_aeabi_uldivmod.o)
                0x000223d0                __aeabi_uldivmod
 .text          0x000223fc       0x60 c:/progra~2/codesourcery/source~1/bin/../lib/gcc/arm-none-eabi/4.5.2/thumb2\libgcc.a(bpabi.o)
                0x000223fc                __gnu_ldivmod_helper
                0x0002242c                __gnu_uldivmod_helper
 .text          0x0002245c      0xc38 c:/progra~2/codesourcery/source~1/bin/../lib/gcc/arm-none-eabi/4.5.2/thumb2\libgcc.a(unwind-arm.o)
                0x00022738                _Unwind_VRS_Get
                0x00022784                _Unwind_VRS_Set
                0x00022b20                __aeabi_unwind_cpp_pr2
                0x00022b24                __aeabi_unwind_cpp_pr1
                0x00022b28                __aeabi_unwind_cpp_pr0
                0x00022b2c                _Unwind_VRS_Pop
                0x00022f14                _Unwind_GetCFA
                0x00022f18                __gnu_Unwind_RaiseException
                0x00022f88                __gnu_Unwind_ForcedUnwind
                0x00022f9c                __gnu_Unwind_Resume
                0x00022fd8                __gnu_Unwind_Resume_or_Rethrow
                0x00022ff0                _Unwind_Complete
                0x00022ff4                _Unwind_DeleteException
                0x00023004                __gnu_Unwind_Backtrace
 .text          0x00023094      0x1ac c:/progra~2/codesourcery/source~1/bin/../lib/gcc/arm-none-eabi/4.5.2/thumb2\libgcc.a(libunwind.o)
                0x00023094                __restore_core_regs
                0x00023094                restore_core_regs
                0x000230ac                __gnu_Unwind_Restore_VFP
                0x000230b4                __gnu_Unwind_Save_VFP
                0x000230bc                __gnu_Unwind_Restore_VFP_D
                0x000230c4                __gnu_Unwind_Save_VFP_D
                0x000230cc                __gnu_Unwind_Restore_VFP_D_16_to_31
                0x000230d4                __gnu_Unwind_Save_VFP_D_16_to_31
                0x000230dc                __gnu_Unwind_Restore_WMMXD
                0x00023120                __gnu_Unwind_Save_WMMXD
                0x00023164                __gnu_Unwind_Restore_WMMXC
                0x00023178                __gnu_Unwind_Save_WMMXC
                0x0002318c                ___Unwind_RaiseException
                0x0002318c                _Unwind_RaiseException
                0x000231b0                _Unwind_Resume
                0x000231b0                ___Unwind_Resume
                0x000231d4                _Unwind_Resume_or_Rethrow
                0x000231d4                ___Unwind_Resume_or_Rethrow
                0x000231f8                _Unwind_ForcedUnwind
                0x000231f8                ___Unwind_ForcedUnwind
                0x0002321c                ___Unwind_Backtrace
                0x0002321c                _Unwind_Backtrace
 .text          0x00023240      0x3c0 c:/progra~2/codesourcery/source~1/bin/../lib/gcc/arm-none-eabi/4.5.2/thumb2\libgcc.a(pr-support.o)
                0x00023294                __gnu_unwind_execute
                0x000235a4                __gnu_unwind_frame
                0x000235d0                _Unwind_GetRegionStart
                0x000235dc                _Unwind_GetLanguageSpecificData
                0x000235f0                _Unwind_GetDataRelBase
                0x000235f8                _Unwind_GetTextRelBase
 .text          0x00023600        0x4 c:/progra~2/codesourcery/source~1/bin/../lib/gcc/arm-none-eabi/4.5.2/thumb2\libgcc.a(_dvmd_tls.o)
                0x00023600                __aeabi_idiv0
                0x00023600                __aeabi_ldiv0
 .text          0x00023604      0x360 c:/progra~2/codesourcery/source~1/bin/../lib/gcc/arm-none-eabi/4.5.2/thumb2\libgcc.a(_divdi3.o)
                0x00023604                __divdi3
 .text          0x00023964      0x308 c:/progra~2/codesourcery/source~1/bin/../lib/gcc/arm-none-eabi/4.5.2/thumb2\libgcc.a(_udivdi3.o)
                0x00023964                __udivdi3
 *fill*         0x00023c6c        0x4 00
 .text          0x00023c70      0x278 c:/progra~2/codesourcery/source~1/bin/../lib/gcc/arm-none-eabi/4.5.2/thumb2\libgcc.a(_udivsi3.o)
                0x00023c70                __aeabi_uidiv
                0x00023c70                __udivsi3
                0x00023ecc                __aeabi_uidivmod
 .text          0x00023ee8       0x10 c:/progra~2/codesourcery/source~1/bin/../lib/gcc/arm-none-eabi/4.5.2/../../../../arm-none-eabi/lib/thumb2\libc.a(lib_a-abort.o)
                0x00023ee8                abort
 .text          0x00023ef8       0xac c:/progra~2/codesourcery/source~1/bin/../lib/gcc/arm-none-eabi/4.5.2/../../../../arm-none-eabi/lib/thumb2\libc.a(lib_a-fputc.o)
                0x00023ef8                _fputc_r
                0x00023f4c                fputc
 .text          0x00023fa4       0x90 c:/progra~2/codesourcery/source~1/bin/../lib/gcc/arm-none-eabi/4.5.2/../../../../arm-none-eabi/lib/thumb2\libc.a(lib_a-fputs.o)
                0x00023fa4                _fputs_r
                0x00024024                fputs
 .text          0x00024034      0x338 c:/progra~2/codesourcery/source~1/bin/../lib/gcc/arm-none-eabi/4.5.2/../../../../arm-none-eabi/lib/thumb2\libc.a(lib_a-fvwrite.o)
                0x00024034                __sfvwrite_r
 .text          0x0002436c       0xc0 c:/progra~2/codesourcery/source~1/bin/../lib/gcc/arm-none-eabi/4.5.2/../../../../arm-none-eabi/lib/thumb2\libc.a(lib_a-fwrite.o)
                0x0002436c                _fwrite_r
                0x00024408                fwrite
 .text          0x0002442c        0x0 c:/progra~2/codesourcery/source~1/bin/../lib/gcc/arm-none-eabi/4.5.2/../../../../arm-none-eabi/lib/thumb2\libc.a(lib_a-impure.o)
 .text          0x0002442c       0x20 c:/progra~2/codesourcery/source~1/bin/../lib/gcc/arm-none-eabi/4.5.2/../../../../arm-none-eabi/lib/thumb2\libc.a(lib_a-malloc.o)
                0x0002442c                malloc
                0x0002443c                free
 .text          0x0002444c      0x57c c:/progra~2/codesourcery/source~1/bin/../lib/gcc/arm-none-eabi/4.5.2/../../../../arm-none-eabi/lib/thumb2\libc.a(lib_a-mallocr.o)
                0x0002444c                _malloc_r
 .text          0x000249c8       0x8c c:/progra~2/codesourcery/source~1/bin/../lib/gcc/arm-none-eabi/4.5.2/../../../../arm-none-eabi/lib/thumb2\libc.a(lib_a-memchr.o)
                0x000249c8                memchr
 .text          0x00024a54       0x64 c:/progra~2/codesourcery/source~1/bin/../lib/gcc/arm-none-eabi/4.5.2/../../../../arm-none-eabi/lib/thumb2\libc.a(lib_a-memcmp.o)
                0x00024a54                memcmp
 .text          0x00024ab8      0x150 c:/progra~2/codesourcery/source~1/bin/../lib/gcc/arm-none-eabi/4.5.2/../../../../arm-none-eabi/lib/thumb2\libc.a(lib_a-memcpy.o)
                0x00024ab8                memcpy
 .text          0x00024c08       0xb4 c:/progra~2/codesourcery/source~1/bin/../lib/gcc/arm-none-eabi/4.5.2/../../../../arm-none-eabi/lib/thumb2\libc.a(lib_a-memmove.o)
                0x00024c08                memmove
 .text          0x00024cbc       0xb4 c:/progra~2/codesourcery/source~1/bin/../lib/gcc/arm-none-eabi/4.5.2/../../../../arm-none-eabi/lib/thumb2\libc.a(lib_a-memset.o)
                0x00024cbc                memset
 .text          0x00024d70        0x8 c:/progra~2/codesourcery/source~1/bin/../lib/gcc/arm-none-eabi/4.5.2/../../../../arm-none-eabi/lib/thumb2\libc.a(lib_a-mlock.o)
                0x00024d70                __malloc_lock
                0x00024d74                __malloc_unlock
 .text          0x00024d78      0x138 c:/progra~2/codesourcery/source~1/bin/../lib/gcc/arm-none-eabi/4.5.2/../../../../arm-none-eabi/lib/thumb2\libc.a(lib_a-putc.o)
                0x00024d78                _putc_r
                0x00024e08                putc
 .text          0x00024eb0      0x100 c:/progra~2/codesourcery/source~1/bin/../lib/gcc/arm-none-eabi/4.5.2/../../../../arm-none-eabi/lib/thumb2\libc.a(lib_a-rand.o)
                0x00024eb0                srand
                0x00024f0c                rand
 .text          0x00024fb0       0x14 c:/progra~2/codesourcery/source~1/bin/../lib/gcc/arm-none-eabi/4.5.2/../../../../arm-none-eabi/lib/thumb2\libc.a(lib_a-realloc.o)
                0x00024fb0                realloc
 .text          0x00024fc4      0x41c c:/progra~2/codesourcery/source~1/bin/../lib/gcc/arm-none-eabi/4.5.2/../../../../arm-none-eabi/lib/thumb2\libc.a(lib_a-reallocr.o)
                0x00024fc4                _realloc_r
 .text          0x000253e0      0x118 c:/progra~2/codesourcery/source~1/bin/../lib/gcc/arm-none-eabi/4.5.2/../../../../arm-none-eabi/lib/thumb2\libc.a(lib_a-reent.o)
                0x000253e0                cleanup_glue
                0x000253fc                _reclaim_reent
                0x000254bc                _wrapup_reent
 .text          0x000254f8       0x28 c:/progra~2/codesourcery/source~1/bin/../lib/gcc/arm-none-eabi/4.5.2/../../../../arm-none-eabi/lib/thumb2\libc.a(lib_a-sbrkr.o)
                0x000254f8                _sbrk_r
 .text          0x00025520      0x154 c:/progra~2/codesourcery/source~1/bin/../lib/gcc/arm-none-eabi/4.5.2/../../../../arm-none-eabi/lib/thumb2\libc.a(lib_a-signal.o)
                0x00025520                _init_signal_r
                0x00025550                _signal_r
                0x0002558c                _raise_r
                0x000255e4                __sigtramp_r
                0x00025638                raise
                0x00025648                signal
                0x00025658                _init_signal
                0x00025664                __sigtramp
 .text          0x00025674       0x30 c:/progra~2/codesourcery/source~1/bin/../lib/gcc/arm-none-eabi/4.5.2/../../../../arm-none-eabi/lib/thumb2\libc.a(lib_a-signalr.o)
                0x00025674                _kill_r
                0x000256a0                _getpid_r
 .text          0x000256a4       0x94 c:/progra~2/codesourcery/source~1/bin/../lib/gcc/arm-none-eabi/4.5.2/../../../../arm-none-eabi/lib/thumb2\libc.a(lib_a-sprintf.o)
                0x000256a4                _sprintf_r
                0x000256e8                sprintf
 .text          0x00025738      0x10c c:/progra~2/codesourcery/source~1/bin/../lib/gcc/arm-none-eabi/4.5.2/../../../../arm-none-eabi/lib/thumb2\libc.a(lib_a-strchr.o)
                0x00025738                strchr
 .text          0x00025844      0x1dc c:/progra~2/codesourcery/source~1/bin/../lib/gcc/arm-none-eabi/4.5.2/../../../../arm-none-eabi/lib/thumb2\libc.a(lib_a-strcmp.o)
                0x00025844                strcmp
 .text          0x00025a20       0xbc c:/progra~2/codesourcery/source~1/bin/../lib/gcc/arm-none-eabi/4.5.2/../../../../arm-none-eabi/lib/thumb2\libc.a(lib_a-strcpy.o)
                0x00025a20                strcpy
 .text          0x00025adc       0x60 c:/progra~2/codesourcery/source~1/bin/../lib/gcc/arm-none-eabi/4.5.2/../../../../arm-none-eabi/lib/thumb2\libc.a(lib_a-strlen.o)
                0x00025adc                strlen
 .text          0x00025b3c       0xac c:/progra~2/codesourcery/source~1/bin/../lib/gcc/arm-none-eabi/4.5.2/../../../../arm-none-eabi/lib/thumb2\libc.a(lib_a-strncmp.o)
                0x00025b3c                strncmp
 .text          0x00025be8       0x78 c:/progra~2/codesourcery/source~1/bin/../lib/gcc/arm-none-eabi/4.5.2/../../../../arm-none-eabi/lib/thumb2\libc.a(lib_a-strncpy.o)
                0x00025be8                strncpy
 .text          0x00025c60       0x28 c:/progra~2/codesourcery/source~1/bin/../lib/gcc/arm-none-eabi/4.5.2/../../../../arm-none-eabi/lib/thumb2\libc.a(lib_a-strrchr.o)
                0x00025c60                strrchr
 .text          0x00025c88     0x1640 c:/progra~2/codesourcery/source~1/bin/../lib/gcc/arm-none-eabi/4.5.2/../../../../arm-none-eabi/lib/thumb2\libc.a(lib_a-svfprintf.o)
                0x00025c88                _svfprintf_r
 .text          0x000272c8       0x1c c:/progra~2/codesourcery/source~1/bin/../lib/gcc/arm-none-eabi/4.5.2/../../../../arm-none-eabi/lib/thumb2\libc.a(lib_a-syswrite.o)
                0x000272c8                write
 .text          0x000272e4       0xfc c:/progra~2/codesourcery/source~1/bin/../lib/gcc/arm-none-eabi/4.5.2/../../../../arm-none-eabi/lib/thumb2\libc.a(lib_a-wbuf.o)
                0x000272e4                __swbuf_r
                0x000273d0                __swbuf
 .text          0x000273e0       0x2c c:/progra~2/codesourcery/source~1/bin/../lib/gcc/arm-none-eabi/4.5.2/../../../../arm-none-eabi/lib/thumb2\libc.a(lib_a-writer.o)