Archive member included because of file (symbol)

c:/progra~2/codesourcery/source~1/bin/../lib/gcc/arm-none-eabi/4.5.2/../../../../arm-none-eabi/lib/thumb2\libstdc++.a(si_class_type_info.o)
                              build\Menu.o (vtable for __cxxabiv1::__si_class_type_info)
c:/progra~2/codesourcery/source~1/bin/../lib/gcc/arm-none-eabi/4.5.2/../../../../arm-none-eabi/lib/thumb2\libstdc++.a(del_op.o)
                              c:/progra~2/codesourcery/source~1/bin/../lib/gcc/arm-none-eabi/4.5.2/../../../../arm-none-eabi/lib/thumb2\libstdc++.a(si_class_type_info.o) (operator delete(void*))
c:/progra~2/codesourcery/source~1/bin/../lib/gcc/arm-none-eabi/4.5.2/../../../../arm-none-eabi/lib/thumb2\libstdc++.a(pure.o)
                              build\InterfaceBoard.o (__cxa_pure_virtual)
c:/progra~2/codesourcery/source~1/bin/../lib/gcc/arm-none-eabi/4.5.2/../../../../arm-none-eabi/lib/thumb2\libstdc++.a(class_type_info.o)
                              c:/progra~2/codesourcery/source~1/bin/../lib/gcc/arm-none-eabi/4.5.2/../../../../arm-none-eabi/lib/thumb2\libstdc++.a(si_class_type_info.o) (__cxxabiv1::__class_type_info::__do_upcast(__cxxabiv1::__class_type_info const*, void**) const)
c:/progra~2/codesourcery/source~1/bin/../lib/gcc/arm-none-eabi/4.5.2/../../../../arm-none-eabi/lib/thumb2\libstdc++.a(tinfo.o)
                              c:/progra~2/codesourcery/source~1/bin/../lib/gcc/arm-none-eabi/4.5.2/../../../../arm-none-eabi/lib/thumb2\libstdc++.a(class_type_info.o) (std::type_info::~type_info())
c:/progra~2/codesourcery/source~1/bin/../lib/gcc/arm-none-eabi/4.5.2/../../../../arm-none-eabi/lib/thumb2\libstdc++.a(eh_terminate.o)
                              c:/progra~2/codesourcery/source~1/bin/../lib/gcc/arm-none-eabi/4.5.2/../../../../arm-none-eabi/lib/thumb2\libstdc++.a(pure.o) (std::terminate())
c:/progra~2/codesourcery/source~1/bin/../lib/gcc/arm-none-eabi/4.5.2/../../../../arm-none-eabi/lib/thumb2\libstdc++.a(eh_call.o)
                              c:/progra~2/codesourcery/source~1/bin/../lib/gcc/arm-none-eabi/4.5.2/../../../../arm-none-eabi/lib/thumb2\libstdc++.a(eh_terminate.o) (__cxa_call_unexpected)
c:/progra~2/codesourcery/source~1/bin/../lib/gcc/arm-none-eabi/4.5.2/../../../../arm-none-eabi/lib/thumb2\libstdc++.a(eh_term_handler.o)
                              c:/progra~2/codesourcery/source~1/bin/../lib/gcc/arm-none-eabi/4.5.2/../../../../arm-none-eabi/lib/thumb2\libstdc++.a(eh_terminate.o) (__cxxabiv1::__terminate_handler)
c:/progra~2/codesourcery/source~1/bin/../lib/gcc/arm-none-eabi/4.5.2/../../../../arm-none-eabi/lib/thumb2\libstdc++.a(eh_personality.o)
                              c:/progra~2/codesourcery/source~1/bin/../lib/gcc/arm-none-eabi/4.5.2/../../../../arm-none-eabi/lib/thumb2\libstdc++.a(eh_terminate.o) (__gxx_personality_v0)
c:/progra~2/codesourcery/source~1/bin/../lib/gcc/arm-none-eabi/4.5.2/../../../../arm-none-eabi/lib/thumb2\libstdc++.a(eh_throw.o)
                              c:/progra~2/codesourcery/source~1/bin/../lib/gcc/arm-none-eabi/4.5.2/../../../../arm-none-eabi/lib/thumb2\libstdc++.a(eh_call.o) (__cxa_throw)
c:/progra~2/codesourcery/source~1/bin/../lib/gcc/arm-none-eabi/4.5.2/../../../../arm-none-eabi/lib/thumb2\libstdc++.a(eh_unex_handler.o)
                              c:/progra~2/codesourcery/source~1/bin/../lib/gcc/arm-none-eabi/4.5.2/../../../../arm-none-eabi/lib/thumb2\libstdc++.a(eh_terminate.o) (__cxxabiv1::__unexpected_handler)
c:/progra~2/codesourcery/source~1/bin/../lib/gcc/arm-none-eabi/4.5.2/../../../../arm-none-eabi/lib/thumb2\libstdc++.a(eh_globals.o)
                              c:/progra~2/codesourcery/source~1/bin/../lib/gcc/arm-none-eabi/4.5.2/../../../../arm-none-eabi/lib/thumb2\libstdc++.a(eh_call.o) (__cxa_get_globals_fast)
c:/progra~2/codesourcery/source~1/bin/../lib/gcc/arm-none-eabi/4.5.2/../../../../arm-none-eabi/lib/thumb2\libstdc++.a(eh_catch.o)
                              c:/progra~2/codesourcery/source~1/bin/../lib/gcc/arm-none-eabi/4.5.2/../../../../arm-none-eabi/lib/thumb2\libstdc++.a(eh_terminate.o) (__cxa_begin_catch)
c:/progra~2/codesourcery/source~1/bin/../lib/gcc/arm-none-eabi/4.5.2/../../../../arm-none-eabi/lib/thumb2\libstdc++.a(vterminate.o)
                              c:/progra~2/codesourcery/source~1/bin/../lib/gcc/arm-none-eabi/4.5.2/../../../../arm-none-eabi/lib/thumb2\libstdc++.a(eh_term_handler.o) (__gnu_cxx::__verbose_terminate_handler())
c:/progra~2/codesourcery/source~1/bin/../lib/gcc/arm-none-eabi/4.5.2/../../../../arm-none-eabi/lib/thumb2\libstdc++.a(eh_exception.o)
                              c:/progra~2/codesourcery/source~1/bin/../lib/gcc/arm-none-eabi/4.5.2/../../../../arm-none-eabi/lib/thumb2\libstdc++.a(eh_call.o) (std::bad_exception::~bad_exception())
c:/progra~2/codesourcery/source~1/bin/../lib/gcc/arm-none-eabi/4.5.2/../../../../arm-none-eabi/lib/thumb2\libstdc++.a(eh_type.o)
[...]
Memory Configuration

Name             Origin             Length             Attributes
rom              0x00003000         0x0007d000         xr
ram              0x10001000         0x00007000         xrw
ram1             0x2007c000         0x00004000         xrw
ram2             0x20080000         0x00004000         xrw
*default*        0x00000000         0xffffffff

Linker script and memory map

LOAD build\system\core_cm3.o
LOAD build\system\libnosys_gnu.o
LOAD build\system\system_LPC17xx.o
LOAD build\system\startup_LPC17xx.o
LOAD build\lib\source\debug_frmwrk.o
LOAD build\lib\source\lpc17xx_adc.o
LOAD build\lib\source\lpc17xx_can.o
LOAD build\lib\source\lpc17xx_clkpwr.o
LOAD build\lib\source\lpc17xx_dac.o
LOAD build\lib\source\lpc17xx_emac.o
LOAD build\lib\source\lpc17xx_exti.o
LOAD build\lib\source\lpc17xx_gpdma.o
LOAD build\lib\source\lpc17xx_gpio.o
LOAD build\lib\source\lpc17xx_i2c.o
LOAD build\lib\source\lpc17xx_i2s.o
LOAD build\lib\source\lpc17xx_libcfg_default.o
LOAD build\lib\source\lpc17xx_mcpwm.o
LOAD build\lib\source\lpc17xx_nvic.o
LOAD build\lib\source\lpc17xx_pinsel.o
LOAD build\lib\source\lpc17xx_pwm.o
LOAD build\lib\source\lpc17xx_qei.o
LOAD build\lib\source\lpc17xx_rit.o
LOAD build\lib\source\lpc17xx_rtc.o
LOAD build\lib\source\lpc17xx_spi.o
LOAD build\lib\source\lpc17xx_ssp.o
LOAD build\lib\source\lpc17xx_systick.o
LOAD build\lib\source\lpc17xx_timer.o
LOAD build\lib\source\lpc17xx_uart.o
LOAD build\lib\source\lpc17xx_wdt.o
LOAD build\lib_sd\byteordering.o
LOAD build\lib_sd\fat.o
LOAD build\lib_sd\partition.o
LOAD build\lib_sd\sd_raw.o
LOAD build\IAP_internal_flash_write\IAP.o
LOAD build\USBCDC\cdcuser.o
LOAD build\USBCDC\serial.o
LOAD build\USBCDC\usbcore.o
LOAD build\USBCDC\usbdesc.o
LOAD build\USBCDC\usbhw.o
LOAD build\USBCDC\usbuser.o
LOAD src\shared\PID.o
LOAD src\shared\Packet.o
LOAD build\Command.o
LOAD build\DebugPacketProcessor.o
LOAD build\EepromMap.o
LOAD build\Host.o
LOAD build\Interface.o
LOAD build\InterfaceBoard.o
LOAD build\LPCPort.o
LOAD build\LiquidCrystal.o
LOAD build\Main.o
LOAD build\Menu.o
LOAD build\Microsteps.o
LOAD build\Motherboard.o
LOAD build\PID.o
LOAD build\PSU.o
LOAD build\Packet.o
LOAD build\SDCard.o
LOAD build\StepperInterface.o
LOAD build\Steppers.o
LOAD build\Timeout.o
LOAD build\Tool.o
LOAD build\UART.o
                0x10008000                PROVIDE (__cs3_stack, (__cs3_region_start_ram + __cs3_region_size_ram))
                0x00001928                PROVIDE (__cs3_stack_size, ((__cs3_region_start_ram + __cs3_region_size_ram) - _end))
                0x100066d8                PROVIDE (__cs3_heap_start, _end)
                0x10008000                PROVIDE (__cs3_heap_end, (__cs3_region_start_ram + __cs3_region_size_ram))

.text           0x00003000    0x31c5c
 CREATE_OBJECT_SYMBOLS
                0x00003000                __cs3_region_start_rom = .
 *(.cs3.region-head.rom)
                0x00003000                __cs3_interrupt_vector = __cs3_interrupt_vector_cortex_m
 *(.cs3.interrupt_vector)
 .cs3.interrupt_vector
                0x00003000       0xcc build\system\startup_LPC17xx.o
                0x00003000                __cs3_interrupt_vector_cortex_m
                0x00003001                ASSERT ((. != __cs3_interrupt_vector_cortex_m), No interrupt vector)
 *(.rom)
 *(.rom.b)
                0x000030cc                __cs3_reset = __cs3_reset_cortex_m
 *(.cs3.reset)
 .cs3.reset     0x000030cc       0x10 build\system\startup_LPC17xx.o
                0x000030cc                __cs3_reset_cortex_m
                0x00003001                ASSERT ((. != __cs3_reset), No reset code)
 *(.text .text.* .gnu.linkonce.t.*)
 .text          0x000030dc        0x0 build\system\core_cm3.o
 .text          0x000030dc      0x260 build\system\libnosys_gnu.o
                0x000030dc                _close
                0x000030f4                _execve
                0x0000311c                _exit
                0x0000312c                _fork
                0x00003148                _fstat
                0x0000316c                _getpid
                0x0000317c                _kill
                0x000031a4                isatty
                0x000031bc                _isatty
                0x000031d4                _link
                0x000031fc                _lseek
                0x00003218                _open
                0x00003234                _read
                0x00003250                _sbrk
                0x0000329c                _stat
                0x000032c0                _times
                0x000032d8                _unlink
                0x000032fc                _wait
                0x00003320                _write
 .text          0x0000333c      0x50c build\system\system_LPC17xx.o
                0x0000333c                _undef_open_r
                0x0000335c                _undef_close_r
                0x00003378                _undef_write_r
                0x00003394                _undef_read_r
                0x000033b0                _write_r
                0x000033e4                _read_r
                0x00003418                _open_r
                0x000034a4                _close_r
                0x000034d0                _sbrk_r
                0x00003524                SystemCoreClockUpdate
                0x000036cc                SystemInit
 .text          0x00003848       0x14 build\system\startup_LPC17xx.o
                0x00003848                NMI_Handler
                0x0000384a                HardFault_Handler
                0x0000384c                MemManage_Handler
                0x0000384e                BusFault_Handler
                0x00003850                UsageFault_Handler
                0x00003852                SVC_Handler
                0x00003854                DebugMon_Handler
                0x00003856                PendSV_Handler
                0x00003858                SysTick_Handler
                0x0000385a                PWM1_IRQHandler
                0x0000385a                I2C1_IRQHandler
                0x0000385a                EINT2_IRQHandler
                0x0000385a                EINT3_IRQHandler
                0x0000385a                CANActivity_IRQHandler
                0x0000385a                TIMER3_IRQHandler
                0x0000385a                I2C0_IRQHandler
                0x0000385a                PLL0_IRQHandler
                0x0000385a                RIT_IRQHandler
                0x0000385a                PLL1_IRQHandler
                0x0000385a                SSP0_IRQHandler
                0x0000385a                I2S_IRQHandler
                0x0000385a                I2C2_IRQHandler
                0x0000385a                RTC_IRQHandler
                0x0000385a                TIMER0_IRQHandler
                0x0000385a                SPI_IRQHandler
                0x0000385a                EINT1_IRQHandler
                0x0000385a                TIMER1_IRQHandler
                0x0000385a                UART2_IRQHandler
                0x0000385a                Default_Handler
                0x0000385a                ADC_IRQHandler
                0x0000385a                SSP1_IRQHandler
                0x0000385a                BOD_IRQHandler
                0x0000385a                USBActivity_IRQHandler
                0x0000385a                WDT_IRQHandler
                0x0000385a                CAN_IRQHandler
                0x0000385a                QEI_IRQHandler
                0x0000385a                EINT0_IRQHandler
                0x0000385a                DMA_IRQHandler
                0x0000385a                TIMER2_IRQHandler
                0x0000385a                UART3_IRQHandler
                0x0000385a                MCPWM_IRQHandler
                0x0000385a                ENET_IRQHandler
 .text          0x0000385c      0x75c build\lib\source\debug_frmwrk.o
                0x0000385c                UARTPutChar
                0x00003884                UARTGetChar
                0x000038b4                UARTPuts
                0x000038e8                UARTPuts_
                0x00003910                UARTPutDec
                0x000039c8                UARTPutDec16
                0x00003b04                UARTPutDec32
                0x00003d68                UARTPutHex
                0x00003ddc                UARTPutHex16
                0x00003e50                UARTPutHex32
                0x00003ec0                debug_frmwrk_init
 .text          0x00003fb8      0x518 build\lib\source\lpc17xx_adc.o
                0x00003fb8                ADC_Init
                0x00004050                ADC_DeInit
                0x00004094                ADC_GetData
                0x000040c8                ADC_StartCmd
                0x0000414c                ADC_BurstCmd
                0x00004198                ADC_PowerdownCmd
                0x000041e4                ADC_EdgeStartConfig
                0x00004248                ADC_IntConfig
                0x000042ec                ADC_ChannelCmd
                0x00004354                ADC_ChannelGetData
                0x000043a8                ADC_ChannelGetStatus
                0x0000442c                ADC_GlobalGetData
                0x0000445c                ADC_GlobalGetStatus
 .text          0x000044d0     0x2fd0 build\lib\source\lpc17xx_can.o
                0x000045f4                CAN_Init
                0x00004710                CAN_DeInit
                0x00004768                CAN_SetupAFLUT
                0x00005100                CAN_LoadExplicitEntry
                0x00005698                CAN_LoadFullCANEntry
                0x00005bd0                CAN_LoadGroupEntry
                0x000060d4                CAN_RemoveEntry
                0x0000688c                CAN_SendMsg
                0x00006bf0                CAN_ReceiveMsg
                0x00006d28                FCAN_ReadObj
                0x00006f04                CAN_GetCTRLStatus
                0x00006f88                CAN_GetCRStatus
                0x00006ff0                CAN_IRQCmd
                0x00007110                CAN_SetAFMode
                0x000071a4                CAN_ModeConfig
                0x00007388                CAN_SetCommand
                0x000073cc                CAN_IntGetStatus
                0x00007408                CAN_FullCANIntGetStatus
                0x00007448                CAN_FullCANPendGetStatus
 .text          0x000074a0      0x250 build\lib\source\lpc17xx_clkpwr.o
                0x000074a0                CLKPWR_SetPCLKDiv
                0x00007540                CLKPWR_GetPCLKSEL
                0x0000758c                CLKPWR_GetPCLK
                0x000075fc                CLKPWR_ConfigPPWR
                0x0000765c                CLKPWR_Sleep
                0x00007678                CLKPWR_DeepSleep
                0x000076a0                CLKPWR_PowerDown
                0x000076c8                CLKPWR_DeepPowerDown
 .text          0x000076f0      0x17c build\lib\source\lpc17xx_dac.o
                0x000076f0                DAC_Init
                0x00007724                DAC_UpdateValue
                0x00007778                DAC_SetBias
                0x000077c4                DAC_ConfigDAConverterControl
                0x00007838                DAC_SetDMATimeOut
 .text          0x0000786c      0xbb8 build\lib\source\lpc17xx_emac.o
                0x00007c18                EMAC_Init
                0x00007df8                EMAC_DeInit
                0x00007e24                EMAC_CheckPHYStatus
                0x00007e88                EMAC_SetPHYMode
                0x00007f8c                EMAC_UpdatePHYStatus
                0x00008040                EMAC_SetHashFilter
                0x000080dc                EMAC_SetFilterMode
                0x0000812c                EMAC_GetWoLStatus
                0x00008168                EMAC_WritePacketBuffer
                0x000081e8                EMAC_ReadPacketBuffer
                0x00008258                EMAC_IntCmd
                0x000082a8                EMAC_IntGetStatus
                0x000082e4                EMAC_CheckReceiveIndex
                0x00008310                EMAC_CheckTransmitIndex
                0x00008348                EMAC_CheckReceiveDataStatus
                0x00008384                EMAC_GetReceiveDataSize
                0x000083b4                EMAC_UpdateRxConsumeIndex
                0x000083ec                EMAC_UpdateTxProduceIndex
 .text          0x00008424      0x174 build\lib\source\lpc17xx_exti.o
                0x00008424                EXTI_Init
                0x00008450                EXTI_DeInit
                0x0000845c                EXTI_Config
                0x0000849c                EXTI_SetMode
                0x00008500                EXTI_SetPolarity
                0x00008564                EXTI_ClearEXTIFlag
 .text          0x00008598      0x628 build\lib\source\lpc17xx_gpdma.o
                0x00008598                GPDMA_Init
                0x00008620                GPDMA_Setup
                0x000089a8                GPDMA_ChannelCmd
                0x000089f0                GPDMA_IntGetStatus
                0x00008b50                GPDMA_ClearIntPending
 .text          0x00008bc0      0x860 build\lib\source\lpc17xx_gpio.o
                0x00008d1c                GPIO_SetDir
                0x00008d68                GPIO_SetValue
                0x00008d94                GPIO_ClearValue
                0x00008dc0                GPIO_ReadValue
                0x00008df0                GPIO_IntCmd
                0x00008e60                GPIO_GetIntStatus
                0x00008f04                GPIO_ClearInt
                0x00008f3c                FIO_SetDir
                0x00008f64                FIO_SetValue
                0x00008f84                FIO_ClearValue
                0x00008fa4                FIO_ReadValue
                0x00008fc4                FIO_IntCmd
                0x00008fec                FIO_GetIntStatus
                0x00009018                FIO_ClearInt
                0x00009038                FIO_SetMask
                0x00009084                FIO_HalfWordSetDir
                0x00009120                FIO_HalfWordSetMask
                0x000091bc                FIO_HalfWordSetValue
                0x000091fc                FIO_HalfWordClearValue
                0x0000923c                FIO_HalfWordReadValue
                0x00009280                FIO_ByteSetDir
                0x000092f0                FIO_ByteSetMask
                0x00009368                FIO_ByteSetValue
                0x000093a4                FIO_ByteClearValue
                0x000093e0                FIO_ByteReadValue
 .text          0x00009420     0x1348 build\lib\source\lpc17xx_i2c.o
                0x000096b0                I2C_Init
                0x0000976c                I2C_DeInit
                0x000097f8                I2C_Cmd
                0x0000986c                I2C_IntCmd
                0x000098fc                I2C_MasterHandler
                0x00009cc0                I2C_SlaveHandler
                0x00009e94                I2C_MasterTransferData
                0x0000a1c8                I2C_SlaveTransferData
                0x0000a428                I2C_SetOwnSlaveAddr
                0x0000a52c                I2C_MonitorModeConfig
                0x0000a5b4                I2C_MonitorModeCmd
                0x0000a654                I2C_MonitorGetDatabuffer
                0x0000a6a0                I2C_MonitorHandler
                0x0000a6f8                I2C_MasterTransferComplete
                0x0000a730                I2C_SlaveTransferComplete
 .text          0x0000a768      0xb04 build\lib\source\lpc17xx_i2s.o
                0x0000a868                I2S_Init
                0x0000a8ac                I2S_Config
                0x0000a9e0                I2S_DeInit
                0x0000aa18                I2S_GetLevel
                0x0000aa7c                I2S_Start
                0x0000aacc                I2S_Send
                0x0000ab00                I2S_Receive
                0x0000ab30                I2S_Pause
                0x0000ab94                I2S_Mute
                0x0000abf8                I2S_Stop
                0x0000ac80                I2S_FreqConfig
                0x0000ad7c                I2S_SetBitRate
                0x0000ade8                I2S_ModeConfig
                0x0000af14                I2S_DMAConfig
                0x0000afc0                I2S_DMACmd
                0x0000b0cc                I2S_IRQConfig
                0x0000b13c                I2S_IRQCmd
                0x0000b1cc                I2S_GetIRQStatus
                0x0000b220                I2S_GetIRQDepth
 .text          0x0000b26c        0xc build\lib\source\lpc17xx_libcfg_default.o
                0x0000b26c                check_failed
 .text          0x0000b278      0x7dc build\lib\source\lpc17xx_mcpwm.o
                0x0000b278                MCPWM_Init
                0x0000b2ac                MCPWM_ConfigChannel
                0x0000b4d0                MCPWM_WriteToShadow
                0x0000b52c                MCPWM_ConfigCapture
                0x0000b6cc                MCPWM_ClearCapture
                0x0000b6fc                MCPWM_GetCapture
                0x0000b73c                MCPWM_CountConfig
                0x0000b890                MCPWM_Start
                0x0000b8ec                MCPWM_Stop
                0x0000b948                MCPWM_ACMode
                0x0000b974                MCPWM_DCMode
                0x0000b9c4                MCPWM_IntConfig
                0x0000b9f0                MCPWM_IntSet
                0x0000ba0c                MCPWM_IntClear
                0x0000ba28                MCPWM_GetIntStatus
 .text          0x0000ba54       0xfc build\lib\source\lpc17xx_nvic.o
                0x0000ba54                NVIC_DeInit
                0x0000bab4                NVIC_SCBDeInit
                0x0000bb34                NVIC_SetVTOR
 .text          0x0000bb50      0x284 build\lib\source\lpc17xx_pinsel.o
                0x0000bd04                PINSEL_ConfigTraceFunc
                0x0000bd44                PINSEL_SetI2C0Pins
                0x0000bd80                PINSEL_ConfigPin
 .text          0x0000bdd4      0xaac build\lib\source\lpc17xx_pwm.o
                0x0000bdd4                PWM_GetIntStatus
                0x0000be5c                PWM_ClearIntPending
                0x0000bed4                PWM_ConfigStructInit
                0x0000bf38                PWM_Init
                0x0000c0cc                PWM_DeInit
                0x0000c10c                PWM_Cmd
                0x0000c170                PWM_CounterCmd
                0x0000c1d4                PWM_ResetCounter
                0x0000c218                PWM_ConfigMatch
                0x0000c3ec                PWM_ConfigCapture
                0x0000c5bc                PWM_GetCaptureValue
                0x0000c620                PWM_MatchUpdate
                0x0000c718                PWM_ChannelConfig
                0x0000c7d4                PWM_ChannelCmd
 .text          0x0000c880      0x8a8 build\lib\source\lpc17xx_qei.o
                0x0000c880                QEI_Reset
                0x0000c8d4                QEI_Init
                0x0000ca14                QEI_DeInit
                0x0000ca4c                QEI_ConfigStructInit
                0x0000ca88                QEI_GetStatus
                0x0000cadc                QEI_GetPosition
                0x0000cb0c                QEI_SetMaxPosition
                0x0000cb40                QEI_SetPositionComp
                0x0000cba4                QEI_GetIndex
                0x0000cbd4                QEI_SetIndexComp
                0x0000cc08                QEI_SetTimerReload
                0x0000ccb4                QEI_GetTimer
                0x0000cce4                QEI_GetVelocity
                0x0000cd14                QEI_GetVelocityCap
                0x0000cd44                QEI_SetVelocityComp
                0x0000cd78                QEI_SetDigiFilter
                0x0000cdac                QEI_GetIntStatus
                0x0000ce54                QEI_IntCmd
                0x0000cf14                QEI_IntSet
                0x0000cfac                QEI_IntClear
                0x0000d044                QEI_CalculateRPM
 .text          0x0000d128      0x248 build\lib\source\lpc17xx_rit.o
                0x0000d128                RIT_Init
                0x0000d180                RIT_DeInit
                0x0000d1d8                RIT_TimerConfig
                0x0000d23c                RIT_Cmd
                0x0000d2a8                RIT_TimerDebugCmd
                0x0000d314                RIT_GetIntStatus
 .text          0x0000d370      0xfd4 build\lib\source\lpc17xx_rtc.o
                0x0000d370                RTC_Init
                0x0000d3d0                RTC_DeInit
                0x0000d410                RTC_ResetClockTickCounter
                0x0000d45c                RTC_Cmd
                0x0000d4c8                RTC_CntIncrIntConfig
                0x0000d6d0                RTC_AlarmIntConfig
                0x0000d8d8                RTC_SetTime
                0x0000daa0                RTC_GetTime
                0x0000dbb0                RTC_SetFullTime
                0x0000dc70                RTC_GetFullTime
                0x0000dd20                RTC_SetAlarmTime
                0x0000deb0                RTC_GetAlarmTime
                0x0000df70                RTC_SetFullAlarmTime
                0x0000e034                RTC_GetFullAlarmTime
                0x0000e0e8                RTC_GetIntPending
                0x0000e144                RTC_ClearIntPending
                0x0000e19c                RTC_CalibCounterCmd
                0x0000e208                RTC_CalibConfig
                0x0000e28c                RTC_WriteGPREG
                0x0000e2e8                RTC_ReadGPREG
 .text          0x0000e344      0x58c build\lib\source\lpc17xx_spi.o
                0x0000e344                SPI_SetClock
                0x0000e3c0                SPI_DeInit
                0x0000e400                SPI_GetDataSize
                0x0000e43c                SPI_Init
                0x0000e4d4                SPI_ConfigStructInit
                0x0000e518                SPI_SendData
                0x0000e54c                SPI_ReceiveData
                0x0000e580                SPI_ReadWrite
                0x0000e774                SPI_IntCmd
                0x0000e7dc                SPI_GetIntStatus
                0x0000e814                SPI_ClearIntPending
                0x0000e848                SPI_GetStatus
                0x0000e87c                SPI_CheckStatus
 .text          0x0000e8d0      0xabc build\lib\source\lpc17xx_ssp.o
                0x0000e9b4                SSP_Init
                0x0000ea60                SSP_DeInit
                0x0000eac0                SSP_GetDataSize
                0x0000eb04                SSP_ConfigStructInit
                0x0000eb48                SSP_Cmd
                0x0000ebb8                SSP_LoopBackCmd
                0x0000ec28                SSP_SlaveOutputCmd
                0x0000ec98                SSP_SendData
                0x0000ecd8                SSP_ReceiveData
                0x0000ed18                SSP_ReadWrite
                0x0000f0a8                SSP_GetStatus
                0x0000f120                SSP_IntConfig
                0x0000f188                SSP_GetRawIntStatus
                0x0000f1f8                SSP_GetRawIntStatusReg
                0x0000f234                SSP_GetIntStatus
                0x0000f2a4                SSP_ClearIntPending
                0x0000f2f8                SSP_DMACmd
 .text          0x0000f38c      0x20c build\lib\source\lpc17xx_systick.o
                0x0000f38c                SYSTICK_InternalInit
                0x0000f420                SYSTICK_ExternalInit
                0x0000f4c8                SYSTICK_Cmd
                0x0000f518                SYSTICK_IntCmd
                0x0000f568                SYSTICK_GetCurrentValue
                0x0000f57c                SYSTICK_ClearCounterFlag
 .text          0x0000f598      0xab8 build\lib\source\lpc17xx_timer.o
                0x0000f6c4                TIM_GetIntStatus
                0x0000f76c                TIM_GetIntCaptureStatus
                0x0000f818                TIM_ClearIntPending
                0x0000f8a8                TIM_ClearIntCapturePending
                0x0000f93c                TIM_ConfigStructInit
                0x0000f97c                TIM_Init
                0x0000fb24                TIM_DeInit
                0x0000fbcc                TIM_Cmd
                0x0000fc3c                TIM_ResetCounter
                0x0000fca0                TIM_ConfigMatch
                0x0000fe50                TIM_UpdateMatchValue
                0x0000fee0                TIM_ConfigCapture
                0x0000ffd8                TIM_GetCaptureValue
 .text          0x00010050     0x1610 build\lib\source\lpc17xx_uart.o
                0x000102a8                UART_Init
                0x000105cc                UART_DeInit
                0x00010674                UART_ConfigStructInit
                0x000106a8                UART_SendByte
                0x00010710                UART_ReceiveByte
                0x00010778                UART_Send
                0x00010884                UART_Receive
                0x0001095c                UART_ForceBreak
                0x000109d4                UART_IntConfig
                0x00010b6c                UART_GetLineStatus
                0x00010bd4                UART_GetIntId
                0x00010c30                UART_CheckBusy
                0x00010c5c                UART_FIFOConfig
                0x00010db8                UART_FIFOConfigStructInit
                0x00010dec                UART_ABCmd
                0x00010f34                UART_ABClearIntPending
                0x00010fa8                UART_TxCmd
                0x00011074                UART_IrDAInvtInputCmd
                0x000110f0                UART_IrDACmd
                0x00011164                UART_IrDAPulseDivConfig
                0x00011204                UART_FullModemForcePinState
                0x000112c0                UART_FullModemConfigMode
                0x00011388                UART_FullModemGetStatus
                0x000113bc                UART_RS485Config
                0x00011544                UART_RS485ReceiverCmd
                0x0001158c                UART_RS485Send
                0x00011610                UART_RS485SendSlvAddr
                0x00011638                UART_RS485SendData
 .text          0x00011660      0x2f8 build\lib\source\lpc17xx_wdt.o
                0x000117d8                WDT_Init
                0x0001186c                WDT_Start
                0x000118b0                WDT_ReadTimeOutFlag
                0x000118d0                WDT_ClrTimeOutFlag
                0x000118f0                WDT_UpdateTimeOut
                0x00011920                WDT_Feed
                0x00011944                WDT_GetCurrentCount
 .text          0x00011958        0x0 build\lib_sd\byteordering.o
 .text          0x00011958     0x1cb0 build\lib_sd\fat.o
                0x00011958                fat_open
                0x000119f4                fat_close
                0x00011fdc                fat_get_dir_entry_of_path
                0x00012114                fat_open_file
                0x000121bc                fat_close_file
                0x000121f8                fat_read_file
                0x00012388                fat_write_file
                0x00012584                fat_seek_file
                0x00012620                fat_resize_file
                0x00012764                fat_open_dir
                0x00012800                fat_close_dir
                0x00012820                fat_read_dir
                0x000129a8                fat_reset_dir
                0x000131e0                fat_create_file
                0x0001329c                fat_delete_file
                0x00013354                fat_create_dir
                0x000134d8                fat_get_fs_size
                0x0001350c                fat_get_fs_free
 .text          0x00013608      0x16c build\lib_sd\partition.o
                0x00013608                partition_open
                0x00013748                partition_close
 .text          0x00013774      0xc30 build\lib_sd\sd_raw.o
                0x00013774                sd_raw_init
                0x00013a74                sd_raw_available
                0x00013a88                sd_raw_locked
                0x00013bb8                sd_raw_read
                0x00013d40                sd_raw_read_interval
                0x00013dc0                sd_raw_write
                0x00013f9c                sd_raw_write_interval
                0x00014038                sd_raw_sync
                0x00014084                sd_raw_get_info
 .text          0x000143a4      0x214 build\IAP_internal_flash_write\IAP.o
                0x000143a4                IAP::read_ID()
                0x000143d8                IAP::read_serial()
                0x0001440c                IAP::blank_check(int, int)
                0x00014450                IAP::erase(int, int)
                0x000144a0                IAP::prepare(int, int)
                0x000144e4                IAP::write(char*, char*, int)
                0x0001453c                IAP::compare(char*, char*, int)
                0x00014588                IAP::reserved_flash_area_start()
                0x000145a0                IAP::reserved_flash_area_size()
 .text          0x000145b8      0x4d8 build\USBCDC\cdcuser.o
                0x000145b8                CDC_RdOutBuf
                0x00014628                CDC_WrOutBuf
                0x00014680                CDC_OutBufAvailChar
                0x000146b0                CDC_Init
                0x00014740                CDC_SendEncapsulatedCommand
                0x00014750                CDC_GetEncapsulatedResponse
                0x00014760                CDC_SetCommFeature
                0x0001477c                CDC_GetCommFeature
                0x00014798                CDC_ClearCommFeature
                0x000147b4                CDC_SetLineCoding
                0x00014834                CDC_GetLineCoding
                0x00014898                CDC_SetControlLineState
                0x000148b4                CDC_SendBreak
                0x000148d0                CDC_BulkIn
                0x00014918                CDC_BulkOut
                0x00014944                CDC_GetSerialState
                0x00014a18                CDC_NotificationIn
 .text          0x00014a90      0x7f0 build\USBCDC\serial.o
                0x00014afc                ser_OpenPort
                0x00014b5c                ser_ClosePort
                0x00014bbc                ser_InitPort0
                0x00014d70                ser_InitPort1
                0x00014f24                ser_Read
                0x00014fa8                ser_Write
                0x00015074                ser_AvailChar
                0x000150a0                ser_LineState
                0x000150c8                UART0_IRQHandler
                0x00015198                UART1_IRQHandler
 .text          0x00015280      0xe64 build\USBCDC\usbcore.o
                0x00015280                USB_ResetCore
                0x000152d4                USB_SetupStage
                0x000152e8                USB_DataInStage
                0x00015340                USB_DataOutStage
                0x00015380                USB_StatusInStage
                0x00015398                USB_StatusOutStage
                0x000153ac                USB_ReqGetStatus
                0x000154c8                USB_ReqSetClrFeature
                0x00015608                USB_ReqSetAddress
                0x00015644                USB_ReqGetDescriptor
                0x0001576c                USB_ReqGetConfiguration
                0x000157a4                USB_ReqSetConfiguration
                0x00015a2c                USB_ReqGetInterface
                0x00015a8c                USB_ReqSetInterface
                0x00015c70                USB_EndPoint0
 .text          0x000160e4        0x0 build\USBCDC\usbdesc.o
 .text          0x000160e4      0x83c build\USBCDC\usbhw.o
                0x00016118                EPAdr
                0x0001614c                WrCmd
                0x00016184                WrCmdDat
                0x000161e0                WrCmdEP
                0x00016248                RdCmdDat
                0x00016288                USB_Init
                0x00016328                USB_Connect
                0x00016358                USB_Reset
                0x000163c8                USB_Suspend
                0x000163d4                USB_Resume
                0x000163e0                USB_WakeUp
                0x00016408                USB_WakeUpCfg
                0x0001641c                USB_SetAddress
                0x0001645c                USB_Configure
                0x000164b4                USB_ConfigEP
                0x0001651c                USB_DirCtrlEP
                0x00016530                USB_EnableEP
                0x00016560                USB_DisableEP
                0x00016590                USB_ResetEP
                0x000165c0                USB_SetStallEP
                0x000165f0                USB_ClrStallEP
                0x00016620                USB_ClearEPBuf
                0x0001663c                USB_ReadEP
                0x000166e4                USB_WriteEP
                0x00016764                USB_GetFrame
                0x000167a0                USB_IRQHandler
 .text          0x00016920      0x180 build\USBCDC\usbuser.o
                0x00016920                USB_Reset_Event
                0x0001692c                USB_Configure_Event
                0x00016938                USB_EndPoint1
                0x00016974                USB_EndPoint2
                0x0001699c                USB_EndPoint3
                0x000169b0                USB_EndPoint4
                0x000169c4                USB_EndPoint5
                0x000169d8                USB_EndPoint6
                0x000169ec                USB_EndPoint7
                0x00016a00                USB_EndPoint8
                0x00016a14                USB_EndPoint9
                0x00016a28                USB_EndPoint10
                0x00016a3c                USB_EndPoint11
                0x00016a50                USB_EndPoint12
                0x00016a64                USB_EndPoint13
                0x00016a78                USB_EndPoint14
                0x00016a8c                USB_EndPoint15
 .text          0x00016aa0      0x28c src\shared\PID.o
                0x00016aa0                PID::reset()
                0x00016ad8                PID::reset_state()
                0x00016b5c                PID::calculate(int)
                0x00016cb4                PID::setTarget(int)
                0x00016cdc                PID::getErrorTerm()
                0x00016cf4                PID::getDeltaTerm()
                0x00016d14                PID::getLastOutput()
 .text          0x00016d2c      0x54c src\shared\Packet.o
                0x00016d2c                _crc_ibutton_update(unsigned char, unsigned char)
                0x00016d9c                Packet::appendByte(unsigned char)
                0x00016dfc                Packet::reset()
                0x00016e34                InPacket::InPacket()
                0x00016e34                InPacket::InPacket()
                0x00016e58                InPacket::reset()
                0x00016e70                InPacket::processByte(unsigned char)
                0x00016f98                Packet::read8(unsigned char) const
                0x00016fbc                Packet::read16(unsigned char) const
                0x00016ffc                Packet::read32(unsigned char) const
                0x00017054                OutPacket::OutPacket()
                0x00017054                OutPacket::OutPacket()
                0x00017078                OutPacket::reset()
                0x0001709c                OutPacket::prepareForResend()
                0x000170cc                OutPacket::getNextByteToSend()
                0x000171c8                OutPacket::append8(unsigned char)
                0x000171e8                OutPacket::append16(unsigned short)
                0x00017220                OutPacket::append32(unsigned long)
 .text._ZN6Packet5errorEh
                0x00017278       0x24 src\shared\Packet.o
                0x00017278                Packet::error(unsigned char)
 .text._ZN6PacketC2Ev
                0x0001729c       0x18 src\shared\Packet.o
                0x0001729c                Packet::Packet()
                0x0001729c                Packet::Packet()
 .text          0x000172b4      0xb18 build\Command.o
                0x000172b4                command::getRemainingCapacity()
                0x000172d4                command::pause(bool)
                0x000172f4                command::isPaused()
                0x00017308                command::isEmpty()
                0x0001731c                command::push(unsigned char)
                0x0001733c                command::pop8()
                0x00017350                command::pop16()
                0x0001737c                command::pop32()
                0x000173bc                command::reset()
                0x000173d8                command::runCommandSlice()
 .text._ZN5PointC2Elllll
                0x00017dcc       0x3c build\Command.o
                0x00017dcc                Point::Point(long, long, long, long, long)
                0x00017dcc                Point::Point(long, long, long, long, long)
 .text._ZN5PointC2Elll
                0x00017e08       0x64 build\Command.o
                0x00017e08                Point::Point(long, long, long)
                0x00017e08                Point::Point(long, long, long)
 .text._ZNK5PointixEj
                0x00017e6c       0x20 build\Command.o
                0x00017e6c                Point::operator[](unsigned int) const
 .text._ZN5PointixEj
                0x00017e8c       0x20 build\Command.o
                0x00017e8c                Point::operator[](unsigned int)
 .text._ZNK6Packet8hasErrorEv
                0x00017eac       0x28 build\Command.o
                0x00017eac                Packet::hasError() const
 .text._ZN19CircularBufferTemplIhEC2EtPh
                0x00017ed4       0x48 build\Command.o
                0x00017ed4                CircularBufferTempl<unsigned char>::CircularBufferTempl(unsigned short, unsigned char*)
                0x00017ed4                CircularBufferTempl<unsigned char>::CircularBufferTempl(unsigned short, unsigned char*)
 .text._ZNK19CircularBufferTemplIhE20getRemainingCapacityEv
                0x00017f1c       0x24 build\Command.o
                0x00017f1c                CircularBufferTempl<unsigned char>::getRemainingCapacity() const
 .text._ZNK19CircularBufferTemplIhE7isEmptyEv
                0x00017f40       0x24 build\Command.o
                0x00017f40                CircularBufferTempl<unsigned char>::isEmpty() const
 .text._ZN19CircularBufferTemplIhE4pushEh
                0x00017f64       0x5c build\Command.o
                0x00017f64                CircularBufferTempl<unsigned char>::push(unsigned char)
 .text._ZN19CircularBufferTemplIhE3popEv
                0x00017fc0       0x6c build\Command.o
                0x00017fc0                CircularBufferTempl<unsigned char>::pop()
 .text._ZN19CircularBufferTemplIhE5resetEv
                0x0001802c       0x34 build\Command.o
                0x0001802c                CircularBufferTempl<unsigned char>::reset()
 .text._ZNK19CircularBufferTemplIhE9getLengthEv
                0x00018060       0x1c build\Command.o
                0x00018060                CircularBufferTempl<unsigned char>::getLength() const
 .text._ZN19CircularBufferTemplIhEixEt
                0x0001807c       0x3c build\Command.o
                0x0001807c                CircularBufferTempl<unsigned char>::operator[](unsigned short)
 .text          0x000180b8      0x334 build\DebugPacketProcessor.o
                0x000180b8                processDebugPacket(InPacket const&, OutPacket&)
 .text._ZNK6Packet9getLengthEv
                0x000183ec       0x1c build\DebugPacketProcessor.o
                0x000183ec                Packet::getLength() const
 .text._ZN11Motherboard8getBoardEv
                0x00018408       0x14 build\DebugPacketProcessor.o
                0x00018408                Motherboard::getBoard()
 .text          0x0001841c      0x278 build\EepromMap.o
                0x0001841c                read_all_from_flash()
                0x00018474                save_to_flash()
                0x000184c0                eeprom::init()
                0x00018580                eeprom::getEeprom8(unsigned long, unsigned char)
                0x000185ac                eeprom::getEeprom16(unsigned long, unsigned short)
 .text._ZN3IAPC2Ev
                0x00018694       0x3c build\EepromMap.o
                0x00018694                IAP::IAP()
                0x00018694                IAP::IAP()
 .text          0x000186d0      0x748 build\Host.o
                0x000186d0                host::runHostSlice()
                0x0001885c                host::processCommandPacket(InPacket const&, OutPacket&)
                0x00018944                host::doToolPause(OutPacket&)
                0x00018a60                host::processQueryPacket(InPacket const&, OutPacket&)
                0x00018c48                host::getMachineName()
                0x00018ce0                host::getBuildName()
                0x00018cf4                host::getHostState()
                0x00018d08                host::startBuildFromSD()
                0x00018d40                host::stopBuild()
 .text._ZNK6Packet12getErrorCodeEv
                0x00018e18       0x1c build\Host.o
                0x00018e18                Packet::getErrorCode() const
 .text._ZNK6Packet7getDataEv
                0x00018e34       0x1c build\Host.o
                0x00018e34                Packet::getData() const
 .text._ZNK8InPacket10isFinishedEv
                0x00018e50       0x28 build\Host.o
                0x00018e50                InPacket::isFinished() const
 .text._ZNK8InPacket9isStartedEv
                0x00018e78       0x28 build\Host.o
                0x00018e78                InPacket::isStarted() const
 .text._ZN8InPacket7timeoutEv
                0x00018ea0       0x1c build\Host.o
                0x00018ea0                InPacket::timeout()
 .text._ZNK9OutPacket9isSendingEv
                0x00018ebc       0x38 build\Host.o
                0x00018ebc                OutPacket::isSending() const
 .text._ZN4UART11getHostUARTEv
                0x00018ef4       0x14 build\Host.o
                0x00018ef4                UART::getHostUART()
 .text._ZNK7Timeout8isActiveEv
                0x00018f08       0x18 build\Host.o
                0x00018f08                Timeout::isActive() const
 .text._ZN11Motherboard19getStepperInterfaceEi
                0x00018f20       0x28 build\Host.o
                0x00018f20                Motherboard::getStepperInterface(int)
 .text._ZN4host13handleVersionERK8InPacketR9OutPacket
                0x00018f48       0x28 build\Host.o
                0x00018f48                host::handleVersion(InPacket const&, OutPacket&)
 .text._ZN4host18handleGetBuildNameERK8InPacketR9OutPacket
                0x00018f70       0x5c build\Host.o
                0x00018f70                host::handleGetBuildName(InPacket const&, OutPacket&)
 .text._ZN4host19handleGetBufferSizeERK8InPacketR9OutPacket
                0x00018fcc       0x2c build\Host.o
                0x00018fcc                host::handleGetBufferSize(InPacket const&, OutPacket&)
 .text._ZN4host17handleGetPositionERK8InPacketR9OutPacket
                0x00018ff8      0x110 build\Host.o
                0x00018ff8                host::handleGetPosition(InPacket const&, OutPacket&)
 .text._ZN4host20handleGetPositionExtERK8InPacketR9OutPacket
                0x00019108      0x148 build\Host.o
                0x00019108                host::handleGetPositionExt(InPacket const&, OutPacket&)
 .text._ZN4host19handleCaptureToFileERK8InPacketR9OutPacket
                0x00019250       0x3c build\Host.o
                0x00019250                host::handleCaptureToFile(InPacket const&, OutPacket&)
 .text._ZN4host16handleEndCaptureERK8InPacketR9OutPacket
                0x0001928c       0x2c build\Host.o
                0x0001928c                host::handleEndCapture(InPacket const&, OutPacket&)
 .text._ZN4host14handlePlaybackERK8InPacketR9OutPacket
                0x000192b8       0x84 build\Host.o
                0x000192b8                host::handlePlayback(InPacket const&, OutPacket&)
 .text._ZN4host18handleNextFilenameERK8InPacketR9OutPacket
                0x0001933c      0x10c build\Host.o
                0x0001933c                host::handleNextFilename(InPacket const&, OutPacket&)
 .text._ZN4host15handleToolQueryERK8InPacketR9OutPacket
                0x00019448      0x17c build\Host.o
                0x00019448                host::handleToolQuery(InPacket const&, OutPacket&)
 .text._ZN4host11handlePauseERK8InPacketR9OutPacket
                0x000195c4       0x34 build\Host.o
                0x000195c4                host::handlePause(InPacket const&, OutPacket&)
 .text._ZN4host16handleIsFinishedERK8InPacketR9OutPacket
                0x000195f8       0x60 build\Host.o
                0x000195f8                host::handleIsFinished(InPacket const&, OutPacket&)
 .text._ZN4host16handleReadEepromERK8InPacketR9OutPacket
                0x00019658       0x80 build\Host.o
                0x00019658                host::handleReadEeprom(InPacket const&, OutPacket&)
 .text._ZN4host17handleWriteEepromERK8InPacketR9OutPacket
                0x000196d8       0x9c build\Host.o
                0x000196d8                host::handleWriteEeprom(InPacket const&, OutPacket&)
 .text._ZN4host18handleExtendedStopERK8InPacketR9OutPacket
                0x00019774       0x54 build\Host.o
                0x00019774                host::handleExtendedStop(InPacket const&, OutPacket&)
 .text._ZN4host27handleGetCommunicationStatsERK8InPacketR9OutPacket
                0x000197c8       0x60 build\Host.o
                0x000197c8                host::handleGetCommunicationStats(InPacket const&, OutPacket&)
 .text          0x00019828      0x1a4 build\Interface.o
                0x00019828                interfaceboard::isConnected()
                0x0001991c                interfaceboard::init()
                0x0001992c                interfaceboard::pushScreen(Screen*)
                0x00019948                interfaceboard::popScreen()
                0x00019958                interfaceboard::doInterrupt()
                0x00019968                interfaceboard::getUpdateRate()
                0x0001997c                interfaceboard::doUpdate()
 .text._ZN4Port15setPinDirectionEhb
                0x000199cc       0x2c build\Interface.o
                0x000199cc                Port::setPinDirection(unsigned char, bool)
 .text._ZN4Port6getPinEh
                0x000199f8       0x34 build\Interface.o
                0x000199f8                Port::getPin(unsigned char)
 .text._ZN4Port6setPinEhb
                0x00019a2c       0x4c build\Interface.o
                0x00019a2c                Port::setPin(unsigned char, bool)
 .text._ZN3PinC2ER4Porth
                0x00019a78       0x38 build\Interface.o
                0x00019a78                Pin::Pin(Port&, unsigned char)
                0x00019a78                Pin::Pin(Port&, unsigned char)
 .text._ZN3Pin12setDirectionEb
                0x00019ab0       0x30 build\Interface.o
                0x00019ab0                Pin::setDirection(bool)
 .text._ZN3Pin8getValueEv
                0x00019ae0       0x28 build\Interface.o
                0x00019ae0                Pin::getValue()
 .text._ZN3Pin8setValueEb
                0x00019b08       0x30 build\Interface.o
                0x00019b08                Pin::setValue(bool)
 .text          0x00019b38      0x5e8 build\InterfaceBoard.o
                0x00019b38                ButtonArray::init()
                0x00019b5c                ButtonArray::scanButtons()
                0x00019c88                ButtonArray::getButton(InterfaceBoardDefinitions::ButtonName&)
                0x00019cc4                InterfaceBoard::InterfaceBoard()
                0x00019cc4                InterfaceBoard::InterfaceBoard()
                0x00019e98                InterfaceBoard::init()
                0x00019eac                InterfaceBoard::doInterrupt()
                0x00019ec8                InterfaceBoard::getUpdateRate()
                0x00019f0c                InterfaceBoard::doUpdate()
                0x0001a004                InterfaceBoard::pushScreen(Screen*)
                0x0001a0b8                InterfaceBoard::popScreen()
 .text._ZN6ScreenC2Ev
                0x0001a120       0x20 build\InterfaceBoard.o
                0x0001a120                Screen::Screen()
                0x0001a120                Screen::Screen()
 .text._ZN12SplashScreenC2Ev
                0x0001a140       0x28 build\InterfaceBoard.o
                0x0001a140                SplashScreen::SplashScreen()
                0x0001a140                SplashScreen::SplashScreen()
 .text._ZN11MonitorModeC2Ev
                0x0001a168       0x34 build\InterfaceBoard.o
                0x0001a168                MonitorMode::MonitorMode()
                0x0001a168                MonitorMode::MonitorMode()
 .text          0x0001a19c       0x70 build\LPCPort.o
 .text._ZN4PortC2Eh
                0x0001a20c       0x20 build\LPCPort.o
                0x0001a20c                Port::Port(unsigned char)
                0x0001a20c                Port::Port(unsigned char)
 .text          0x0001a22c      0xc5c build\LiquidCrystal.o
                0x0001a22c                Delay_us(unsigned long)
                0x0001a2a8                LiquidCrystal::LiquidCrystal(Pin, Pin, Pin, Pin, Pin, Pin, Pin, Pin, Pin, Pin, Pin)
                0x0001a2a8                LiquidCrystal::LiquidCrystal(Pin, Pin, Pin, Pin, Pin, Pin, Pin, Pin, Pin, Pin, Pin)
                0x0001a360                LiquidCrystal::LiquidCrystal(Pin, Pin, Pin, Pin, Pin, Pin, Pin, Pin, Pin, Pin)
                0x0001a360                LiquidCrystal::LiquidCrystal(Pin, Pin, Pin, Pin, Pin, Pin, Pin, Pin, Pin, Pin)
                0x0001a424                LiquidCrystal::LiquidCrystal(Pin, Pin, Pin, Pin, Pin, Pin, Pin)
                0x0001a424                LiquidCrystal::LiquidCrystal(Pin, Pin, Pin, Pin, Pin, Pin, Pin)
                0x0001a504                LiquidCrystal::LiquidCrystal(Pin, Pin, Pin, Pin, Pin, Pin)
                0x0001a504                LiquidCrystal::LiquidCrystal(Pin, Pin, Pin, Pin, Pin, Pin)
                0x0001a5f0                LiquidCrystal::init(unsigned char, Pin, Pin, Pin, Pin, Pin, Pin, Pin, Pin, Pin, Pin, Pin)
                0x0001a6bc                LiquidCrystal::begin(unsigned char, unsigned char, unsigned char)
                0x0001a834                LiquidCrystal::clear()
                0x0001a858                LiquidCrystal::home()
                0x0001a87c                LiquidCrystal::setCursor(unsigned char, unsigned char)
                0x0001a8e4                LiquidCrystal::noDisplay()
                0x0001a914                LiquidCrystal::display()
                0x0001a944                LiquidCrystal::noCursor()
                0x0001a974                LiquidCrystal::cursor()
                0x0001a9a4                LiquidCrystal::noBlink()
                0x0001a9d4                LiquidCrystal::blink()
                0x0001aa04                LiquidCrystal::scrollDisplayLeft()
                0x0001aa20                LiquidCrystal::scrollDisplayRight()
                0x0001aa3c                LiquidCrystal::leftToRight()
                0x0001aa6c                LiquidCrystal::rightToLeft()
                0x0001aa9c                LiquidCrystal::autoscroll()
                0x0001aacc                LiquidCrystal::noAutoscroll()
                0x0001aafc                LiquidCrystal::createChar(unsigned char, unsigned char*)
                0x0001ab68                LiquidCrystal::writeInt(unsigned short, unsigned char)
                0x0001ac28                LiquidCrystal::writeString(char*)
                0x0001ac6c                LiquidCrystal::writeFromPgmspace(char const*)
                0x0001acac                LiquidCrystal::send(unsigned char, bool)
                0x0001ad30                LiquidCrystal::pulseEnable()
                0x0001ad88                LiquidCrystal::write4bits(unsigned char)
                0x0001ae08                LiquidCrystal::write8bits(unsigned char)
 .text._ZN4PortC2Ev
                0x0001ae88       0x20 build\LiquidCrystal.o
                0x0001ae88                Port::Port()
                0x0001ae88                Port::Port()
 .text._ZN4Port6isNullEv
                0x0001aea8       0x24 build\LiquidCrystal.o
                0x0001aea8                Port::isNull()
 .text._ZN3PinC2Ev
                0x0001aecc       0x28 build\LiquidCrystal.o
                0x0001aecc                Pin::Pin()
                0x0001aecc                Pin::Pin()
 .text._ZN3Pin6isNullEv
                0x0001aef4       0x1c build\LiquidCrystal.o
                0x0001aef4                Pin::isNull()
 .text._ZN13LiquidCrystal7commandEh
                0x0001af10       0x24 build\LiquidCrystal.o
                0x0001af10                LiquidCrystal::command(unsigned char)
 .text._ZN13LiquidCrystal5writeEh
                0x0001af34       0x24 build\LiquidCrystal.o
                0x0001af34                LiquidCrystal::write(unsigned char)
 .text          0x0001af58      0x28c build\Main.o
                0x0001b004                SysTick_Handler()
                0x0001b054                reset(bool)
                0x0001b0f4                main
 .text          0x0001b1e4     0x1298 build\Menu.o
                0x0001b234                queryExtruderParameter(unsigned char, OutPacket&)
                0x0001b35c                SplashScreen::update(LiquidCrystal&, bool)
                0x0001b3e8                SplashScreen::notifyButtonPressed(InterfaceBoardDefinitions::ButtonName)
                0x0001b400                SplashScreen::reset()
                0x0001b414                JogMode::reset()
                0x0001b438                JogMode::update(LiquidCrystal&, bool)
                0x0001b4f8                JogMode::jog(InterfaceBoardDefinitions::ButtonName)
                0x0001b614                JogMode::notifyButtonPressed(InterfaceBoardDefinitions::ButtonName)
                0x0001b6a0                SnakeMode::update(LiquidCrystal&, bool)
                0x0001ba40                SnakeMode::reset()
                0x0001bb00                SnakeMode::notifyButtonPressed(InterfaceBoardDefinitions::ButtonName)
                0x0001bb7c                MonitorMode::reset()
                0x0001bb90                MonitorMode::update(LiquidCrystal&, bool)
                0x0001bd48                MonitorMode::notifyButtonPressed(InterfaceBoardDefinitions::ButtonName)
                0x0001bd84                Menu::update(LiquidCrystal&, bool)
                0x0001be88                Menu::reset()
                0x0001bec0                Menu::resetState()
                0x0001bed4                Menu::handleSelect(unsigned char)
                0x0001beec                Menu::handleCancel()
                0x0001bf00                Menu::notifyButtonPressed(InterfaceBoardDefinitions::ButtonName)
                0x0001bfc0                CancelBuildMenu::CancelBuildMenu()
                0x0001bfc0                CancelBuildMenu::CancelBuildMenu()
                0x0001bff8                CancelBuildMenu::resetState()
                0x0001c01c                CancelBuildMenu::drawItem(unsigned char, LiquidCrystal&)
                0x0001c07c                CancelBuildMenu::handleSelect(unsigned char)
                0x0001c0ac                MainMenu::MainMenu()
                0x0001c0ac                MainMenu::MainMenu()
                0x0001c0e4                MainMenu::drawItem(unsigned char, LiquidCrystal&)
                0x0001c154                MainMenu::handleSelect(unsigned char)
                0x0001c1b8                SDMenu::SDMenu()
                0x0001c1b8                SDMenu::SDMenu()
                0x0001c1e8                SDMenu::resetState()
                0x0001c208                SDMenu::countFiles()
                0x0001c278                SDMenu::getFilename(unsigned char, char*, unsigned char)
                0x0001c30c                SDMenu::drawItem(unsigned char, LiquidCrystal&)
                0x0001c3bc                SDMenu::handleSelect(unsigned char)
 .text._ZN4Menu13getUpdateRateEv
                0x0001c47c       0x1c build\Menu.o
                0x0001c47c                Menu::getUpdateRate()
 .text._ZN12SplashScreen13getUpdateRateEv
                0x0001c498       0x18 build\Menu.o
                0x0001c498                SplashScreen::getUpdateRate()
 .text._ZN7JogMode13getUpdateRateEv
                0x0001c4b0       0x18 build\Menu.o
                0x0001c4b0                JogMode::getUpdateRate()
 .text._ZN9SnakeMode13getUpdateRateEv
                0x0001c4c8       0x18 build\Menu.o
                0x0001c4c8                SnakeMode::getUpdateRate()
 .text._ZN11MonitorMode13getUpdateRateEv
                0x0001c4e0       0x1c build\Menu.o
                0x0001c4e0                MonitorMode::getUpdateRate()
 .text._ZN7JogModeC2Ev
                0x0001c4fc       0x28 build\Menu.o
                0x0001c4fc                JogMode::JogMode()
                0x0001c4fc                JogMode::JogMode()
 .text._ZN9SnakeModeC2Ev
                0x0001c524       0x28 build\Menu.o
                0x0001c524                SnakeMode::SnakeMode()
                0x0001c524                SnakeMode::SnakeMode()
 .text._ZN4MenuC2Ev
                0x0001c54c       0x28 build\Menu.o
                0x0001c54c                Menu::Menu()
                0x0001c54c                Menu::Menu()
 .text          0x0001c574      0x280 build\Microsteps.o
                0x0001c574                microsteps::init()
                0x0001c664                microsteps::microstep_pinout(bool)
 .text          0x0001c7f4      0x724 build\Motherboard.o
                0x0001c7f4                Motherboard::Motherboard()
                0x0001c7f4                Motherboard::Motherboard()
                0x0001caa4                Motherboard::reset()
                0x0001cc5c                Motherboard::getCurrentMicros()
                0x0001cc78                Motherboard::doInterrupt()
                0x0001ccb4                Motherboard::runMotherboardSlice()
                0x0001ccf8                TIMER1_IRQHandler()
                0x0001cd18                Motherboard::indicateError(int)
                0x0001cd8c                Motherboard::getCurrentError()
                0x0001cdac                TIMER2_IRQHandler()
 .text._ZN4UART12getSlaveUARTEv
                0x0001cf18       0x14 build\Motherboard.o
                0x0001cf18                UART::getSlaveUART()
 .text._ZN16StepperInterfaceC2Ev
                0x0001cf2c       0x4c build\Motherboard.o
                0x0001cf2c                StepperInterface::StepperInterface()
                0x0001cf2c                StepperInterface::StepperInterface()
 .text._ZN16StepperInterfaceC2ERK3PinS2_S2_S2_S2_
                0x0001cf78       0x64 build\Motherboard.o
                0x0001cf78                StepperInterface::StepperInterface(Pin const&, Pin const&, Pin const&, Pin const&, Pin const&)
                0x0001cf78                StepperInterface::StepperInterface(Pin const&, Pin const&, Pin const&, Pin const&, Pin const&)
 .text._ZN11Motherboard6getPSUEv
                0x0001cfdc       0x1c build\Motherboard.o
                0x0001cfdc                Motherboard::getPSU()
 .text          0x0001cff8      0x28c build\PID.o
 .text          0x0001d284       0x2c build\PSU.o
                0x0001d284                PSU::init()
                0x0001d298                PSU::turnOn(bool)
 .text          0x0001d2b0      0x54c build\Packet.o
                0x0001d2b0                _crc_ibutton_update
 .text          0x0001d7fc      0x730 build\SDCard.o
                0x0001d7fc                sdcard::openPartition()
                0x0001d86c                sdcard::openFilesys()
                0x0001d89c                sdcard::openRoot()
                0x0001d8f0                sdcard::initCard()
                0x0001d9a0                sdcard::directoryReset()
                0x0001d9e0                sdcard::directoryNextEntry(char*, unsigned char)
                0x0001dab4                sdcard::findFileInDir(char const*, fat_dir_entry_struct*)
                0x0001db10                sdcard::openFile(char const*, fat_file_struct**)
                0x0001db64                sdcard::deleteFile(char*)
                0x0001dbac                sdcard::createFile(char*)
                0x0001dbe0                sdcard::isPlaying()
                0x0001dbf4                sdcard::isCapturing()
                0x0001dc08                sdcard::startCapture(char*)
                0x0001dca0                sdcard::capturePacket(Packet const&)
                0x0001dcf8                sdcard::finishCapture()
                0x0001dd44                sdcard::fetchNextByte()
                0x0001dd84                sdcard::playbackHasNext()
                0x0001dd98                sdcard::playbackNext()
                0x0001ddb8                sdcard::startPlayback(char*)
                0x0001de44                sdcard::playbackRewind(unsigned char)
                0x0001de78                sdcard::finishPlayback()
                0x0001deac                sdcard::reset()
 .text          0x0001df2c      0x308 build\StepperInterface.o
                0x0001df2c                StepperInterface::setDirection(bool)
                0x0001df5c                StepperInterface::step(bool)
                0x0001df80                StepperInterface::setEnabled(bool)
                0x0001dfac                StepperInterface::isAtMaximum()
                0x0001dff8                StepperInterface::isAtMinimum()
                0x0001e044                StepperInterface::init(unsigned char)
 .text          0x0001e234      0x66c build\Steppers.o
                0x0001e234                steppers::isRunning()
                0x0001e268                steppers::init(Motherboard&)
                0x0001e2dc                steppers::abort()
                0x0001e300                steppers::definePosition(Point const&)
                0x0001e354                steppers::getPosition()
                0x0001e388                steppers::setHoldZ(bool)
                0x0001e3a8                steppers::setTarget(Point const&, long)
                0x0001e4f4                steppers::setTargetNew(Point const&, long, unsigned char)
                0x0001e638                steppers::startHoming(bool, unsigned char, unsigned long)
                0x0001e700                steppers::enableAxis(unsigned char, bool)
                0x0001e734                steppers::doInterrupt()
 .text._ZN8steppers4AxisC2Ev
                0x0001e8a0       0x20 build\Steppers.o
                0x0001e8a0                steppers::Axis::Axis()
                0x0001e8a0                steppers::Axis::Axis()
 .text._ZN8steppers4AxisC2ER16StepperInterface
                0x0001e8c0       0x24 build\Steppers.o
                0x0001e8c0                steppers::Axis::Axis(StepperInterface&)
                0x0001e8c0                steppers::Axis::Axis(StepperInterface&)
 .text._ZN8steppers4Axis9setTargetElb
                0x0001e8e4       0x84 build\Steppers.o
                0x0001e8e4                steppers::Axis::setTarget(long, bool)
 .text._ZN8steppers4Axis9setHomingEb
                0x0001e968       0x30 build\Steppers.o
                0x0001e968                steppers::Axis::setHoming(bool)
 .text._ZN8steppers4Axis14definePositionEl
                0x0001e998       0x1c build\Steppers.o
                0x0001e998                steppers::Axis::definePosition(long)
 .text._ZN8steppers4Axis13enableStepperEb
                0x0001e9b4       0x24 build\Steppers.o
                0x0001e9b4                steppers::Axis::enableStepper(bool)
 .text._ZN8steppers4Axis5resetEv
                0x0001e9d8       0x44 build\Steppers.o
                0x0001e9d8                steppers::Axis::reset()
 .text._ZN8steppers4Axis11doInterruptEl
                0x0001ea1c       0xcc build\Steppers.o
                0x0001ea1c                steppers::Axis::doInterrupt(long)
 .text._ZN8steppers4Axis8doHomingEl
                0x0001eae8       0xf8 build\Steppers.o
                0x0001eae8                steppers::Axis::doHoming(long)
 .text          0x0001ebe0       0xe0 build\Timeout.o
                0x0001ebe0                Timeout::Timeout()
                0x0001ebe0                Timeout::Timeout()
                0x0001ec08                Timeout::start(unsigned long)
                0x0001ec44                Timeout::hasElapsed()
                0x0001eca4                Timeout::abort()
 .text          0x0001ecc0      0x5d8 build\Tool.o
                0x0001ecc0                tool::getInPacket()
                0x0001ecd4                tool::getOutPacket()
                0x0001ece8                tool::getSentPacketCount()
                0x0001ecfc                tool::getPacketFailureCount()
                0x0001ed10                tool::getRetryCount()
                0x0001ed24                tool::getNoiseByteCount()
                0x0001ed38                tool::getToolVersion()
                0x0001ee58                tool::setToolIndicatorLED()
                0x0001ef1c                tool::reset()
                0x0001efb4                tool::getLock()
                0x0001efec                tool::releaseLock()
                0x0001f004                tool::startTransaction()
                0x0001f094                tool::isTransactionDone()
                0x0001f0b0                tool::runToolSlice()
 .text          0x0001f298      0x424 build\UART.o
                0x0001f314                UART::init_serial()
                0x0001f3b4                UART::UART(unsigned char, communication_mode)
                0x0001f3b4                UART::UART(unsigned char, communication_mode)
                0x0001f404                UART::beginSend()
                0x0001f484                UART::enable(bool)
                0x0001f548                UART::reset()
                0x0001f570                UART1_IRQHandler()
 .text._Z6listenv
                0x0001f6bc       0x30 build\UART.o
                0x0001f6bc                listen()
 .text._Z5speakv
                0x0001f6ec       0x30 build\UART.o
                0x0001f6ec                speak()
 .text          0x0001f71c        0x0 c:/progra~2/codesourcery/source~1/bin/../lib/gcc/arm-none-eabi/4.5.2/../../../../arm-none-eabi/lib/thumb2\libstdc++.a(si_class_type_info.o)
 .text._ZNK10__cxxabiv120__si_class_type_info11__do_upcastEPKNS_17__class_type_infoEPKvRNS1_15__upcast_resultE
                0x0001f71c       0x28 c:/progra~2/codesourcery/source~1/bin/../lib/gcc/arm-none-eabi/4.5.2/../../../../arm-none-eabi/lib/thumb2\libstdc++.a(si_class_type_info.o)
                0x0001f71c                __cxxabiv1::__si_class_type_info::__do_upcast(__cxxabiv1::__class_type_info const*, void const*, __cxxabiv1::__class_type_info::__upcast_result&) const
 .text._ZNK10__cxxabiv120__si_class_type_info12__do_dyncastEiNS_17__class_type_info10__sub_kindEPKS1_PKvS4_S6_RNS1_16__dyncast_resultE
                0x0001f744       0x90 c:/progra~2/codesourcery/source~1/bin/../lib/gcc/arm-none-eabi/4.5.2/../../../../arm-none-eabi/lib/thumb2\libstdc++.a(si_class_type_info.o)
                0x0001f744                __cxxabiv1::__si_class_type_info::__do_dyncast(int, __cxxabiv1::__class_type_info::__sub_kind, __cxxabiv1::__class_type_info const*, void const*, __cxxabiv1::__class_type_info const*, void const*, __cxxabiv1::__class_type_info::__dyncast_result&) const
 .text._ZNK10__cxxabiv120__si_class_type_info20__do_find_public_srcEiPKvPKNS_17__class_type_infoES2_
                0x0001f7d4       0x38 c:/progra~2/codesourcery/source~1/bin/../lib/gcc/arm-none-eabi/4.5.2/../../../../arm-none-eabi/lib/thumb2\libstdc++.a(si_class_type_info.o)
                0x0001f7d4                __cxxabiv1::__si_class_type_info::__do_find_public_src(int, void const*, __cxxabiv1::__class_type_info const*, void const*) const
 .text._ZN10__cxxabiv120__si_class_type_infoD2Ev
                0x0001f80c       0x14 c:/progra~2/codesourcery/source~1/bin/../lib/gcc/arm-none-eabi/4.5.2/../../../../arm-none-eabi/lib/thumb2\libstdc++.a(si_class_type_info.o)
                0x0001f80c                __cxxabiv1::__si_class_type_info::~__si_class_type_info()
                0x0001f80c                __cxxabiv1::__si_class_type_info::~__si_class_type_info()
 .text._ZN10__cxxabiv120__si_class_type_infoD0Ev
                0x0001f820       0x1c c:/progra~2/codesourcery/source~1/bin/../lib/gcc/arm-none-eabi/4.5.2/../../../../arm-none-eabi/lib/thumb2\libstdc++.a(si_class_type_info.o)
                0x0001f820                __cxxabiv1::__si_class_type_info::~__si_class_type_info()
 .text          0x0001f83c        0x0 c:/progra~2/codesourcery/source~1/bin/../lib/gcc/arm-none-eabi/4.5.2/../../../../arm-none-eabi/lib/thumb2\libstdc++.a(del_op.o)
 .text._ZdlPv   0x0001f83c        0x8 c:/progra~2/codesourcery/source~1/bin/../lib/gcc/arm-none-eabi/4.5.2/../../../../arm-none-eabi/lib/thumb2\libstdc++.a(del_op.o)
                0x0001f83c                operator delete(void*)
 .text          0x0001f844        0x0 c:/progra~2/codesourcery/source~1/bin/../lib/gcc/arm-none-eabi/4.5.2/../../../../arm-none-eabi/lib/thumb2\libstdc++.a(pure.o)
 .text.__cxa_pure_virtual
                0x0001f844       0x18 c:/progra~2/codesourcery/source~1/bin/../lib/gcc/arm-none-eabi/4.5.2/../../../../arm-none-eabi/lib/thumb2\libstdc++.a(pure.o)
                0x0001f844                __cxa_pure_virtual
 .text          0x0001f85c        0x0 c:/progra~2/codesourcery/source~1/bin/../lib/gcc/arm-none-eabi/4.5.2/../../../../arm-none-eabi/lib/thumb2\libstdc++.a(class_type_info.o)
 .text._ZNK10__cxxabiv117__class_type_info11__do_upcastEPKS0_PPv
                0x0001f85c       0x38 c:/progra~2/codesourcery/source~1/bin/../lib/gcc/arm-none-eabi/4.5.2/../../../../arm-none-eabi/lib/thumb2\libstdc++.a(class_type_info.o)
                0x0001f85c                __cxxabiv1::__class_type_info::__do_upcast(__cxxabiv1::__class_type_info const*, void**) const
 .text._ZNK10__cxxabiv117__class_type_info20__do_find_public_srcEiPKvPKS0_S2_
                0x0001f894        0xc c:/progra~2/codesourcery/source~1/bin/../lib/gcc/arm-none-eabi/4.5.2/../../../../arm-none-eabi/lib/thumb2\libstdc++.a(class_type_info.o)
                0x0001f894                __cxxabiv1::__class_type_info::__do_find_public_src(int, void const*, __cxxabiv1::__class_type_info const*, void const*) const
 .text._ZNK10__cxxabiv117__class_type_info11__do_upcastEPKS0_PKvRNS0_15__upcast_resultE
                0x0001f8a0       0x1c c:/progra~2/codesourcery/source~1/bin/../lib/gcc/arm-none-eabi/4.5.2/../../../../arm-none-eabi/lib/thumb2\libstdc++.a(class_type_info.o)
                0x0001f8a0                __cxxabiv1::__class_type_info::__do_upcast(__cxxabiv1::__class_type_info const*, void const*, __cxxabiv1::__class_type_info::__upcast_result&) const
 .text._ZNK10__cxxabiv117__class_type_info12__do_dyncastEiNS0_10__sub_kindEPKS0_PKvS3_S5_RNS0_16__dyncast_resultE
                0x0001f8bc       0x3c c:/progra~2/codesourcery/source~1/bin/../lib/gcc/arm-none-eabi/4.5.2/../../../../arm-none-eabi/lib/thumb2\libstdc++.a(class_type_info.o)
                0x0001f8bc                __cxxabiv1::__class_type_info::__do_dyncast(int, __cxxabiv1::__class_type_info::__sub_kind, __cxxabiv1::__class_type_info const*, void const*, __cxxabiv1::__class_type_info const*, void const*, __cxxabiv1::__class_type_info::__dyncast_result&) const
 .text._ZNK10__cxxabiv117__class_type_info10__do_catchEPKSt9type_infoPPvj
                0x0001f8f8       0x28 c:/progra~2/codesourcery/source~1/bin/../lib/gcc/arm-none-eabi/4.5.2/../../../../arm-none-eabi/lib/thumb2\libstdc++.a(class_type_info.o)
                0x0001f8f8                __cxxabiv1::__class_type_info::__do_catch(std::type_info const*, void**, unsigned int) const
 .text._ZN10__cxxabiv117__class_type_infoD2Ev
                0x0001f920       0x14 c:/progra~2/codesourcery/source~1/bin/../lib/gcc/arm-none-eabi/4.5.2/../../../../arm-none-eabi/lib/thumb2\libstdc++.a(class_type_info.o)
                0x0001f920                __cxxabiv1::__class_type_info::~__class_type_info()
                0x0001f920                __cxxabiv1::__class_type_info::~__class_type_info()
 .text._ZN10__cxxabiv117__class_type_infoD0Ev
                0x0001f934       0x1c c:/progra~2/codesourcery/source~1/bin/../lib/gcc/arm-none-eabi/4.5.2/../../../../arm-none-eabi/lib/thumb2\libstdc++.a(class_type_info.o)
                0x0001f934                __cxxabiv1::__class_type_info::~__class_type_info()
 .text          0x0001f950        0x0 c:/progra~2/codesourcery/source~1/bin/../lib/gcc/arm-none-eabi/4.5.2/../../../../arm-none-eabi/lib/thumb2\libstdc++.a(tinfo.o)
 .text._ZNSt9type_infoD2Ev
                0x0001f950        0xc c:/progra~2/codesourcery/source~1/bin/../lib/gcc/arm-none-eabi/4.5.2/../../../../arm-none-eabi/lib/thumb2\libstdc++.a(tinfo.o)
                0x0001f950                std::type_info::~type_info()
                0x0001f950                std::type_info::~type_info()
 .text._ZNKSt9type_info14__is_pointer_pEv
                0x0001f95c        0x4 c:/progra~2/codesourcery/source~1/bin/../lib/gcc/arm-none-eabi/4.5.2/../../../../arm-none-eabi/lib/thumb2\libstdc++.a(tinfo.o)
                0x0001f95c                std::type_info::__is_pointer_p() const
 .text._ZNKSt9type_info15__is_function_pEv
                0x0001f960        0x4 c:/progra~2/codesourcery/source~1/bin/../lib/gcc/arm-none-eabi/4.5.2/../../../../arm-none-eabi/lib/thumb2\libstdc++.a(tinfo.o)
                0x0001f960                std::type_info::__is_function_p() const
 .text._ZNKSt9type_info11__do_upcastEPKN10__cxxabiv117__class_type_infoEPPv
                0x0001f964        0x4 c:/progra~2/codesourcery/source~1/bin/../lib/gcc/arm-none-eabi/4.5.2/../../../../arm-none-eabi/lib/thumb2\libstdc++.a(tinfo.o)
                0x0001f964                std::type_info::__do_upcast(__cxxabiv1::__class_type_info const*, void**) const
 .text._ZNSt9type_infoD0Ev
                0x0001f968       0x14 c:/progra~2/codesourcery/source~1/bin/../lib/gcc/arm-none-eabi/4.5.2/../../../../arm-none-eabi/lib/thumb2\libstdc++.a(tinfo.o)
                0x0001f968                std::type_info::~type_info()
 .text._ZNKSt9type_infoeqERKS_
                0x0001f97c       0x3c c:/progra~2/codesourcery/source~1/bin/../lib/gcc/arm-none-eabi/4.5.2/../../../../arm-none-eabi/lib/thumb2\libstdc++.a(tinfo.o)
                0x0001f97c                std::type_info::operator==(std::type_info const&) const
 .text._ZNKSt9type_info10__do_catchEPKS_PPvj
                0x0001f9b8        0x4 c:/progra~2/codesourcery/source~1/bin/../lib/gcc/arm-none-eabi/4.5.2/../../../../arm-none-eabi/lib/thumb2\libstdc++.a(tinfo.o)
                0x0001f9b8                std::type_info::__do_catch(std::type_info const*, void**, unsigned int) const
 .text          0x0001f9bc        0x0 c:/progra~2/codesourcery/source~1/bin/../lib/gcc/arm-none-eabi/4.5.2/../../../../arm-none-eabi/lib/thumb2\libstdc++.a(eh_terminate.o)
 .text._ZN10__cxxabiv111__terminateEPFvvE
                0x0001f9bc       0x28 c:/progra~2/codesourcery/source~1/bin/../lib/gcc/arm-none-eabi/4.5.2/../../../../arm-none-eabi/lib/thumb2\libstdc++.a(eh_terminate.o)
                0x0001f9bc                __cxxabiv1::__terminate(void (*)())
 .text._ZSt9terminatev
                0x0001f9e4       0x10 c:/progra~2/codesourcery/source~1/bin/../lib/gcc/arm-none-eabi/4.5.2/../../../../arm-none-eabi/lib/thumb2\libstdc++.a(eh_terminate.o)
                0x0001f9e4                std::terminate()
 .text._ZN10__cxxabiv112__unexpectedEPFvvE
                0x0001f9f4        0x8 c:/progra~2/codesourcery/source~1/bin/../lib/gcc/arm-none-eabi/4.5.2/../../../../arm-none-eabi/lib/thumb2\libstdc++.a(eh_terminate.o)
                0x0001f9f4                __cxxabiv1::__unexpected(void (*)())
 .text._ZSt10unexpectedv
                0x0001f9fc       0x14 c:/progra~2/codesourcery/source~1/bin/../lib/gcc/arm-none-eabi/4.5.2/../../../../arm-none-eabi/lib/thumb2\libstdc++.a(eh_terminate.o)
                0x0001f9fc                std::unexpected()
 .text._ZSt13set_terminatePFvvE
                0x0001fa10       0x10 c:/progra~2/codesourcery/source~1/bin/../lib/gcc/arm-none-eabi/4.5.2/../../../../arm-none-eabi/lib/thumb2\libstdc++.a(eh_terminate.o)
                0x0001fa10                std::set_terminate(void (*)())
 .text._ZSt14set_unexpectedPFvvE
                0x0001fa20       0x10 c:/progra~2/codesourcery/source~1/bin/../lib/gcc/arm-none-eabi/4.5.2/../../../../arm-none-eabi/lib/thumb2\libstdc++.a(eh_terminate.o)
                0x0001fa20                std::set_unexpected(void (*)())
 .text          0x0001fa30        0x0 c:/progra~2/codesourcery/source~1/bin/../lib/gcc/arm-none-eabi/4.5.2/../../../../arm-none-eabi/lib/thumb2\libstdc++.a(eh_call.o)
 .text.__cxa_call_terminate
                0x0001fa30       0x50 c:/progra~2/codesourcery/source~1/bin/../lib/gcc/arm-none-eabi/4.5.2/../../../../arm-none-eabi/lib/thumb2\libstdc++.a(eh_call.o)
                0x0001fa30                __cxa_call_terminate
 .text.__cxa_call_unexpected
                0x0001fa80      0x130 c:/progra~2/codesourcery/source~1/bin/../lib/gcc/arm-none-eabi/4.5.2/../../../../arm-none-eabi/lib/thumb2\libstdc++.a(eh_call.o)
                0x0001fa80                __cxa_call_unexpected
 .text          0x0001fbb0        0x0 c:/progra~2/codesourcery/source~1/bin/../lib/gcc/arm-none-eabi/4.5.2/../../../../arm-none-eabi/lib/thumb2\libstdc++.a(eh_term_handler.o)
 .text          0x0001fbb0        0x0 c:/progra~2/codesourcery/source~1/bin/../lib/gcc/arm-none-eabi/4.5.2/../../../../arm-none-eabi/lib/thumb2\libstdc++.a(eh_personality.o)
 .text._ZL12read_sleb128PKhPl
                0x0001fbb0       0x3c c:/progra~2/codesourcery/source~1/bin/../lib/gcc/arm-none-eabi/4.5.2/../../../../arm-none-eabi/lib/thumb2\libstdc++.a(eh_personality.o)
 .text._ZL28read_encoded_value_with_basehjPKhPj
                0x0001fbec       0xac c:/progra~2/codesourcery/source~1/bin/../lib/gcc/arm-none-eabi/4.5.2/../../../../arm-none-eabi/lib/thumb2\libstdc++.a(eh_personality.o)
 .text._ZL21base_of_encoded_valuehP15_Unwind_Context
                0x0001fc98       0x4c c:/progra~2/codesourcery/source~1/bin/../lib/gcc/arm-none-eabi/4.5.2/../../../../arm-none-eabi/lib/thumb2\libstdc++.a(eh_personality.o)
 .text._ZL17parse_lsda_headerP15_Unwind_ContextPKhP16lsda_header_info
                0x0001fce4       0x8c c:/progra~2/codesourcery/source~1/bin/../lib/gcc/arm-none-eabi/4.5.2/../../../../arm-none-eabi/lib/thumb2\libstdc++.a(eh_personality.o)
 .text.__gxx_personality_v0
                0x0001fd70      0x3ec c:/progra~2/codesourcery/source~1/bin/../lib/gcc/arm-none-eabi/4.5.2/../../../../arm-none-eabi/lib/thumb2\libstdc++.a(eh_personality.o)
                0x0001fd70                __gxx_personality_v0
 .text          0x0002015c        0x0 c:/progra~2/codesourcery/source~1/bin/../lib/gcc/arm-none-eabi/4.5.2/../../../../arm-none-eabi/lib/thumb2\libstdc++.a(eh_throw.o)
 .text._ZL23__gxx_exception_cleanup19_Unwind_Reason_CodeP21_Unwind_Control_Block
                0x0002015c       0x4c c:/progra~2/codesourcery/source~1/bin/../lib/gcc/arm-none-eabi/4.5.2/../../../../arm-none-eabi/lib/thumb2\libstdc++.a(eh_throw.o)
 .text.__cxa_throw
                0x000201a8       0x80 c:/progra~2/codesourcery/source~1/bin/../lib/gcc/arm-none-eabi/4.5.2/../../../../arm-none-eabi/lib/thumb2\libstdc++.a(eh_throw.o)
                0x000201a8                __cxa_throw
 .text.__cxa_rethrow
                0x00020228       0x78 c:/progra~2/codesourcery/source~1/bin/../lib/gcc/arm-none-eabi/4.5.2/../../../../arm-none-eabi/lib/thumb2\libstdc++.a(eh_throw.o)
                0x00020228                __cxa_rethrow
 .text          0x000202a0        0x0 c:/progra~2/codesourcery/source~1/bin/../lib/gcc/arm-none-eabi/4.5.2/../../../../arm-none-eabi/lib/thumb2\libstdc++.a(eh_unex_handler.o)
 .text          0x000202a0        0x0 c:/progra~2/codesourcery/source~1/bin/../lib/gcc/arm-none-eabi/4.5.2/../../../../arm-none-eabi/lib/thumb2\libstdc++.a(eh_globals.o)
 .text.__cxa_get_globals_fast
                0x000202a0        0xc c:/progra~2/codesourcery/source~1/bin/../lib/gcc/arm-none-eabi/4.5.2/../../../../arm-none-eabi/lib/thumb2\libstdc++.a(eh_globals.o)
                0x000202a0                __cxa_get_globals_fast
 .text.__cxa_get_globals
                0x000202ac        0xc c:/progra~2/codesourcery/source~1/bin/../lib/gcc/arm-none-eabi/4.5.2/../../../../arm-none-eabi/lib/thumb2\libstdc++.a(eh_globals.o)
                0x000202ac                __cxa_get_globals
 .text          0x000202b8        0x0 c:/progra~2/codesourcery/source~1/bin/../lib/gcc/arm-none-eabi/4.5.2/../../../../arm-none-eabi/lib/thumb2\libstdc++.a(eh_catch.o)
 .text.__cxa_get_exception_ptr
                0x000202b8        0x4 c:/progra~2/codesourcery/source~1/bin/../lib/gcc/arm-none-eabi/4.5.2/../../../../arm-none-eabi/lib/thumb2\libstdc++.a(eh_catch.o)
                0x000202b8                __cxa_get_exception_ptr
 .text.__cxa_begin_catch
                0x000202bc       0x9c c:/progra~2/codesourcery/source~1/bin/../lib/gcc/arm-none-eabi/4.5.2/../../../../arm-none-eabi/lib/thumb2\libstdc++.a(eh_catch.o)
                0x000202bc                __cxa_begin_catch
 .text.__cxa_end_catch
                0x00020358       0x98 c:/progra~2/codesourcery/source~1/bin/../lib/gcc/arm-none-eabi/4.5.2/../../../../arm-none-eabi/lib/thumb2\libstdc++.a(eh_catch.o)
                0x00020358                __cxa_end_catch
 .text._ZSt18uncaught_exceptionv
                0x000203f0       0x10 c:/progra~2/codesourcery/source~1/bin/../lib/gcc/arm-none-eabi/4.5.2/../../../../arm-none-eabi/lib/thumb2\libstdc++.a(eh_catch.o)
                0x000203f0                std::uncaught_exception()
 .text          0x00020400        0x0 c:/progra~2/codesourcery/source~1/bin/../lib/gcc/arm-none-eabi/4.5.2/../../../../arm-none-eabi/lib/thumb2\libstdc++.a(vterminate.o)
 .text._ZN9__gnu_cxx27__verbose_terminate_handlerEv
                0x00020400      0x148 c:/progra~2/codesourcery/source~1/bin/../lib/gcc/arm-none-eabi/4.5.2/../../../../arm-none-eabi/lib/thumb2\libstdc++.a(vterminate.o)
                0x00020400                __gnu_cxx::__verbose_terminate_handler()
 .text          0x00020548        0x0 c:/progra~2/codesourcery/source~1/bin/../lib/gcc/arm-none-eabi/4.5.2/../../../../arm-none-eabi/lib/thumb2\libstdc++.a(eh_exception.o)
 .text._ZNSt9exceptionD2Ev
                0x00020548        0xc c:/progra~2/codesourcery/source~1/bin/../lib/gcc/arm-none-eabi/4.5.2/../../../../arm-none-eabi/lib/thumb2\libstdc++.a(eh_exception.o)
                0x00020548                std::exception::~exception()
                0x00020548                std::exception::~exception()
 .text._ZNSt13bad_exceptionD2Ev
                0x00020554        0xc c:/progra~2/codesourcery/source~1/bin/../lib/gcc/arm-none-eabi/4.5.2/../../../../arm-none-eabi/lib/thumb2\libstdc++.a(eh_exception.o)
                0x00020554                std::bad_exception::~bad_exception()
                0x00020554                std::bad_exception::~bad_exception()
 .text._ZN10__cxxabiv115__forced_unwindD2Ev
                0x00020560        0xc c:/progra~2/codesourcery/source~1/bin/../lib/gcc/arm-none-eabi/4.5.2/../../../../arm-none-eabi/lib/thumb2\libstdc++.a(eh_exception.o)
                0x00020560                __cxxabiv1::__forced_unwind::~__forced_unwind()
                0x00020560                __cxxabiv1::__forced_unwind::~__forced_unwind()
 .text._ZN10__cxxabiv119__foreign_exceptionD2Ev
                0x0002056c        0xc c:/progra~2/codesourcery/source~1/bin/../lib/gcc/arm-none-eabi/4.5.2/../../../../arm-none-eabi/lib/thumb2\libstdc++.a(eh_exception.o)
                0x0002056c                __cxxabiv1::__foreign_exception::~__foreign_exception()
                0x0002056c                __cxxabiv1::__foreign_exception::~__foreign_exception()
 .text._ZNKSt9exception4whatEv
                0x00020578        0xc c:/progra~2/codesourcery/source~1/bin/../lib/gcc/arm-none-eabi/4.5.2/../../../../arm-none-eabi/lib/thumb2\libstdc++.a(eh_exception.o)
                0x00020578                std::exception::what() const
 .text._ZNKSt13bad_exception4whatEv
                0x00020584        0xc c:/progra~2/codesourcery/source~1/bin/../lib/gcc/arm-none-eabi/4.5.2/../../../../arm-none-eabi/lib/thumb2\libstdc++.a(eh_exception.o)
                0x00020584                std::bad_exception::what() const
 .text._ZN10__cxxabiv119__foreign_exceptionD0Ev
                0x00020590       0x14 c:/progra~2/codesourcery/source~1/bin/../lib/gcc/arm-none-eabi/4.5.2/../../../../arm-none-eabi/lib/thumb2\libstdc++.a(eh_exception.o)
                0x00020590                __cxxabiv1::__foreign_exception::~__foreign_exception()
 .text._ZN10__cxxabiv115__forced_unwindD0Ev
                0x000205a4       0x14 c:/progra~2/codesourcery/source~1/bin/../lib/gcc/arm-none-eabi/4.5.2/../../../../arm-none-eabi/lib/thumb2\libstdc++.a(eh_exception.o)
                0x000205a4                __cxxabiv1::__forced_unwind::~__forced_unwind()
 .text._ZNSt13bad_exceptionD0Ev
                0x000205b8       0x14 c:/progra~2/codesourcery/source~1/bin/../lib/gcc/arm-none-eabi/4.5.2/../../../../arm-none-eabi/lib/thumb2\libstdc++.a(eh_exception.o)
                0x000205b8                std::bad_exception::~bad_exception()
 .text._ZNSt9exceptionD0Ev
                0x000205cc       0x14 c:/progra~2/codesourcery/source~1/bin/../lib/gcc/arm-none-eabi/4.5.2/../../../../arm-none-eabi/lib/thumb2\libstdc++.a(eh_exception.o)
                0x000205cc                std::exception::~exception()
 .text          0x000205e0        0x0 c:/progra~2/codesourcery/source~1/bin/../lib/gcc/arm-none-eabi/4.5.2/../../../../arm-none-eabi/lib/thumb2\libstdc++.a(eh_type.o)
 .text.__cxa_current_exception_type
                0x000205e0       0x1c c:/progra~2/codesourcery/source~1/bin/../lib/gcc/arm-none-eabi/4.5.2/../../../../arm-none-eabi/lib/thumb2\libstdc++.a(eh_type.o)
                0x000205e0                __cxa_current_exception_type
 .text          0x000205fc        0xc c:/progra~2/codesourcery/source~1/bin/../lib/gcc/arm-none-eabi/4.5.2/../../../../arm-none-eabi/lib/thumb2\libstdc++.a(eh_arm.o)
                0x000205fc                __cxa_end_cleanup
 .text.__cxa_type_match
                0x00020608       0xd0 c:/progra~2/codesourcery/source~1/bin/../lib/gcc/arm-none-eabi/4.5.2/../../../../arm-none-eabi/lib/thumb2\libstdc++.a(eh_arm.o)
                0x00020608                __cxa_type_match
 .text.__cxa_begin_cleanup
                0x000206d8       0x70 c:/progra~2/codesourcery/source~1/bin/../lib/gcc/arm-none-eabi/4.5.2/../../../../arm-none-eabi/lib/thumb2\libstdc++.a(eh_arm.o)
                0x000206d8                __cxa_begin_cleanup
 .text.__gnu_end_cleanup
                0x00020748       0x7c c:/progra~2/codesourcery/source~1/bin/../lib/gcc/arm-none-eabi/4.5.2/../../../../arm-none-eabi/lib/thumb2\libstdc++.a(eh_arm.o)
                0x00020748                __gnu_end_cleanup
 .text          0x000207c4        0x0 c:/progra~2/codesourcery/source~1/bin/../lib/gcc/arm-none-eabi/4.5.2/../../../../arm-none-eabi/lib/thumb2\libstdc++.a(eh_alloc.o)
 .text.__cxa_allocate_exception
                0x000207c4       0x7c c:/progra~2/codesourcery/source~1/bin/../lib/gcc/arm-none-eabi/4.5.2/../../../../arm-none-eabi/lib/thumb2\libstdc++.a(eh_alloc.o)
                0x000207c4                __cxa_allocate_exception
 .text.__cxa_free_exception
                0x00020840       0x3c c:/progra~2/codesourcery/source~1/bin/../lib/gcc/arm-none-eabi/4.5.2/../../../../arm-none-eabi/lib/thumb2\libstdc++.a(eh_alloc.o)
                0x00020840                __cxa_free_exception
 .text.__cxa_allocate_dependent_exception
                0x0002087c       0x78 c:/progra~2/codesourcery/source~1/bin/../lib/gcc/arm-none-eabi/4.5.2/../../../../arm-none-eabi/lib/thumb2\libstdc++.a(eh_alloc.o)
                0x0002087c                __cxa_allocate_dependent_exception
 .text.__cxa_free_dependent_exception
                0x000208f4       0x4c c:/progra~2/codesourcery/source~1/bin/../lib/gcc/arm-none-eabi/4.5.2/../../../../arm-none-eabi/lib/thumb2\libstdc++.a(eh_alloc.o)
                0x000208f4                __cxa_free_dependent_exception
 .text._GLOBAL__I___cxa_allocate_exception
                0x00020940        0x4 c:/progra~2/codesourcery/source~1/bin/../lib/gcc/arm-none-eabi/4.5.2/../../../../arm-none-eabi/lib/thumb2\libstdc++.a(eh_alloc.o)
 .text          0x00020944     0x912c c:/progra~2/codesourcery/source~1/bin/../lib/gcc/arm-none-eabi/4.5.2/../../../../arm-none-eabi/lib/thumb2\libstdc++.a(cp-demangle.o)
                0x00029968                __cxa_demangle
                0x00029a44                __gcclibcxx_demangle_callback
 .text          0x00029a70      0x21c c:/progra~2/codesourcery/source~1/bin/../lib/gcc/arm-none-eabi/4.5.2/thumb2\libgcc.a(_arm_addsubsf3.o)
                0x00029a70                __aeabi_frsub
                0x00029a78                __subsf3
                0x00029a78                __aeabi_fsub
                0x00029a7c                __aeabi_fadd
                0x00029a7c                __addsf3
                0x00029bdc                __aeabi_ui2f
                0x00029bdc                __floatunsisf
                0x00029be4                __aeabi_i2f
                0x00029be4                __floatsisf
                0x00029c00                __aeabi_ul2f
                0x00029c00                __floatundisf
                0x00029c10                __aeabi_l2f
                0x00029c10                __floatdisf
 .text          0x00029c8c      0x2a0 c:/progra~2/codesourcery/source~1/bin/../lib/gcc/arm-none-eabi/4.5.2/thumb2\libgcc.a(_arm_muldivsf3.o)
                0x00029c8c                __mulsf3
                0x00029c8c                __aeabi_fmul
                0x00029df4                __aeabi_fdiv
                0x00029df4                __divsf3
 .text          0x00029f2c       0xec c:/progra~2/codesourcery/source~1/bin/../lib/gcc/arm-none-eabi/4.5.2/thumb2\libgcc.a(_arm_cmpsf2.o)
                0x00029f2c                __gesf2
                0x00029f2c                __gtsf2
                0x00029f34                __lesf2
                0x00029f34                __ltsf2
                0x00029f3c                __nesf2
                0x00029f3c                __eqsf2
                0x00029f3c                __cmpsf2
                0x00029f9c                __aeabi_cfrcmple
                0x00029fa4                __aeabi_cfcmpeq
                0x00029fa4                __aeabi_cfcmple
                0x00029fb4                __aeabi_fcmpeq
                0x00029fc8                __aeabi_fcmplt
                0x00029fdc                __aeabi_fcmple
                0x00029ff0                __aeabi_fcmpge
                0x0002a004                __aeabi_fcmpgt