Archive member included because of file (symbol)

c:/progra~2/codesourcery/source~1/bin/../lib/gcc/arm-none-eabi/4.5.2/../../../../arm-none-eabi/lib/thumb2\libstdc++.a(si_class_type_info.o)
                              build\Menu.o (vtable for __cxxabiv1::__si_class_type_info)
c:/progra~2/codesourcery/source~1/bin/../lib/gcc/arm-none-eabi/4.5.2/../../../../arm-none-eabi/lib/thumb2\libstdc++.a(class_type_info.o)
                              c:/progra~2/codesourcery/source~1/bin/../lib/gcc/arm-none-eabi/4.5.2/../../../../arm-none-eabi/lib/thumb2\libstdc++.a(si_class_type_info.o) (__cxxabiv1::__class_type_info::__do_upcast(__cxxabiv1::__class_type_info const*, void**) const)
c:/progra~2/codesourcery/source~1/bin/../lib/gcc/arm-none-eabi/4.5.2/../../../../arm-none-eabi/lib/thumb2\libstdc++.a(tinfo.o)
                              c:/progra~2/codesourcery/source~1/bin/../lib/gcc/arm-none-eabi/4.5.2/../../../../arm-none-eabi/lib/thumb2\libstdc++.a(class_type_info.o) (std::type_info::~type_info())
c:/progra~2/codesourcery/source~1/bin/../lib/gcc/arm-none-eabi/4.5.2/thumb2\libgcc.a(_arm_addsubsf3.o)
                              build\PID.o (__aeabi_fsub)
c:/progra~2/codesourcery/source~1/bin/../lib/gcc/arm-none-eabi/4.5.2/thumb2\libgcc.a(_arm_muldivsf3.o)
                              build\PID.o (__aeabi_fmul)
c:/progra~2/codesourcery/source~1/bin/../lib/gcc/arm-none-eabi/4.5.2/thumb2\libgcc.a(_arm_fixsfsi.o)
                              build\PID.o (__aeabi_f2iz)
c:/progra~2/codesourcery/source~1/bin/../lib/gcc/arm-none-eabi/4.5.2/thumb2\libgcc.a(_aeabi_uldivmod.o)
                              build\lib\source\lpc17xx_timer.o (__aeabi_uldivmod)
c:/progra~2/codesourcery/source~1/bin/../lib/gcc/arm-none-eabi/4.5.2/thumb2\libgcc.a(bpabi.o)
                              c:/progra~2/codesourcery/source~1/bin/../lib/gcc/arm-none-eabi/4.5.2/thumb2\libgcc.a(_aeabi_uldivmod.o) (__gnu_uldivmod_helper)
c:/progra~2/codesourcery/source~1/bin/../lib/gcc/arm-none-eabi/4.5.2/thumb2\libgcc.a(unwind-arm.o)
                              build\Command.o (__aeabi_unwind_cpp_pr0)
c:/progra~2/codesourcery/source~1/bin/../lib/gcc/arm-none-eabi/4.5.2/thumb2\libgcc.a(libunwind.o)
                              c:/progra~2/codesourcery/source~1/bin/../lib/gcc/arm-none-eabi/4.5.2/thumb2\libgcc.a(unwind-arm.o) (restore_core_regs)
c:/progra~2/codesourcery/source~1/bin/../lib/gcc/arm-none-eabi/4.5.2/thumb2\libgcc.a(pr-support.o)
                              c:/progra~2/codesourcery/source~1/bin/../lib/gcc/arm-none-eabi/4.5.2/thumb2\libgcc.a(unwind-arm.o) (__gnu_unwind_execute)
c:/progra~2/codesourcery/source~1/bin/../lib/gcc/arm-none-eabi/4.5.2/thumb2\libgcc.a(_dvmd_tls.o)
                              c:/progra~2/codesourcery/source~1/bin/../lib/gcc/arm-none-eabi/4.5.2/thumb2\libgcc.a(_aeabi_uldivmod.o) (__aeabi_ldiv0)
c:/progra~2/codesourcery/source~1/bin/../lib/gcc/arm-none-eabi/4.5.2/thumb2\libgcc.a(_divdi3.o)
                              c:/progra~2/codesourcery/source~1/bin/../lib/gcc/arm-none-eabi/4.5.2/thumb2\libgcc.a(bpabi.o) (__divdi3)
c:/progra~2/codesourcery/source~1/bin/../lib/gcc/arm-none-eabi/4.5.2/thumb2\libgcc.a(_udivdi3.o)
                              c:/progra~2/codesourcery/source~1/bin/../lib/gcc/arm-none-eabi/4.5.2/thumb2\libgcc.a(bpabi.o) (__udivdi3)
c:/progra~2/codesourcery/source~1/bin/../lib/gcc/arm-none-eabi/4.5.2/thumb2\libgcc.a(_udivsi3.o)
                              c:/progra~2/codesourcery/source~1/bin/../lib/gcc/arm-none-eabi/4.5.2/thumb2\libgcc.a(_divdi3.o) (__aeabi_uidiv)
c:/progra~2/codesourcery/source~1/bin/../lib/gcc/arm-none-eabi/4.5.2/../../../../arm-none-eabi/lib/thumb2\libc.a(lib_a-abort.o)
                              build\system\syscalls.o (abort)
c:/progra~2/codesourcery/source~1/bin/../lib/gcc/arm-none-eabi/4.5.2/../../../../arm-none-eabi/lib/thumb2\libc.a(lib_a-malloc.o)
                              build\system\mini_cpp.o (malloc)
c:/progra~2/codesourcery/source~1/bin/../lib/gcc/arm-none-eabi/4.5.2/../../../../arm-none-eabi/lib/thumb2\libc.a(lib_a-mallocr.o)
                              c:/progra~2/codesourcery/source~1/bin/../lib/gcc/arm-none-eabi/4.5.2/../../../../arm-none-eabi/lib/thumb2\libc.a(lib_a-malloc.o) (_malloc_r)
c:/progra~2/codesourcery/source~1/bin/../lib/gcc/arm-none-eabi/4.5.2/../../../../arm-none-eabi/lib/thumb2\libc.a(lib_a-memcpy.o)
                              build\lib_sd\fat.o (memcpy)
c:/progra~2/codesourcery/source~1/bin/../lib/gcc/arm-none-eabi/4.5.2/../../../../arm-none-eabi/lib/thumb2\libc.a(lib_a-memset.o)
                              build\lib_sd\fat.o (memset)
c:/progra~2/codesourcery/source~1/bin/../lib/gcc/arm-none-eabi/4.5.2/../../../../arm-none-eabi/lib/thumb2\libc.a(lib_a-mlock.o)
                              c:/progra~2/codesourcery/source~1/bin/../lib/gcc/arm-none-eabi/4.5.2/../../../../arm-none-eabi/lib/thumb2\libc.a(lib_a-mallocr.o) (__malloc_lock)
[...]
Memory Configuration

Name             Origin             Length             Attributes
rom              0x00003000         0x0007d000         xr
ram              0x10000000         0x00007000         xrw
ram1             0x2007c000         0x00004000         xrw
ram2             0x20080000         0x00004000         xrw
*default*        0x00000000         0xffffffff

Linker script and memory map

LOAD c:/progra~2/codesourcery/source~1/bin/../lib/gcc/arm-none-eabi/4.5.2/thumb2/crti.o
LOAD c:/progra~2/codesourcery/source~1/bin/../lib/gcc/arm-none-eabi/4.5.2/thumb2/crtbegin.o
LOAD build\system\core_cm3.o
LOAD build\system\syscalls.o
LOAD build\system\system_LPC17xx.o
LOAD build\system\mini_cpp.o
LOAD build\system\startup_LPC17xx.o
LOAD build\lib\source\Uart32.o
LOAD build\lib\source\lpc17xx_adc.o
LOAD build\lib\source\lpc17xx_clkpwr.o
LOAD build\lib\source\lpc17xx_gpio.o
LOAD build\lib\source\lpc17xx_i2c.o
LOAD build\lib\source\lpc17xx_libcfg_default.o
LOAD build\lib\source\lpc17xx_nvic.o
LOAD build\lib\source\lpc17xx_pinsel.o
LOAD build\lib\source\lpc17xx_spi.o
LOAD build\lib\source\lpc17xx_timer.o
LOAD build\lib\source\lpc17xx_uart.o
LOAD build\lib_sd\byteordering.o
LOAD build\lib_sd\fat.o
LOAD build\lib_sd\partition.o
LOAD build\lib_sd\sd_raw.o
LOAD build\IAP_internal_flash_write\IAP.o
LOAD build\USBCDC\cdcuser.o
LOAD build\USBCDC\serial.o
LOAD build\USBCDC\usbcore.o
LOAD build\USBCDC\usbdesc.o
LOAD build\USBCDC\usbhw.o
LOAD build\USBCDC\usbuser.o
LOAD build\USBCDC\vcomdemo.o
LOAD build\ButtonArray.o
LOAD build\Command.o
LOAD build\DebugPacketProcessor.o
LOAD build\Delay.o
LOAD build\EepromMap.o
LOAD build\Host.o
LOAD build\Interface.o
LOAD build\InterfaceBoard.o
LOAD build\LPCPort.o
LOAD build\LiquidCrystal.o
LOAD build\Main.o
LOAD build\Menu.o
LOAD build\Microsteps.o
LOAD build\Motherboard.o
LOAD build\PID.o
LOAD build\Packet.o
LOAD build\SDCard.o
LOAD build\StepperAxis.o
LOAD build\StepperInterface.o
LOAD build\Steppers.o
LOAD build\Timeout.o
LOAD build\Tool.o
LOAD build\UART.o
                0x10007000                PROVIDE (__cs3_stack, (__cs3_region_start_ram + __cs3_region_size_ram))
                0x00005bc8                PROVIDE (__cs3_stack_size, ((__cs3_region_start_ram + __cs3_region_size_ram) - _end))
                0x10001438                PROVIDE (__cs3_heap_start, _end)
                0x10007000                PROVIDE (__cs3_heap_end, (__cs3_region_start_ram + __cs3_region_size_ram))

.text           0x00003000    0x196f8
 CREATE_OBJECT_SYMBOLS
                0x00003000                __cs3_region_start_rom = .
 *(.cs3.region-head.rom)
                0x00003000                __cs3_interrupt_vector = __cs3_interrupt_vector_cortex_m
 *(.cs3.interrupt_vector)
 .cs3.interrupt_vector
                0x00003000       0xcc build\system\startup_LPC17xx.o
                0x00003000                __cs3_interrupt_vector_cortex_m
                0x00003001                ASSERT ((. != __cs3_interrupt_vector_cortex_m), No interrupt vector)
 *(.rom)
 *(.rom.b)
                0x000030cc                __cs3_reset = __cs3_reset_cortex_m
 *(.cs3.reset)
 .cs3.reset     0x000030cc       0x10 build\system\startup_LPC17xx.o
                0x000030cc                __cs3_reset_cortex_m
                0x00003001                ASSERT ((. != __cs3_reset), No reset code)
 *(.text .text.* .gnu.linkonce.t.*)
 .text          0x000030dc        0x0 c:/progra~2/codesourcery/source~1/bin/../lib/gcc/arm-none-eabi/4.5.2/thumb2/crti.o
 .text          0x000030dc       0x30 c:/progra~2/codesourcery/source~1/bin/../lib/gcc/arm-none-eabi/4.5.2/thumb2/crtbegin.o
 .text          0x0000310c        0x0 build\system\core_cm3.o
 .text          0x0000310c      0x188 build\system\syscalls.o
                0x0000310c                _kill
                0x00003134                _exit
                0x00003140                _getpid
                0x00003150                get_heap_end
                0x00003164                get_stack_top
                0x00003178                _sbrk
                0x000031cc                _close
                0x000031e4                _fstat
                0x00003208                _isatty
                0x00003220                _lseek
                0x0000323c                _read
                0x00003258                _write
 .text          0x00003294      0x318 build\system\system_LPC17xx.o
                0x00003294                SystemCoreClockUpdate
                0x0000343c                SystemInit
 .text          0x000035ac       0x6c build\system\mini_cpp.o
                0x000035ac                operator new(unsigned int)
                0x000035c8                operator new[](unsigned int)
                0x000035e4                operator delete(void*)
                0x000035fc                __aeabi_atexit
 .text          0x00003618       0x14 build\system\startup_LPC17xx.o
                0x00003618                NMI_Handler
                0x0000361a                HardFault_Handler
                0x0000361c                MemManage_Handler
                0x0000361e                BusFault_Handler
                0x00003620                UsageFault_Handler
                0x00003622                SVC_Handler
                0x00003624                DebugMon_Handler
                0x00003626                PendSV_Handler
                0x00003628                SysTick_Handler
                0x0000362a                PWM1_IRQHandler
                0x0000362a                I2C1_IRQHandler
                0x0000362a                EINT2_IRQHandler
                0x0000362a                EINT3_IRQHandler
                0x0000362a                TIMER3_IRQHandler
                0x0000362a                UART0_IRQHandler
                0x0000362a                I2C0_IRQHandler
                0x0000362a                RIT_IRQHandler
                0x0000362a                CAN_IRQHandler
                0x0000362a                PLL1_IRQHandler
                0x0000362a                SSP0_IRQHandler
                0x0000362a                I2S_IRQHandler
                0x0000362a                I2C2_IRQHandler
                0x0000362a                RTC_IRQHandler
                0x0000362a                SPI_IRQHandler
                0x0000362a                EINT1_IRQHandler
                0x0000362a                UART2_IRQHandler
                0x0000362a                Default_Handler
                0x0000362a                ADC_IRQHandler
                0x0000362a                SSP1_IRQHandler
                0x0000362a                BOD_IRQHandler
                0x0000362a                USBActivity_IRQHandler
                0x0000362a                WDT_IRQHandler
                0x0000362a                PLL0_IRQHandler
                0x0000362a                QEI_IRQHandler
                0x0000362a                EINT0_IRQHandler
                0x0000362a                DMA_IRQHandler
                0x0000362a                TIMER2_IRQHandler
                0x0000362a                UART3_IRQHandler
                0x0000362a                MCPWM_IRQHandler
                0x0000362a                ENET_IRQHandler
 .text          0x0000362c       0xe4 build\lib\source\Uart32.o
                0x0000362c                UART_8
                0x0000364c                UART_32_DEC
                0x000036ac                UART_32_HEX
 .text          0x00003710      0x518 build\lib\source\lpc17xx_adc.o
                0x00003710                ADC_Init
                0x000037a8                ADC_DeInit
                0x000037ec                ADC_GetData
                0x00003820                ADC_StartCmd
                0x000038a4                ADC_BurstCmd
                0x000038f0                ADC_PowerdownCmd
                0x0000393c                ADC_EdgeStartConfig
                0x000039a0                ADC_IntConfig
                0x00003a44                ADC_ChannelCmd
                0x00003aac                ADC_ChannelGetData
                0x00003b00                ADC_ChannelGetStatus
                0x00003b84                ADC_GlobalGetData
                0x00003bb4                ADC_GlobalGetStatus
 .text          0x00003c28      0x250 build\lib\source\lpc17xx_clkpwr.o
                0x00003c28                CLKPWR_SetPCLKDiv
                0x00003cc8                CLKPWR_GetPCLKSEL
                0x00003d14                CLKPWR_GetPCLK
                0x00003d84                CLKPWR_ConfigPPWR
                0x00003de4                CLKPWR_Sleep
                0x00003e00                CLKPWR_DeepSleep
                0x00003e28                CLKPWR_PowerDown
                0x00003e50                CLKPWR_DeepPowerDown
 .text          0x00003e78      0x958 build\lib\source\lpc17xx_gpio.o
                0x000040b8                GPIO_SetDir
                0x00004104                GPIO_GetDir
                0x00004134                GPIO_SetValue
                0x00004160                GPIO_ClearValue
                0x0000418c                GPIO_ReadValue
                0x000041bc                GPIO_IntCmd
                0x0000422c                GPIO_GetIntStatus
                0x000042d0                GPIO_ClearInt
                0x00004308                FIO_SetDir
                0x00004330                FIO_SetValue
                0x00004350                FIO_ClearValue
                0x00004370                FIO_ReadValue
                0x00004390                FIO_IntCmd
                0x000043b8                FIO_GetIntStatus
                0x000043e4                FIO_ClearInt
                0x00004404                FIO_SetMask
                0x00004434                FIO_HalfWordSetDir
                0x000044d0                FIO_HalfWordSetMask
                0x0000456c                FIO_HalfWordSetValue
                0x000045ac                FIO_HalfWordClearValue
                0x000045ec                FIO_HalfWordReadValue
                0x00004630                FIO_ByteSetDir
                0x000046a0                FIO_ByteSetMask
                0x00004718                FIO_ByteSetValue
                0x00004754                FIO_ByteClearValue
                0x00004790                FIO_ByteReadValue
 .text          0x000047d0     0x1348 build\lib\source\lpc17xx_i2c.o
                0x00004a60                I2C_Init
                0x00004b1c                I2C_DeInit
                0x00004ba8                I2C_Cmd
                0x00004c1c                I2C_IntCmd
                0x00004cac                I2C_MasterHandler
                0x00005070                I2C_SlaveHandler
                0x00005244                I2C_MasterTransferData
                0x00005578                I2C_SlaveTransferData
                0x000057d8                I2C_SetOwnSlaveAddr
                0x000058dc                I2C_MonitorModeConfig
                0x00005964                I2C_MonitorModeCmd
                0x00005a04                I2C_MonitorGetDatabuffer
                0x00005a50                I2C_MonitorHandler
                0x00005aa8                I2C_MasterTransferComplete
                0x00005ae0                I2C_SlaveTransferComplete
 .text          0x00005b18        0xc build\lib\source\lpc17xx_libcfg_default.o
                0x00005b18                check_failed
 .text          0x00005b24       0xfc build\lib\source\lpc17xx_nvic.o
                0x00005b24                NVIC_DeInit
                0x00005b84                NVIC_SCBDeInit
                0x00005c04                NVIC_SetVTOR
 .text          0x00005c20      0x284 build\lib\source\lpc17xx_pinsel.o
                0x00005dd4                PINSEL_ConfigTraceFunc
                0x00005e14                PINSEL_SetI2C0Pins
                0x00005e50                PINSEL_ConfigPin
 .text          0x00005ea4      0x58c build\lib\source\lpc17xx_spi.o
                0x00005ea4                SPI_SetClock
                0x00005f20                SPI_DeInit
                0x00005f60                SPI_GetDataSize
                0x00005f9c                SPI_Init
                0x00006034                SPI_ConfigStructInit
                0x00006078                SPI_SendData
                0x000060ac                SPI_ReceiveData
                0x000060e0                SPI_ReadWrite
                0x000062d4                SPI_IntCmd
                0x0000633c                SPI_GetIntStatus
                0x00006374                SPI_ClearIntPending
                0x000063a8                SPI_GetStatus
                0x000063dc                SPI_CheckStatus
 .text          0x00006430      0xab0 build\lib\source\lpc17xx_timer.o
                0x0000655c                TIM_GetIntStatus
                0x00006604                TIM_GetIntCaptureStatus
                0x000066b0                TIM_ClearIntPending
                0x0000673c                TIM_ClearIntCapturePending
                0x000067cc                TIM_ConfigStructInit
                0x0000680c                TIM_Init
                0x000069b4                TIM_DeInit
                0x00006a5c                TIM_Cmd
                0x00006acc                TIM_ResetCounter
                0x00006b30                TIM_ConfigMatch
                0x00006ce0                TIM_UpdateMatchValue
                0x00006d70                TIM_ConfigCapture
                0x00006e68                TIM_GetCaptureValue
 .text          0x00006ee0     0x16c0 build\lib\source\lpc17xx_uart.o
                0x000071e8                UART_Init
                0x0000750c                UART_DeInit
                0x000075b4                UART_ConfigStructInit
                0x000075e8                UART_SendByte
                0x00007650                UART_ReceiveByte
                0x000076b8                UART_Send
                0x000077c4                UART_Receive
                0x0000789c                UART_ForceBreak
                0x00007914                UART_IntConfig
                0x00007aac                UART_GetLineStatus
                0x00007b14                UART_GetIntId
                0x00007b70                UART_CheckBusy
                0x00007b9c                UART_FIFOConfig
                0x00007cf8                UART_FIFOConfigStructInit
                0x00007d2c                UART_ABCmd
                0x00007e74                UART_ABClearIntPending
                0x00007ee8                UART_TxCmd
                0x00007fb4                UART_IrDAInvtInputCmd
                0x00008030                UART_IrDACmd
                0x000080a4                UART_IrDAPulseDivConfig
                0x00008144                UART_FullModemForcePinState
                0x00008200                UART_FullModemConfigMode
                0x000082c8                UART_FullModemGetStatus
                0x000082fc                UART_RS485Config
                0x00008484                UART_RS485ReceiverCmd
                0x000084cc                UART_RS485Send
                0x00008550                UART_RS485SendSlvAddr
                0x00008578                UART_RS485SendData
 .text          0x000085a0       0xf8 build\lib_sd\byteordering.o
                0x000085a0                read16
                0x000085d0                read32
                0x00008614                write16
                0x00008644                write32
 .text          0x00008698     0x1cb8 build\lib_sd\fat.o
                0x00008698                fat_open
                0x00008734                fat_close
                0x00008d1c                fat_get_dir_entry_of_path
                0x00008e54                fat_open_file
                0x00008efc                fat_close_file
                0x00008f1c                fat_read_file
                0x000090ac                fat_write_file
                0x000092cc                fat_seek_file
                0x00009368                fat_resize_file
                0x000094ac                fat_open_dir
                0x00009548                fat_close_dir
                0x00009568                fat_read_dir
                0x000096f0                fat_reset_dir
                0x00009f28                fat_create_file
                0x00009fe4                fat_delete_file
                0x0000a09c                fat_create_dir
                0x0000a220                fat_get_fs_size
                0x0000a254                fat_get_fs_free
 .text          0x0000a350      0x16c build\lib_sd\partition.o
                0x0000a350                partition_open
                0x0000a490                partition_close
 .text          0x0000a4bc      0xae4 build\lib_sd\sd_raw.o
                0x0000a4bc                sd_raw_init
                0x0000a73c                sd_raw_available
                0x0000a750                sd_raw_locked
                0x0000a880                sd_raw_read
                0x0000a9ac                sd_raw_read_interval
                0x0000aa2c                sd_raw_write
                0x0000ab98                sd_raw_write_interval
                0x0000ac34                sd_raw_sync
                0x0000ac80                sd_raw_get_info
 .text          0x0000afa0      0x214 build\IAP_internal_flash_write\IAP.o
                0x0000afa0                IAP::read_ID()
                0x0000afd4                IAP::read_serial()
                0x0000b008                IAP::blank_check(int, int)
                0x0000b04c                IAP::erase(int, int)
                0x0000b09c                IAP::prepare(int, int)
                0x0000b0e0                IAP::write(char*, char*, int)
                0x0000b138                IAP::compare(char*, char*, int)
                0x0000b184                IAP::reserved_flash_area_start()
                0x0000b19c                IAP::reserved_flash_area_size()
 .text          0x0000b1b4      0x468 build\USBCDC\cdcuser.o
                0x0000b1ec                CDC_RdOutBuf
                0x0000b25c                CDC_WrOutBuf
                0x0000b2b4                CDC_OutBufAvailChar
                0x0000b2e4                CDC_Init
                0x0000b30c                CDC_SendEncapsulatedCommand
                0x0000b31c                CDC_GetEncapsulatedResponse
                0x0000b32c                CDC_SetCommFeature
                0x0000b348                CDC_GetCommFeature
                0x0000b364                CDC_ClearCommFeature
                0x0000b380                CDC_SetLineCoding
                0x0000b3dc                CDC_GetLineCoding
                0x0000b440                CDC_SetControlLineState
                0x0000b45c                CDC_SendBreak
                0x0000b478                CDC_BulkIn
                0x0000b4c0                CDC_BulkOut
                0x0000b4d0                CDC_GetSerialState
                0x0000b5a4                CDC_NotificationIn
 .text          0x0000b61c      0x224 build\USBCDC\serial.o
                0x0000b61c                ser_OpenPort
                0x0000b630                ser_ClosePort
                0x0000b644                ser_InitPort0
                0x0000b69c                ser_Read
                0x0000b720                ser_Write
                0x0000b7ec                ser_AvailChar
                0x0000b818                ser_LineState
 .text          0x0000b840      0xe64 build\USBCDC\usbcore.o
                0x0000b840                USB_ResetCore
                0x0000b894                USB_SetupStage
                0x0000b8a8                USB_DataInStage
                0x0000b900                USB_DataOutStage
                0x0000b940                USB_StatusInStage
                0x0000b958                USB_StatusOutStage
                0x0000b96c                USB_ReqGetStatus
                0x0000ba88                USB_ReqSetClrFeature
                0x0000bbc8                USB_ReqSetAddress
                0x0000bc04                USB_ReqGetDescriptor
                0x0000bd2c                USB_ReqGetConfiguration
                0x0000bd64                USB_ReqSetConfiguration
                0x0000bfec                USB_ReqGetInterface
                0x0000c04c                USB_ReqSetInterface
                0x0000c230                USB_EndPoint0
 .text          0x0000c6a4        0x0 build\USBCDC\usbdesc.o
 .text          0x0000c6a4      0x9b8 build\USBCDC\usbhw.o
                0x0000c814                EPAdr
                0x0000c848                WrCmd
                0x0000c880                WrCmdDat
                0x0000c8dc                WrCmdEP
                0x0000c944                RdCmdDat
                0x0000c984                USB_Init
                0x0000ca64                USB_Connect
                0x0000ca94                USB_Reset
                0x0000cb04                USB_Suspend
                0x0000cb10                USB_Resume
                0x0000cb1c                USB_WakeUp
                0x0000cb44                USB_WakeUpCfg
                0x0000cb58                USB_SetAddress
                0x0000cb98                USB_Configure
                0x0000cbf0                USB_ConfigEP
                0x0000cc58                USB_DirCtrlEP
                0x0000cc6c                USB_EnableEP
                0x0000cc9c                USB_DisableEP
                0x0000cccc                USB_ResetEP
                0x0000ccfc                USB_SetStallEP
                0x0000cd2c                USB_ClrStallEP
                0x0000cd5c                USB_ClearEPBuf
                0x0000cd78                USB_ReadEP
                0x0000ce20                USB_WriteEP
                0x0000cea0                USB_GetFrame
                0x0000cedc                USB_IRQHandler
 .text          0x0000d05c      0x180 build\USBCDC\usbuser.o
                0x0000d05c                USB_Reset_Event
                0x0000d068                USB_Configure_Event
                0x0000d074                USB_EndPoint1
                0x0000d0b0                USB_EndPoint2
                0x0000d0d8                USB_EndPoint3
                0x0000d0ec                USB_EndPoint4
                0x0000d100                USB_EndPoint5
                0x0000d114                USB_EndPoint6
                0x0000d128                USB_EndPoint7
                0x0000d13c                USB_EndPoint8
                0x0000d150                USB_EndPoint9
                0x0000d164                USB_EndPoint10
                0x0000d178                USB_EndPoint11
                0x0000d18c                USB_EndPoint12
                0x0000d1a0                USB_EndPoint13
                0x0000d1b4                USB_EndPoint14
                0x0000d1c8                USB_EndPoint15
 .text          0x0000d1dc       0xb0 build\USBCDC\vcomdemo.o
                0x0000d1dc                VCOM_Init
                0x0000d1ec                VCOM_Usb2Serial
                0x0000d238                VCOM_CheckSerialState
                0x0000d268                VCOM_Start
 .text          0x0000d28c       0xc0 build\ButtonArray.o
                0x0000d28c                ButtonArray::init()
                0x0000d2b8                ButtonArray::scanButtons()
                0x0000d2d4                ButtonArray::getButton(ButtonArray::ButtonName&)
 .text._ZN10Port_ClassC2Ev
                0x0000d34c       0x20 build\ButtonArray.o
                0x0000d34c                Port_Class::Port_Class()
                0x0000d34c                Port_Class::Port_Class()
 .text          0x0000d36c      0xc80 build\Command.o
                0x0000d36c                command::getRemainingCapacity()
                0x0000d38c                command::pause(bool)
                0x0000d3ac                command::isPaused()
                0x0000d3c0                command::isEmpty()
                0x0000d3d4                command::push(unsigned char)
                0x0000d3f4                command::pop8()
                0x0000d408                command::pop16()
                0x0000d434                command::pop32()
                0x0000d474                command::reset()
                0x0000d490                command::runCommandSlice()
 .text._ZN5PointC2Elllll
                0x0000dfec       0x3c build\Command.o
                0x0000dfec                Point::Point(long, long, long, long, long)
                0x0000dfec                Point::Point(long, long, long, long, long)
 .text._ZN5PointC2Elll
                0x0000e028       0x64 build\Command.o
                0x0000e028                Point::Point(long, long, long)
                0x0000e028                Point::Point(long, long, long)
 .text._ZNK5PointixEj
                0x0000e08c       0x20 build\Command.o
                0x0000e08c                Point::operator[](unsigned int) const
 .text._ZN5PointixEj
                0x0000e0ac       0x20 build\Command.o
                0x0000e0ac                Point::operator[](unsigned int)
 .text._ZNK6Packet8hasErrorEv
                0x0000e0cc       0x28 build\Command.o
                0x0000e0cc                Packet::hasError() const
 .text._ZN19CircularBufferTemplIhEC2EtPh
                0x0000e0f4       0x48 build\Command.o
                0x0000e0f4                CircularBufferTempl<unsigned char>::CircularBufferTempl(unsigned short, unsigned char*)
                0x0000e0f4                CircularBufferTempl<unsigned char>::CircularBufferTempl(unsigned short, unsigned char*)
 .text._ZNK19CircularBufferTemplIhE20getRemainingCapacityEv
                0x0000e13c       0x24 build\Command.o
                0x0000e13c                CircularBufferTempl<unsigned char>::getRemainingCapacity() const
 .text._ZNK19CircularBufferTemplIhE7isEmptyEv
                0x0000e160       0x24 build\Command.o
                0x0000e160                CircularBufferTempl<unsigned char>::isEmpty() const
 .text._ZN19CircularBufferTemplIhE4pushEh
                0x0000e184       0x5c build\Command.o
                0x0000e184                CircularBufferTempl<unsigned char>::push(unsigned char)
 .text._ZN19CircularBufferTemplIhE3popEv
                0x0000e1e0       0x6c build\Command.o
                0x0000e1e0                CircularBufferTempl<unsigned char>::pop()
 .text._ZN19CircularBufferTemplIhE5resetEv
                0x0000e24c       0x34 build\Command.o
                0x0000e24c                CircularBufferTempl<unsigned char>::reset()
 .text._ZNK19CircularBufferTemplIhE9getLengthEv
                0x0000e280       0x1c build\Command.o
                0x0000e280                CircularBufferTempl<unsigned char>::getLength() const
 .text._ZN19CircularBufferTemplIhEixEt
                0x0000e29c       0x3c build\Command.o
                0x0000e29c                CircularBufferTempl<unsigned char>::operator[](unsigned short)
 .text          0x0000e2d8      0x340 build\DebugPacketProcessor.o
                0x0000e2d8                processDebugPacket(InPacket const&, OutPacket&)
 .text._ZNK6Packet9getLengthEv
                0x0000e618       0x1c build\DebugPacketProcessor.o
                0x0000e618                Packet::getLength() const
 .text._ZN11Motherboard8getBoardEv
                0x0000e634       0x14 build\DebugPacketProcessor.o
                0x0000e634                Motherboard::getBoard()
 .text          0x0000e648      0x140 build\Delay.o
                0x0000e648                few_ticks
                0x0000e710                _delay_us
                0x0000e748                _delay_ms
                0x0000e768                _delay_s
 .text          0x0000e788      0x7a8 build\EepromMap.o
                0x0000e788                print_menu()
                0x0000e7d0                test_uart()
                0x0000e890                test_led(unsigned char)
                0x0000e900                test_led2(unsigned char)
                0x0000e970                test_led3(unsigned char)
                0x0000e9e0                test_u()
                0x0000ea54                UART_8(LPC_UART_TypeDef*, unsigned char)
                0x0000ea74                UART_32_DEC(LPC_UART_TypeDef*, unsigned long)
                0x0000ead4                UART_32_HEX(LPC_UART_TypeDef*, unsigned long)
                0x0000eb38                read_all_from_flash()
                0x0000eb9c                save_to_flash()
                0x0000ebe8                microstep_pinout(unsigned char)
                0x0000ecc0                eeprom::init()
                0x0000edbc                eeprom::getEeprom8(unsigned long, unsigned char)
                0x0000ede8                eeprom::getEeprom16(unsigned long, unsigned short)
 .text._ZN3IAPC2Ev
                0x0000ef30       0x3c build\EepromMap.o
                0x0000ef30                IAP::IAP()
                0x0000ef30                IAP::IAP()
 .text          0x0000ef6c      0x894 build\Host.o
                0x0000f050                host::runHostSlice()
                0x0000f1dc                host::processCommandPacket(InPacket const&, OutPacket&)
                0x0000f2c4                host::doToolPause(OutPacket&)
                0x0000f3e0                host::processQueryPacket(InPacket const&, OutPacket&)
                0x0000f5c8                host::getMachineName()
                0x0000f65c                host::getBuildName()
                0x0000f670                host::getHostState()
                0x0000f684                host::startBuildFromSD()
                0x0000f6bc                host::stopBuild()
 .text._ZN6Packet5errorEh
                0x0000f800       0x24 build\Host.o
                0x0000f800                Packet::error(unsigned char)
 .text._ZNK6Packet12getErrorCodeEv
                0x0000f824       0x1c build\Host.o
                0x0000f824                Packet::getErrorCode() const
 .text._ZNK6Packet7getDataEv
                0x0000f840       0x1c build\Host.o
                0x0000f840                Packet::getData() const
 .text._ZNK8InPacket10isFinishedEv
                0x0000f85c       0x28 build\Host.o
                0x0000f85c                InPacket::isFinished() const
 .text._ZNK8InPacket9isStartedEv
                0x0000f884       0x28 build\Host.o
                0x0000f884                InPacket::isStarted() const
 .text._ZN8InPacket7timeoutEv
                0x0000f8ac       0x1c build\Host.o
                0x0000f8ac                InPacket::timeout()
 .text._ZNK9OutPacket9isSendingEv
                0x0000f8c8       0x38 build\Host.o
                0x0000f8c8                OutPacket::isSending() const
 .text._ZN4UART11getHostUARTEv
                0x0000f900       0x14 build\Host.o
                0x0000f900                UART::getHostUART()
 .text._ZNK7Timeout8isActiveEv
                0x0000f914       0x18 build\Host.o
                0x0000f914                Timeout::isActive() const
 .text._ZN11Motherboard19getStepperInterfaceEi
                0x0000f92c       0x28 build\Host.o
                0x0000f92c                Motherboard::getStepperInterface(int)
 .text._ZN4host13handleVersionERK8InPacketR9OutPacket
                0x0000f954       0x58 build\Host.o
                0x0000f954                host::handleVersion(InPacket const&, OutPacket&)
 .text._ZN4host18handleGetBuildNameERK8InPacketR9OutPacket
                0x0000f9ac       0x5c build\Host.o
                0x0000f9ac                host::handleGetBuildName(InPacket const&, OutPacket&)
 .text._ZN4host19handleGetBufferSizeERK8InPacketR9OutPacket
                0x0000fa08       0x2c build\Host.o
                0x0000fa08                host::handleGetBufferSize(InPacket const&, OutPacket&)
 .text._ZN4host17handleGetPositionERK8InPacketR9OutPacket
                0x0000fa34      0x110 build\Host.o
                0x0000fa34                host::handleGetPosition(InPacket const&, OutPacket&)
 .text._ZN4host20handleGetPositionExtERK8InPacketR9OutPacket
                0x0000fb44      0x148 build\Host.o
                0x0000fb44                host::handleGetPositionExt(InPacket const&, OutPacket&)
 .text._ZN4host19handleCaptureToFileERK8InPacketR9OutPacket
                0x0000fc8c       0x3c build\Host.o
                0x0000fc8c                host::handleCaptureToFile(InPacket const&, OutPacket&)
 .text._ZN4host16handleEndCaptureERK8InPacketR9OutPacket
                0x0000fcc8       0x2c build\Host.o
                0x0000fcc8                host::handleEndCapture(InPacket const&, OutPacket&)
 .text._ZN4host14handlePlaybackERK8InPacketR9OutPacket
                0x0000fcf4       0x84 build\Host.o
                0x0000fcf4                host::handlePlayback(InPacket const&, OutPacket&)
 .text._ZN4host18handleNextFilenameERK8InPacketR9OutPacket
                0x0000fd78      0x10c build\Host.o
                0x0000fd78                host::handleNextFilename(InPacket const&, OutPacket&)
 .text._ZN4host15handleToolQueryERK8InPacketR9OutPacket
                0x0000fe84      0x17c build\Host.o
                0x0000fe84                host::handleToolQuery(InPacket const&, OutPacket&)
 .text._ZN4host11handlePauseERK8InPacketR9OutPacket
                0x00010000       0x34 build\Host.o
                0x00010000                host::handlePause(InPacket const&, OutPacket&)
 .text._ZN4host16handleIsFinishedERK8InPacketR9OutPacket
                0x00010034       0x60 build\Host.o
                0x00010034                host::handleIsFinished(InPacket const&, OutPacket&)
 .text._ZN4host16handleReadEepromERK8InPacketR9OutPacket
                0x00010094       0xb4 build\Host.o
                0x00010094                host::handleReadEeprom(InPacket const&, OutPacket&)
 .text._ZN4host17handleWriteEepromERK8InPacketR9OutPacket
                0x00010148       0xd0 build\Host.o
                0x00010148                host::handleWriteEeprom(InPacket const&, OutPacket&)
 .text._ZN4host18handleExtendedStopERK8InPacketR9OutPacket
                0x00010218       0x54 build\Host.o
                0x00010218                host::handleExtendedStop(InPacket const&, OutPacket&)
 .text._ZN4host27handleGetCommunicationStatsERK8InPacketR9OutPacket
                0x0001026c       0x60 build\Host.o
                0x0001026c                host::handleGetCommunicationStats(InPacket const&, OutPacket&)
 .text          0x000102cc      0x1dc build\Interface.o
                0x000102cc                interface::isConnected()
                0x000103cc                interface::init(InterfaceBoard*, LiquidCrystal*)
                0x000103f4                interface::pushScreen(Screen*)
                0x00010414                interface::popScreen()
                0x00010428                interface::doInterrupt()
                0x0001043c                interface::getUpdateRate()
                0x00010454                interface::doUpdate()
 .text._ZN10Port_ClassC2E8portname
                0x000104a8       0x20 build\Interface.o
                0x000104a8                Port_Class::Port_Class(portname)
                0x000104a8                Port_Class::Port_Class(portname)
 .text._ZN10Port_Class15setPinDirectionEhb
                0x000104c8       0x74 build\Interface.o
                0x000104c8                Port_Class::setPinDirection(unsigned char, bool)
 .text._ZN10Port_Class6getPinEh
                0x0001053c       0x4c build\Interface.o
                0x0001053c                Port_Class::getPin(unsigned char)
 .text._ZN10Port_Class6setPinEhb
                0x00010588       0x5c build\Interface.o
                0x00010588                Port_Class::setPin(unsigned char, bool)
 .text._ZN3PinC2E8portnameh
                0x000105e4       0x30 build\Interface.o
                0x000105e4                Pin::Pin(portname, unsigned char)
                0x000105e4                Pin::Pin(portname, unsigned char)
 .text._ZN3Pin12setDirectionEb
                0x00010614       0x28 build\Interface.o
                0x00010614                Pin::setDirection(bool)
 .text._ZN3Pin8getValueEv
                0x0001063c       0x24 build\Interface.o
                0x0001063c                Pin::getValue()
 .text._ZN3Pin8setValueEb
                0x00010660       0x28 build\Interface.o
                0x00010660                Pin::setValue(bool)
 .text          0x00010688      0x39c build\InterfaceBoard.o
                0x00010688                InterfaceBoard::InterfaceBoard(ButtonArray&, LiquidCrystal&, Pin const&, Pin const&, Screen*, Screen*)
                0x00010688                InterfaceBoard::InterfaceBoard(ButtonArray&, LiquidCrystal&, Pin const&, Pin const&, Screen*, Screen*)
                0x000106dc                InterfaceBoard::init()
                0x00010780                InterfaceBoard::doInterrupt()
                0x0001079c                InterfaceBoard::getUpdateRate()
                0x000107dc                InterfaceBoard::doUpdate()
                0x000108cc                InterfaceBoard::pushScreen(Screen*)
                0x0001097c                InterfaceBoard::popScreen()
 .text          0x00010a24      0x158 build\LPCPort.o
 .text          0x00010b7c      0xf78 build\LiquidCrystal.o
                0x00010b7c                LiquidCrystal::LiquidCrystal(Pin, Pin, Pin, Pin, Pin, Pin, Pin, Pin, Pin, Pin, Pin)
                0x00010b7c                LiquidCrystal::LiquidCrystal(Pin, Pin, Pin, Pin, Pin, Pin, Pin, Pin, Pin, Pin, Pin)
                0x00010cc4                LiquidCrystal::LiquidCrystal(Pin, Pin, Pin, Pin, Pin, Pin, Pin, Pin, Pin, Pin)
                0x00010cc4                LiquidCrystal::LiquidCrystal(Pin, Pin, Pin, Pin, Pin, Pin, Pin, Pin, Pin, Pin)
                0x00010e14                LiquidCrystal::LiquidCrystal(Pin, Pin, Pin, Pin, Pin, Pin, Pin)
                0x00010e14                LiquidCrystal::LiquidCrystal(Pin, Pin, Pin, Pin, Pin, Pin, Pin)
                0x00010f84                LiquidCrystal::LiquidCrystal(Pin, Pin, Pin, Pin, Pin, Pin)
                0x00010f84                LiquidCrystal::LiquidCrystal(Pin, Pin, Pin, Pin, Pin, Pin)
                0x000110fc                LiquidCrystal::init(unsigned char, Pin, Pin, Pin, Pin, Pin, Pin, Pin, Pin, Pin, Pin, Pin)
                0x00011268                LiquidCrystal::begin(unsigned char, unsigned char, unsigned char)
                0x000113fc                LiquidCrystal::clear()
                0x00011420                LiquidCrystal::home()
                0x00011444                LiquidCrystal::setCursor(unsigned char, unsigned char)
                0x000114b0                LiquidCrystal::noDisplay()
                0x000114e8                LiquidCrystal::display()
                0x00011520                LiquidCrystal::noCursor()
                0x00011558                LiquidCrystal::cursor()
                0x00011590                LiquidCrystal::noBlink()
                0x000115c8                LiquidCrystal::blink()
                0x00011600                LiquidCrystal::scrollDisplayLeft()
                0x0001161c                LiquidCrystal::scrollDisplayRight()
                0x00011638                LiquidCrystal::leftToRight()
                0x00011670                LiquidCrystal::rightToLeft()
                0x000116a8                LiquidCrystal::autoscroll()
                0x000116e0                LiquidCrystal::noAutoscroll()
                0x00011718                LiquidCrystal::createChar(unsigned char, unsigned char*)
                0x00011784                LiquidCrystal::writeInt(unsigned short, unsigned char)
                0x00011844                LiquidCrystal::writeString(char*)
                0x00011888                LiquidCrystal::writeFromPgmspace(char const*)
                0x000118c8                LiquidCrystal::send(unsigned char, bool)
                0x0001194c                LiquidCrystal::pulseEnable()
                0x000119a4                LiquidCrystal::write4bits(unsigned char)
                0x00011a2c                LiquidCrystal::write8bits(unsigned char)
 .text._ZN10Port_Class6isNullEv
                0x00011af4       0x24 build\LiquidCrystal.o
                0x00011af4                Port_Class::isNull()
 .text._ZN3PinC2Ev
                0x00011b18       0x2c build\LiquidCrystal.o
                0x00011b18                Pin::Pin()
                0x00011b18                Pin::Pin()
 .text._ZN3Pin6isNullEv
                0x00011b44       0x1c build\LiquidCrystal.o
                0x00011b44                Pin::isNull()
 .text._ZN13LiquidCrystal7commandEh
                0x00011b60       0x24 build\LiquidCrystal.o
                0x00011b60                LiquidCrystal::command(unsigned char)
 .text._ZN13LiquidCrystal5writeEh
                0x00011b84       0x24 build\LiquidCrystal.o
                0x00011b84                LiquidCrystal::write(unsigned char)
 .text          0x00011ba8      0x6ac build\Main.o
                0x00011f7c                reset(bool)
                0x000120c8                main
 .text          0x00012254     0x12f4 build\Menu.o
                0x00012254                queryExtruderParameter(unsigned char, OutPacket&)
                0x00012390                SplashScreen::update(LiquidCrystal&, bool)
                0x0001241c                SplashScreen::notifyButtonPressed(ButtonArray::ButtonName)
                0x00012434                SplashScreen::reset()
                0x00012448                JogMode::reset()
                0x0001246c                JogMode::update(LiquidCrystal&, bool)
                0x0001252c                JogMode::jog(ButtonArray::ButtonName)
                0x00012648                JogMode::notifyButtonPressed(ButtonArray::ButtonName)
                0x000126d4                SnakeMode::update(LiquidCrystal&, bool)
                0x00012a74                SnakeMode::reset()
                0x00012b34                SnakeMode::notifyButtonPressed(ButtonArray::ButtonName)
                0x00012bb0                MonitorMode::reset()
                0x00012bcc                MonitorMode::update(LiquidCrystal&, bool)
                0x00012df8                MonitorMode::notifyButtonPressed(ButtonArray::ButtonName)
                0x00012e34                Menu::update(LiquidCrystal&, bool)
                0x00012f38                Menu::reset()
                0x00012f70                Menu::resetState()
                0x00012f84                Menu::handleSelect(unsigned char)
                0x00012f9c                Menu::handleCancel()
                0x00012fb0                Menu::notifyButtonPressed(ButtonArray::ButtonName)
                0x00013070                CancelBuildMenu::CancelBuildMenu()
                0x00013070                CancelBuildMenu::CancelBuildMenu()
                0x000130a8                CancelBuildMenu::resetState()
                0x000130cc                CancelBuildMenu::drawItem(unsigned char, LiquidCrystal&)
                0x0001312c                CancelBuildMenu::handleSelect(unsigned char)
                0x0001315c                MainMenu::MainMenu()
                0x0001315c                MainMenu::MainMenu()
                0x000131c4                MainMenu::drawItem(unsigned char, LiquidCrystal&)
                0x00013234                MainMenu::handleSelect(unsigned char)
                0x000132a0                SDMenu::SDMenu()
                0x000132a0                SDMenu::SDMenu()
                0x000132d0                SDMenu::resetState()
                0x000132f0                SDMenu::countFiles()
                0x00013360                SDMenu::getFilename(unsigned char, char*, unsigned char)
                0x000133fc                SDMenu::drawItem(unsigned char, LiquidCrystal&)
                0x000134a8                SDMenu::handleSelect(unsigned char)
 .text._ZN4Menu13getUpdateRateEv
                0x00013548       0x1c build\Menu.o
                0x00013548                Menu::getUpdateRate()
 .text._ZN12SplashScreen13getUpdateRateEv
                0x00013564       0x18 build\Menu.o
                0x00013564                SplashScreen::getUpdateRate()
 .text._ZN7JogMode13getUpdateRateEv
                0x0001357c       0x18 build\Menu.o
                0x0001357c                JogMode::getUpdateRate()
 .text._ZN9SnakeMode13getUpdateRateEv
                0x00013594       0x18 build\Menu.o
                0x00013594                SnakeMode::getUpdateRate()
 .text._ZN11MonitorMode13getUpdateRateEv
                0x000135ac       0x1c build\Menu.o
                0x000135ac                MonitorMode::getUpdateRate()
 .text._Z9rcCompareh12ResponseCode
                0x000135c8       0x30 build\Menu.o
                0x000135c8                rcCompare(unsigned char, ResponseCode)
 .text._ZN6ScreenC2Ev
                0x000135f8       0x20 build\Menu.o
                0x000135f8                Screen::Screen()
                0x000135f8                Screen::Screen()
 .text._ZN4MenuC2Ev
                0x00013618       0x28 build\Menu.o
                0x00013618                Menu::Menu()
                0x00013618                Menu::Menu()
 .text._ZN11MonitorModeC2Ev
                0x00013640       0x34 build\Menu.o
                0x00013640                MonitorMode::MonitorMode()
                0x00013640                MonitorMode::MonitorMode()
 .text._ZN7JogModeC2Ev
                0x00013674       0x28 build\Menu.o
                0x00013674                JogMode::JogMode()
                0x00013674                JogMode::JogMode()
 .text._ZN9SnakeModeC2Ev
                0x0001369c       0x28 build\Menu.o
                0x0001369c                SnakeMode::SnakeMode()
                0x0001369c                SnakeMode::SnakeMode()
 .text          0x000136c4      0x204 build\Microsteps.o
                0x000136c4                microsteps::init()
 .text          0x000138c8      0xe88 build\Motherboard.o
                0x00013d04                Motherboard::Motherboard()
                0x00013d04                Motherboard::Motherboard()
                0x00014150                Motherboard::reset()
                0x0001438c                Motherboard::getCurrentMicros()
                0x000143a8                Motherboard::doInterrupt()
                0x000143ec                Motherboard::runMotherboardSlice()
                0x00014440                TIMER0_IRQHandler
                0x00014460                Motherboard::indicateError(int)
                0x000144d4                Motherboard::getCurrentError()
                0x000144f4                TIMER1_IRQHandler
 .text._ZN4UART12getSlaveUARTEv
                0x00014750       0x14 build\Motherboard.o
                0x00014750                UART::getSlaveUART()
 .text._ZN16StepperInterfaceC2Ev
                0x00014764       0x4c build\Motherboard.o
                0x00014764                StepperInterface::StepperInterface()
                0x00014764                StepperInterface::StepperInterface()
 .text._ZN12SplashScreenC2Ev
                0x000147b0       0x28 build\Motherboard.o
                0x000147b0                SplashScreen::SplashScreen()
                0x000147b0                SplashScreen::SplashScreen()
 .text          0x000147d8      0x28c build\PID.o
                0x000147d8                PID::reset()
                0x00014810                PID::reset_state()
                0x00014894                PID::calculate(int)
                0x000149ec                PID::setTarget(int)
                0x00014a14                PID::getErrorTerm()
                0x00014a2c                PID::getDeltaTerm()
                0x00014a4c                PID::getLastOutput()
 .text          0x00014a64      0x630 build\Packet.o
                0x00014a64                _crc_ibutton_update
                0x00014bb8                Packet::appendByte(unsigned char)
                0x00014c18                Packet::reset()
                0x00014c50                InPacket::InPacket()
                0x00014c50                InPacket::InPacket()
                0x00014c74                InPacket::reset()
                0x00014c8c                InPacket::processByte(unsigned char)
                0x00014db4                Packet::read8(unsigned char) const
                0x00014dd8                Packet::read16(unsigned char) const
                0x00014e18                Packet::read32(unsigned char) const
                0x00014e70                OutPacket::OutPacket()
                0x00014e70                OutPacket::OutPacket()
                0x00014e94                OutPacket::reset()
                0x00014eb8                OutPacket::prepareForResend()
                0x00014ee8                OutPacket::getNextByteToSend()
                0x00014fe4                OutPacket::append8(unsigned char)
                0x00015004                OutPacket::append16(unsigned short)
                0x0001503c                OutPacket::append32(unsigned long)
 .text._ZN6PacketC2Ev
                0x00015094       0x18 build\Packet.o
                0x00015094                Packet::Packet()
                0x00015094                Packet::Packet()
 .text          0x000150ac      0x71c build\SDCard.o
                0x000150ac                sdcard::openPartition()
                0x0001511c                sdcard::openFilesys()
                0x0001514c                sdcard::openRoot()
                0x000151a0                sdcard::initCard()
                0x00015250                sdcard::directoryReset()
                0x00015290                sdcard::directoryNextEntry(char*, unsigned char)
                0x00015364                sdcard::findFileInDir(char const*, fat_dir_entry_struct*)
                0x000153c0                sdcard::openFile(char const*, fat_file_struct**)
                0x00015414                sdcard::deleteFile(char*)
                0x0001545c                sdcard::createFile(char*)
                0x00015490                sdcard::isPlaying()
                0x000154a4                sdcard::isCapturing()
                0x000154b8                sdcard::startCapture(char*)
                0x00015550                sdcard::capturePacket(Packet const&)
                0x000155a8                sdcard::finishCapture()
                0x000155f4                sdcard::fetchNextByte()
                0x00015634                sdcard::playbackHasNext()
                0x00015648                sdcard::playbackNext()
                0x00015668                sdcard::startPlayback(char*)
                0x000156f4                sdcard::playbackRewind(unsigned char)
                0x00015728                sdcard::finishPlayback()
                0x0001575c                sdcard::reset()
 .text          0x000157c8      0x370 build\StepperAxis.o
                0x000157c8                StepperAxis::StepperAxis()
                0x000157c8                StepperAxis::StepperAxis()
                0x000157e8                StepperAxis::StepperAxis(StepperInterface&)
                0x000157e8                StepperAxis::StepperAxis(StepperInterface&)
                0x0001580c                StepperAxis::setTarget(long, bool)
                0x00015890                StepperAxis::setHoming(bool)
                0x000158c0                StepperAxis::definePosition(long)
                0x000158dc                StepperAxis::enableStepper(bool)
                0x00015900                StepperAxis::reset()
                0x00015944                StepperAxis::doInterrupt(long)
                0x00015a08                StepperAxis::doHoming(long)
 .text._ZN11StepperAxis12checkEndstopEb
                0x00015b38       0x3c build\StepperAxis.o
                0x00015b38                StepperAxis::checkEndstop(bool)
 .text          0x00015b74      0x400 build\StepperInterface.o
                0x00015b74                StepperInterface::StepperInterface(Pin const&, Pin const&, Pin const&, Pin const&, Pin const&, unsigned short)
                0x00015b74                StepperInterface::StepperInterface(Pin const&, Pin const&, Pin const&, Pin const&, Pin const&, unsigned short)
                0x00015bf4                StepperInterface::setDirection(bool)
                0x00015c24                StepperInterface::step(bool)
                0x00015c48                StepperInterface::setEnabled(bool)
                0x00015c88                StepperInterface::isAtMaximum()
                0x00015cd4                StepperInterface::isAtMinimum()
                0x00015d20                StepperInterface::init(unsigned char)
 .text          0x00015f74      0x970 build\Steppers.o
                0x00016240                steppers::isRunning()
                0x00016274                steppers::init(Motherboard&)
                0x000162e8                steppers::abort()
                0x0001630c                steppers::definePosition(Point const&)
                0x00016360                steppers::getPosition()
                0x00016394                steppers::setHoldZ(bool)
                0x000163e4                steppers::setTarget(Point const&, long)
                0x00016530                steppers::setTargetNew(Point const&, long, unsigned char)
                0x00016674                steppers::startHoming(bool, unsigned char, unsigned long)
                0x0001673c                steppers::enableAxis(unsigned char, bool)
                0x00016770                steppers::doInterrupt()
 .text          0x000168e4      0x14c build\Timeout.o
                0x000168e4                Timeout::Timeout()
                0x000168e4                Timeout::Timeout()
                0x0001690c                Timeout::start(unsigned long)
                0x00016948                Timeout::hasElapsed()
                0x000169a8                Timeout::hasLeft()
                0x000169d4                Timeout::abort()
 .text          0x00016a30      0xae0 build\Tool.o
                0x00016de0                tool::getInPacket()
                0x00016df4                tool::getOutPacket()
                0x00016e08                tool::getSentPacketCount()
                0x00016e1c                tool::getPacketFailureCount()
                0x00016e30                tool::getRetryCount()
                0x00016e44                tool::getNoiseByteCount()
                0x00016e58                tool::getToolVersion()
                0x00016fc8                tool::setToolIndicatorLED()
                0x00017088                tool::reset()
                0x0001715c                tool::test()
                0x000171f0                tool::getLock()
                0x00017228                tool::releaseLock()
                0x00017240                tool::startTransaction()
                0x000172cc                tool::isTransactionDone()
                0x000172e8                tool::runToolSlice()
                0x00017490                tool::setCurrentToolheadIndex(unsigned char)
                0x000174b0                tool::getCurrentToolheadIndex()
 .text          0x00017510      0xa14 build\UART.o
                0x0001794c                UART::UART(unsigned char)
                0x0001794c                UART::UART(unsigned char)
                0x00017b4c                UART::beginSend()
                0x00017c50                UART::enable(bool)
                0x00017d40                UART::reset()
                0x00017d68                UART1_IRQHandler
                0x00017e6c                CANActivity_IRQHandler
 .text._Z6listenv
                0x00017f24       0x30 build\UART.o
                0x00017f24                listen()
 .text._Z5speakv
                0x00017f54       0x30 build\UART.o
                0x00017f54                speak()
 .text          0x00017f84        0x0 c:/progra~2/codesourcery/source~1/bin/../lib/gcc/arm-none-eabi/4.5.2/../../../../arm-none-eabi/lib/thumb2\libstdc++.a(si_class_type_info.o)
 .text._ZNK10__cxxabiv120__si_class_type_info11__do_upcastEPKNS_17__class_type_infoEPKvRNS1_15__upcast_resultE
                0x00017f84       0x28 c:/progra~2/codesourcery/source~1/bin/../lib/gcc/arm-none-eabi/4.5.2/../../../../arm-none-eabi/lib/thumb2\libstdc++.a(si_class_type_info.o)
                0x00017f84                __cxxabiv1::__si_class_type_info::__do_upcast(__cxxabiv1::__class_type_info const*, void const*, __cxxabiv1::__class_type_info::__upcast_result&) const
 .text._ZNK10__cxxabiv120__si_class_type_info12__do_dyncastEiNS_17__class_type_info10__sub_kindEPKS1_PKvS4_S6_RNS1_16__dyncast_resultE
                0x00017fac       0x90 c:/progra~2/codesourcery/source~1/bin/../lib/gcc/arm-none-eabi/4.5.2/../../../../arm-none-eabi/lib/thumb2\libstdc++.a(si_class_type_info.o)
                0x00017fac                __cxxabiv1::__si_class_type_info::__do_dyncast(int, __cxxabiv1::__class_type_info::__sub_kind, __cxxabiv1::__class_type_info const*, void const*, __cxxabiv1::__class_type_info const*, void const*, __cxxabiv1::__class_type_info::__dyncast_result&) const
 .text._ZNK10__cxxabiv120__si_class_type_info20__do_find_public_srcEiPKvPKNS_17__class_type_infoES2_
                0x0001803c       0x38 c:/progra~2/codesourcery/source~1/bin/../lib/gcc/arm-none-eabi/4.5.2/../../../../arm-none-eabi/lib/thumb2\libstdc++.a(si_class_type_info.o)
                0x0001803c                __cxxabiv1::__si_class_type_info::__do_find_public_src(int, void const*, __cxxabiv1::__class_type_info const*, void const*) const
 .text._ZN10__cxxabiv120__si_class_type_infoD2Ev
                0x00018074       0x14 c:/progra~2/codesourcery/source~1/bin/../lib/gcc/arm-none-eabi/4.5.2/../../../../arm-none-eabi/lib/thumb2\libstdc++.a(si_class_type_info.o)
                0x00018074                __cxxabiv1::__si_class_type_info::~__si_class_type_info()
                0x00018074                __cxxabiv1::__si_class_type_info::~__si_class_type_info()
 .text._ZN10__cxxabiv120__si_class_type_infoD0Ev
                0x00018088       0x1c c:/progra~2/codesourcery/source~1/bin/../lib/gcc/arm-none-eabi/4.5.2/../../../../arm-none-eabi/lib/thumb2\libstdc++.a(si_class_type_info.o)
                0x00018088                __cxxabiv1::__si_class_type_info::~__si_class_type_info()
 .text          0x000180a4        0x0 c:/progra~2/codesourcery/source~1/bin/../lib/gcc/arm-none-eabi/4.5.2/../../../../arm-none-eabi/lib/thumb2\libstdc++.a(class_type_info.o)
 .text._ZNK10__cxxabiv117__class_type_info11__do_upcastEPKS0_PPv
                0x000180a4       0x38 c:/progra~2/codesourcery/source~1/bin/../lib/gcc/arm-none-eabi/4.5.2/../../../../arm-none-eabi/lib/thumb2\libstdc++.a(class_type_info.o)
                0x000180a4                __cxxabiv1::__class_type_info::__do_upcast(__cxxabiv1::__class_type_info const*, void**) const
 .text._ZNK10__cxxabiv117__class_type_info20__do_find_public_srcEiPKvPKS0_S2_
                0x000180dc        0xc c:/progra~2/codesourcery/source~1/bin/../lib/gcc/arm-none-eabi/4.5.2/../../../../arm-none-eabi/lib/thumb2\libstdc++.a(class_type_info.o)
                0x000180dc                __cxxabiv1::__class_type_info::__do_find_public_src(int, void const*, __cxxabiv1::__class_type_info const*, void const*) const
 .text._ZNK10__cxxabiv117__class_type_info11__do_upcastEPKS0_PKvRNS0_15__upcast_resultE
                0x000180e8       0x1c c:/progra~2/codesourcery/source~1/bin/../lib/gcc/arm-none-eabi/4.5.2/../../../../arm-none-eabi/lib/thumb2\libstdc++.a(class_type_info.o)
                0x000180e8                __cxxabiv1::__class_type_info::__do_upcast(__cxxabiv1::__class_type_info const*, void const*, __cxxabiv1::__class_type_info::__upcast_result&) const
 .text._ZNK10__cxxabiv117__class_type_info12__do_dyncastEiNS0_10__sub_kindEPKS0_PKvS3_S5_RNS0_16__dyncast_resultE
                0x00018104       0x3c c:/progra~2/codesourcery/source~1/bin/../lib/gcc/arm-none-eabi/4.5.2/../../../../arm-none-eabi/lib/thumb2\libstdc++.a(class_type_info.o)
                0x00018104                __cxxabiv1::__class_type_info::__do_dyncast(int, __cxxabiv1::__class_type_info::__sub_kind, __cxxabiv1::__class_type_info const*, void const*, __cxxabiv1::__class_type_info const*, void const*, __cxxabiv1::__class_type_info::__dyncast_result&) const
 .text._ZNK10__cxxabiv117__class_type_info10__do_catchEPKSt9type_infoPPvj
                0x00018140       0x28 c:/progra~2/codesourcery/source~1/bin/../lib/gcc/arm-none-eabi/4.5.2/../../../../arm-none-eabi/lib/thumb2\libstdc++.a(class_type_info.o)
                0x00018140                __cxxabiv1::__class_type_info::__do_catch(std::type_info const*, void**, unsigned int) const
 .text._ZN10__cxxabiv117__class_type_infoD2Ev
                0x00018168       0x14 c:/progra~2/codesourcery/source~1/bin/../lib/gcc/arm-none-eabi/4.5.2/../../../../arm-none-eabi/lib/thumb2\libstdc++.a(class_type_info.o)
                0x00018168                __cxxabiv1::__class_type_info::~__class_type_info()
                0x00018168                __cxxabiv1::__class_type_info::~__class_type_info()
 .text._ZN10__cxxabiv117__class_type_infoD0Ev
                0x0001817c       0x1c c:/progra~2/codesourcery/source~1/bin/../lib/gcc/arm-none-eabi/4.5.2/../../../../arm-none-eabi/lib/thumb2\libstdc++.a(class_type_info.o)
                0x0001817c                __cxxabiv1::__class_type_info::~__class_type_info()
 .text          0x00018198        0x0 c:/progra~2/codesourcery/source~1/bin/../lib/gcc/arm-none-eabi/4.5.2/../../../../arm-none-eabi/lib/thumb2\libstdc++.a(tinfo.o)
 .text._ZNSt9type_infoD2Ev
                0x00018198        0xc c:/progra~2/codesourcery/source~1/bin/../lib/gcc/arm-none-eabi/4.5.2/../../../../arm-none-eabi/lib/thumb2\libstdc++.a(tinfo.o)
                0x00018198                std::type_info::~type_info()
                0x00018198                std::type_info::~type_info()
 .text._ZNKSt9type_info14__is_pointer_pEv
                0x000181a4        0x4 c:/progra~2/codesourcery/source~1/bin/../lib/gcc/arm-none-eabi/4.5.2/../../../../arm-none-eabi/lib/thumb2\libstdc++.a(tinfo.o)
                0x000181a4                std::type_info::__is_pointer_p() const
 .text._ZNKSt9type_info15__is_function_pEv
                0x000181a8        0x4 c:/progra~2/codesourcery/source~1/bin/../lib/gcc/arm-none-eabi/4.5.2/../../../../arm-none-eabi/lib/thumb2\libstdc++.a(tinfo.o)
                0x000181a8                std::type_info::__is_function_p() const
 .text._ZNKSt9type_info11__do_upcastEPKN10__cxxabiv117__class_type_infoEPPv
                0x000181ac        0x4 c:/progra~2/codesourcery/source~1/bin/../lib/gcc/arm-none-eabi/4.5.2/../../../../arm-none-eabi/lib/thumb2\libstdc++.a(tinfo.o)
                0x000181ac                std::type_info::__do_upcast(__cxxabiv1::__class_type_info const*, void**) const
 .text._ZNSt9type_infoD0Ev
                0x000181b0       0x14 c:/progra~2/codesourcery/source~1/bin/../lib/gcc/arm-none-eabi/4.5.2/../../../../arm-none-eabi/lib/thumb2\libstdc++.a(tinfo.o)
                0x000181b0                std::type_info::~type_info()
 .text._ZNKSt9type_infoeqERKS_
                0x000181c4       0x3c c:/progra~2/codesourcery/source~1/bin/../lib/gcc/arm-none-eabi/4.5.2/../../../../arm-none-eabi/lib/thumb2\libstdc++.a(tinfo.o)
                0x000181c4                std::type_info::operator==(std::type_info const&) const
 .text._ZNKSt9type_info10__do_catchEPKS_PPvj
                0x00018200        0x4 c:/progra~2/codesourcery/source~1/bin/../lib/gcc/arm-none-eabi/4.5.2/../../../../arm-none-eabi/lib/thumb2\libstdc++.a(tinfo.o)
                0x00018200                std::type_info::__do_catch(std::type_info const*, void**, unsigned int) const
 .text          0x00018204      0x21c c:/progra~2/codesourcery/source~1/bin/../lib/gcc/arm-none-eabi/4.5.2/thumb2\libgcc.a(_arm_addsubsf3.o)
                0x00018204                __aeabi_frsub
                0x0001820c                __subsf3
                0x0001820c                __aeabi_fsub
                0x00018210                __aeabi_fadd
                0x00018210                __addsf3
                0x00018370                __aeabi_ui2f
                0x00018370                __floatunsisf
                0x00018378                __aeabi_i2f
                0x00018378                __floatsisf
                0x00018394                __aeabi_ul2f
                0x00018394                __floatundisf
                0x000183a4                __aeabi_l2f
                0x000183a4                __floatdisf
 .text          0x00018420      0x2a0 c:/progra~2/codesourcery/source~1/bin/../lib/gcc/arm-none-eabi/4.5.2/thumb2\libgcc.a(_arm_muldivsf3.o)
                0x00018420                __mulsf3
                0x00018420                __aeabi_fmul
                0x00018588                __aeabi_fdiv
                0x00018588                __divsf3
 .text          0x000186c0       0x4c c:/progra~2/codesourcery/source~1/bin/../lib/gcc/arm-none-eabi/4.5.2/thumb2\libgcc.a(_arm_fixsfsi.o)
                0x000186c0                __aeabi_f2iz
                0x000186c0                __fixsfsi
 .text          0x0001870c       0x2c c:/progra~2/codesourcery/source~1/bin/../lib/gcc/arm-none-eabi/4.5.2/thumb2\libgcc.a(_aeabi_uldivmod.o)
                0x0001870c                __aeabi_uldivmod
 .text          0x00018738       0x60 c:/progra~2/codesourcery/source~1/bin/../lib/gcc/arm-none-eabi/4.5.2/thumb2\libgcc.a(bpabi.o)
                0x00018738                __gnu_ldivmod_helper
                0x00018768                __gnu_uldivmod_helper
 .text          0x00018798      0xc38 c:/progra~2/codesourcery/source~1/bin/../lib/gcc/arm-none-eabi/4.5.2/thumb2\libgcc.a(unwind-arm.o)
                0x00018a74                _Unwind_VRS_Get
                0x00018ac0                _Unwind_VRS_Set
                0x00018e5c                __aeabi_unwind_cpp_pr2
                0x00018e60                __aeabi_unwind_cpp_pr1
                0x00018e64                __aeabi_unwind_cpp_pr0
                0x00018e68                _Unwind_VRS_Pop
                0x00019250                _Unwind_GetCFA
                0x00019254                __gnu_Unwind_RaiseException
                0x000192c4                __gnu_Unwind_ForcedUnwind
                0x000192d8                __gnu_Unwind_Resume
                0x00019314                __gnu_Unwind_Resume_or_Rethrow
                0x0001932c                _Unwind_Complete
                0x00019330                _Unwind_DeleteException
                0x00019340                __gnu_Unwind_Backtrace
 .text          0x000193d0      0x1ac c:/progra~2/codesourcery/source~1/bin/../lib/gcc/arm-none-eabi/4.5.2/thumb2\libgcc.a(libunwind.o)
                0x000193d0                __restore_core_regs
                0x000193d0                restore_core_regs
                0x000193e8                __gnu_Unwind_Restore_VFP
                0x000193f0                __gnu_Unwind_Save_VFP
                0x000193f8                __gnu_Unwind_Restore_VFP_D
                0x00019400                __gnu_Unwind_Save_VFP_D
                0x00019408                __gnu_Unwind_Restore_VFP_D_16_to_31
                0x00019410                __gnu_Unwind_Save_VFP_D_16_to_31
                0x00019418                __gnu_Unwind_Restore_WMMXD
                0x0001945c                __gnu_Unwind_Save_WMMXD
                0x000194a0                __gnu_Unwind_Restore_WMMXC
                0x000194b4                __gnu_Unwind_Save_WMMXC
                0x000194c8                ___Unwind_RaiseException
                0x000194c8                _Unwind_RaiseException
                0x000194ec                _Unwind_Resume
                0x000194ec                ___Unwind_Resume
                0x00019510                _Unwind_Resume_or_Rethrow
                0x00019510                ___Unwind_Resume_or_Rethrow
                0x00019534                _Unwind_ForcedUnwind
                0x00019534                ___Unwind_ForcedUnwind
                0x00019558                ___Unwind_Backtrace
                0x00019558                _Unwind_Backtrace
 .text          0x0001957c      0x3c0 c:/progra~2/codesourcery/source~1/bin/../lib/gcc/arm-none-eabi/4.5.2/thumb2\libgcc.a(pr-support.o)
                0x000195d0                __gnu_unwind_execute
                0x000198e0                __gnu_unwind_frame
                0x0001990c                _Unwind_GetRegionStart
                0x00019918                _Unwind_GetLanguageSpecificData
                0x0001992c                _Unwind_GetDataRelBase
                0x00019934                _Unwind_GetTextRelBase
 .text          0x0001993c        0x4 c:/progra~2/codesourcery/source~1/bin/../lib/gcc/arm-none-eabi/4.5.2/thumb2\libgcc.a(_dvmd_tls.o)
                0x0001993c                __aeabi_idiv0
                0x0001993c                __aeabi_ldiv0
 .text          0x00019940      0x360 c:/progra~2/codesourcery/source~1/bin/../lib/gcc/arm-none-eabi/4.5.2/thumb2\libgcc.a(_divdi3.o)
                0x00019940                __divdi3
 .text          0x00019ca0      0x308 c:/progra~2/codesourcery/source~1/bin/../lib/gcc/arm-none-eabi/4.5.2/thumb2\libgcc.a(_udivdi3.o)
                0x00019ca0                __udivdi3
 .text          0x00019fa8      0x278 c:/progra~2/codesourcery/source~1/bin/../lib/gcc/arm-none-eabi/4.5.2/thumb2\libgcc.a(_udivsi3.o)
                0x00019fa8                __aeabi_uidiv
                0x00019fa8                __udivsi3
                0x0001a204                __aeabi_uidivmod
 .text          0x0001a220       0x10 c:/progra~2/codesourcery/source~1/bin/../lib/gcc/arm-none-eabi/4.5.2/../../../../arm-none-eabi/lib/thumb2\libc.a(lib_a-abort.o)
                0x0001a220                abort
 .text          0x0001a230       0x20 c:/progra~2/codesourcery/source~1/bin/../lib/gcc/arm-none-eabi/4.5.2/../../../../arm-none-eabi/lib/thumb2\libc.a(lib_a-malloc.o)
                0x0001a230                malloc
                0x0001a240                free
 .text          0x0001a250      0x57c c:/progra~2/codesourcery/source~1/bin/../lib/gcc/arm-none-eabi/4.5.2/../../../../arm-none-eabi/lib/thumb2\libc.a(lib_a-mallocr.o)
                0x0001a250                _malloc_r
 .text          0x0001a7cc      0x150 c:/progra~2/codesourcery/source~1/bin/../lib/gcc/arm-none-eabi/4.5.2/../../../../arm-none-eabi/lib/thumb2\libc.a(lib_a-memcpy.o)
                0x0001a7cc                memcpy
 .text          0x0001a91c       0xb4 c:/progra~2/codesourcery/source~1/bin/../lib/gcc/arm-none-eabi/4.5.2/../../../../arm-none-eabi/lib/thumb2\libc.a(lib_a-memset.o)
                0x0001a91c                memset
 .text          0x0001a9d0        0x8 c:/progra~2/codesourcery/source~1/bin/../lib/gcc/arm-none-eabi/4.5.2/../../../../arm-none-eabi/lib/thumb2\libc.a(lib_a-mlock.o)
                0x0001a9d0                __malloc_lock
                0x0001a9d4                __malloc_unlock
 .text          0x0001a9d8      0x100 c:/progra~2/codesourcery/source~1/bin/../lib/gcc/arm-none-eabi/4.5.2/../../../../arm-none-eabi/lib/thumb2\libc.a(lib_a-rand.o)
                0x0001a9d8                srand
                0x0001aa34                rand
 .text          0x0001aad8      0x118 c:/progra~2/codesourcery/source~1/bin/../lib/gcc/arm-none-eabi/4.5.2/../../../../arm-none-eabi/lib/thumb2\libc.a(lib_a-reent.o)
                0x0001aad8                cleanup_glue
                0x0001aaf4                _reclaim_reent
                0x0001abb4                _wrapup_reent
 .text          0x0001abf0       0x28 c:/progra~2/codesourcery/source~1/bin/../lib/gcc/arm-none-eabi/4.5.2/../../../../arm-none-eabi/lib/thumb2\libc.a(lib_a-sbrkr.o)
                0x0001abf0                _sbrk_r
 .text          0x0001ac18      0x154 c:/progra~2/codesourcery/source~1/bin/../lib/gcc/arm-none-eabi/4.5.2/../../../../arm-none-eabi/lib/thumb2\libc.a(lib_a-signal.o)
                0x0001ac18                _init_signal_r
                0x0001ac48                _signal_r
                0x0001ac84                _raise_r
                0x0001acdc                __sigtramp_r
                0x0001ad30                raise
                0x0001ad40                signal
                0x0001ad50                _init_signal
                0x0001ad5c                __sigtramp
 .text          0x0001ad6c       0x30 c:/progra~2/codesourcery/source~1/bin/../lib/gcc/arm-none-eabi/4.5.2/../../../../arm-none-eabi/lib/thumb2\libc.a(lib_a-signalr.o)
                0x0001ad6c                _kill_r
                0x0001ad98                _getpid_r
 .text          0x0001ad9c      0x10c c:/progra~2/codesourcery/source~1/bin/../lib/gcc/arm-none-eabi/4.5.2/../../../../arm-none-eabi/lib/thumb2\libc.a(lib_a-strchr.o)
                0x0001ad9c                strchr
 .text          0x0001aea8      0x1dc c:/progra~2/codesourcery/source~1/bin/../lib/gcc/arm-none-eabi/4.5.2/../../../../arm-none-eabi/lib/thumb2\libc.a(lib_a-strcmp.o)
                0x0001aea8                strcmp
 .text          0x0001b084       0x60 c:/progra~2/codesourcery/source~1/bin/../lib/gcc/arm-none-eabi/4.5.2/../../../../arm-none-eabi/lib/thumb2\libc.a(lib_a-strlen.o)
                0x0001b084                strlen
 .text          0x0001b0e4       0xac c:/progra~2/codesourcery/source~1/bin/../lib/gcc/arm-none-eabi/4.5.2/../../../../arm-none-eabi/lib/thumb2\libc.a(lib_a-strncmp.o)
                0x0001b0e4                strncmp
 .text          0x0001b190       0x78 c:/progra~2/codesourcery/source~1/bin/../lib/gcc/arm-none-eabi/4.5.2/../../../../arm-none-eabi/lib/thumb2\libc.a(lib_a-strncpy.o)
                0x0001b190                strncpy
 .text          0x0001b208       0x28 c:/progra~2/codesourcery/source~1/bin/../lib/gcc/arm-none-eabi/4.5.2/../../../../arm-none-eabi/lib/thumb2\libc.a(lib_a-strrchr.o)
                0x0001b208                strrchr
 .text          0x0001b230      0x240 c:/progra~2/codesourcery/source~1/bin/../lib/gcc/arm-none-eabi/4.5.2/../../../../arm-none-eabi/lib/thumb2\libc.a(lib_a-freer.o)
                0x0001b230                _malloc_trim_r
                0x0001b2d8                _free_r
 .text          0x0001b470        0x0 c:/progra~2/codesourcery/source~1/bin/../lib/gcc/arm-none-eabi/4.5.2/../../../../arm-none-eabi/lib/thumb2\libc.a(lib_a-impure.o)
 .text          0x0001b470        0x0 c:/progra~2/codesourcery/source~1/bin/../lib/gcc/arm-none-eabi/4.5.2/thumb2/crtend.o
 .text          0x0001b470        0x0 c:/progra~2/codesourcery/source~1/bin/../lib/gcc/arm-none-eabi/4.5.2/thumb2/crtn.o
 *(.plt)
 *(.gnu.warning)
 *(.glue_7t)
 .glue_7t       0x00000000        0x0 linker stubs
 *(.glue_7)
 .glue_7        0x00000000        0x0 linker stubs
 *(.vfp11_veneer)
 .vfp11_veneer  0x00000000        0x0 linker stubs
 *(.rodata .rodata.* .gnu.linkonce.r.*)
 .rodata        0x0001b470       0x20 build\lib\source\lpc17xx_adc.o
 .rodata        0x0001b490       0x20 build\lib\source\lpc17xx_i2c.o
 .rodata        0x0001b4b0       0x20 build\lib\source\lpc17xx_spi.o
 .rodata        0x0001b4d0       0x24 build\lib\source\lpc17xx_timer.o
 .rodata        0x0001b4f4       0x20 build\lib\source\lpc17xx_uart.o
 .rodata        0x0001b514       0x10 build\lib_sd\fat.o
 .rodata        0x0001b524       0xc0 build\USBCDC\usbdesc.o
                0x0001b524                USB_DeviceDescriptor
                0x0001b538                USB_ConfigDescriptor
                0x0001b57c                USB_StringDescriptor
 .rodata        0x0001b5e4       0x40 build\USBCDC\usbuser.o
                0x0001b5e4                USB_P_EP
 .rodata        0x0001b624       0x14 build\EepromMap.o
 .rodata        0x0001b638       0x2c build\Host.o
 .rodata        0x0001b664        0x8 build\InterfaceBoard.o
 *fill*         0x0001b66c        0x4 00
 .rodata._ZTV13LiquidCrystal
                0x0001b670       0x10 build\LiquidCrystal.o
                0x0001b670                vtable for LiquidCrystal
 .rodata._ZTS13LiquidCrystal
                0x0001b680       0x10 build\LiquidCrystal.o
                0x0001b680                typeinfo name for LiquidCrystal
 .rodata._ZTI13LiquidCrystal
                0x0001b690        0x8 build\LiquidCrystal.o
                0x0001b690                typeinfo for LiquidCrystal
 .rodata        0x0001b698       0x10 build\LiquidCrystal.o
 .rodata        0x0001b6a8       0x60 build\Main.o
 .rodata        0x0001b708      0x318 build\Menu.o
                0x0001b718                vtable for MainMenu
                0x0001b740                vtable for MonitorMode
                0x0001b758                vtable for CancelBuildMenu
                0x0001b780                vtable for SDMenu
                0x0001b7a8                vtable for SnakeMode
                0x0001b7c0                vtable for JogMode
                0x0001b7d8                vtable for SplashScreen
                0x0001b7f0                vtable for Menu
                0x0001b818                typeinfo for MainMenu
                0x0001b824                typeinfo name for MainMenu
                0x0001b830                typeinfo for MonitorMode
                0x0001b83c                typeinfo name for MonitorMode
                0x0001b84c                typeinfo for CancelBuildMenu
                0x0001b858                typeinfo name for CancelBuildMenu
                0x0001b86c                typeinfo for SDMenu
                0x0001b878                typeinfo name for SDMenu
                0x0001b880                typeinfo for SnakeMode
                0x0001b88c                typeinfo name for SnakeMode
                0x0001b898                typeinfo for JogMode
                0x0001b8a4                typeinfo name for JogMode
                0x0001b8b0                typeinfo for SplashScreen
                0x0001b8bc                typeinfo name for SplashScreen
                0x0001b8cc                typeinfo for Menu
                0x0001b8d8                typeinfo name for Menu
 .rodata        0x0001ba20        0x4 build\SDCard.o
 .rodata        0x0001ba24       0x10 build\Steppers.o
 .rodata        0x0001ba34       0x24 build\Tool.o
 .rodata        0x0001ba58       0x8c build\UART.o
 *fill*         0x0001bae4        0x4 00
 .rodata._ZTVN10__cxxabiv120__si_class_type_infoE
                0x0001bae8       0x30 c:/progra~2/codesourcery/source~1/bin/../lib/gcc/arm-none-eabi/4.5.2/../../../../arm-none-eabi/lib/thumb2\libstdc++.a(si_class_type_info.o)
                0x0001bae8                vtable for __cxxabiv1::__si_class_type_info
 .rodata._ZTIN10__cxxabiv120__si_class_type_infoE
                0x0001bb18        0xc c:/progra~2/codesourcery/source~1/bin/../lib/gcc/arm-none-eabi/4.5.2/../../../../arm-none-eabi/lib/thumb2\libstdc++.a(si_class_type_info.o)
                0x0001bb18                typeinfo for __cxxabiv1::__si_class_type_info
 .rodata._ZTSN10__cxxabiv120__si_class_type_infoE
                0x0001bb24       0x28 c:/progra~2/codesourcery/source~1/bin/../lib/gcc/arm-none-eabi/4.5.2/../../../../arm-none-eabi/lib/thumb2\libstdc++.a(si_class_type_info.o)
                0x0001bb24                typeinfo name for __cxxabiv1::__si_class_type_info
 *fill*         0x0001bb4c        0x4 00
 .rodata._ZTVN10__cxxabiv117__class_type_infoE
                0x0001bb50       0x30 c:/progra~2/codesourcery/source~1/bin/../lib/gcc/arm-none-eabi/4.5.2/../../../../arm-none-eabi/lib/thumb2\libstdc++.a(class_type_info.o)
                0x0001bb50                vtable for __cxxabiv1::__class_type_info
 .rodata._ZTIN10__cxxabiv117__class_type_infoE
                0x0001bb80        0xc c:/progra~2/codesourcery/source~1/bin/../lib/gcc/arm-none-eabi/4.5.2/../../../../arm-none-eabi/lib/thumb2\libstdc++.a(class_type_info.o)
                0x0001bb80                typeinfo for __cxxabiv1::__class_type_info
 .rodata._ZTSN10__cxxabiv117__class_type_infoE
                0x0001bb8c       0x24 c:/progra~2/codesourcery/source~1/bin/../lib/gcc/arm-none-eabi/4.5.2/../../../../arm-none-eabi/lib/thumb2\libstdc++.a(class_type_info.o)
                0x0001bb8c                typeinfo name for __cxxabiv1::__class_type_info
 .rodata._ZTISt9type_info
                0x0001bbb0        0x8 c:/progra~2/codesourcery/source~1/bin/../lib/gcc/arm-none-eabi/4.5.2/../../../../arm-none-eabi/lib/thumb2\libstdc++.a(tinfo.o)
                0x0001bbb0                typeinfo for std::type_info
 .rodata._ZTSSt9type_info
                0x0001bbb8       0x10 c:/progra~2/codesourcery/source~1/bin/../lib/gcc/arm-none-eabi/4.5.2/../../../../arm-none-eabi/lib/thumb2\libstdc++.a(tinfo.o)
                0x0001bbb8                typeinfo name for std::type_info
 .rodata._ZTVSt9type_info
                0x0001bbc8       0x20 c:/progra~2/codesourcery/source~1/bin/../lib/gcc/arm-none-eabi/4.5.2/../../../../arm-none-eabi/lib/thumb2\libstdc++.a(tinfo.o)
                0x0001bbc8                vtable for std::type_info
 .rodata        0x0001bbe8        0x4 c:/progra~2/codesourcery/source~1/bin/../lib/gcc/arm-none-eabi/4.5.2/../../../../arm-none-eabi/lib/thumb2\libc.a(lib_a-impure.o)
                0x0001bbe8                _global_impure_ptr
 .rodata.str1.4
                0x0001bbec        0x4 c:/progra~2/codesourcery/source~1/bin/../lib/gcc/arm-none-eabi/4.5.2/../../../../arm-none-eabi/lib/thumb2\libc.a(lib_a-impure.o)
 *(.ARM.extab* .gnu.linkonce.armextab.*)
 .ARM.extab     0x0001bbf0        0x0 build\system\mini_cpp.o
 .ARM.extab.cs3.reset
                0x0001bbf0        0x0 build\system\startup_LPC17xx.o
 .ARM.extab     0x0001bbf0       0x54 build\IAP_internal_flash_write\IAP.o
 .ARM.extab.text._ZN10Port_ClassC2Ev
                0x0001bc44        0x0 build\ButtonArray.o
 .ARM.extab     0x0001bc44        0x0 build\ButtonArray.o
 .ARM.extab.text._ZN5PointC2Elllll
                0x0001bc44        0x0 build\Command.o
 .ARM.extab.text._ZN5PointC2Elll
                0x0001bc44        0x0 build\Command.o
 .ARM.extab.text._ZNK5PointixEj
                0x0001bc44        0x0 build\Command.o
 .ARM.extab.text._ZN5PointixEj
                0x0001bc44        0x0 build\Command.o
 .ARM.extab.text._ZNK6Packet8hasErrorEv
                0x0001bc44        0x0 build\Command.o
 .ARM.extab     0x0001bc44       0x30 build\Command.o
 .ARM.extab.text._ZN19CircularBufferTemplIhEC2EtPh
                0x0001bc74        0x0 build\Command.o
 .ARM.extab.text._ZNK19CircularBufferTemplIhE20getRemainingCapacityEv
                0x0001bc74        0x0 build\Command.o
 .ARM.extab.text._ZNK19CircularBufferTemplIhE7isEmptyEv
                0x0001bc74        0x0 build\Command.o
 .ARM.extab.text._ZN19CircularBufferTemplIhE4pushEh
                0x0001bc74        0x0 build\Command.o
 .ARM.extab.text._ZN19CircularBufferTemplIhE3popEv
                0x0001bc74        0x0 build\Command.o
 .ARM.extab.text._ZN19CircularBufferTemplIhE5resetEv
                0x0001bc74        0x0 build\Command.o
 .ARM.extab.text._ZNK19CircularBufferTemplIhE9getLengthEv
                0x0001bc74        0x0 build\Command.o
 .ARM.extab.text._ZN19CircularBufferTemplIhEixEt
                0x0001bc74        0x0 build\Command.o
 .ARM.extab.text._ZNK6Packet9getLengthEv
                0x0001bc74        0x0 build\DebugPacketProcessor.o
 .ARM.extab.text._ZN11Motherboard8getBoardEv
                0x0001bc74        0x0 build\DebugPacketProcessor.o
 .ARM.extab     0x0001bc74        0xc build\DebugPacketProcessor.o
 .ARM.extab     0x0001bc80        0x0 build\Delay.o
 .ARM.extab.text._ZN3IAPC2Ev
                0x0001bc80        0x0 build\EepromMap.o
 .ARM.extab     0x0001bc80       0x78 build\EepromMap.o
 .ARM.extab.text._ZN6Packet5errorEh
                0x0001bcf8        0xc build\Host.o
 .ARM.extab.text._ZNK6Packet12getErrorCodeEv
                0x0001bd04        0x0 build\Host.o
 .ARM.extab.text._ZNK6Packet7getDataEv
                0x0001bd04        0x0 build\Host.o
 .ARM.extab.text._ZNK8InPacket10isFinishedEv
                0x0001bd04        0x0 build\Host.o
 .ARM.extab.text._ZNK8InPacket9isStartedEv
                0x0001bd04        0x0 build\Host.o
 .ARM.extab.text._ZN8InPacket7timeoutEv
                0x0001bd04        0xc build\Host.o
 .ARM.extab.text._ZNK9OutPacket9isSendingEv
                0x0001bd10        0x0 build\Host.o
 .ARM.extab.text._ZN4UART11getHostUARTEv
                0x0001bd10        0x0 build\Host.o
 .ARM.extab.text._ZNK7Timeout8isActiveEv
                0x0001bd10        0x0 build\Host.o
 .ARM.extab.text._ZN11Motherboard19getStepperInterfaceEi
                0x0001bd10        0x0 build\Host.o
 .ARM.extab     0x0001bd10       0x6c build\Host.o
 .ARM.extab.text._ZN4host13handleVersionERK8InPacketR9OutPacket
                0x0001bd7c        0xc build\Host.o
 .ARM.extab.text._ZN4host18handleGetBuildNameERK8InPacketR9OutPacket
                0x0001bd88        0xc build\Host.o
 .ARM.extab.text._ZN4host19handleGetBufferSizeERK8InPacketR9OutPacket
                0x0001bd94        0xc build\Host.o
 .ARM.extab.text._ZN4host17handleGetPositionERK8InPacketR9OutPacket
                0x0001bda0        0xc build\Host.o
 .ARM.extab.text._ZN4host20handleGetPositionExtERK8InPacketR9OutPacket
                0x0001bdac        0xc build\Host.o
 .ARM.extab.text._ZN4host19handleCaptureToFileERK8InPacketR9OutPacket
                0x0001bdb8        0xc build\Host.o
 .ARM.extab.text._ZN4host16handleEndCaptureERK8InPacketR9OutPacket
                0x0001bdc4        0xc build\Host.o
 .ARM.extab.text._ZN4host14handlePlaybackERK8InPacketR9OutPacket
                0x0001bdd0        0xc build\Host.o
 .ARM.extab.text._ZN4host18handleNextFilenameERK8InPacketR9OutPacket
                0x0001bddc        0xc build\Host.o
 .ARM.extab.text._ZN4host15handleToolQueryERK8InPacketR9OutPacket
                0x0001bde8        0xc build\Host.o
 .ARM.extab.text._ZN4host11handlePauseERK8InPacketR9OutPacket
                0x0001bdf4        0xc build\Host.o
 .ARM.extab.text._ZN4host16handleIsFinishedERK8InPacketR9OutPacket
                0x0001be00        0xc build\Host.o
 .ARM.extab.text._ZN4host16handleReadEepromERK8InPacketR9OutPacket
                0x0001be0c        0xc build\Host.o
 .ARM.extab.text._ZN4host17handleWriteEepromERK8InPacketR9OutPacket
                0x0001be18        0xc build\Host.o
 .ARM.extab.text._ZN4host18handleExtendedStopERK8InPacketR9OutPacket
                0x0001be24        0xc build\Host.o
 .ARM.extab.text._ZN4host27handleGetCommunicationStatsERK8InPacketR9OutPacket
                0x0001be30        0xc build\Host.o
 .ARM.extab.text._ZN10Port_ClassC2E8portname
                0x0001be3c        0x0 build\Interface.o
 .ARM.extab.text._ZN10Port_Class15setPinDirectionEhb
                0x0001be3c        0xc build\Interface.o
 .ARM.extab.text._ZN10Port_Class6getPinEh
                0x0001be48        0xc build\Interface.o
 .ARM.extab.text._ZN10Port_Class6setPinEhb
                0x0001be54        0xc build\Interface.o
 .ARM.extab.text._ZN3PinC2E8portnameh
                0x0001be60        0x0 build\Interface.o
 .ARM.extab.text._ZN3Pin12setDirectionEb
                0x0001be60        0xc build\Interface.o
 .ARM.extab.text._ZN3Pin8getValueEv
                0x0001be6c        0xc build\Interface.o
 .ARM.extab.text._ZN3Pin8setValueEb
                0x0001be78        0xc build\Interface.o
 .ARM.extab     0x0001be84       0x18 build\Interface.o
 .ARM.extab     0x0001be9c       0x48 build\InterfaceBoard.o
 .ARM.extab     0x0001bee4       0x30 build\LPCPort.o
 .ARM.extab.text._ZN10Port_Class6isNullEv
                0x0001bf14        0x0 build\LiquidCrystal.o
 .ARM.extab.text._ZN3PinC2Ev
                0x0001bf14        0x0 build\LiquidCrystal.o
 .ARM.extab.text._ZN3Pin6isNullEv
                0x0001bf14        0x0 build\LiquidCrystal.o
 .ARM.extab     0x0001bf14      0x15c build\LiquidCrystal.o
 .ARM.extab.text._ZN13LiquidCrystal7commandEh
                0x0001c070        0xc build\LiquidCrystal.o
 .ARM.extab.text._ZN13LiquidCrystal5writeEh
                0x0001c07c        0xc build\LiquidCrystal.o
 .ARM.extab     0x0001c088       0x6c build\Main.o
 .ARM.extab.text._ZN4Menu13getUpdateRateEv
                0x0001c0f4        0x0 build\Menu.o
 .ARM.extab.text._ZN12SplashScreen13getUpdateRateEv
                0x0001c0f4        0x0 build\Menu.o
 .ARM.extab.text._ZN7JogMode13getUpdateRateEv
                0x0001c0f4        0x0 build\Menu.o
 .ARM.extab.text._ZN9SnakeMode13getUpdateRateEv
                0x0001c0f4        0x0 build\Menu.o
 .ARM.extab.text._ZN11MonitorMode13getUpdateRateEv
                0x0001c0f4        0x0 build\Menu.o
 .ARM.extab.text._Z9rcCompareh12ResponseCode
                0x0001c0f4        0x0 build\Menu.o
 .ARM.extab     0x0001c0f4      0x12c build\Menu.o
 .ARM.extab.text._ZN6ScreenC2Ev
                0x0001c220        0x0 build\Menu.o
 .ARM.extab.text._ZN4MenuC2Ev
                0x0001c220        0x0 build\Menu.o
 .ARM.extab.text._ZN11MonitorModeC2Ev
                0x0001c220        0xc build\Menu.o
 .ARM.extab.text._ZN7JogModeC2Ev
                0x0001c22c        0x0 build\Menu.o
 .ARM.extab.text._ZN9SnakeModeC2Ev
                0x0001c22c        0x0 build\Menu.o
 .ARM.extab     0x0001c22c        0xc build\Microsteps.o
 .ARM.extab     0x0001c238       0x9c build\Motherboard.o
 .ARM.extab.text._ZN4UART12getSlaveUARTEv
                0x0001c2d4        0x0 build\Motherboard.o
 .ARM.extab.text._ZN16StepperInterfaceC2Ev
                0x0001c2d4        0x0 build\Motherboard.o
 .ARM.extab.text._ZN12SplashScreenC2Ev
                0x0001c2d4        0x0 build\Motherboard.o
 .ARM.extab     0x0001c2d4        0x0 build\PID.o
 .ARM.extab     0x0001c2d4       0x24 build\Packet.o
 .ARM.extab.text._ZN6PacketC2Ev
                0x0001c2f8        0x0 build\Packet.o
 .ARM.extab     0x0001c2f8       0x9c build\SDCard.o
 .ARM.extab     0x0001c394       0x3c build\StepperAxis.o
 .ARM.extab.text._ZN11StepperAxis12checkEndstopEb
                0x0001c3d0        0xc build\StepperAxis.o
 .ARM.extab     0x0001c3dc       0x48 build\StepperInterface.o
 .ARM.extab     0x0001c424       0x9c build\Steppers.o
 .ARM.extab     0x0001c4c0       0x24 build\Timeout.o
 .ARM.extab     0x0001c4e4       0xa8 build\Tool.o
 .ARM.extab     0x0001c58c       0xa8 build\UART.o
 .ARM.extab.text._Z6listenv
                0x0001c634        0xc build\UART.o
 .ARM.extab.text._Z5speakv
                0x0001c640        0xc build\UART.o
 .ARM.extab.text._ZNK10__cxxabiv120__si_class_type_info11__do_upcastEPKNS_17__class_type_infoEPKvRNS1_15__upcast_resultE
                0x0001c64c        0x0 c:/progra~2/codesourcery/source~1/bin/../lib/gcc/arm-none-eabi/4.5.2/../../../../arm-none-eabi/lib/thumb2\libstdc++.a(si_class_type_info.o)
 .ARM.extab.text._ZNK10__cxxabiv120__si_class_type_info12__do_dyncastEiNS_17__class_type_info10__sub_kindEPKS1_PKvS4_S6_RNS1_16__dyncast_resultE
                0x0001c64c        0x0 c:/progra~2/codesourcery/source~1/bin/../lib/gcc/arm-none-eabi/4.5.2/../../../../arm-none-eabi/lib/thumb2\libstdc++.a(si_class_type_info.o)
 .ARM.extab.text._ZNK10__cxxabiv120__si_class_type_info20__do_find_public_srcEiPKvPKNS_17__class_type_infoES2_
                0x0001c64c        0x0 c:/progra~2/codesourcery/source~1/bin/../lib/gcc/arm-none-eabi/4.5.2/../../../../arm-none-eabi/lib/thumb2\libstdc++.a(si_class_type_info.o)
 .ARM.extab.text._ZN10__cxxabiv120__si_class_type_infoD2Ev
                0x0001c64c        0x0 c:/progra~2/codesourcery/source~1/bin/../lib/gcc/arm-none-eabi/4.5.2/../../../../arm-none-eabi/lib/thumb2\libstdc++.a(si_class_type_info.o)
 .ARM.extab.text._ZN10__cxxabiv120__si_class_type_infoD0Ev
                0x0001c64c        0x0 c:/progra~2/codesourcery/source~1/bin/../lib/gcc/arm-none-eabi/4.5.2/../../../../arm-none-eabi/lib/thumb2\libstdc++.a(si_class_type_info.o)
 .ARM.extab.text._ZNK10__cxxabiv117__class_type_info11__do_upcastEPKS0_PPv
                0x0001c64c        0x0 c:/progra~2/codesourcery/source~1/bin/../lib/gcc/arm-none-eabi/4.5.2/../../../../arm-none-eabi/lib/thumb2\libstdc++.a(class_type_info.o)
 .ARM.extab.text._ZNK10__cxxabiv117__class_type_info20__do_find_public_srcEiPKvPKS0_S2_
                0x0001c64c        0x0 c:/progra~2/codesourcery/source~1/bin/../lib/gcc/arm-none-eabi/4.5.2/../../../../arm-none-eabi/lib/thumb2\libstdc++.a(class_type_info.o)
 .ARM.extab.text._ZNK10__cxxabiv117__class_type_info11__do_upcastEPKS0_PKvRNS0_15__upcast_resultE