Archive member included because of file (symbol)

c:/progra~2/codesourcery/source~1/bin/../lib/gcc/arm-none-eabi/4.5.2/../../../../arm-none-eabi/lib/thumb2\libstdc++.a(si_class_type_info.o)
                              build\Menu.o (vtable for __cxxabiv1::__si_class_type_info)
c:/progra~2/codesourcery/source~1/bin/../lib/gcc/arm-none-eabi/4.5.2/../../../../arm-none-eabi/lib/thumb2\libstdc++.a(pure.o)
                              build\Menu.o (__cxa_pure_virtual)
c:/progra~2/codesourcery/source~1/bin/../lib/gcc/arm-none-eabi/4.5.2/../../../../arm-none-eabi/lib/thumb2\libstdc++.a(class_type_info.o)
                              c:/progra~2/codesourcery/source~1/bin/../lib/gcc/arm-none-eabi/4.5.2/../../../../arm-none-eabi/lib/thumb2\libstdc++.a(si_class_type_info.o) (__cxxabiv1::__class_type_info::__do_upcast(__cxxabiv1::__class_type_info const*, void**) const)
c:/progra~2/codesourcery/source~1/bin/../lib/gcc/arm-none-eabi/4.5.2/../../../../arm-none-eabi/lib/thumb2\libstdc++.a(tinfo.o)
                              c:/progra~2/codesourcery/source~1/bin/../lib/gcc/arm-none-eabi/4.5.2/../../../../arm-none-eabi/lib/thumb2\libstdc++.a(class_type_info.o) (std::type_info::~type_info())
c:/progra~2/codesourcery/source~1/bin/../lib/gcc/arm-none-eabi/4.5.2/../../../../arm-none-eabi/lib/thumb2\libstdc++.a(eh_terminate.o)
                              c:/progra~2/codesourcery/source~1/bin/../lib/gcc/arm-none-eabi/4.5.2/../../../../arm-none-eabi/lib/thumb2\libstdc++.a(pure.o) (std::terminate())
c:/progra~2/codesourcery/source~1/bin/../lib/gcc/arm-none-eabi/4.5.2/../../../../arm-none-eabi/lib/thumb2\libstdc++.a(eh_call.o)
                              c:/progra~2/codesourcery/source~1/bin/../lib/gcc/arm-none-eabi/4.5.2/../../../../arm-none-eabi/lib/thumb2\libstdc++.a(eh_terminate.o) (__cxa_call_unexpected)
c:/progra~2/codesourcery/source~1/bin/../lib/gcc/arm-none-eabi/4.5.2/../../../../arm-none-eabi/lib/thumb2\libstdc++.a(eh_term_handler.o)
                              c:/progra~2/codesourcery/source~1/bin/../lib/gcc/arm-none-eabi/4.5.2/../../../../arm-none-eabi/lib/thumb2\libstdc++.a(eh_terminate.o) (__cxxabiv1::__terminate_handler)
c:/progra~2/codesourcery/source~1/bin/../lib/gcc/arm-none-eabi/4.5.2/../../../../arm-none-eabi/lib/thumb2\libstdc++.a(eh_personality.o)
                              c:/progra~2/codesourcery/source~1/bin/../lib/gcc/arm-none-eabi/4.5.2/../../../../arm-none-eabi/lib/thumb2\libstdc++.a(eh_terminate.o) (__gxx_personality_v0)
c:/progra~2/codesourcery/source~1/bin/../lib/gcc/arm-none-eabi/4.5.2/../../../../arm-none-eabi/lib/thumb2\libstdc++.a(eh_throw.o)
                              c:/progra~2/codesourcery/source~1/bin/../lib/gcc/arm-none-eabi/4.5.2/../../../../arm-none-eabi/lib/thumb2\libstdc++.a(eh_call.o) (__cxa_throw)
c:/progra~2/codesourcery/source~1/bin/../lib/gcc/arm-none-eabi/4.5.2/../../../../arm-none-eabi/lib/thumb2\libstdc++.a(eh_unex_handler.o)
                              c:/progra~2/codesourcery/source~1/bin/../lib/gcc/arm-none-eabi/4.5.2/../../../../arm-none-eabi/lib/thumb2\libstdc++.a(eh_terminate.o) (__cxxabiv1::__unexpected_handler)
c:/progra~2/codesourcery/source~1/bin/../lib/gcc/arm-none-eabi/4.5.2/../../../../arm-none-eabi/lib/thumb2\libstdc++.a(eh_globals.o)
                              c:/progra~2/codesourcery/source~1/bin/../lib/gcc/arm-none-eabi/4.5.2/../../../../arm-none-eabi/lib/thumb2\libstdc++.a(eh_call.o) (__cxa_get_globals_fast)
c:/progra~2/codesourcery/source~1/bin/../lib/gcc/arm-none-eabi/4.5.2/../../../../arm-none-eabi/lib/thumb2\libstdc++.a(eh_catch.o)
                              c:/progra~2/codesourcery/source~1/bin/../lib/gcc/arm-none-eabi/4.5.2/../../../../arm-none-eabi/lib/thumb2\libstdc++.a(eh_terminate.o) (__cxa_begin_catch)
c:/progra~2/codesourcery/source~1/bin/../lib/gcc/arm-none-eabi/4.5.2/../../../../arm-none-eabi/lib/thumb2\libstdc++.a(vterminate.o)
                              c:/progra~2/codesourcery/source~1/bin/../lib/gcc/arm-none-eabi/4.5.2/../../../../arm-none-eabi/lib/thumb2\libstdc++.a(eh_term_handler.o) (__gnu_cxx::__verbose_terminate_handler())
c:/progra~2/codesourcery/source~1/bin/../lib/gcc/arm-none-eabi/4.5.2/../../../../arm-none-eabi/lib/thumb2\libstdc++.a(eh_exception.o)
                              c:/progra~2/codesourcery/source~1/bin/../lib/gcc/arm-none-eabi/4.5.2/../../../../arm-none-eabi/lib/thumb2\libstdc++.a(eh_call.o) (std::bad_exception::~bad_exception())
c:/progra~2/codesourcery/source~1/bin/../lib/gcc/arm-none-eabi/4.5.2/../../../../arm-none-eabi/lib/thumb2\libstdc++.a(eh_type.o)
                              c:/progra~2/codesourcery/source~1/bin/../lib/gcc/arm-none-eabi/4.5.2/../../../../arm-none-eabi/lib/thumb2\libstdc++.a(vterminate.o) (__cxa_current_exception_type)
c:/progra~2/codesourcery/source~1/bin/../lib/gcc/arm-none-eabi/4.5.2/../../../../arm-none-eabi/lib/thumb2\libstdc++.a(eh_arm.o)
[...]
Memory Configuration

Name             Origin             Length             Attributes
rom              0x00003000         0x0007d000         xr
ram              0x10000000         0x00007000         xrw
ram1             0x2007c000         0x00004000         xrw
ram2             0x20080000         0x00004000         xrw
*default*        0x00000000         0xffffffff

Linker script and memory map

LOAD c:/progra~2/codesourcery/source~1/bin/../lib/gcc/arm-none-eabi/4.5.2/thumb2/crti.o
LOAD c:/progra~2/codesourcery/source~1/bin/../lib/gcc/arm-none-eabi/4.5.2/thumb2/crtbegin.o
LOAD build\system\core_cm3.o
LOAD build\system\syscalls.o
LOAD build\system\system_LPC17xx.o
LOAD build\system\mini_cpp.o
LOAD build\system\startup_LPC17xx.o
LOAD build\lib\source\Uart32.o
LOAD build\lib\source\lpc17xx_adc.o
LOAD build\lib\source\lpc17xx_clkpwr.o
LOAD build\lib\source\lpc17xx_gpio.o
LOAD build\lib\source\lpc17xx_i2c.o
LOAD build\lib\source\lpc17xx_libcfg_default.o
LOAD build\lib\source\lpc17xx_nvic.o
LOAD build\lib\source\lpc17xx_pinsel.o
LOAD build\lib\source\lpc17xx_spi.o
LOAD build\lib\source\lpc17xx_timer.o
LOAD build\lib\source\lpc17xx_uart.o
LOAD build\lib_sd\byteordering.o
LOAD build\lib_sd\fat.o
LOAD build\lib_sd\partition.o
LOAD build\lib_sd\sd_raw.o
LOAD build\IAP_internal_flash_write\IAP.o
LOAD build\USBCDC\cdcuser.o
LOAD build\USBCDC\serial.o
LOAD build\USBCDC\usbcore.o
LOAD build\USBCDC\usbdesc.o
LOAD build\USBCDC\usbhw.o
LOAD build\USBCDC\usbuser.o
LOAD build\USBCDC\vcomdemo.o
LOAD build\ButtonArray.o
LOAD build\Command.o
LOAD build\DebugPacketProcessor.o
LOAD build\Delay.o
LOAD build\EepromMap.o
LOAD build\Host.o
LOAD build\Interface.o
LOAD build\InterfaceBoard.o
LOAD build\LPCPort.o
LOAD build\LiquidCrystal.o
LOAD build\Main.o
LOAD build\Menu.o
LOAD build\Microsteps.o
LOAD build\Motherboard.o
LOAD build\PID.o
LOAD build\Packet.o
LOAD build\SDCard.o
LOAD build\StepperAxis.o
LOAD build\StepperInterface.o
LOAD build\Steppers.o
LOAD build\Timeout.o
LOAD build\Tool.o
LOAD build\UART.o
                0x10007000                PROVIDE (__cs3_stack, (__cs3_region_start_ram + __cs3_region_size_ram))
                0x00005138                PROVIDE (__cs3_stack_size, ((__cs3_region_start_ram + __cs3_region_size_ram) - _end))
                0x10001ec8                PROVIDE (__cs3_heap_start, _end)
                0x10007000                PROVIDE (__cs3_heap_end, (__cs3_region_start_ram + __cs3_region_size_ram))

.text           0x00003000    0x2a660
 CREATE_OBJECT_SYMBOLS
                0x00003000                __cs3_region_start_rom = .
 *(.cs3.region-head.rom)
                0x00003000                __cs3_interrupt_vector = __cs3_interrupt_vector_cortex_m
 *(.cs3.interrupt_vector)
 .cs3.interrupt_vector
                0x00003000       0xcc build\system\startup_LPC17xx.o
                0x00003000                __cs3_interrupt_vector_cortex_m
                0x00003001                ASSERT ((. != __cs3_interrupt_vector_cortex_m), No interrupt vector)
 *(.rom)
 *(.rom.b)
                0x000030cc                __cs3_reset = __cs3_reset_cortex_m
 *(.cs3.reset)
 .cs3.reset     0x000030cc       0x10 build\system\startup_LPC17xx.o
                0x000030cc                __cs3_reset_cortex_m
                0x00003001                ASSERT ((. != __cs3_reset), No reset code)
 *(.text .text.* .gnu.linkonce.t.*)
 .text          0x000030dc        0x0 c:/progra~2/codesourcery/source~1/bin/../lib/gcc/arm-none-eabi/4.5.2/thumb2/crti.o
 .text          0x000030dc       0x30 c:/progra~2/codesourcery/source~1/bin/../lib/gcc/arm-none-eabi/4.5.2/thumb2/crtbegin.o
 .text          0x0000310c        0x0 build\system\core_cm3.o
 .text          0x0000310c      0x188 build\system\syscalls.o
                0x0000310c                _kill
                0x00003134                _exit
                0x00003140                _getpid
                0x00003150                get_heap_end
                0x00003164                get_stack_top
                0x00003178                _sbrk
                0x000031cc                _close
                0x000031e4                _fstat
                0x00003208                _isatty
                0x00003220                _lseek
                0x0000323c                _read
                0x00003258                _write
 .text          0x00003294      0x318 build\system\system_LPC17xx.o
                0x00003294                SystemCoreClockUpdate
                0x0000343c                SystemInit
 .text          0x000035ac       0x6c build\system\mini_cpp.o
                0x000035ac                operator new(unsigned int)
                0x000035c8                operator new[](unsigned int)
                0x000035e4                operator delete(void*)
                0x000035fc                __aeabi_atexit
 .text          0x00003618       0x14 build\system\startup_LPC17xx.o
                0x00003618                NMI_Handler
                0x0000361a                HardFault_Handler
                0x0000361c                MemManage_Handler
                0x0000361e                BusFault_Handler
                0x00003620                UsageFault_Handler
                0x00003622                SVC_Handler
                0x00003624                DebugMon_Handler
                0x00003626                PendSV_Handler
                0x00003628                SysTick_Handler
                0x0000362a                PWM1_IRQHandler
                0x0000362a                I2C1_IRQHandler
                0x0000362a                EINT2_IRQHandler
                0x0000362a                EINT3_IRQHandler
                0x0000362a                TIMER3_IRQHandler
                0x0000362a                UART0_IRQHandler
                0x0000362a                I2C0_IRQHandler
                0x0000362a                RIT_IRQHandler
                0x0000362a                CAN_IRQHandler
                0x0000362a                PLL1_IRQHandler
                0x0000362a                SSP0_IRQHandler
                0x0000362a                I2S_IRQHandler
                0x0000362a                I2C2_IRQHandler
                0x0000362a                RTC_IRQHandler
                0x0000362a                SPI_IRQHandler
                0x0000362a                EINT1_IRQHandler
                0x0000362a                UART2_IRQHandler
                0x0000362a                Default_Handler
                0x0000362a                ADC_IRQHandler
                0x0000362a                SSP1_IRQHandler
                0x0000362a                BOD_IRQHandler
                0x0000362a                USBActivity_IRQHandler
                0x0000362a                WDT_IRQHandler
                0x0000362a                PLL0_IRQHandler
                0x0000362a                QEI_IRQHandler
                0x0000362a                EINT0_IRQHandler
                0x0000362a                DMA_IRQHandler
                0x0000362a                TIMER2_IRQHandler
                0x0000362a                UART3_IRQHandler
                0x0000362a                MCPWM_IRQHandler
                0x0000362a                ENET_IRQHandler
 .text          0x0000362c       0xe4 build\lib\source\Uart32.o
                0x0000362c                UART_8
                0x0000364c                UART_32_DEC
                0x000036ac                UART_32_HEX
 .text          0x00003710      0x518 build\lib\source\lpc17xx_adc.o
                0x00003710                ADC_Init
                0x000037a8                ADC_DeInit
                0x000037ec                ADC_GetData
                0x00003820                ADC_StartCmd
                0x000038a4                ADC_BurstCmd
                0x000038f0                ADC_PowerdownCmd
                0x0000393c                ADC_EdgeStartConfig
                0x000039a0                ADC_IntConfig
                0x00003a44                ADC_ChannelCmd
                0x00003aac                ADC_ChannelGetData
                0x00003b00                ADC_ChannelGetStatus
                0x00003b84                ADC_GlobalGetData
                0x00003bb4                ADC_GlobalGetStatus
 .text          0x00003c28      0x250 build\lib\source\lpc17xx_clkpwr.o
                0x00003c28                CLKPWR_SetPCLKDiv
                0x00003cc8                CLKPWR_GetPCLKSEL
                0x00003d14                CLKPWR_GetPCLK
                0x00003d84                CLKPWR_ConfigPPWR
                0x00003de4                CLKPWR_Sleep
                0x00003e00                CLKPWR_DeepSleep
                0x00003e28                CLKPWR_PowerDown
                0x00003e50                CLKPWR_DeepPowerDown
 .text          0x00003e78      0x958 build\lib\source\lpc17xx_gpio.o
                0x000040b8                GPIO_SetDir
                0x00004104                GPIO_GetDir
                0x00004134                GPIO_SetValue
                0x00004160                GPIO_ClearValue
                0x0000418c                GPIO_ReadValue
                0x000041bc                GPIO_IntCmd
                0x0000422c                GPIO_GetIntStatus
                0x000042d0                GPIO_ClearInt
                0x00004308                FIO_SetDir
                0x00004330                FIO_SetValue
                0x00004350                FIO_ClearValue
                0x00004370                FIO_ReadValue
                0x00004390                FIO_IntCmd
                0x000043b8                FIO_GetIntStatus
                0x000043e4                FIO_ClearInt
                0x00004404                FIO_SetMask
                0x00004434                FIO_HalfWordSetDir
                0x000044d0                FIO_HalfWordSetMask
                0x0000456c                FIO_HalfWordSetValue
                0x000045ac                FIO_HalfWordClearValue
                0x000045ec                FIO_HalfWordReadValue
                0x00004630                FIO_ByteSetDir
                0x000046a0                FIO_ByteSetMask
                0x00004718                FIO_ByteSetValue
                0x00004754                FIO_ByteClearValue
                0x00004790                FIO_ByteReadValue
 .text          0x000047d0     0x1348 build\lib\source\lpc17xx_i2c.o
                0x00004a60                I2C_Init
                0x00004b1c                I2C_DeInit
                0x00004ba8                I2C_Cmd
                0x00004c1c                I2C_IntCmd
                0x00004cac                I2C_MasterHandler
                0x00005070                I2C_SlaveHandler
                0x00005244                I2C_MasterTransferData
                0x00005578                I2C_SlaveTransferData
                0x000057d8                I2C_SetOwnSlaveAddr
                0x000058dc                I2C_MonitorModeConfig
                0x00005964                I2C_MonitorModeCmd
                0x00005a04                I2C_MonitorGetDatabuffer
                0x00005a50                I2C_MonitorHandler
                0x00005aa8                I2C_MasterTransferComplete
                0x00005ae0                I2C_SlaveTransferComplete
 .text          0x00005b18        0xc build\lib\source\lpc17xx_libcfg_default.o
                0x00005b18                check_failed
 .text          0x00005b24       0xfc build\lib\source\lpc17xx_nvic.o
                0x00005b24                NVIC_DeInit
                0x00005b84                NVIC_SCBDeInit
                0x00005c04                NVIC_SetVTOR
 .text          0x00005c20      0x284 build\lib\source\lpc17xx_pinsel.o
                0x00005dd4                PINSEL_ConfigTraceFunc
                0x00005e14                PINSEL_SetI2C0Pins
                0x00005e50                PINSEL_ConfigPin
 .text          0x00005ea4      0x58c build\lib\source\lpc17xx_spi.o
                0x00005ea4                SPI_SetClock
                0x00005f20                SPI_DeInit
                0x00005f60                SPI_GetDataSize
                0x00005f9c                SPI_Init
                0x00006034                SPI_ConfigStructInit
                0x00006078                SPI_SendData
                0x000060ac                SPI_ReceiveData
                0x000060e0                SPI_ReadWrite
                0x000062d4                SPI_IntCmd
                0x0000633c                SPI_GetIntStatus
                0x00006374                SPI_ClearIntPending
                0x000063a8                SPI_GetStatus
                0x000063dc                SPI_CheckStatus
 .text          0x00006430      0xab0 build\lib\source\lpc17xx_timer.o
                0x0000655c                TIM_GetIntStatus
                0x00006604                TIM_GetIntCaptureStatus
                0x000066b0                TIM_ClearIntPending
                0x0000673c                TIM_ClearIntCapturePending
                0x000067cc                TIM_ConfigStructInit
                0x0000680c                TIM_Init
                0x000069b4                TIM_DeInit
                0x00006a5c                TIM_Cmd
                0x00006acc                TIM_ResetCounter
                0x00006b30                TIM_ConfigMatch
                0x00006ce0                TIM_UpdateMatchValue
                0x00006d70                TIM_ConfigCapture
                0x00006e68                TIM_GetCaptureValue
 .text          0x00006ee0     0x16c0 build\lib\source\lpc17xx_uart.o
                0x000071e8                UART_Init
                0x0000750c                UART_DeInit
                0x000075b4                UART_ConfigStructInit
                0x000075e8                UART_SendByte
                0x00007650                UART_ReceiveByte
                0x000076b8                UART_Send
                0x000077c4                UART_Receive
                0x0000789c                UART_ForceBreak
                0x00007914                UART_IntConfig
                0x00007aac                UART_GetLineStatus
                0x00007b14                UART_GetIntId
                0x00007b70                UART_CheckBusy
                0x00007b9c                UART_FIFOConfig
                0x00007cf8                UART_FIFOConfigStructInit
                0x00007d2c                UART_ABCmd
                0x00007e74                UART_ABClearIntPending
                0x00007ee8                UART_TxCmd
                0x00007fb4                UART_IrDAInvtInputCmd
                0x00008030                UART_IrDACmd
                0x000080a4                UART_IrDAPulseDivConfig
                0x00008144                UART_FullModemForcePinState
                0x00008200                UART_FullModemConfigMode
                0x000082c8                UART_FullModemGetStatus
                0x000082fc                UART_RS485Config
                0x00008484                UART_RS485ReceiverCmd
                0x000084cc                UART_RS485Send
                0x00008550                UART_RS485SendSlvAddr
                0x00008578                UART_RS485SendData
 .text          0x000085a0       0xf8 build\lib_sd\byteordering.o
                0x000085a0                read16
                0x000085d0                read32
                0x00008614                write16
                0x00008644                write32
 .text          0x00008698     0x1cb8 build\lib_sd\fat.o
                0x00008698                fat_open
                0x00008734                fat_close
                0x00008d1c                fat_get_dir_entry_of_path
                0x00008e54                fat_open_file
                0x00008efc                fat_close_file
                0x00008f1c                fat_read_file
                0x000090ac                fat_write_file
                0x000092cc                fat_seek_file
                0x00009368                fat_resize_file
                0x000094ac                fat_open_dir
                0x00009548                fat_close_dir
                0x00009568                fat_read_dir
                0x000096f0                fat_reset_dir
                0x00009f28                fat_create_file
                0x00009fe4                fat_delete_file
                0x0000a09c                fat_create_dir
                0x0000a220                fat_get_fs_size
                0x0000a254                fat_get_fs_free
 .text          0x0000a350      0x16c build\lib_sd\partition.o
                0x0000a350                partition_open
                0x0000a490                partition_close
 .text          0x0000a4bc      0xae4 build\lib_sd\sd_raw.o
                0x0000a4bc                sd_raw_init
                0x0000a73c                sd_raw_available
                0x0000a750                sd_raw_locked
                0x0000a880                sd_raw_read
                0x0000a9ac                sd_raw_read_interval
                0x0000aa2c                sd_raw_write
                0x0000ab98                sd_raw_write_interval
                0x0000ac34                sd_raw_sync
                0x0000ac80                sd_raw_get_info
 .text          0x0000afa0      0x214 build\IAP_internal_flash_write\IAP.o
                0x0000afa0                IAP::read_ID()
                0x0000afd4                IAP::read_serial()
                0x0000b008                IAP::blank_check(int, int)
                0x0000b04c                IAP::erase(int, int)
                0x0000b09c                IAP::prepare(int, int)
                0x0000b0e0                IAP::write(char*, char*, int)
                0x0000b138                IAP::compare(char*, char*, int)
                0x0000b184                IAP::reserved_flash_area_start()
                0x0000b19c                IAP::reserved_flash_area_size()
 .text          0x0000b1b4      0x468 build\USBCDC\cdcuser.o
                0x0000b1ec                CDC_RdOutBuf
                0x0000b25c                CDC_WrOutBuf
                0x0000b2b4                CDC_OutBufAvailChar
                0x0000b2e4                CDC_Init
                0x0000b30c                CDC_SendEncapsulatedCommand
                0x0000b31c                CDC_GetEncapsulatedResponse
                0x0000b32c                CDC_SetCommFeature
                0x0000b348                CDC_GetCommFeature
                0x0000b364                CDC_ClearCommFeature
                0x0000b380                CDC_SetLineCoding
                0x0000b3dc                CDC_GetLineCoding
                0x0000b440                CDC_SetControlLineState
                0x0000b45c                CDC_SendBreak
                0x0000b478                CDC_BulkIn
                0x0000b4c0                CDC_BulkOut
                0x0000b4d0                CDC_GetSerialState
                0x0000b5a4                CDC_NotificationIn
 .text          0x0000b61c      0x224 build\USBCDC\serial.o
                0x0000b61c                ser_OpenPort
                0x0000b630                ser_ClosePort
                0x0000b644                ser_InitPort0
                0x0000b69c                ser_Read
                0x0000b720                ser_Write
                0x0000b7ec                ser_AvailChar
                0x0000b818                ser_LineState
 .text          0x0000b840      0xe64 build\USBCDC\usbcore.o
                0x0000b840                USB_ResetCore
                0x0000b894                USB_SetupStage
                0x0000b8a8                USB_DataInStage
                0x0000b900                USB_DataOutStage
                0x0000b940                USB_StatusInStage
                0x0000b958                USB_StatusOutStage
                0x0000b96c                USB_ReqGetStatus
                0x0000ba88                USB_ReqSetClrFeature
                0x0000bbc8                USB_ReqSetAddress
                0x0000bc04                USB_ReqGetDescriptor
                0x0000bd2c                USB_ReqGetConfiguration
                0x0000bd64                USB_ReqSetConfiguration
                0x0000bfec                USB_ReqGetInterface
                0x0000c04c                USB_ReqSetInterface
                0x0000c230                USB_EndPoint0
 .text          0x0000c6a4        0x0 build\USBCDC\usbdesc.o
 .text          0x0000c6a4      0x9b8 build\USBCDC\usbhw.o
                0x0000c814                EPAdr
                0x0000c848                WrCmd
                0x0000c880                WrCmdDat
                0x0000c8dc                WrCmdEP
                0x0000c944                RdCmdDat
                0x0000c984                USB_Init
                0x0000ca64                USB_Connect
                0x0000ca94                USB_Reset
                0x0000cb04                USB_Suspend
                0x0000cb10                USB_Resume
                0x0000cb1c                USB_WakeUp
                0x0000cb44                USB_WakeUpCfg
                0x0000cb58                USB_SetAddress
                0x0000cb98                USB_Configure
                0x0000cbf0                USB_ConfigEP
                0x0000cc58                USB_DirCtrlEP
                0x0000cc6c                USB_EnableEP
                0x0000cc9c                USB_DisableEP
                0x0000cccc                USB_ResetEP
                0x0000ccfc                USB_SetStallEP
                0x0000cd2c                USB_ClrStallEP
                0x0000cd5c                USB_ClearEPBuf
                0x0000cd78                USB_ReadEP
                0x0000ce20                USB_WriteEP
                0x0000cea0                USB_GetFrame
                0x0000cedc                USB_IRQHandler
 .text          0x0000d05c      0x180 build\USBCDC\usbuser.o
                0x0000d05c                USB_Reset_Event
                0x0000d068                USB_Configure_Event
                0x0000d074                USB_EndPoint1
                0x0000d0b0                USB_EndPoint2
                0x0000d0d8                USB_EndPoint3
                0x0000d0ec                USB_EndPoint4
                0x0000d100                USB_EndPoint5
                0x0000d114                USB_EndPoint6
                0x0000d128                USB_EndPoint7
                0x0000d13c                USB_EndPoint8
                0x0000d150                USB_EndPoint9
                0x0000d164                USB_EndPoint10
                0x0000d178                USB_EndPoint11
                0x0000d18c                USB_EndPoint12
                0x0000d1a0                USB_EndPoint13
                0x0000d1b4                USB_EndPoint14
                0x0000d1c8                USB_EndPoint15
 .text          0x0000d1dc       0xb0 build\USBCDC\vcomdemo.o
                0x0000d1dc                VCOM_Init
                0x0000d1ec                VCOM_Usb2Serial
                0x0000d238                VCOM_CheckSerialState
                0x0000d268                VCOM_Start
 .text          0x0000d28c       0xc0 build\ButtonArray.o
                0x0000d28c                ButtonArray::init()
                0x0000d2b8                ButtonArray::scanButtons()
                0x0000d2d4                ButtonArray::getButton(ButtonArray::ButtonName&)
 .text._ZN10Port_ClassC2Ev
                0x0000d34c       0x20 build\ButtonArray.o
                0x0000d34c                Port_Class::Port_Class()
                0x0000d34c                Port_Class::Port_Class()
 .text          0x0000d36c      0xc80 build\Command.o
                0x0000d36c                command::getRemainingCapacity()
                0x0000d38c                command::pause(bool)
                0x0000d3ac                command::isPaused()
                0x0000d3c0                command::isEmpty()
                0x0000d3d4                command::push(unsigned char)
                0x0000d3f4                command::pop8()
                0x0000d408                command::pop16()
                0x0000d434                command::pop32()
                0x0000d474                command::reset()
                0x0000d490                command::runCommandSlice()
 .text._ZN5PointC2Elllll
                0x0000dfec       0x3c build\Command.o
                0x0000dfec                Point::Point(long, long, long, long, long)
                0x0000dfec                Point::Point(long, long, long, long, long)
 .text._ZN5PointC2Elll
                0x0000e028       0x64 build\Command.o
                0x0000e028                Point::Point(long, long, long)
                0x0000e028                Point::Point(long, long, long)
 .text._ZNK5PointixEj
                0x0000e08c       0x20 build\Command.o
                0x0000e08c                Point::operator[](unsigned int) const
 .text._ZN5PointixEj
                0x0000e0ac       0x20 build\Command.o
                0x0000e0ac                Point::operator[](unsigned int)
 .text._ZNK6Packet8hasErrorEv
                0x0000e0cc       0x28 build\Command.o
                0x0000e0cc                Packet::hasError() const
 .text._ZN19CircularBufferTemplIhEC2EtPh
                0x0000e0f4       0x48 build\Command.o
                0x0000e0f4                CircularBufferTempl<unsigned char>::CircularBufferTempl(unsigned short, unsigned char*)
                0x0000e0f4                CircularBufferTempl<unsigned char>::CircularBufferTempl(unsigned short, unsigned char*)
 .text._ZNK19CircularBufferTemplIhE20getRemainingCapacityEv
                0x0000e13c       0x24 build\Command.o
                0x0000e13c                CircularBufferTempl<unsigned char>::getRemainingCapacity() const
 .text._ZNK19CircularBufferTemplIhE7isEmptyEv
                0x0000e160       0x24 build\Command.o
                0x0000e160                CircularBufferTempl<unsigned char>::isEmpty() const
 .text._ZN19CircularBufferTemplIhE4pushEh
                0x0000e184       0x5c build\Command.o
                0x0000e184                CircularBufferTempl<unsigned char>::push(unsigned char)
 .text._ZN19CircularBufferTemplIhE3popEv
                0x0000e1e0       0x6c build\Command.o
                0x0000e1e0                CircularBufferTempl<unsigned char>::pop()
 .text._ZN19CircularBufferTemplIhE5resetEv
                0x0000e24c       0x34 build\Command.o
                0x0000e24c                CircularBufferTempl<unsigned char>::reset()
 .text._ZNK19CircularBufferTemplIhE9getLengthEv
                0x0000e280       0x1c build\Command.o
                0x0000e280                CircularBufferTempl<unsigned char>::getLength() const
 .text._ZN19CircularBufferTemplIhEixEt
                0x0000e29c       0x3c build\Command.o
                0x0000e29c                CircularBufferTempl<unsigned char>::operator[](unsigned short)
 .text          0x0000e2d8      0x340 build\DebugPacketProcessor.o
                0x0000e2d8                processDebugPacket(InPacket const&, OutPacket&)
 .text._ZNK6Packet9getLengthEv
                0x0000e618       0x1c build\DebugPacketProcessor.o
                0x0000e618                Packet::getLength() const
 .text._ZN11Motherboard8getBoardEv
                0x0000e634       0x14 build\DebugPacketProcessor.o
                0x0000e634                Motherboard::getBoard()
 .text          0x0000e648      0x140 build\Delay.o
                0x0000e648                few_ticks
                0x0000e710                _delay_us
                0x0000e748                _delay_ms
                0x0000e768                _delay_s
 .text          0x0000e788      0x7a0 build\EepromMap.o
                0x0000e788                print_menu()
                0x0000e7d0                test_uart()
                0x0000e890                test_led(unsigned char)
                0x0000e900                test_led2(unsigned char)
                0x0000e970                test_led3(unsigned char)
                0x0000e9e0                test_u()
                0x0000ea54                UART_8(LPC_UART_TypeDef*, unsigned char)
                0x0000ea74                UART_32_DEC(LPC_UART_TypeDef*, unsigned long)
                0x0000ead4                UART_32_HEX(LPC_UART_TypeDef*, unsigned long)
                0x0000eb38                read_all_from_flash()
                0x0000eb9c                save_to_flash()
                0x0000ebe8                microstep_pinout(unsigned char)
                0x0000ecc0                eeprom::init()
                0x0000edbc                eeprom::getEeprom8(unsigned long, unsigned char)
                0x0000ede4                eeprom::getEeprom16(unsigned long, unsigned short)
 .text._ZN3IAPC2Ev
                0x0000ef28       0x3c build\EepromMap.o
                0x0000ef28                IAP::IAP()
                0x0000ef28                IAP::IAP()
 .text          0x0000ef64      0x894 build\Host.o
                0x0000f048                host::runHostSlice()
                0x0000f1d4                host::processCommandPacket(InPacket const&, OutPacket&)
                0x0000f2bc                host::doToolPause(OutPacket&)
                0x0000f3d8                host::processQueryPacket(InPacket const&, OutPacket&)
                0x0000f5c0                host::getMachineName()
                0x0000f654                host::getBuildName()
                0x0000f668                host::getHostState()
                0x0000f67c                host::startBuildFromSD()
                0x0000f6b4                host::stopBuild()
 .text._ZN6Packet5errorEh
                0x0000f7f8       0x24 build\Host.o
                0x0000f7f8                Packet::error(unsigned char)
 .text._ZNK6Packet12getErrorCodeEv
                0x0000f81c       0x1c build\Host.o
                0x0000f81c                Packet::getErrorCode() const
 .text._ZNK6Packet7getDataEv
                0x0000f838       0x1c build\Host.o
                0x0000f838                Packet::getData() const
 .text._ZNK8InPacket10isFinishedEv
                0x0000f854       0x28 build\Host.o
                0x0000f854                InPacket::isFinished() const
 .text._ZNK8InPacket9isStartedEv
                0x0000f87c       0x28 build\Host.o
                0x0000f87c                InPacket::isStarted() const
 .text._ZN8InPacket7timeoutEv
                0x0000f8a4       0x1c build\Host.o
                0x0000f8a4                InPacket::timeout()
 .text._ZNK9OutPacket9isSendingEv
                0x0000f8c0       0x38 build\Host.o
                0x0000f8c0                OutPacket::isSending() const
 .text._ZN4UART11getHostUARTEv
                0x0000f8f8       0x14 build\Host.o
                0x0000f8f8                UART::getHostUART()
 .text._ZNK7Timeout8isActiveEv
                0x0000f90c       0x18 build\Host.o
                0x0000f90c                Timeout::isActive() const
 .text._ZN11Motherboard19getStepperInterfaceEi
                0x0000f924       0x28 build\Host.o
                0x0000f924                Motherboard::getStepperInterface(int)
 .text._ZN4host13handleVersionERK8InPacketR9OutPacket
                0x0000f94c       0x58 build\Host.o
                0x0000f94c                host::handleVersion(InPacket const&, OutPacket&)
 .text._ZN4host18handleGetBuildNameERK8InPacketR9OutPacket
                0x0000f9a4       0x5c build\Host.o
                0x0000f9a4                host::handleGetBuildName(InPacket const&, OutPacket&)
 .text._ZN4host19handleGetBufferSizeERK8InPacketR9OutPacket
                0x0000fa00       0x2c build\Host.o
                0x0000fa00                host::handleGetBufferSize(InPacket const&, OutPacket&)
 .text._ZN4host17handleGetPositionERK8InPacketR9OutPacket
                0x0000fa2c      0x110 build\Host.o
                0x0000fa2c                host::handleGetPosition(InPacket const&, OutPacket&)
 .text._ZN4host20handleGetPositionExtERK8InPacketR9OutPacket
                0x0000fb3c      0x148 build\Host.o
                0x0000fb3c                host::handleGetPositionExt(InPacket const&, OutPacket&)
 .text._ZN4host19handleCaptureToFileERK8InPacketR9OutPacket
                0x0000fc84       0x3c build\Host.o
                0x0000fc84                host::handleCaptureToFile(InPacket const&, OutPacket&)
 .text._ZN4host16handleEndCaptureERK8InPacketR9OutPacket
                0x0000fcc0       0x2c build\Host.o
                0x0000fcc0                host::handleEndCapture(InPacket const&, OutPacket&)
 .text._ZN4host14handlePlaybackERK8InPacketR9OutPacket
                0x0000fcec       0x84 build\Host.o
                0x0000fcec                host::handlePlayback(InPacket const&, OutPacket&)
 .text._ZN4host18handleNextFilenameERK8InPacketR9OutPacket
                0x0000fd70      0x10c build\Host.o
                0x0000fd70                host::handleNextFilename(InPacket const&, OutPacket&)
 .text._ZN4host15handleToolQueryERK8InPacketR9OutPacket
                0x0000fe7c      0x17c build\Host.o
                0x0000fe7c                host::handleToolQuery(InPacket const&, OutPacket&)
 .text._ZN4host11handlePauseERK8InPacketR9OutPacket
                0x0000fff8       0x34 build\Host.o
                0x0000fff8                host::handlePause(InPacket const&, OutPacket&)
 .text._ZN4host16handleIsFinishedERK8InPacketR9OutPacket
                0x0001002c       0x60 build\Host.o
                0x0001002c                host::handleIsFinished(InPacket const&, OutPacket&)
 .text._ZN4host16handleReadEepromERK8InPacketR9OutPacket
                0x0001008c       0xb4 build\Host.o
                0x0001008c                host::handleReadEeprom(InPacket const&, OutPacket&)
 .text._ZN4host17handleWriteEepromERK8InPacketR9OutPacket
                0x00010140       0xd0 build\Host.o
                0x00010140                host::handleWriteEeprom(InPacket const&, OutPacket&)
 .text._ZN4host18handleExtendedStopERK8InPacketR9OutPacket
                0x00010210       0x54 build\Host.o
                0x00010210                host::handleExtendedStop(InPacket const&, OutPacket&)
 .text._ZN4host27handleGetCommunicationStatsERK8InPacketR9OutPacket
                0x00010264       0x60 build\Host.o
                0x00010264                host::handleGetCommunicationStats(InPacket const&, OutPacket&)
 .text          0x000102c4      0x1dc build\Interface.o
                0x000102c4                interface::isConnected()
                0x000103c4                interface::init(InterfaceBoard*, LiquidCrystal*)
                0x000103ec                interface::pushScreen(Screen*)
                0x0001040c                interface::popScreen()
                0x00010420                interface::doInterrupt()
                0x00010434                interface::getUpdateRate()
                0x0001044c                interface::doUpdate()
 .text._ZN10Port_ClassC2E8portname
                0x000104a0       0x20 build\Interface.o
                0x000104a0                Port_Class::Port_Class(portname)
                0x000104a0                Port_Class::Port_Class(portname)
 .text._ZN10Port_Class15setPinDirectionEhb
                0x000104c0       0x74 build\Interface.o
                0x000104c0                Port_Class::setPinDirection(unsigned char, bool)
 .text._ZN10Port_Class6getPinEh
                0x00010534       0x4c build\Interface.o
                0x00010534                Port_Class::getPin(unsigned char)
 .text._ZN10Port_Class6setPinEhb
                0x00010580       0x5c build\Interface.o
                0x00010580                Port_Class::setPin(unsigned char, bool)
 .text._ZN3PinC2E8portnameh
                0x000105dc       0x30 build\Interface.o
                0x000105dc                Pin::Pin(portname, unsigned char)
                0x000105dc                Pin::Pin(portname, unsigned char)
 .text._ZN3Pin12setDirectionEb
                0x0001060c       0x28 build\Interface.o
                0x0001060c                Pin::setDirection(bool)
 .text._ZN3Pin8getValueEv
                0x00010634       0x24 build\Interface.o
                0x00010634                Pin::getValue()
 .text._ZN3Pin8setValueEb
                0x00010658       0x28 build\Interface.o
                0x00010658                Pin::setValue(bool)
 .text          0x00010680      0x39c build\InterfaceBoard.o
                0x00010680                InterfaceBoard::InterfaceBoard(ButtonArray&, LiquidCrystal&, Pin const&, Pin const&, Screen*, Screen*)
                0x00010680                InterfaceBoard::InterfaceBoard(ButtonArray&, LiquidCrystal&, Pin const&, Pin const&, Screen*, Screen*)
                0x000106d4                InterfaceBoard::init()
                0x00010778                InterfaceBoard::doInterrupt()
                0x00010794                InterfaceBoard::getUpdateRate()
                0x000107d4                InterfaceBoard::doUpdate()
                0x000108c4                InterfaceBoard::pushScreen(Screen*)
                0x00010974                InterfaceBoard::popScreen()
 .text          0x00010a1c      0x158 build\LPCPort.o
 .text          0x00010b74      0xf78 build\LiquidCrystal.o
                0x00010b74                LiquidCrystal::LiquidCrystal(Pin, Pin, Pin, Pin, Pin, Pin, Pin, Pin, Pin, Pin, Pin)
                0x00010b74                LiquidCrystal::LiquidCrystal(Pin, Pin, Pin, Pin, Pin, Pin, Pin, Pin, Pin, Pin, Pin)
                0x00010cbc                LiquidCrystal::LiquidCrystal(Pin, Pin, Pin, Pin, Pin, Pin, Pin, Pin, Pin, Pin)
                0x00010cbc                LiquidCrystal::LiquidCrystal(Pin, Pin, Pin, Pin, Pin, Pin, Pin, Pin, Pin, Pin)
                0x00010e0c                LiquidCrystal::LiquidCrystal(Pin, Pin, Pin, Pin, Pin, Pin, Pin)
                0x00010e0c                LiquidCrystal::LiquidCrystal(Pin, Pin, Pin, Pin, Pin, Pin, Pin)
                0x00010f7c                LiquidCrystal::LiquidCrystal(Pin, Pin, Pin, Pin, Pin, Pin)
                0x00010f7c                LiquidCrystal::LiquidCrystal(Pin, Pin, Pin, Pin, Pin, Pin)
                0x000110f4                LiquidCrystal::init(unsigned char, Pin, Pin, Pin, Pin, Pin, Pin, Pin, Pin, Pin, Pin, Pin)
                0x00011260                LiquidCrystal::begin(unsigned char, unsigned char, unsigned char)
                0x000113f4                LiquidCrystal::clear()
                0x00011418                LiquidCrystal::home()
                0x0001143c                LiquidCrystal::setCursor(unsigned char, unsigned char)
                0x000114a8                LiquidCrystal::noDisplay()
                0x000114e0                LiquidCrystal::display()
                0x00011518                LiquidCrystal::noCursor()
                0x00011550                LiquidCrystal::cursor()
                0x00011588                LiquidCrystal::noBlink()
                0x000115c0                LiquidCrystal::blink()
                0x000115f8                LiquidCrystal::scrollDisplayLeft()
                0x00011614                LiquidCrystal::scrollDisplayRight()
                0x00011630                LiquidCrystal::leftToRight()
                0x00011668                LiquidCrystal::rightToLeft()
                0x000116a0                LiquidCrystal::autoscroll()
                0x000116d8                LiquidCrystal::noAutoscroll()
                0x00011710                LiquidCrystal::createChar(unsigned char, unsigned char*)
                0x0001177c                LiquidCrystal::writeInt(unsigned short, unsigned char)
                0x0001183c                LiquidCrystal::writeString(char*)
                0x00011880                LiquidCrystal::writeFromPgmspace(char const*)
                0x000118c0                LiquidCrystal::send(unsigned char, bool)
                0x00011944                LiquidCrystal::pulseEnable()
                0x0001199c                LiquidCrystal::write4bits(unsigned char)
                0x00011a24                LiquidCrystal::write8bits(unsigned char)
 .text._ZN10Port_Class6isNullEv
                0x00011aec       0x24 build\LiquidCrystal.o
                0x00011aec                Port_Class::isNull()
 .text._ZN3PinC2Ev
                0x00011b10       0x2c build\LiquidCrystal.o
                0x00011b10                Pin::Pin()
                0x00011b10                Pin::Pin()
 .text._ZN3Pin6isNullEv
                0x00011b3c       0x1c build\LiquidCrystal.o
                0x00011b3c                Pin::isNull()
 .text._ZN13LiquidCrystal7commandEh
                0x00011b58       0x24 build\LiquidCrystal.o
                0x00011b58                LiquidCrystal::command(unsigned char)
 .text._ZN13LiquidCrystal5writeEh
                0x00011b7c       0x24 build\LiquidCrystal.o
                0x00011b7c                LiquidCrystal::write(unsigned char)
 .text          0x00011ba0      0x6ac build\Main.o
                0x00011f74                reset(bool)
                0x000120c0                main
 .text          0x0001224c     0x12f4 build\Menu.o
                0x0001224c                queryExtruderParameter(unsigned char, OutPacket&)
                0x00012388                SplashScreen::update(LiquidCrystal&, bool)
                0x00012414                SplashScreen::notifyButtonPressed(ButtonArray::ButtonName)
                0x0001242c                SplashScreen::reset()
                0x00012440                JogMode::reset()
                0x00012464                JogMode::update(LiquidCrystal&, bool)
                0x00012524                JogMode::jog(ButtonArray::ButtonName)
                0x00012640                JogMode::notifyButtonPressed(ButtonArray::ButtonName)
                0x000126cc                SnakeMode::update(LiquidCrystal&, bool)
                0x00012a6c                SnakeMode::reset()
                0x00012b2c                SnakeMode::notifyButtonPressed(ButtonArray::ButtonName)
                0x00012ba8                MonitorMode::reset()
                0x00012bc4                MonitorMode::update(LiquidCrystal&, bool)
                0x00012df0                MonitorMode::notifyButtonPressed(ButtonArray::ButtonName)
                0x00012e2c                Menu::update(LiquidCrystal&, bool)
                0x00012f30                Menu::reset()
                0x00012f68                Menu::resetState()
                0x00012f7c                Menu::handleSelect(unsigned char)
                0x00012f94                Menu::handleCancel()
                0x00012fa8                Menu::notifyButtonPressed(ButtonArray::ButtonName)
                0x00013068                CancelBuildMenu::CancelBuildMenu()
                0x00013068                CancelBuildMenu::CancelBuildMenu()
                0x000130a0                CancelBuildMenu::resetState()
                0x000130c4                CancelBuildMenu::drawItem(unsigned char, LiquidCrystal&)
                0x00013124                CancelBuildMenu::handleSelect(unsigned char)
                0x00013154                MainMenu::MainMenu()
                0x00013154                MainMenu::MainMenu()
                0x000131bc                MainMenu::drawItem(unsigned char, LiquidCrystal&)
                0x0001322c                MainMenu::handleSelect(unsigned char)
                0x00013298                SDMenu::SDMenu()
                0x00013298                SDMenu::SDMenu()
                0x000132c8                SDMenu::resetState()
                0x000132e8                SDMenu::countFiles()
                0x00013358                SDMenu::getFilename(unsigned char, char*, unsigned char)
                0x000133f4                SDMenu::drawItem(unsigned char, LiquidCrystal&)
                0x000134a0                SDMenu::handleSelect(unsigned char)
 .text._ZN4Menu13getUpdateRateEv
                0x00013540       0x1c build\Menu.o
                0x00013540                Menu::getUpdateRate()
 .text._ZN12SplashScreen13getUpdateRateEv
                0x0001355c       0x18 build\Menu.o
                0x0001355c                SplashScreen::getUpdateRate()
 .text._ZN7JogMode13getUpdateRateEv
                0x00013574       0x18 build\Menu.o
                0x00013574                JogMode::getUpdateRate()
 .text._ZN9SnakeMode13getUpdateRateEv
                0x0001358c       0x18 build\Menu.o
                0x0001358c                SnakeMode::getUpdateRate()
 .text._ZN11MonitorMode13getUpdateRateEv
                0x000135a4       0x1c build\Menu.o
                0x000135a4                MonitorMode::getUpdateRate()
 .text._Z9rcCompareh12ResponseCode
                0x000135c0       0x30 build\Menu.o
                0x000135c0                rcCompare(unsigned char, ResponseCode)
 .text._ZN6ScreenC2Ev
                0x000135f0       0x20 build\Menu.o
                0x000135f0                Screen::Screen()
                0x000135f0                Screen::Screen()
 .text._ZN4MenuC2Ev
                0x00013610       0x28 build\Menu.o
                0x00013610                Menu::Menu()
                0x00013610                Menu::Menu()
 .text._ZN11MonitorModeC2Ev
                0x00013638       0x34 build\Menu.o
                0x00013638                MonitorMode::MonitorMode()
                0x00013638                MonitorMode::MonitorMode()
 .text._ZN7JogModeC2Ev
                0x0001366c       0x28 build\Menu.o
                0x0001366c                JogMode::JogMode()
                0x0001366c                JogMode::JogMode()
 .text._ZN9SnakeModeC2Ev
                0x00013694       0x28 build\Menu.o
                0x00013694                SnakeMode::SnakeMode()
                0x00013694                SnakeMode::SnakeMode()
 .text          0x000136bc      0x204 build\Microsteps.o
                0x000136bc                microsteps::init()
 .text          0x000138c0      0xe88 build\Motherboard.o
                0x00013cfc                Motherboard::Motherboard()
                0x00013cfc                Motherboard::Motherboard()
                0x00014148                Motherboard::reset()
                0x00014384                Motherboard::getCurrentMicros()
                0x000143a0                Motherboard::doInterrupt()
                0x000143e4                Motherboard::runMotherboardSlice()
                0x00014438                TIMER0_IRQHandler
                0x00014458                Motherboard::indicateError(int)
                0x000144cc                Motherboard::getCurrentError()
                0x000144ec                TIMER1_IRQHandler
 .text._ZN4UART12getSlaveUARTEv
                0x00014748       0x14 build\Motherboard.o
                0x00014748                UART::getSlaveUART()
 .text._ZN16StepperInterfaceC2Ev
                0x0001475c       0x4c build\Motherboard.o
                0x0001475c                StepperInterface::StepperInterface()
                0x0001475c                StepperInterface::StepperInterface()
 .text._ZN12SplashScreenC2Ev
                0x000147a8       0x28 build\Motherboard.o
                0x000147a8                SplashScreen::SplashScreen()
                0x000147a8                SplashScreen::SplashScreen()
 .text          0x000147d0      0x28c build\PID.o
                0x000147d0                PID::reset()
                0x00014808                PID::reset_state()
                0x0001488c                PID::calculate(int)
                0x000149e4                PID::setTarget(int)
                0x00014a0c                PID::getErrorTerm()
                0x00014a24                PID::getDeltaTerm()
                0x00014a44                PID::getLastOutput()
 .text          0x00014a5c      0x630 build\Packet.o
                0x00014a5c                _crc_ibutton_update
                0x00014bb0                Packet::appendByte(unsigned char)
                0x00014c10                Packet::reset()
                0x00014c48                InPacket::InPacket()
                0x00014c48                InPacket::InPacket()
                0x00014c6c                InPacket::reset()
                0x00014c84                InPacket::processByte(unsigned char)
                0x00014dac                Packet::read8(unsigned char) const
                0x00014dd0                Packet::read16(unsigned char) const
                0x00014e10                Packet::read32(unsigned char) const
                0x00014e68                OutPacket::OutPacket()
                0x00014e68                OutPacket::OutPacket()
                0x00014e8c                OutPacket::reset()
                0x00014eb0                OutPacket::prepareForResend()
                0x00014ee0                OutPacket::getNextByteToSend()
                0x00014fdc                OutPacket::append8(unsigned char)
                0x00014ffc                OutPacket::append16(unsigned short)
                0x00015034                OutPacket::append32(unsigned long)
 .text._ZN6PacketC2Ev
                0x0001508c       0x18 build\Packet.o
                0x0001508c                Packet::Packet()
                0x0001508c                Packet::Packet()
 .text          0x000150a4      0x71c build\SDCard.o
                0x000150a4                sdcard::openPartition()
                0x00015114                sdcard::openFilesys()
                0x00015144                sdcard::openRoot()
                0x00015198                sdcard::initCard()
                0x00015248                sdcard::directoryReset()
                0x00015288                sdcard::directoryNextEntry(char*, unsigned char)
                0x0001535c                sdcard::findFileInDir(char const*, fat_dir_entry_struct*)
                0x000153b8                sdcard::openFile(char const*, fat_file_struct**)
                0x0001540c                sdcard::deleteFile(char*)
                0x00015454                sdcard::createFile(char*)
                0x00015488                sdcard::isPlaying()
                0x0001549c                sdcard::isCapturing()
                0x000154b0                sdcard::startCapture(char*)
                0x00015548                sdcard::capturePacket(Packet const&)
                0x000155a0                sdcard::finishCapture()
                0x000155ec                sdcard::fetchNextByte()
                0x0001562c                sdcard::playbackHasNext()
                0x00015640                sdcard::playbackNext()
                0x00015660                sdcard::startPlayback(char*)
                0x000156ec                sdcard::playbackRewind(unsigned char)
                0x00015720                sdcard::finishPlayback()
                0x00015754                sdcard::reset()
 .text          0x000157c0      0x370 build\StepperAxis.o
                0x000157c0                StepperAxis::StepperAxis()
                0x000157c0                StepperAxis::StepperAxis()
                0x000157e0                StepperAxis::StepperAxis(StepperInterface&)
                0x000157e0                StepperAxis::StepperAxis(StepperInterface&)
                0x00015804                StepperAxis::setTarget(long, bool)
                0x00015888                StepperAxis::setHoming(bool)
                0x000158b8                StepperAxis::definePosition(long)
                0x000158d4                StepperAxis::enableStepper(bool)
                0x000158f8                StepperAxis::reset()
                0x0001593c                StepperAxis::doInterrupt(long)
                0x00015a00                StepperAxis::doHoming(long)
 .text._ZN11StepperAxis12checkEndstopEb
                0x00015b30       0x3c build\StepperAxis.o
                0x00015b30                StepperAxis::checkEndstop(bool)
 .text          0x00015b6c      0x400 build\StepperInterface.o
                0x00015b6c                StepperInterface::StepperInterface(Pin const&, Pin const&, Pin const&, Pin const&, Pin const&, unsigned short)
                0x00015b6c                StepperInterface::StepperInterface(Pin const&, Pin const&, Pin const&, Pin const&, Pin const&, unsigned short)
                0x00015bec                StepperInterface::setDirection(bool)
                0x00015c1c                StepperInterface::step(bool)
                0x00015c40                StepperInterface::setEnabled(bool)
                0x00015c80                StepperInterface::isAtMaximum()
                0x00015ccc                StepperInterface::isAtMinimum()
                0x00015d18                StepperInterface::init(unsigned char)
 .text          0x00015f6c      0x970 build\Steppers.o
                0x00016238                steppers::isRunning()
                0x0001626c                steppers::init(Motherboard&)
                0x000162e0                steppers::abort()
                0x00016304                steppers::definePosition(Point const&)
                0x00016358                steppers::getPosition()
                0x0001638c                steppers::setHoldZ(bool)
                0x000163dc                steppers::setTarget(Point const&, long)
                0x00016528                steppers::setTargetNew(Point const&, long, unsigned char)
                0x0001666c                steppers::startHoming(bool, unsigned char, unsigned long)
                0x00016734                steppers::enableAxis(unsigned char, bool)
                0x00016768                steppers::doInterrupt()
 .text          0x000168dc      0x14c build\Timeout.o
                0x000168dc                Timeout::Timeout()
                0x000168dc                Timeout::Timeout()
                0x00016904                Timeout::start(unsigned long)
                0x00016940                Timeout::hasElapsed()
                0x000169a0                Timeout::hasLeft()
                0x000169cc                Timeout::abort()
 .text          0x00016a28      0xae0 build\Tool.o
                0x00016dd8                tool::getInPacket()
                0x00016dec                tool::getOutPacket()
                0x00016e00                tool::getSentPacketCount()
                0x00016e14                tool::getPacketFailureCount()
                0x00016e28                tool::getRetryCount()
                0x00016e3c                tool::getNoiseByteCount()
                0x00016e50                tool::getToolVersion()
                0x00016fc0                tool::setToolIndicatorLED()
                0x00017080                tool::reset()
                0x00017154                tool::test()
                0x000171e8                tool::getLock()
                0x00017220                tool::releaseLock()
                0x00017238                tool::startTransaction()
                0x000172c4                tool::isTransactionDone()
                0x000172e0                tool::runToolSlice()
                0x00017488                tool::setCurrentToolheadIndex(unsigned char)
                0x000174a8                tool::getCurrentToolheadIndex()
 .text          0x00017508      0xa14 build\UART.o
                0x00017944                UART::UART(unsigned char)
                0x00017944                UART::UART(unsigned char)
                0x00017b44                UART::beginSend()
                0x00017c48                UART::enable(bool)
                0x00017d38                UART::reset()
                0x00017d60                UART1_IRQHandler
                0x00017e64                CANActivity_IRQHandler
 .text._Z6listenv
                0x00017f1c       0x30 build\UART.o
                0x00017f1c                listen()
 .text._Z5speakv
                0x00017f4c       0x30 build\UART.o
                0x00017f4c                speak()
 .text          0x00017f7c        0x0 c:/progra~2/codesourcery/source~1/bin/../lib/gcc/arm-none-eabi/4.5.2/../../../../arm-none-eabi/lib/thumb2\libstdc++.a(si_class_type_info.o)
 .text._ZNK10__cxxabiv120__si_class_type_info11__do_upcastEPKNS_17__class_type_infoEPKvRNS1_15__upcast_resultE
                0x00017f7c       0x28 c:/progra~2/codesourcery/source~1/bin/../lib/gcc/arm-none-eabi/4.5.2/../../../../arm-none-eabi/lib/thumb2\libstdc++.a(si_class_type_info.o)
                0x00017f7c                __cxxabiv1::__si_class_type_info::__do_upcast(__cxxabiv1::__class_type_info const*, void const*, __cxxabiv1::__class_type_info::__upcast_result&) const
 .text._ZNK10__cxxabiv120__si_class_type_info12__do_dyncastEiNS_17__class_type_info10__sub_kindEPKS1_PKvS4_S6_RNS1_16__dyncast_resultE
                0x00017fa4       0x90 c:/progra~2/codesourcery/source~1/bin/../lib/gcc/arm-none-eabi/4.5.2/../../../../arm-none-eabi/lib/thumb2\libstdc++.a(si_class_type_info.o)
                0x00017fa4                __cxxabiv1::__si_class_type_info::__do_dyncast(int, __cxxabiv1::__class_type_info::__sub_kind, __cxxabiv1::__class_type_info const*, void const*, __cxxabiv1::__class_type_info const*, void const*, __cxxabiv1::__class_type_info::__dyncast_result&) const
 .text._ZNK10__cxxabiv120__si_class_type_info20__do_find_public_srcEiPKvPKNS_17__class_type_infoES2_
                0x00018034       0x38 c:/progra~2/codesourcery/source~1/bin/../lib/gcc/arm-none-eabi/4.5.2/../../../../arm-none-eabi/lib/thumb2\libstdc++.a(si_class_type_info.o)
                0x00018034                __cxxabiv1::__si_class_type_info::__do_find_public_src(int, void const*, __cxxabiv1::__class_type_info const*, void const*) const
 .text._ZN10__cxxabiv120__si_class_type_infoD2Ev
                0x0001806c       0x14 c:/progra~2/codesourcery/source~1/bin/../lib/gcc/arm-none-eabi/4.5.2/../../../../arm-none-eabi/lib/thumb2\libstdc++.a(si_class_type_info.o)
                0x0001806c                __cxxabiv1::__si_class_type_info::~__si_class_type_info()
                0x0001806c                __cxxabiv1::__si_class_type_info::~__si_class_type_info()
 .text._ZN10__cxxabiv120__si_class_type_infoD0Ev
                0x00018080       0x1c c:/progra~2/codesourcery/source~1/bin/../lib/gcc/arm-none-eabi/4.5.2/../../../../arm-none-eabi/lib/thumb2\libstdc++.a(si_class_type_info.o)
                0x00018080                __cxxabiv1::__si_class_type_info::~__si_class_type_info()
 .text          0x0001809c        0x0 c:/progra~2/codesourcery/source~1/bin/../lib/gcc/arm-none-eabi/4.5.2/../../../../arm-none-eabi/lib/thumb2\libstdc++.a(pure.o)
 .text.__cxa_pure_virtual
                0x0001809c       0x18 c:/progra~2/codesourcery/source~1/bin/../lib/gcc/arm-none-eabi/4.5.2/../../../../arm-none-eabi/lib/thumb2\libstdc++.a(pure.o)
                0x0001809c                __cxa_pure_virtual
 .text          0x000180b4        0x0 c:/progra~2/codesourcery/source~1/bin/../lib/gcc/arm-none-eabi/4.5.2/../../../../arm-none-eabi/lib/thumb2\libstdc++.a(class_type_info.o)
 .text._ZNK10__cxxabiv117__class_type_info11__do_upcastEPKS0_PPv
                0x000180b4       0x38 c:/progra~2/codesourcery/source~1/bin/../lib/gcc/arm-none-eabi/4.5.2/../../../../arm-none-eabi/lib/thumb2\libstdc++.a(class_type_info.o)
                0x000180b4                __cxxabiv1::__class_type_info::__do_upcast(__cxxabiv1::__class_type_info const*, void**) const
 .text._ZNK10__cxxabiv117__class_type_info20__do_find_public_srcEiPKvPKS0_S2_
                0x000180ec        0xc c:/progra~2/codesourcery/source~1/bin/../lib/gcc/arm-none-eabi/4.5.2/../../../../arm-none-eabi/lib/thumb2\libstdc++.a(class_type_info.o)
                0x000180ec                __cxxabiv1::__class_type_info::__do_find_public_src(int, void const*, __cxxabiv1::__class_type_info const*, void const*) const
 .text._ZNK10__cxxabiv117__class_type_info11__do_upcastEPKS0_PKvRNS0_15__upcast_resultE
                0x000180f8       0x1c c:/progra~2/codesourcery/source~1/bin/../lib/gcc/arm-none-eabi/4.5.2/../../../../arm-none-eabi/lib/thumb2\libstdc++.a(class_type_info.o)
                0x000180f8                __cxxabiv1::__class_type_info::__do_upcast(__cxxabiv1::__class_type_info const*, void const*, __cxxabiv1::__class_type_info::__upcast_result&) const
 .text._ZNK10__cxxabiv117__class_type_info12__do_dyncastEiNS0_10__sub_kindEPKS0_PKvS3_S5_RNS0_16__dyncast_resultE
                0x00018114       0x3c c:/progra~2/codesourcery/source~1/bin/../lib/gcc/arm-none-eabi/4.5.2/../../../../arm-none-eabi/lib/thumb2\libstdc++.a(class_type_info.o)
                0x00018114                __cxxabiv1::__class_type_info::__do_dyncast(int, __cxxabiv1::__class_type_info::__sub_kind, __cxxabiv1::__class_type_info const*, void const*, __cxxabiv1::__class_type_info const*, void const*, __cxxabiv1::__class_type_info::__dyncast_result&) const
 .text._ZNK10__cxxabiv117__class_type_info10__do_catchEPKSt9type_infoPPvj
                0x00018150       0x28 c:/progra~2/codesourcery/source~1/bin/../lib/gcc/arm-none-eabi/4.5.2/../../../../arm-none-eabi/lib/thumb2\libstdc++.a(class_type_info.o)
                0x00018150                __cxxabiv1::__class_type_info::__do_catch(std::type_info const*, void**, unsigned int) const
 .text._ZN10__cxxabiv117__class_type_infoD2Ev
                0x00018178       0x14 c:/progra~2/codesourcery/source~1/bin/../lib/gcc/arm-none-eabi/4.5.2/../../../../arm-none-eabi/lib/thumb2\libstdc++.a(class_type_info.o)
                0x00018178                __cxxabiv1::__class_type_info::~__class_type_info()
                0x00018178                __cxxabiv1::__class_type_info::~__class_type_info()
 .text._ZN10__cxxabiv117__class_type_infoD0Ev
                0x0001818c       0x1c c:/progra~2/codesourcery/source~1/bin/../lib/gcc/arm-none-eabi/4.5.2/../../../../arm-none-eabi/lib/thumb2\libstdc++.a(class_type_info.o)
                0x0001818c                __cxxabiv1::__class_type_info::~__class_type_info()
 .text          0x000181a8        0x0 c:/progra~2/codesourcery/source~1/bin/../lib/gcc/arm-none-eabi/4.5.2/../../../../arm-none-eabi/lib/thumb2\libstdc++.a(tinfo.o)
 .text._ZNSt9type_infoD2Ev
                0x000181a8        0xc c:/progra~2/codesourcery/source~1/bin/../lib/gcc/arm-none-eabi/4.5.2/../../../../arm-none-eabi/lib/thumb2\libstdc++.a(tinfo.o)
                0x000181a8                std::type_info::~type_info()
                0x000181a8                std::type_info::~type_info()
 .text._ZNKSt9type_info14__is_pointer_pEv
                0x000181b4        0x4 c:/progra~2/codesourcery/source~1/bin/../lib/gcc/arm-none-eabi/4.5.2/../../../../arm-none-eabi/lib/thumb2\libstdc++.a(tinfo.o)
                0x000181b4                std::type_info::__is_pointer_p() const
 .text._ZNKSt9type_info15__is_function_pEv
                0x000181b8        0x4 c:/progra~2/codesourcery/source~1/bin/../lib/gcc/arm-none-eabi/4.5.2/../../../../arm-none-eabi/lib/thumb2\libstdc++.a(tinfo.o)
                0x000181b8                std::type_info::__is_function_p() const
 .text._ZNKSt9type_info11__do_upcastEPKN10__cxxabiv117__class_type_infoEPPv
                0x000181bc        0x4 c:/progra~2/codesourcery/source~1/bin/../lib/gcc/arm-none-eabi/4.5.2/../../../../arm-none-eabi/lib/thumb2\libstdc++.a(tinfo.o)
                0x000181bc                std::type_info::__do_upcast(__cxxabiv1::__class_type_info const*, void**) const
 .text._ZNSt9type_infoD0Ev
                0x000181c0       0x14 c:/progra~2/codesourcery/source~1/bin/../lib/gcc/arm-none-eabi/4.5.2/../../../../arm-none-eabi/lib/thumb2\libstdc++.a(tinfo.o)
                0x000181c0                std::type_info::~type_info()
 .text._ZNKSt9type_infoeqERKS_
                0x000181d4       0x3c c:/progra~2/codesourcery/source~1/bin/../lib/gcc/arm-none-eabi/4.5.2/../../../../arm-none-eabi/lib/thumb2\libstdc++.a(tinfo.o)
                0x000181d4                std::type_info::operator==(std::type_info const&) const
 .text._ZNKSt9type_info10__do_catchEPKS_PPvj
                0x00018210        0x4 c:/progra~2/codesourcery/source~1/bin/../lib/gcc/arm-none-eabi/4.5.2/../../../../arm-none-eabi/lib/thumb2\libstdc++.a(tinfo.o)
                0x00018210                std::type_info::__do_catch(std::type_info const*, void**, unsigned int) const
 .text          0x00018214        0x0 c:/progra~2/codesourcery/source~1/bin/../lib/gcc/arm-none-eabi/4.5.2/../../../../arm-none-eabi/lib/thumb2\libstdc++.a(eh_terminate.o)
 .text._ZN10__cxxabiv111__terminateEPFvvE
                0x00018214       0x28 c:/progra~2/codesourcery/source~1/bin/../lib/gcc/arm-none-eabi/4.5.2/../../../../arm-none-eabi/lib/thumb2\libstdc++.a(eh_terminate.o)
                0x00018214                __cxxabiv1::__terminate(void (*)())
 .text._ZSt9terminatev
                0x0001823c       0x10 c:/progra~2/codesourcery/source~1/bin/../lib/gcc/arm-none-eabi/4.5.2/../../../../arm-none-eabi/lib/thumb2\libstdc++.a(eh_terminate.o)
                0x0001823c                std::terminate()
 .text._ZN10__cxxabiv112__unexpectedEPFvvE
                0x0001824c        0x8 c:/progra~2/codesourcery/source~1/bin/../lib/gcc/arm-none-eabi/4.5.2/../../../../arm-none-eabi/lib/thumb2\libstdc++.a(eh_terminate.o)
                0x0001824c                __cxxabiv1::__unexpected(void (*)())
 .text._ZSt10unexpectedv
                0x00018254       0x14 c:/progra~2/codesourcery/source~1/bin/../lib/gcc/arm-none-eabi/4.5.2/../../../../arm-none-eabi/lib/thumb2\libstdc++.a(eh_terminate.o)
                0x00018254                std::unexpected()
 .text._ZSt13set_terminatePFvvE
                0x00018268       0x10 c:/progra~2/codesourcery/source~1/bin/../lib/gcc/arm-none-eabi/4.5.2/../../../../arm-none-eabi/lib/thumb2\libstdc++.a(eh_terminate.o)
                0x00018268                std::set_terminate(void (*)())
 .text._ZSt14set_unexpectedPFvvE
                0x00018278       0x10 c:/progra~2/codesourcery/source~1/bin/../lib/gcc/arm-none-eabi/4.5.2/../../../../arm-none-eabi/lib/thumb2\libstdc++.a(eh_terminate.o)
                0x00018278                std::set_unexpected(void (*)())
 .text          0x00018288        0x0 c:/progra~2/codesourcery/source~1/bin/../lib/gcc/arm-none-eabi/4.5.2/../../../../arm-none-eabi/lib/thumb2\libstdc++.a(eh_call.o)
 .text.__cxa_call_terminate
                0x00018288       0x50 c:/progra~2/codesourcery/source~1/bin/../lib/gcc/arm-none-eabi/4.5.2/../../../../arm-none-eabi/lib/thumb2\libstdc++.a(eh_call.o)
                0x00018288                __cxa_call_terminate
 .text.__cxa_call_unexpected
                0x000182d8      0x130 c:/progra~2/codesourcery/source~1/bin/../lib/gcc/arm-none-eabi/4.5.2/../../../../arm-none-eabi/lib/thumb2\libstdc++.a(eh_call.o)
                0x000182d8                __cxa_call_unexpected
 .text          0x00018408        0x0 c:/progra~2/codesourcery/source~1/bin/../lib/gcc/arm-none-eabi/4.5.2/../../../../arm-none-eabi/lib/thumb2\libstdc++.a(eh_term_handler.o)
 .text          0x00018408        0x0 c:/progra~2/codesourcery/source~1/bin/../lib/gcc/arm-none-eabi/4.5.2/../../../../arm-none-eabi/lib/thumb2\libstdc++.a(eh_personality.o)
 .text._ZL12read_sleb128PKhPl
                0x00018408       0x3c c:/progra~2/codesourcery/source~1/bin/../lib/gcc/arm-none-eabi/4.5.2/../../../../arm-none-eabi/lib/thumb2\libstdc++.a(eh_personality.o)
 .text._ZL28read_encoded_value_with_basehjPKhPj
                0x00018444       0xac c:/progra~2/codesourcery/source~1/bin/../lib/gcc/arm-none-eabi/4.5.2/../../../../arm-none-eabi/lib/thumb2\libstdc++.a(eh_personality.o)
 .text._ZL21base_of_encoded_valuehP15_Unwind_Context
                0x000184f0       0x4c c:/progra~2/codesourcery/source~1/bin/../lib/gcc/arm-none-eabi/4.5.2/../../../../arm-none-eabi/lib/thumb2\libstdc++.a(eh_personality.o)
 .text._ZL17parse_lsda_headerP15_Unwind_ContextPKhP16lsda_header_info
                0x0001853c       0x8c c:/progra~2/codesourcery/source~1/bin/../lib/gcc/arm-none-eabi/4.5.2/../../../../arm-none-eabi/lib/thumb2\libstdc++.a(eh_personality.o)
 .text.__gxx_personality_v0
                0x000185c8      0x3ec c:/progra~2/codesourcery/source~1/bin/../lib/gcc/arm-none-eabi/4.5.2/../../../../arm-none-eabi/lib/thumb2\libstdc++.a(eh_personality.o)
                0x000185c8                __gxx_personality_v0
 .text          0x000189b4        0x0 c:/progra~2/codesourcery/source~1/bin/../lib/gcc/arm-none-eabi/4.5.2/../../../../arm-none-eabi/lib/thumb2\libstdc++.a(eh_throw.o)
 .text._ZL23__gxx_exception_cleanup19_Unwind_Reason_CodeP21_Unwind_Control_Block
                0x000189b4       0x4c c:/progra~2/codesourcery/source~1/bin/../lib/gcc/arm-none-eabi/4.5.2/../../../../arm-none-eabi/lib/thumb2\libstdc++.a(eh_throw.o)
 .text.__cxa_throw
                0x00018a00       0x80 c:/progra~2/codesourcery/source~1/bin/../lib/gcc/arm-none-eabi/4.5.2/../../../../arm-none-eabi/lib/thumb2\libstdc++.a(eh_throw.o)
                0x00018a00                __cxa_throw
 .text.__cxa_rethrow
                0x00018a80       0x78 c:/progra~2/codesourcery/source~1/bin/../lib/gcc/arm-none-eabi/4.5.2/../../../../arm-none-eabi/lib/thumb2\libstdc++.a(eh_throw.o)
                0x00018a80                __cxa_rethrow
 .text          0x00018af8        0x0 c:/progra~2/codesourcery/source~1/bin/../lib/gcc/arm-none-eabi/4.5.2/../../../../arm-none-eabi/lib/thumb2\libstdc++.a(eh_unex_handler.o)
 .text          0x00018af8        0x0 c:/progra~2/codesourcery/source~1/bin/../lib/gcc/arm-none-eabi/4.5.2/../../../../arm-none-eabi/lib/thumb2\libstdc++.a(eh_globals.o)
 .text.__cxa_get_globals_fast
                0x00018af8        0xc c:/progra~2/codesourcery/source~1/bin/../lib/gcc/arm-none-eabi/4.5.2/../../../../arm-none-eabi/lib/thumb2\libstdc++.a(eh_globals.o)
                0x00018af8                __cxa_get_globals_fast
 .text.__cxa_get_globals
                0x00018b04        0xc c:/progra~2/codesourcery/source~1/bin/../lib/gcc/arm-none-eabi/4.5.2/../../../../arm-none-eabi/lib/thumb2\libstdc++.a(eh_globals.o)
                0x00018b04                __cxa_get_globals
 .text          0x00018b10        0x0 c:/progra~2/codesourcery/source~1/bin/../lib/gcc/arm-none-eabi/4.5.2/../../../../arm-none-eabi/lib/thumb2\libstdc++.a(eh_catch.o)
 .text.__cxa_get_exception_ptr
                0x00018b10        0x4 c:/progra~2/codesourcery/source~1/bin/../lib/gcc/arm-none-eabi/4.5.2/../../../../arm-none-eabi/lib/thumb2\libstdc++.a(eh_catch.o)
                0x00018b10                __cxa_get_exception_ptr
 .text.__cxa_begin_catch
                0x00018b14       0x9c c:/progra~2/codesourcery/source~1/bin/../lib/gcc/arm-none-eabi/4.5.2/../../../../arm-none-eabi/lib/thumb2\libstdc++.a(eh_catch.o)
                0x00018b14                __cxa_begin_catch
 .text.__cxa_end_catch
                0x00018bb0       0x98 c:/progra~2/codesourcery/source~1/bin/../lib/gcc/arm-none-eabi/4.5.2/../../../../arm-none-eabi/lib/thumb2\libstdc++.a(eh_catch.o)
                0x00018bb0                __cxa_end_catch
 .text._ZSt18uncaught_exceptionv
                0x00018c48       0x10 c:/progra~2/codesourcery/source~1/bin/../lib/gcc/arm-none-eabi/4.5.2/../../../../arm-none-eabi/lib/thumb2\libstdc++.a(eh_catch.o)
                0x00018c48                std::uncaught_exception()
 .text          0x00018c58        0x0 c:/progra~2/codesourcery/source~1/bin/../lib/gcc/arm-none-eabi/4.5.2/../../../../arm-none-eabi/lib/thumb2\libstdc++.a(vterminate.o)
 .text._ZN9__gnu_cxx27__verbose_terminate_handlerEv
                0x00018c58      0x148 c:/progra~2/codesourcery/source~1/bin/../lib/gcc/arm-none-eabi/4.5.2/../../../../arm-none-eabi/lib/thumb2\libstdc++.a(vterminate.o)
                0x00018c58                __gnu_cxx::__verbose_terminate_handler()
 .text          0x00018da0        0x0 c:/progra~2/codesourcery/source~1/bin/../lib/gcc/arm-none-eabi/4.5.2/../../../../arm-none-eabi/lib/thumb2\libstdc++.a(eh_exception.o)
 .text._ZNSt9exceptionD2Ev
                0x00018da0        0xc c:/progra~2/codesourcery/source~1/bin/../lib/gcc/arm-none-eabi/4.5.2/../../../../arm-none-eabi/lib/thumb2\libstdc++.a(eh_exception.o)
                0x00018da0                std::exception::~exception()
                0x00018da0                std::exception::~exception()
 .text._ZNSt13bad_exceptionD2Ev
                0x00018dac        0xc c:/progra~2/codesourcery/source~1/bin/../lib/gcc/arm-none-eabi/4.5.2/../../../../arm-none-eabi/lib/thumb2\libstdc++.a(eh_exception.o)
                0x00018dac                std::bad_exception::~bad_exception()
                0x00018dac                std::bad_exception::~bad_exception()
 .text._ZN10__cxxabiv115__forced_unwindD2Ev
                0x00018db8        0xc c:/progra~2/codesourcery/source~1/bin/../lib/gcc/arm-none-eabi/4.5.2/../../../../arm-none-eabi/lib/thumb2\libstdc++.a(eh_exception.o)
                0x00018db8                __cxxabiv1::__forced_unwind::~__forced_unwind()
                0x00018db8                __cxxabiv1::__forced_unwind::~__forced_unwind()
 .text._ZN10__cxxabiv119__foreign_exceptionD2Ev
                0x00018dc4        0xc c:/progra~2/codesourcery/source~1/bin/../lib/gcc/arm-none-eabi/4.5.2/../../../../arm-none-eabi/lib/thumb2\libstdc++.a(eh_exception.o)
                0x00018dc4                __cxxabiv1::__foreign_exception::~__foreign_exception()
                0x00018dc4                __cxxabiv1::__foreign_exception::~__foreign_exception()
 .text._ZNKSt9exception4whatEv
                0x00018dd0        0xc c:/progra~2/codesourcery/source~1/bin/../lib/gcc/arm-none-eabi/4.5.2/../../../../arm-none-eabi/lib/thumb2\libstdc++.a(eh_exception.o)
                0x00018dd0                std::exception::what() const
 .text._ZNKSt13bad_exception4whatEv
                0x00018ddc        0xc c:/progra~2/codesourcery/source~1/bin/../lib/gcc/arm-none-eabi/4.5.2/../../../../arm-none-eabi/lib/thumb2\libstdc++.a(eh_exception.o)
                0x00018ddc                std::bad_exception::what() const
 .text._ZN10__cxxabiv119__foreign_exceptionD0Ev
                0x00018de8       0x14 c:/progra~2/codesourcery/source~1/bin/../lib/gcc/arm-none-eabi/4.5.2/../../../../arm-none-eabi/lib/thumb2\libstdc++.a(eh_exception.o)
                0x00018de8                __cxxabiv1::__foreign_exception::~__foreign_exception()
 .text._ZN10__cxxabiv115__forced_unwindD0Ev
                0x00018dfc       0x14 c:/progra~2/codesourcery/source~1/bin/../lib/gcc/arm-none-eabi/4.5.2/../../../../arm-none-eabi/lib/thumb2\libstdc++.a(eh_exception.o)
                0x00018dfc                __cxxabiv1::__forced_unwind::~__forced_unwind()
 .text._ZNSt13bad_exceptionD0Ev
                0x00018e10       0x14 c:/progra~2/codesourcery/source~1/bin/../lib/gcc/arm-none-eabi/4.5.2/../../../../arm-none-eabi/lib/thumb2\libstdc++.a(eh_exception.o)
                0x00018e10                std::bad_exception::~bad_exception()
 .text._ZNSt9exceptionD0Ev
                0x00018e24       0x14 c:/progra~2/codesourcery/source~1/bin/../lib/gcc/arm-none-eabi/4.5.2/../../../../arm-none-eabi/lib/thumb2\libstdc++.a(eh_exception.o)
                0x00018e24                std::exception::~exception()
 .text          0x00018e38        0x0 c:/progra~2/codesourcery/source~1/bin/../lib/gcc/arm-none-eabi/4.5.2/../../../../arm-none-eabi/lib/thumb2\libstdc++.a(eh_type.o)
 .text.__cxa_current_exception_type
                0x00018e38       0x1c c:/progra~2/codesourcery/source~1/bin/../lib/gcc/arm-none-eabi/4.5.2/../../../../arm-none-eabi/lib/thumb2\libstdc++.a(eh_type.o)
                0x00018e38                __cxa_current_exception_type
 .text          0x00018e54        0xc c:/progra~2/codesourcery/source~1/bin/../lib/gcc/arm-none-eabi/4.5.2/../../../../arm-none-eabi/lib/thumb2\libstdc++.a(eh_arm.o)
                0x00018e54                __cxa_end_cleanup
 .text.__cxa_type_match
                0x00018e60       0xd0 c:/progra~2/codesourcery/source~1/bin/../lib/gcc/arm-none-eabi/4.5.2/../../../../arm-none-eabi/lib/thumb2\libstdc++.a(eh_arm.o)
                0x00018e60                __cxa_type_match
 .text.__cxa_begin_cleanup
                0x00018f30       0x70 c:/progra~2/codesourcery/source~1/bin/../lib/gcc/arm-none-eabi/4.5.2/../../../../arm-none-eabi/lib/thumb2\libstdc++.a(eh_arm.o)
                0x00018f30                __cxa_begin_cleanup
 .text.__gnu_end_cleanup
                0x00018fa0       0x7c c:/progra~2/codesourcery/source~1/bin/../lib/gcc/arm-none-eabi/4.5.2/../../../../arm-none-eabi/lib/thumb2\libstdc++.a(eh_arm.o)
                0x00018fa0                __gnu_end_cleanup
 .text          0x0001901c        0x0 c:/progra~2/codesourcery/source~1/bin/../lib/gcc/arm-none-eabi/4.5.2/../../../../arm-none-eabi/lib/thumb2\libstdc++.a(eh_alloc.o)
 .text.__cxa_allocate_exception
                0x0001901c       0x7c c:/progra~2/codesourcery/source~1/bin/../lib/gcc/arm-none-eabi/4.5.2/../../../../arm-none-eabi/lib/thumb2\libstdc++.a(eh_alloc.o)
                0x0001901c                __cxa_allocate_exception
 .text.__cxa_free_exception
                0x00019098       0x3c c:/progra~2/codesourcery/source~1/bin/../lib/gcc/arm-none-eabi/4.5.2/../../../../arm-none-eabi/lib/thumb2\libstdc++.a(eh_alloc.o)
                0x00019098                __cxa_free_exception
 .text.__cxa_allocate_dependent_exception
                0x000190d4       0x78 c:/progra~2/codesourcery/source~1/bin/../lib/gcc/arm-none-eabi/4.5.2/../../../../arm-none-eabi/lib/thumb2\libstdc++.a(eh_alloc.o)
                0x000190d4                __cxa_allocate_dependent_exception
 .text.__cxa_free_dependent_exception
                0x0001914c       0x4c c:/progra~2/codesourcery/source~1/bin/../lib/gcc/arm-none-eabi/4.5.2/../../../../arm-none-eabi/lib/thumb2\libstdc++.a(eh_alloc.o)
                0x0001914c                __cxa_free_dependent_exception
 .text._GLOBAL__I___cxa_allocate_exception
                0x00019198        0x4 c:/progra~2/codesourcery/source~1/bin/../lib/gcc/arm-none-eabi/4.5.2/../../../../arm-none-eabi/lib/thumb2\libstdc++.a(eh_alloc.o)
 .text          0x0001919c     0x912c c:/progra~2/codesourcery/source~1/bin/../lib/gcc/arm-none-eabi/4.5.2/../../../../arm-none-eabi/lib/thumb2\libstdc++.a(cp-demangle.o)
                0x000221c0                __cxa_demangle
                0x0002229c                __gcclibcxx_demangle_callback
 .text          0x000222c8      0x21c c:/progra~2/codesourcery/source~1/bin/../lib/gcc/arm-none-eabi/4.5.2/thumb2\libgcc.a(_arm_addsubsf3.o)
                0x000222c8                __aeabi_frsub
                0x000222d0                __subsf3
                0x000222d0                __aeabi_fsub
                0x000222d4                __aeabi_fadd
                0x000222d4                __addsf3
                0x00022434                __aeabi_ui2f
                0x00022434                __floatunsisf
                0x0002243c                __aeabi_i2f
                0x0002243c                __floatsisf
                0x00022458                __aeabi_ul2f
                0x00022458                __floatundisf
                0x00022468                __aeabi_l2f
                0x00022468                __floatdisf
 .text          0x000224e4      0x2a0 c:/progra~2/codesourcery/source~1/bin/../lib/gcc/arm-none-eabi/4.5.2/thumb2\libgcc.a(_arm_muldivsf3.o)
                0x000224e4                __mulsf3
                0x000224e4                __aeabi_fmul
                0x0002264c                __aeabi_fdiv
                0x0002264c                __divsf3
 .text          0x00022784       0x4c c:/progra~2/codesourcery/source~1/bin/../lib/gcc/arm-none-eabi/4.5.2/thumb2\libgcc.a(_arm_fixsfsi.o)
                0x00022784                __aeabi_f2iz
                0x00022784                __fixsfsi
 .text          0x000227d0       0x2c c:/progra~2/codesourcery/source~1/bin/../lib/gcc/arm-none-eabi/4.5.2/thumb2\libgcc.a(_aeabi_uldivmod.o)
                0x000227d0                __aeabi_uldivmod
 .text          0x000227fc       0x60 c:/progra~2/codesourcery/source~1/bin/../lib/gcc/arm-none-eabi/4.5.2/thumb2\libgcc.a(bpabi.o)
                0x000227fc                __gnu_ldivmod_helper
                0x0002282c                __gnu_uldivmod_helper
 .text          0x0002285c      0xc38 c:/progra~2/codesourcery/source~1/bin/../lib/gcc/arm-none-eabi/4.5.2/thumb2\libgcc.a(unwind-arm.o)
                0x00022b38                _Unwind_VRS_Get
                0x00022b84                _Unwind_VRS_Set
                0x00022f20                __aeabi_unwind_cpp_pr2
                0x00022f24                __aeabi_unwind_cpp_pr1
                0x00022f28                __aeabi_unwind_cpp_pr0
                0x00022f2c                _Unwind_VRS_Pop
                0x00023314                _Unwind_GetCFA
                0x00023318                __gnu_Unwind_RaiseException
                0x00023388                __gnu_Unwind_ForcedUnwind
                0x0002339c                __gnu_Unwind_Resume
                0x000233d8                __gnu_Unwind_Resume_or_Rethrow
                0x000233f0                _Unwind_Complete
                0x000233f4                _Unwind_DeleteException
                0x00023404                __gnu_Unwind_Backtrace
 .text          0x00023494      0x1ac c:/progra~2/codesourcery/source~1/bin/../lib/gcc/arm-none-eabi/4.5.2/thumb2\libgcc.a(libunwind.o)
                0x00023494                __restore_core_regs
                0x00023494                restore_core_regs
                0x000234ac                __gnu_Unwind_Restore_VFP
                0x000234b4                __gnu_Unwind_Save_VFP
                0x000234bc                __gnu_Unwind_Restore_VFP_D
                0x000234c4                __gnu_Unwind_Save_VFP_D
                0x000234cc                __gnu_Unwind_Restore_VFP_D_16_to_31
                0x000234d4                __gnu_Unwind_Save_VFP_D_16_to_31
                0x000234dc                __gnu_Unwind_Restore_WMMXD
                0x00023520                __gnu_Unwind_Save_WMMXD
                0x00023564                __gnu_Unwind_Restore_WMMXC
                0x00023578                __gnu_Unwind_Save_WMMXC
                0x0002358c                ___Unwind_RaiseException
                0x0002358c                _Unwind_RaiseException
                0x000235b0                _Unwind_Resume
                0x000235b0                ___Unwind_Resume
                0x000235d4                _Unwind_Resume_or_Rethrow
                0x000235d4                ___Unwind_Resume_or_Rethrow
                0x000235f8                _Unwind_ForcedUnwind
                0x000235f8                ___Unwind_ForcedUnwind
                0x0002361c                ___Unwind_Backtrace
                0x0002361c                _Unwind_Backtrace
 .text          0x00023640      0x3c0 c:/progra~2/codesourcery/source~1/bin/../lib/gcc/arm-none-eabi/4.5.2/thumb2\libgcc.a(pr-support.o)
                0x00023694                __gnu_unwind_execute
                0x000239a4                __gnu_unwind_frame
                0x000239d0                _Unwind_GetRegionStart
                0x000239dc                _Unwind_GetLanguageSpecificData
                0x000239f0                _Unwind_GetDataRelBase
                0x000239f8                _Unwind_GetTextRelBase
 .text          0x00023a00        0x4 c:/progra~2/codesourcery/source~1/bin/../lib/gcc/arm-none-eabi/4.5.2/thumb2\libgcc.a(_dvmd_tls.o)
                0x00023a00                __aeabi_idiv0
                0x00023a00                __aeabi_ldiv0
 .text          0x00023a04      0x360 c:/progra~2/codesourcery/source~1/bin/../lib/gcc/arm-none-eabi/4.5.2/thumb2\libgcc.a(_divdi3.o)
                0x00023a04                __divdi3
 .text          0x00023d64      0x308 c:/progra~2/codesourcery/source~1/bin/../lib/gcc/arm-none-eabi/4.5.2/thumb2\libgcc.a(_udivdi3.o)
                0x00023d64                __udivdi3
 *fill*         0x0002406c        0x4 00
 .text          0x00024070      0x278 c:/progra~2/codesourcery/source~1/bin/../lib/gcc/arm-none-eabi/4.5.2/thumb2\libgcc.a(_udivsi3.o)
                0x00024070                __aeabi_uidiv
                0x00024070                __udivsi3
                0x000242cc                __aeabi_uidivmod
 .text          0x000242e8       0x10 c:/progra~2/codesourcery/source~1/bin/../lib/gcc/arm-none-eabi/4.5.2/../../../../arm-none-eabi/lib/thumb2\libc.a(lib_a-abort.o)
                0x000242e8                abort
 .text          0x000242f8       0xac c:/progra~2/codesourcery/source~1/bin/../lib/gcc/arm-none-eabi/4.5.2/../../../../arm-none-eabi/lib/thumb2\libc.a(lib_a-fputc.o)
                0x000242f8                _fputc_r
                0x0002434c                fputc
 .text          0x000243a4       0x90 c:/progra~2/codesourcery/source~1/bin/../lib/gcc/arm-none-eabi/4.5.2/../../../../arm-none-eabi/lib/thumb2\libc.a(lib_a-fputs.o)
                0x000243a4                _fputs_r
                0x00024424                fputs
 .text          0x00024434      0x338 c:/progra~2/codesourcery/source~1/bin/../lib/gcc/arm-none-eabi/4.5.2/../../../../arm-none-eabi/lib/thumb2\libc.a(lib_a-fvwrite.o)
                0x00024434                __sfvwrite_r
 .text          0x0002476c       0xc0 c:/progra~2/codesourcery/source~1/bin/../lib/gcc/arm-none-eabi/4.5.2/../../../../arm-none-eabi/lib/thumb2\libc.a(lib_a-fwrite.o)
                0x0002476c                _fwrite_r
                0x00024808                fwrite
 .text          0x0002482c        0x0 c:/progra~2/codesourcery/source~1/bin/../lib/gcc/arm-none-eabi/4.5.2/../../../../arm-none-eabi/lib/thumb2\libc.a(lib_a-impure.o)
 .text          0x0002482c       0x20 c:/progra~2/codesourcery/source~1/bin/../lib/gcc/arm-none-eabi/4.5.2/../../../../arm-none-eabi/lib/thumb2\libc.a(lib_a-malloc.o)
                0x0002482c                malloc
                0x0002483c                free
 .text          0x0002484c      0x57c c:/progra~2/codesourcery/source~1/bin/../lib/gcc/arm-none-eabi/4.5.2/../../../../arm-none-eabi/lib/thumb2\libc.a(lib_a-mallocr.o)
                0x0002484c                _malloc_r
 .text          0x00024dc8       0x8c c:/progra~2/codesourcery/source~1/bin/../lib/gcc/arm-none-eabi/4.5.2/../../../../arm-none-eabi/lib/thumb2\libc.a(lib_a-memchr.o)
                0x00024dc8                memchr
 .text          0x00024e54       0x64 c:/progra~2/codesourcery/source~1/bin/../lib/gcc/arm-none-eabi/4.5.2/../../../../arm-none-eabi/lib/thumb2\libc.a(lib_a-memcmp.o)
                0x00024e54                memcmp
 .text          0x00024eb8      0x150 c:/progra~2/codesourcery/source~1/bin/../lib/gcc/arm-none-eabi/4.5.2/../../../../arm-none-eabi/lib/thumb2\libc.a(lib_a-memcpy.o)
                0x00024eb8                memcpy
 .text          0x00025008       0xb4 c:/progra~2/codesourcery/source~1/bin/../lib/gcc/arm-none-eabi/4.5.2/../../../../arm-none-eabi/lib/thumb2\libc.a(lib_a-memmove.o)
                0x00025008                memmove
 .text          0x000250bc       0xb4 c:/progra~2/codesourcery/source~1/bin/../lib/gcc/arm-none-eabi/4.5.2/../../../../arm-none-eabi/lib/thumb2\libc.a(lib_a-memset.o)
                0x000250bc                memset
 .text          0x00025170        0x8 c:/progra~2/codesourcery/source~1/bin/../lib/gcc/arm-none-eabi/4.5.2/../../../../arm-none-eabi/lib/thumb2\libc.a(lib_a-mlock.o)
                0x00025170                __malloc_lock
                0x00025174                __malloc_unlock
 .text          0x00025178      0x138 c:/progra~2/codesourcery/source~1/bin/../lib/gcc/arm-none-eabi/4.5.2/../../../../arm-none-eabi/lib/thumb2\libc.a(lib_a-putc.o)
                0x00025178                _putc_r
                0x00025208                putc
 .text          0x000252b0      0x100 c:/progra~2/codesourcery/source~1/bin/../lib/gcc/arm-none-eabi/4.5.2/../../../../arm-none-eabi/lib/thumb2\libc.a(lib_a-rand.o)
                0x000252b0                srand
                0x0002530c                rand
 .text          0x000253b0       0x14 c:/progra~2/codesourcery/source~1/bin/../lib/gcc/arm-none-eabi/4.5.2/../../../../arm-none-eabi/lib/thumb2\libc.a(lib_a-realloc.o)
                0x000253b0                realloc
 .text          0x000253c4      0x41c c:/progra~2/codesourcery/source~1/bin/../lib/gcc/arm-none-eabi/4.5.2/../../../../arm-none-eabi/lib/thumb2\libc.a(lib_a-reallocr.o)
                0x000253c4                _realloc_r
 .text          0x000257e0      0x118 c:/progra~2/codesourcery/source~1/bin/../lib/gcc/arm-none-eabi/4.5.2/../../../../arm-none-eabi/lib/thumb2\libc.a(lib_a-reent.o)
                0x000257e0                cleanup_glue
                0x000257fc                _reclaim_reent
                0x000258bc                _wrapup_reent
 .text          0x000258f8       0x28 c:/progra~2/codesourcery/source~1/bin/../lib/gcc/arm-none-eabi/4.5.2/../../../../arm-none-eabi/lib/thumb2\libc.a(lib_a-sbrkr.o)
                0x000258f8                _sbrk_r
 .text          0x00025920      0x154 c:/progra~2/codesourcery/source~1/bin/../lib/gcc/arm-none-eabi/4.5.2/../../../../arm-none-eabi/lib/thumb2\libc.a(lib_a-signal.o)
                0x00025920                _init_signal_r
                0x00025950                _signal_r
                0x0002598c                _raise_r
                0x000259e4                __sigtramp_r
                0x00025a38                raise
                0x00025a48                signal
                0x00025a58                _init_signal
                0x00025a64                __sigtramp
 .text          0x00025a74       0x30 c:/progra~2/codesourcery/source~1/bin/../lib/gcc/arm-none-eabi/4.5.2/../../../../arm-none-eabi/lib/thumb2\libc.a(lib_a-signalr.o)
                0x00025a74                _kill_r
                0x00025aa0                _getpid_r
 .text          0x00025aa4       0x94 c:/progra~2/codesourcery/source~1/bin/../lib/gcc/arm-none-eabi/4.5.2/../../../../arm-none-eabi/lib/thumb2\libc.a(lib_a-sprintf.o)
                0x00025aa4                _sprintf_r
                0x00025ae8                sprintf
 .text          0x00025b38      0x10c c:/progra~2/codesourcery/source~1/bin/../lib/gcc/arm-none-eabi/4.5.2/../../../../arm-none-eabi/lib/thumb2\libc.a(lib_a-strchr.o)
                0x00025b38                strchr
 .text          0x00025c44      0x1dc c:/progra~2/codesourcery/source~1/bin/../lib/gcc/arm-none-eabi/4.5.2/../../../../arm-none-eabi/lib/thumb2\libc.a(lib_a-strcmp.o)
                0x00025c44                strcmp
 .text          0x00025e20       0xbc c:/progra~2/codesourcery/source~1/bin/../lib/gcc/arm-none-eabi/4.5.2/../../../../arm-none-eabi/lib/thumb2\libc.a(lib_a-strcpy.o)
                0x00025e20                strcpy
 .text          0x00025edc       0x60 c:/progra~2/codesourcery/source~1/bin/../lib/gcc/arm-none-eabi/4.5.2/../../../../arm-none-eabi/lib/thumb2\libc.a(lib_a-strlen.o)
                0x00025edc                strlen
 .text          0x00025f3c       0xac c:/progra~2/codesourcery/source~1/bin/../lib/gcc/arm-none-eabi/4.5.2/../../../../arm-none-eabi/lib/thumb2\libc.a(lib_a-strncmp.o)
                0x00025f3c                strncmp
 .text          0x00025fe8       0x78 c:/progra~2/codesourcery/source~1/bin/../lib/gcc/arm-none-eabi/4.5.2/../../../../arm-none-eabi/lib/thumb2\libc.a(lib_a-strncpy.o)
                0x00025fe8                strncpy
 .text          0x00026060       0x28 c:/progra~2/codesourcery/source~1/bin/../lib/gcc/arm-none-eabi/4.5.2/../../../../arm-none-eabi/lib/thumb2\libc.a(lib_a-strrchr.o)
                0x00026060                strrchr
 .text          0x00026088     0x1640 c:/progra~2/codesourcery/source~1/bin/../lib/gcc/arm-none-eabi/4.5.2/../../../../arm-none-eabi/lib/thumb2\libc.a(lib_a-svfprintf.o)
                0x00026088                _svfprintf_r
 .text          0x000276c8       0x1c c:/progra~2/codesourcery/source~1/bin/../lib/gcc/arm-none-eabi/4.5.2/../../../../arm-none-eabi/lib/thumb2\libc.a(lib_a-syswrite.o)
                0x000276c8                write
 .text          0x000276e4       0xfc c:/progra~2/codesourcery/source~1/bin/../lib/gcc/arm-none-eabi/4.5.2/../../../../arm-none-eabi/lib/thumb2\libc.a(lib_a-wbuf.o)
                0x000276e4                __swbuf_r
                0x000277d0                __swbuf
 .text          0x000277e0       0x2c c:/progra~2/codesourcery/source~1/bin/../lib/gcc/arm-none-eabi/4.5.2/../../../../arm-none-eabi/lib/thumb2\libc.a(lib_a-writer.o)
                0x000277e0                _write_r
 .text          0x0002780c      0x104 c:/progra~2/codesourcery/source~1/bin/../lib/gcc/arm-none-eabi/4.5.2/../../../../arm-none-eabi/lib/thumb2\libc.a(lib_a-wsetup.o)
                0x0002780c                __swsetup_r