Archive member included because of file (symbol)

c:/progra~2/codesourcery/source~1/bin/../lib/gcc/arm-none-eabi/4.5.2/../../../../arm-none-eabi/lib/thumb2\libstdc++.a(si_class_type_info.o)
                              build\Menu.o (vtable for __cxxabiv1::__si_class_type_info)
c:/progra~2/codesourcery/source~1/bin/../lib/gcc/arm-none-eabi/4.5.2/../../../../arm-none-eabi/lib/thumb2\libstdc++.a(pure.o)
                              build\InterfaceBoard.o (__cxa_pure_virtual)
c:/progra~2/codesourcery/source~1/bin/../lib/gcc/arm-none-eabi/4.5.2/../../../../arm-none-eabi/lib/thumb2\libstdc++.a(class_type_info.o)
                              c:/progra~2/codesourcery/source~1/bin/../lib/gcc/arm-none-eabi/4.5.2/../../../../arm-none-eabi/lib/thumb2\libstdc++.a(si_class_type_info.o) (__cxxabiv1::__class_type_info::__do_upcast(__cxxabiv1::__class_type_info const*, void**) const)
c:/progra~2/codesourcery/source~1/bin/../lib/gcc/arm-none-eabi/4.5.2/../../../../arm-none-eabi/lib/thumb2\libstdc++.a(tinfo.o)
                              c:/progra~2/codesourcery/source~1/bin/../lib/gcc/arm-none-eabi/4.5.2/../../../../arm-none-eabi/lib/thumb2\libstdc++.a(class_type_info.o) (std::type_info::~type_info())
c:/progra~2/codesourcery/source~1/bin/../lib/gcc/arm-none-eabi/4.5.2/../../../../arm-none-eabi/lib/thumb2\libstdc++.a(eh_terminate.o)
                              c:/progra~2/codesourcery/source~1/bin/../lib/gcc/arm-none-eabi/4.5.2/../../../../arm-none-eabi/lib/thumb2\libstdc++.a(pure.o) (std::terminate())
c:/progra~2/codesourcery/source~1/bin/../lib/gcc/arm-none-eabi/4.5.2/../../../../arm-none-eabi/lib/thumb2\libstdc++.a(eh_call.o)
                              c:/progra~2/codesourcery/source~1/bin/../lib/gcc/arm-none-eabi/4.5.2/../../../../arm-none-eabi/lib/thumb2\libstdc++.a(eh_terminate.o) (__cxa_call_unexpected)
c:/progra~2/codesourcery/source~1/bin/../lib/gcc/arm-none-eabi/4.5.2/../../../../arm-none-eabi/lib/thumb2\libstdc++.a(eh_term_handler.o)
                              c:/progra~2/codesourcery/source~1/bin/../lib/gcc/arm-none-eabi/4.5.2/../../../../arm-none-eabi/lib/thumb2\libstdc++.a(eh_terminate.o) (__cxxabiv1::__terminate_handler)
c:/progra~2/codesourcery/source~1/bin/../lib/gcc/arm-none-eabi/4.5.2/../../../../arm-none-eabi/lib/thumb2\libstdc++.a(eh_personality.o)
                              c:/progra~2/codesourcery/source~1/bin/../lib/gcc/arm-none-eabi/4.5.2/../../../../arm-none-eabi/lib/thumb2\libstdc++.a(eh_terminate.o) (__gxx_personality_v0)
c:/progra~2/codesourcery/source~1/bin/../lib/gcc/arm-none-eabi/4.5.2/../../../../arm-none-eabi/lib/thumb2\libstdc++.a(eh_throw.o)
                              c:/progra~2/codesourcery/source~1/bin/../lib/gcc/arm-none-eabi/4.5.2/../../../../arm-none-eabi/lib/thumb2\libstdc++.a(eh_call.o) (__cxa_throw)
c:/progra~2/codesourcery/source~1/bin/../lib/gcc/arm-none-eabi/4.5.2/../../../../arm-none-eabi/lib/thumb2\libstdc++.a(eh_unex_handler.o)
                              c:/progra~2/codesourcery/source~1/bin/../lib/gcc/arm-none-eabi/4.5.2/../../../../arm-none-eabi/lib/thumb2\libstdc++.a(eh_terminate.o) (__cxxabiv1::__unexpected_handler)
c:/progra~2/codesourcery/source~1/bin/../lib/gcc/arm-none-eabi/4.5.2/../../../../arm-none-eabi/lib/thumb2\libstdc++.a(eh_globals.o)
                              c:/progra~2/codesourcery/source~1/bin/../lib/gcc/arm-none-eabi/4.5.2/../../../../arm-none-eabi/lib/thumb2\libstdc++.a(eh_call.o) (__cxa_get_globals_fast)
c:/progra~2/codesourcery/source~1/bin/../lib/gcc/arm-none-eabi/4.5.2/../../../../arm-none-eabi/lib/thumb2\libstdc++.a(eh_catch.o)
                              c:/progra~2/codesourcery/source~1/bin/../lib/gcc/arm-none-eabi/4.5.2/../../../../arm-none-eabi/lib/thumb2\libstdc++.a(eh_terminate.o) (__cxa_begin_catch)
c:/progra~2/codesourcery/source~1/bin/../lib/gcc/arm-none-eabi/4.5.2/../../../../arm-none-eabi/lib/thumb2\libstdc++.a(vterminate.o)
                              c:/progra~2/codesourcery/source~1/bin/../lib/gcc/arm-none-eabi/4.5.2/../../../../arm-none-eabi/lib/thumb2\libstdc++.a(eh_term_handler.o) (__gnu_cxx::__verbose_terminate_handler())
c:/progra~2/codesourcery/source~1/bin/../lib/gcc/arm-none-eabi/4.5.2/../../../../arm-none-eabi/lib/thumb2\libstdc++.a(eh_exception.o)
                              c:/progra~2/codesourcery/source~1/bin/../lib/gcc/arm-none-eabi/4.5.2/../../../../arm-none-eabi/lib/thumb2\libstdc++.a(eh_call.o) (std::bad_exception::~bad_exception())
c:/progra~2/codesourcery/source~1/bin/../lib/gcc/arm-none-eabi/4.5.2/../../../../arm-none-eabi/lib/thumb2\libstdc++.a(eh_type.o)
                              c:/progra~2/codesourcery/source~1/bin/../lib/gcc/arm-none-eabi/4.5.2/../../../../arm-none-eabi/lib/thumb2\libstdc++.a(vterminate.o) (__cxa_current_exception_type)
c:/progra~2/codesourcery/source~1/bin/../lib/gcc/arm-none-eabi/4.5.2/../../../../arm-none-eabi/lib/thumb2\libstdc++.a(eh_arm.o)
[...]
Memory Configuration

Name             Origin             Length             Attributes
rom              0x00003000         0x0007d000         xr
ram              0x10001000         0x00007000         xrw
ram1             0x2007c000         0x00004000         xrw
ram2             0x20080000         0x00004000         xrw
*default*        0x00000000         0xffffffff

Linker script and memory map

LOAD c:/progra~2/codesourcery/source~1/bin/../lib/gcc/arm-none-eabi/4.5.2/thumb2/crti.o
LOAD c:/progra~2/codesourcery/source~1/bin/../lib/gcc/arm-none-eabi/4.5.2/thumb2/crtbegin.o
LOAD build\system\core_cm3.o
LOAD build\system\syscalls.o
LOAD build\system\system_LPC17xx.o
LOAD build\system\mini_cpp.o
LOAD build\system\startup_LPC17xx.o
LOAD build\lib\source\Uart32.o
LOAD build\lib\source\lpc17xx_adc.o
LOAD build\lib\source\lpc17xx_clkpwr.o
LOAD build\lib\source\lpc17xx_gpio.o
LOAD build\lib\source\lpc17xx_i2c.o
LOAD build\lib\source\lpc17xx_libcfg_default.o
LOAD build\lib\source\lpc17xx_nvic.o
LOAD build\lib\source\lpc17xx_pinsel.o
LOAD build\lib\source\lpc17xx_spi.o
LOAD build\lib\source\lpc17xx_timer.o
LOAD build\lib\source\lpc17xx_uart.o
LOAD build\lib_sd\byteordering.o
LOAD build\lib_sd\fat.o
LOAD build\lib_sd\partition.o
LOAD build\lib_sd\sd_raw.o
LOAD build\IAP_internal_flash_write\IAP.o
LOAD build\USBCDC\cdcuser.o
LOAD build\USBCDC\serial.o
LOAD build\USBCDC\usbcore.o
LOAD build\USBCDC\usbdesc.o
LOAD build\USBCDC\usbhw.o
LOAD build\USBCDC\usbuser.o
LOAD build\USBCDC\vcomdemo.o
LOAD src\shared\PID.o
LOAD src\shared\Packet.o
LOAD build\Command.o
LOAD build\DebugPacketProcessor.o
LOAD build\Delay.o
LOAD build\EepromMap.o
LOAD build\Host.o
LOAD build\Interface.o
LOAD build\InterfaceBoard.o
LOAD build\LPCPort.o
LOAD build\LiquidCrystal.o
LOAD build\Main.o
LOAD build\Menu.o
LOAD build\Microsteps.o
LOAD build\Motherboard.o
LOAD build\PID.o
LOAD build\Packet.o
LOAD build\SDCard.o
LOAD build\StepperInterface.o
LOAD build\Steppers.o
LOAD build\Timeout.o
LOAD build\Tool.o
LOAD build\UART.o
                0x10008000                PROVIDE (__cs3_stack, (__cs3_region_start_ram + __cs3_region_size_ram))
                0x00005160                PROVIDE (__cs3_stack_size, ((__cs3_region_start_ram + __cs3_region_size_ram) - _end))
                0x10002ea0                PROVIDE (__cs3_heap_start, _end)
                0x10008000                PROVIDE (__cs3_heap_end, (__cs3_region_start_ram + __cs3_region_size_ram))

.text           0x00003000    0x2a608
 CREATE_OBJECT_SYMBOLS
                0x00003000                __cs3_region_start_rom = .
 *(.cs3.region-head.rom)
                0x00003000                __cs3_interrupt_vector = __cs3_interrupt_vector_cortex_m
 *(.cs3.interrupt_vector)
 .cs3.interrupt_vector
                0x00003000       0xcc build\system\startup_LPC17xx.o
                0x00003000                __cs3_interrupt_vector_cortex_m
                0x00003001                ASSERT ((. != __cs3_interrupt_vector_cortex_m), No interrupt vector)
 *(.rom)
 *(.rom.b)
                0x000030cc                __cs3_reset = __cs3_reset_cortex_m
 *(.cs3.reset)
 .cs3.reset     0x000030cc       0x10 build\system\startup_LPC17xx.o
                0x000030cc                __cs3_reset_cortex_m
                0x00003001                ASSERT ((. != __cs3_reset), No reset code)
 *(.text .text.* .gnu.linkonce.t.*)
 .text          0x000030dc        0x0 c:/progra~2/codesourcery/source~1/bin/../lib/gcc/arm-none-eabi/4.5.2/thumb2/crti.o
 .text          0x000030dc       0x30 c:/progra~2/codesourcery/source~1/bin/../lib/gcc/arm-none-eabi/4.5.2/thumb2/crtbegin.o
 .text          0x0000310c        0x0 build\system\core_cm3.o
 .text          0x0000310c      0x188 build\system\syscalls.o
                0x0000310c                _kill
                0x00003134                _exit
                0x00003140                _getpid
                0x00003150                get_heap_end
                0x00003164                get_stack_top
                0x00003178                _sbrk
                0x000031cc                _close
                0x000031e4                _fstat
                0x00003208                _isatty
                0x00003220                _lseek
                0x0000323c                _read
                0x00003258                _write
 .text          0x00003294      0x318 build\system\system_LPC17xx.o
                0x00003294                SystemCoreClockUpdate
                0x0000343c                SystemInit
 .text          0x000035ac       0x6c build\system\mini_cpp.o
                0x000035ac                operator new(unsigned int)
                0x000035c8                operator new[](unsigned int)
                0x000035e4                operator delete(void*)
                0x000035fc                __aeabi_atexit
 .text          0x00003618       0x14 build\system\startup_LPC17xx.o
                0x00003618                NMI_Handler
                0x0000361a                HardFault_Handler
                0x0000361c                MemManage_Handler
                0x0000361e                BusFault_Handler
                0x00003620                UsageFault_Handler
                0x00003622                SVC_Handler
                0x00003624                DebugMon_Handler
                0x00003626                PendSV_Handler
                0x00003628                SysTick_Handler
                0x0000362a                PWM1_IRQHandler
                0x0000362a                I2C1_IRQHandler
                0x0000362a                EINT2_IRQHandler
                0x0000362a                EINT3_IRQHandler
                0x0000362a                TIMER3_IRQHandler
                0x0000362a                UART0_IRQHandler
                0x0000362a                I2C0_IRQHandler
                0x0000362a                RIT_IRQHandler
                0x0000362a                CAN_IRQHandler
                0x0000362a                PLL1_IRQHandler
                0x0000362a                SSP0_IRQHandler
                0x0000362a                I2S_IRQHandler
                0x0000362a                I2C2_IRQHandler
                0x0000362a                RTC_IRQHandler
                0x0000362a                SPI_IRQHandler
                0x0000362a                EINT1_IRQHandler
                0x0000362a                UART2_IRQHandler
                0x0000362a                Default_Handler
                0x0000362a                ADC_IRQHandler
                0x0000362a                SSP1_IRQHandler
                0x0000362a                BOD_IRQHandler
                0x0000362a                USBActivity_IRQHandler
                0x0000362a                WDT_IRQHandler
                0x0000362a                PLL0_IRQHandler
                0x0000362a                QEI_IRQHandler
                0x0000362a                EINT0_IRQHandler
                0x0000362a                DMA_IRQHandler
                0x0000362a                TIMER2_IRQHandler
                0x0000362a                UART3_IRQHandler
                0x0000362a                MCPWM_IRQHandler
                0x0000362a                ENET_IRQHandler
 .text          0x0000362c       0xe4 build\lib\source\Uart32.o
                0x0000362c                UART_8
                0x0000364c                UART_32_DEC
                0x000036ac                UART_32_HEX
 .text          0x00003710      0x518 build\lib\source\lpc17xx_adc.o
                0x00003710                ADC_Init
                0x000037a8                ADC_DeInit
                0x000037ec                ADC_GetData
                0x00003820                ADC_StartCmd
                0x000038a4                ADC_BurstCmd
                0x000038f0                ADC_PowerdownCmd
                0x0000393c                ADC_EdgeStartConfig
                0x000039a0                ADC_IntConfig
                0x00003a44                ADC_ChannelCmd
                0x00003aac                ADC_ChannelGetData
                0x00003b00                ADC_ChannelGetStatus
                0x00003b84                ADC_GlobalGetData
                0x00003bb4                ADC_GlobalGetStatus
 .text          0x00003c28      0x250 build\lib\source\lpc17xx_clkpwr.o
                0x00003c28                CLKPWR_SetPCLKDiv
                0x00003cc8                CLKPWR_GetPCLKSEL
                0x00003d14                CLKPWR_GetPCLK
                0x00003d84                CLKPWR_ConfigPPWR
                0x00003de4                CLKPWR_Sleep
                0x00003e00                CLKPWR_DeepSleep
                0x00003e28                CLKPWR_PowerDown
                0x00003e50                CLKPWR_DeepPowerDown
 .text          0x00003e78      0xa04 build\lib\source\lpc17xx_gpio.o
                0x000040b8                GPIO_SetDir
                0x00004158                GPIO_SetValue
                0x000041c4                GPIO_ClearValue
                0x000041f0                GPIO_ReadValue
                0x0000424c                GPIO_IntCmd
                0x000042bc                GPIO_GetIntStatus
                0x00004360                GPIO_ClearInt
                0x00004398                FIO_SetDir
                0x000043c0                FIO_SetValue
                0x000043e0                FIO_ClearValue
                0x00004400                FIO_ReadValue
                0x00004420                FIO_IntCmd
                0x00004448                FIO_GetIntStatus
                0x00004474                FIO_ClearInt
                0x00004494                FIO_SetMask
                0x000044e0                FIO_HalfWordSetDir
                0x0000457c                FIO_HalfWordSetMask
                0x00004618                FIO_HalfWordSetValue
                0x00004658                FIO_HalfWordClearValue
                0x00004698                FIO_HalfWordReadValue
                0x000046dc                FIO_ByteSetDir
                0x0000474c                FIO_ByteSetMask
                0x000047c4                FIO_ByteSetValue
                0x00004800                FIO_ByteClearValue
                0x0000483c                FIO_ByteReadValue
 .text          0x0000487c     0x1348 build\lib\source\lpc17xx_i2c.o
                0x00004b0c                I2C_Init
                0x00004bc8                I2C_DeInit
                0x00004c54                I2C_Cmd
                0x00004cc8                I2C_IntCmd
                0x00004d58                I2C_MasterHandler
                0x0000511c                I2C_SlaveHandler
                0x000052f0                I2C_MasterTransferData
                0x00005624                I2C_SlaveTransferData
                0x00005884                I2C_SetOwnSlaveAddr
                0x00005988                I2C_MonitorModeConfig
                0x00005a10                I2C_MonitorModeCmd
                0x00005ab0                I2C_MonitorGetDatabuffer
                0x00005afc                I2C_MonitorHandler
                0x00005b54                I2C_MasterTransferComplete
                0x00005b8c                I2C_SlaveTransferComplete
 .text          0x00005bc4        0xc build\lib\source\lpc17xx_libcfg_default.o
                0x00005bc4                check_failed
 .text          0x00005bd0       0xfc build\lib\source\lpc17xx_nvic.o
                0x00005bd0                NVIC_DeInit
                0x00005c30                NVIC_SCBDeInit
                0x00005cb0                NVIC_SetVTOR
 .text          0x00005ccc      0x284 build\lib\source\lpc17xx_pinsel.o
                0x00005e80                PINSEL_ConfigTraceFunc
                0x00005ec0                PINSEL_SetI2C0Pins
                0x00005efc                PINSEL_ConfigPin
 .text          0x00005f50      0x58c build\lib\source\lpc17xx_spi.o
                0x00005f50                SPI_SetClock
                0x00005fcc                SPI_DeInit
                0x0000600c                SPI_GetDataSize
                0x00006048                SPI_Init
                0x000060e0                SPI_ConfigStructInit
                0x00006124                SPI_SendData
                0x00006158                SPI_ReceiveData
                0x0000618c                SPI_ReadWrite
                0x00006380                SPI_IntCmd
                0x000063e8                SPI_GetIntStatus
                0x00006420                SPI_ClearIntPending
                0x00006454                SPI_GetStatus
                0x00006488                SPI_CheckStatus
 .text          0x000064dc      0xab0 build\lib\source\lpc17xx_timer.o
                0x00006608                TIM_GetIntStatus
                0x000066b0                TIM_GetIntCaptureStatus
                0x0000675c                TIM_ClearIntPending
                0x000067e8                TIM_ClearIntCapturePending
                0x00006878                TIM_ConfigStructInit
                0x000068b8                TIM_Init
                0x00006a60                TIM_DeInit
                0x00006b08                TIM_Cmd
                0x00006b78                TIM_ResetCounter
                0x00006bdc                TIM_ConfigMatch
                0x00006d8c                TIM_UpdateMatchValue
                0x00006e1c                TIM_ConfigCapture
                0x00006f14                TIM_GetCaptureValue
 .text          0x00006f8c     0x16c0 build\lib\source\lpc17xx_uart.o
                0x00007294                UART_Init
                0x000075b8                UART_DeInit
                0x00007660                UART_ConfigStructInit
                0x00007694                UART_SendByte
                0x000076fc                UART_ReceiveByte
                0x00007764                UART_Send
                0x00007870                UART_Receive
                0x00007948                UART_ForceBreak
                0x000079c0                UART_IntConfig
                0x00007b58                UART_GetLineStatus
                0x00007bc0                UART_GetIntId
                0x00007c1c                UART_CheckBusy
                0x00007c48                UART_FIFOConfig
                0x00007da4                UART_FIFOConfigStructInit
                0x00007dd8                UART_ABCmd
                0x00007f20                UART_ABClearIntPending
                0x00007f94                UART_TxCmd
                0x00008060                UART_IrDAInvtInputCmd
                0x000080dc                UART_IrDACmd
                0x00008150                UART_IrDAPulseDivConfig
                0x000081f0                UART_FullModemForcePinState
                0x000082ac                UART_FullModemConfigMode
                0x00008374                UART_FullModemGetStatus
                0x000083a8                UART_RS485Config
                0x00008530                UART_RS485ReceiverCmd
                0x00008578                UART_RS485Send
                0x000085fc                UART_RS485SendSlvAddr
                0x00008624                UART_RS485SendData
 .text          0x0000864c       0xf8 build\lib_sd\byteordering.o
                0x0000864c                read16
                0x0000867c                read32
                0x000086c0                write16
                0x000086f0                write32
 .text          0x00008744     0x1cb8 build\lib_sd\fat.o
                0x00008744                fat_open
                0x000087e0                fat_close
                0x00008dc8                fat_get_dir_entry_of_path
                0x00008f00                fat_open_file
                0x00008fa8                fat_close_file
                0x00008fc8                fat_read_file
                0x00009158                fat_write_file
                0x00009378                fat_seek_file
                0x00009414                fat_resize_file
                0x00009558                fat_open_dir
                0x000095f4                fat_close_dir
                0x00009614                fat_read_dir
                0x0000979c                fat_reset_dir
                0x00009fd4                fat_create_file
                0x0000a090                fat_delete_file
                0x0000a148                fat_create_dir
                0x0000a2cc                fat_get_fs_size
                0x0000a300                fat_get_fs_free
 .text          0x0000a3fc      0x16c build\lib_sd\partition.o
                0x0000a3fc                partition_open
                0x0000a53c                partition_close
 .text          0x0000a568      0xae4 build\lib_sd\sd_raw.o
                0x0000a568                sd_raw_init
                0x0000a7e8                sd_raw_available
                0x0000a7fc                sd_raw_locked
                0x0000a92c                sd_raw_read
                0x0000aa58                sd_raw_read_interval
                0x0000aad8                sd_raw_write
                0x0000ac44                sd_raw_write_interval
                0x0000ace0                sd_raw_sync
                0x0000ad2c                sd_raw_get_info
 .text          0x0000b04c      0x214 build\IAP_internal_flash_write\IAP.o
                0x0000b04c                IAP::read_ID()
                0x0000b080                IAP::read_serial()
                0x0000b0b4                IAP::blank_check(int, int)
                0x0000b0f8                IAP::erase(int, int)
                0x0000b148                IAP::prepare(int, int)
                0x0000b18c                IAP::write(char*, char*, int)
                0x0000b1e4                IAP::compare(char*, char*, int)
                0x0000b230                IAP::reserved_flash_area_start()
                0x0000b248                IAP::reserved_flash_area_size()
 .text          0x0000b260      0x468 build\USBCDC\cdcuser.o
                0x0000b298                CDC_RdOutBuf
                0x0000b308                CDC_WrOutBuf
                0x0000b360                CDC_OutBufAvailChar
                0x0000b390                CDC_Init
                0x0000b3b8                CDC_SendEncapsulatedCommand
                0x0000b3c8                CDC_GetEncapsulatedResponse
                0x0000b3d8                CDC_SetCommFeature
                0x0000b3f4                CDC_GetCommFeature
                0x0000b410                CDC_ClearCommFeature
                0x0000b42c                CDC_SetLineCoding
                0x0000b488                CDC_GetLineCoding
                0x0000b4ec                CDC_SetControlLineState
                0x0000b508                CDC_SendBreak
                0x0000b524                CDC_BulkIn
                0x0000b56c                CDC_BulkOut
                0x0000b57c                CDC_GetSerialState
                0x0000b650                CDC_NotificationIn
 .text          0x0000b6c8      0x224 build\USBCDC\serial.o
                0x0000b6c8                ser_OpenPort
                0x0000b6dc                ser_ClosePort
                0x0000b6f0                ser_InitPort0
                0x0000b748                ser_Read
                0x0000b7cc                ser_Write
                0x0000b898                ser_AvailChar
                0x0000b8c4                ser_LineState
 .text          0x0000b8ec      0xe64 build\USBCDC\usbcore.o
                0x0000b8ec                USB_ResetCore
                0x0000b940                USB_SetupStage
                0x0000b954                USB_DataInStage
                0x0000b9ac                USB_DataOutStage
                0x0000b9ec                USB_StatusInStage
                0x0000ba04                USB_StatusOutStage
                0x0000ba18                USB_ReqGetStatus
                0x0000bb34                USB_ReqSetClrFeature
                0x0000bc74                USB_ReqSetAddress
                0x0000bcb0                USB_ReqGetDescriptor
                0x0000bdd8                USB_ReqGetConfiguration
                0x0000be10                USB_ReqSetConfiguration
                0x0000c098                USB_ReqGetInterface
                0x0000c0f8                USB_ReqSetInterface
                0x0000c2dc                USB_EndPoint0
 .text          0x0000c750        0x0 build\USBCDC\usbdesc.o
 .text          0x0000c750      0x9e0 build\USBCDC\usbhw.o
                0x0000c8c0                EPAdr
                0x0000c8f4                WrCmd
                0x0000c92c                WrCmdDat
                0x0000c988                WrCmdEP
                0x0000c9f0                RdCmdDat
                0x0000ca30                USB_Init
                0x0000cb10                USB_Connect
                0x0000cb40                USB_Reset
                0x0000cbb0                USB_Suspend
                0x0000cbbc                USB_Resume
                0x0000cbc8                USB_WakeUp
                0x0000cbf0                USB_WakeUpCfg
                0x0000cc04                USB_SetAddress
                0x0000cc44                USB_Configure
                0x0000cc9c                USB_ConfigEP
                0x0000cd04                USB_DirCtrlEP
                0x0000cd18                USB_EnableEP
                0x0000cd48                USB_DisableEP
                0x0000cd78                USB_ResetEP
                0x0000cda8                USB_SetStallEP
                0x0000cdd8                USB_ClrStallEP
                0x0000ce08                USB_ClearEPBuf
                0x0000ce24                USB_ReadEP
                0x0000cecc                USB_WriteEP
                0x0000cf4c                USB_GetFrame
                0x0000cf88                USB_IRQHandler
 .text          0x0000d130      0x180 build\USBCDC\usbuser.o
                0x0000d130                USB_Reset_Event
                0x0000d13c                USB_Configure_Event
                0x0000d148                USB_EndPoint1
                0x0000d184                USB_EndPoint2
                0x0000d1ac                USB_EndPoint3
                0x0000d1c0                USB_EndPoint4
                0x0000d1d4                USB_EndPoint5
                0x0000d1e8                USB_EndPoint6
                0x0000d1fc                USB_EndPoint7
                0x0000d210                USB_EndPoint8
                0x0000d224                USB_EndPoint9
                0x0000d238                USB_EndPoint10
                0x0000d24c                USB_EndPoint11
                0x0000d260                USB_EndPoint12
                0x0000d274                USB_EndPoint13
                0x0000d288                USB_EndPoint14
                0x0000d29c                USB_EndPoint15
 .text          0x0000d2b0       0xa4 build\USBCDC\vcomdemo.o
                0x0000d2b0                VCOM_Init
                0x0000d2c0                VCOM_Usb2Serial
                0x0000d30c                VCOM_CheckSerialState
                0x0000d33c                VCOM_Start
 .text          0x0000d354      0x28c src\shared\PID.o
                0x0000d354                PID::reset()
                0x0000d38c                PID::reset_state()
                0x0000d410                PID::calculate(int)
                0x0000d568                PID::setTarget(int)
                0x0000d590                PID::getErrorTerm()
                0x0000d5a8                PID::getDeltaTerm()
                0x0000d5c8                PID::getLastOutput()
 .text          0x0000d5e0      0x54c src\shared\Packet.o
                0x0000d5e0                _crc_ibutton_update(unsigned char, unsigned char)
                0x0000d650                Packet::appendByte(unsigned char)
                0x0000d6b0                Packet::reset()
                0x0000d6e8                InPacket::InPacket()
                0x0000d6e8                InPacket::InPacket()
                0x0000d70c                InPacket::reset()
                0x0000d724                InPacket::processByte(unsigned char)
                0x0000d84c                Packet::read8(unsigned char) const
                0x0000d870                Packet::read16(unsigned char) const
                0x0000d8b0                Packet::read32(unsigned char) const
                0x0000d908                OutPacket::OutPacket()
                0x0000d908                OutPacket::OutPacket()
                0x0000d92c                OutPacket::reset()
                0x0000d950                OutPacket::prepareForResend()
                0x0000d980                OutPacket::getNextByteToSend()
                0x0000da7c                OutPacket::append8(unsigned char)
                0x0000da9c                OutPacket::append16(unsigned short)
                0x0000dad4                OutPacket::append32(unsigned long)
 .text._ZN6Packet5errorEh
                0x0000db2c       0x24 src\shared\Packet.o
                0x0000db2c                Packet::error(unsigned char)
 .text._ZN6PacketC2Ev
                0x0000db50       0x18 src\shared\Packet.o
                0x0000db50                Packet::Packet()
                0x0000db50                Packet::Packet()
 .text          0x0000db68      0xbb8 build\Command.o
                0x0000db68                command::getRemainingCapacity()
                0x0000db88                command::pause(bool)
                0x0000dba8                command::isPaused()
                0x0000dbbc                command::isEmpty()
                0x0000dbd0                command::push(unsigned char)
                0x0000dbf0                command::pop8()
                0x0000dc04                command::pop16()
                0x0000dc30                command::pop32()
                0x0000dc70                command::reset()
                0x0000dc8c                command::runCommandSlice()
 .text._ZN4PortC2Eh
                0x0000e720       0x20 build\Command.o
                0x0000e720                Port::Port(unsigned char)
                0x0000e720                Port::Port(unsigned char)
 .text._ZN5PointC2Elllll
                0x0000e740       0x3c build\Command.o
                0x0000e740                Point::Point(long, long, long, long, long)
                0x0000e740                Point::Point(long, long, long, long, long)
 .text._ZN5PointC2Elll
                0x0000e77c       0x64 build\Command.o
                0x0000e77c                Point::Point(long, long, long)
                0x0000e77c                Point::Point(long, long, long)
 .text._ZNK5PointixEj
                0x0000e7e0       0x20 build\Command.o
                0x0000e7e0                Point::operator[](unsigned int) const
 .text._ZN5PointixEj
                0x0000e800       0x20 build\Command.o
                0x0000e800                Point::operator[](unsigned int)
 .text._ZNK6Packet8hasErrorEv
                0x0000e820       0x28 build\Command.o
                0x0000e820                Packet::hasError() const
 .text._ZN19CircularBufferTemplIhEC2EtPh
                0x0000e848       0x48 build\Command.o
                0x0000e848                CircularBufferTempl<unsigned char>::CircularBufferTempl(unsigned short, unsigned char*)
                0x0000e848                CircularBufferTempl<unsigned char>::CircularBufferTempl(unsigned short, unsigned char*)
 .text._ZNK19CircularBufferTemplIhE20getRemainingCapacityEv
                0x0000e890       0x24 build\Command.o
                0x0000e890                CircularBufferTempl<unsigned char>::getRemainingCapacity() const
 .text._ZNK19CircularBufferTemplIhE7isEmptyEv
                0x0000e8b4       0x24 build\Command.o
                0x0000e8b4                CircularBufferTempl<unsigned char>::isEmpty() const
 .text._ZN19CircularBufferTemplIhE4pushEh
                0x0000e8d8       0x5c build\Command.o
                0x0000e8d8                CircularBufferTempl<unsigned char>::push(unsigned char)
 .text._ZN19CircularBufferTemplIhE3popEv
                0x0000e934       0x6c build\Command.o
                0x0000e934                CircularBufferTempl<unsigned char>::pop()
 .text._ZN19CircularBufferTemplIhE5resetEv
                0x0000e9a0       0x34 build\Command.o
                0x0000e9a0                CircularBufferTempl<unsigned char>::reset()
 .text._ZNK19CircularBufferTemplIhE9getLengthEv
                0x0000e9d4       0x1c build\Command.o
                0x0000e9d4                CircularBufferTempl<unsigned char>::getLength() const
 .text._ZN19CircularBufferTemplIhEixEt
                0x0000e9f0       0x3c build\Command.o
                0x0000e9f0                CircularBufferTempl<unsigned char>::operator[](unsigned short)
 .text          0x0000ea2c      0x37c build\DebugPacketProcessor.o
                0x0000ea2c                processDebugPacket(InPacket const&, OutPacket&)
 .text._ZNK6Packet9getLengthEv
                0x0000eda8       0x1c build\DebugPacketProcessor.o
                0x0000eda8                Packet::getLength() const
 .text._ZN11Motherboard8getBoardEv
                0x0000edc4       0x14 build\DebugPacketProcessor.o
                0x0000edc4                Motherboard::getBoard()
 .text          0x0000edd8      0x140 build\Delay.o
                0x0000edd8                few_ticks
                0x0000eea0                _delay_us
                0x0000eed8                _delay_ms
                0x0000eef8                _delay_s
 .text          0x0000ef18      0x850 build\EepromMap.o
                0x0000ef18                print_menu()
                0x0000ef60                test_uart()
                0x0000f020                test_led(unsigned char)
                0x0000f090                test_led2(unsigned char)
                0x0000f100                test_led3(unsigned char)
                0x0000f170                test_u()
                0x0000f1e4                UART_8(LPC_UART_TypeDef*, unsigned char)
                0x0000f204                UART_32_DEC(LPC_UART_TypeDef*, unsigned long)
                0x0000f264                UART_32_HEX(LPC_UART_TypeDef*, unsigned long)
                0x0000f2c8                read_all_from_flash()
                0x0000f3e0                save_to_flash()
                0x0000f42c                microstep_pinout(unsigned char)
                0x0000f504                eeprom::init()
                0x0000f5f4                eeprom::getEeprom8(unsigned long, unsigned char)
                0x0000f620                eeprom::getEeprom16(unsigned long, unsigned short)
 .text._ZN3IAPC2Ev
                0x0000f768       0x3c build\EepromMap.o
                0x0000f768                IAP::IAP()
                0x0000f768                IAP::IAP()
 .text          0x0000f7a4      0x7ec build\Host.o
                0x0000f7a4                host::runHostSlice()
                0x0000f930                host::processCommandPacket(InPacket const&, OutPacket&)
                0x0000fa18                host::doToolPause(OutPacket&)
                0x0000fb34                host::processQueryPacket(InPacket const&, OutPacket&)
                0x0000fd1c                host::getMachineName()
                0x0000fdb0                host::getBuildName()
                0x0000fdc4                host::getHostState()
                0x0000fdd8                host::startBuildFromSD()
                0x0000fe10                host::stopBuild()
 .text._ZNK6Packet12getErrorCodeEv
                0x0000ff90       0x1c build\Host.o
                0x0000ff90                Packet::getErrorCode() const
 .text._ZNK6Packet7getDataEv
                0x0000ffac       0x1c build\Host.o
                0x0000ffac                Packet::getData() const
 .text._ZNK8InPacket10isFinishedEv
                0x0000ffc8       0x28 build\Host.o
                0x0000ffc8                InPacket::isFinished() const
 .text._ZNK8InPacket9isStartedEv
                0x0000fff0       0x28 build\Host.o
                0x0000fff0                InPacket::isStarted() const
 .text._ZN8InPacket7timeoutEv
                0x00010018       0x1c build\Host.o
                0x00010018                InPacket::timeout()
 .text._ZNK9OutPacket9isSendingEv
                0x00010034       0x38 build\Host.o
                0x00010034                OutPacket::isSending() const
 .text._ZN4UART11getHostUARTEv
                0x0001006c       0x14 build\Host.o
                0x0001006c                UART::getHostUART()
 .text._ZNK7Timeout8isActiveEv
                0x00010080       0x18 build\Host.o
                0x00010080                Timeout::isActive() const
 .text._ZN11Motherboard19getStepperInterfaceEi
                0x00010098       0x28 build\Host.o
                0x00010098                Motherboard::getStepperInterface(int)
 .text._ZN4host13handleVersionERK8InPacketR9OutPacket
                0x000100c0       0x28 build\Host.o
                0x000100c0                host::handleVersion(InPacket const&, OutPacket&)
 .text._ZN4host18handleGetBuildNameERK8InPacketR9OutPacket
                0x000100e8       0x5c build\Host.o
                0x000100e8                host::handleGetBuildName(InPacket const&, OutPacket&)
 .text._ZN4host19handleGetBufferSizeERK8InPacketR9OutPacket
                0x00010144       0x2c build\Host.o
                0x00010144                host::handleGetBufferSize(InPacket const&, OutPacket&)
 .text._ZN4host17handleGetPositionERK8InPacketR9OutPacket
                0x00010170      0x110 build\Host.o
                0x00010170                host::handleGetPosition(InPacket const&, OutPacket&)
 .text._ZN4host20handleGetPositionExtERK8InPacketR9OutPacket
                0x00010280      0x148 build\Host.o
                0x00010280                host::handleGetPositionExt(InPacket const&, OutPacket&)
 .text._ZN4host19handleCaptureToFileERK8InPacketR9OutPacket
                0x000103c8       0x3c build\Host.o
                0x000103c8                host::handleCaptureToFile(InPacket const&, OutPacket&)
 .text._ZN4host16handleEndCaptureERK8InPacketR9OutPacket
                0x00010404       0x2c build\Host.o
                0x00010404                host::handleEndCapture(InPacket const&, OutPacket&)
 .text._ZN4host14handlePlaybackERK8InPacketR9OutPacket
                0x00010430       0x84 build\Host.o
                0x00010430                host::handlePlayback(InPacket const&, OutPacket&)
 .text._ZN4host18handleNextFilenameERK8InPacketR9OutPacket
                0x000104b4      0x10c build\Host.o
                0x000104b4                host::handleNextFilename(InPacket const&, OutPacket&)
 .text._ZN4host15handleToolQueryERK8InPacketR9OutPacket
                0x000105c0      0x17c build\Host.o
                0x000105c0                host::handleToolQuery(InPacket const&, OutPacket&)
 .text._ZN4host11handlePauseERK8InPacketR9OutPacket
                0x0001073c       0x34 build\Host.o
                0x0001073c                host::handlePause(InPacket const&, OutPacket&)
 .text._ZN4host16handleIsFinishedERK8InPacketR9OutPacket
                0x00010770       0x60 build\Host.o
                0x00010770                host::handleIsFinished(InPacket const&, OutPacket&)
 .text._ZN4host16handleReadEepromERK8InPacketR9OutPacket
                0x000107d0       0x74 build\Host.o
                0x000107d0                host::handleReadEeprom(InPacket const&, OutPacket&)
 .text._ZN4host17handleWriteEepromERK8InPacketR9OutPacket
                0x00010844       0x90 build\Host.o
                0x00010844                host::handleWriteEeprom(InPacket const&, OutPacket&)
 .text._ZN4host18handleExtendedStopERK8InPacketR9OutPacket
                0x000108d4       0x54 build\Host.o
                0x000108d4                host::handleExtendedStop(InPacket const&, OutPacket&)
 .text._ZN4host27handleGetCommunicationStatsERK8InPacketR9OutPacket
                0x00010928       0x60 build\Host.o
                0x00010928                host::handleGetCommunicationStats(InPacket const&, OutPacket&)
 .text          0x00010988      0x110 build\Interface.o
                0x00010988                interfaceboard::isConnected()
                0x000109a0                interfaceboard::init()
                0x000109b0                interfaceboard::pushScreen(Screen*)
                0x000109cc                interfaceboard::popScreen()
                0x000109dc                interfaceboard::doInterrupt()
                0x000109ec                interfaceboard::getUpdateRate()
                0x00010a00                interfaceboard::doUpdate()
 .text          0x00010a98      0x678 build\InterfaceBoard.o
                0x00010a98                ButtonArray::init()
                0x00010abc                ButtonArray::scanButtons()
                0x00010be8                ButtonArray::getButton(InterfaceBoardDefinitions::ButtonName&)
                0x00010c24                InterfaceBoard::InterfaceBoard()
                0x00010c24                InterfaceBoard::InterfaceBoard()
                0x00010e0c                InterfaceBoard::init()
                0x00010e20                InterfaceBoard::doInterrupt()
                0x00010e3c                InterfaceBoard::getUpdateRate()
                0x00010e80                InterfaceBoard::doUpdate()
                0x00010f78                InterfaceBoard::pushScreen(Screen*)
                0x0001102c                InterfaceBoard::popScreen()
 .text._ZN4Port15setPinDirectionEhb
                0x00011110       0x34 build\InterfaceBoard.o
                0x00011110                Port::setPinDirection(unsigned char, bool)
 .text._ZN4Port6setPinEhb
                0x00011144       0x64 build\InterfaceBoard.o
                0x00011144                Port::setPin(unsigned char, bool)
 .text._ZN3PinC2E4Porth
                0x000111a8       0x30 build\InterfaceBoard.o
                0x000111a8                Pin::Pin(Port, unsigned char)
                0x000111a8                Pin::Pin(Port, unsigned char)
 .text._ZN3Pin12setDirectionEb
                0x000111d8       0x28 build\InterfaceBoard.o
                0x000111d8                Pin::setDirection(bool)
 .text._ZN3Pin8setValueEb
                0x00011200       0x28 build\InterfaceBoard.o
                0x00011200                Pin::setValue(bool)
 .text._ZN6ScreenC2Ev
                0x00011228       0x20 build\InterfaceBoard.o
                0x00011228                Screen::Screen()
                0x00011228                Screen::Screen()
 .text._ZN12SplashScreenC2Ev
                0x00011248       0x28 build\InterfaceBoard.o
                0x00011248                SplashScreen::SplashScreen()
                0x00011248                SplashScreen::SplashScreen()
 .text._ZN11MonitorModeC2Ev
                0x00011270       0x34 build\InterfaceBoard.o
                0x00011270                MonitorMode::MonitorMode()
                0x00011270                MonitorMode::MonitorMode()
 .text          0x000112a4        0x0 build\LPCPort.o
 .text          0x000112a4      0xc5c build\LiquidCrystal.o
                0x000112a4                LiquidCrystal::LiquidCrystal(Pin, Pin, Pin, Pin, Pin, Pin, Pin, Pin, Pin, Pin, Pin)
                0x000112a4                LiquidCrystal::LiquidCrystal(Pin, Pin, Pin, Pin, Pin, Pin, Pin, Pin, Pin, Pin, Pin)
                0x0001135c                LiquidCrystal::LiquidCrystal(Pin, Pin, Pin, Pin, Pin, Pin, Pin, Pin, Pin, Pin)
                0x0001135c                LiquidCrystal::LiquidCrystal(Pin, Pin, Pin, Pin, Pin, Pin, Pin, Pin, Pin, Pin)
                0x00011420                LiquidCrystal::LiquidCrystal(Pin, Pin, Pin, Pin, Pin, Pin, Pin)
                0x00011420                LiquidCrystal::LiquidCrystal(Pin, Pin, Pin, Pin, Pin, Pin, Pin)
                0x00011500                LiquidCrystal::LiquidCrystal(Pin, Pin, Pin, Pin, Pin, Pin)
                0x00011500                LiquidCrystal::LiquidCrystal(Pin, Pin, Pin, Pin, Pin, Pin)
                0x000115ec                LiquidCrystal::init(unsigned char, Pin, Pin, Pin, Pin, Pin, Pin, Pin, Pin, Pin, Pin, Pin)
                0x000116b8                LiquidCrystal::begin(unsigned char, unsigned char, unsigned char)
                0x00011830                LiquidCrystal::clear()
                0x00011854                LiquidCrystal::home()
                0x00011878                LiquidCrystal::setCursor(unsigned char, unsigned char)
                0x000118e0                LiquidCrystal::noDisplay()
                0x00011910                LiquidCrystal::display()
                0x00011940                LiquidCrystal::noCursor()
                0x00011970                LiquidCrystal::cursor()
                0x000119a0                LiquidCrystal::noBlink()
                0x000119d0                LiquidCrystal::blink()
                0x00011a00                LiquidCrystal::scrollDisplayLeft()
                0x00011a1c                LiquidCrystal::scrollDisplayRight()
                0x00011a38                LiquidCrystal::leftToRight()
                0x00011a68                LiquidCrystal::rightToLeft()
                0x00011a98                LiquidCrystal::autoscroll()
                0x00011ac8                LiquidCrystal::noAutoscroll()
                0x00011af8                LiquidCrystal::createChar(unsigned char, unsigned char*)
                0x00011b64                LiquidCrystal::writeInt(unsigned short, unsigned char)
                0x00011c24                LiquidCrystal::writeString(char*)
                0x00011c68                LiquidCrystal::writeFromPgmspace(char const*)
                0x00011ca8                LiquidCrystal::send(unsigned char, bool)
                0x00011d2c                LiquidCrystal::pulseEnable()
                0x00011d84                LiquidCrystal::write4bits(unsigned char)
                0x00011e04                LiquidCrystal::write8bits(unsigned char)
 .text._ZN4Port6isNullEv
                0x00011f00       0x24 build\LiquidCrystal.o
                0x00011f00                Port::isNull()
 .text._ZN3PinC2Ev
                0x00011f24       0x2c build\LiquidCrystal.o
                0x00011f24                Pin::Pin()
                0x00011f24                Pin::Pin()
 .text._ZN3Pin6isNullEv
                0x00011f50       0x1c build\LiquidCrystal.o
                0x00011f50                Pin::isNull()
 .text._ZN13LiquidCrystal7commandEh
                0x00011f6c       0x24 build\LiquidCrystal.o
                0x00011f6c                LiquidCrystal::command(unsigned char)
 .text._ZN13LiquidCrystal5writeEh
                0x00011f90       0x24 build\LiquidCrystal.o
                0x00011f90                LiquidCrystal::write(unsigned char)
 .text          0x00011fb4      0x910 build\Main.o
                0x00012454                reset(bool)
                0x000126cc                main
 .text          0x000128c4     0x129c build\Menu.o
                0x000128c4                queryExtruderParameter(unsigned char, OutPacket&)
                0x000129f8                SplashScreen::update(LiquidCrystal&, bool)
                0x00012a84                SplashScreen::notifyButtonPressed(InterfaceBoardDefinitions::ButtonName)
                0x00012a9c                SplashScreen::reset()
                0x00012ab0                JogMode::reset()
                0x00012ad4                JogMode::update(LiquidCrystal&, bool)
                0x00012b94                JogMode::jog(InterfaceBoardDefinitions::ButtonName)
                0x00012cb4                JogMode::notifyButtonPressed(InterfaceBoardDefinitions::ButtonName)
                0x00012d40                SnakeMode::update(LiquidCrystal&, bool)
                0x000130e0                SnakeMode::reset()
                0x000131a0                SnakeMode::notifyButtonPressed(InterfaceBoardDefinitions::ButtonName)
                0x0001321c                MonitorMode::reset()
                0x00013230                MonitorMode::update(LiquidCrystal&, bool)
                0x000133e8                MonitorMode::notifyButtonPressed(InterfaceBoardDefinitions::ButtonName)
                0x00013424                Menu::update(LiquidCrystal&, bool)
                0x00013528                Menu::reset()
                0x00013560                Menu::resetState()
                0x00013574                Menu::handleSelect(unsigned char)
                0x0001358c                Menu::handleCancel()
                0x000135a0                Menu::notifyButtonPressed(InterfaceBoardDefinitions::ButtonName)
                0x00013660                CancelBuildMenu::CancelBuildMenu()
                0x00013660                CancelBuildMenu::CancelBuildMenu()
                0x00013698                CancelBuildMenu::resetState()
                0x000136bc                CancelBuildMenu::drawItem(unsigned char, LiquidCrystal&)
                0x0001371c                CancelBuildMenu::handleSelect(unsigned char)
                0x0001374c                MainMenu::MainMenu()
                0x0001374c                MainMenu::MainMenu()
                0x00013784                MainMenu::drawItem(unsigned char, LiquidCrystal&)
                0x000137f4                MainMenu::handleSelect(unsigned char)
                0x00013858                SDMenu::SDMenu()
                0x00013858                SDMenu::SDMenu()
                0x00013888                SDMenu::resetState()
                0x000138a8                SDMenu::countFiles()
                0x00013918                SDMenu::getFilename(unsigned char, char*, unsigned char)
                0x000139ac                SDMenu::drawItem(unsigned char, LiquidCrystal&)
                0x00013a5c                SDMenu::handleSelect(unsigned char)
 .text._ZN4Menu13getUpdateRateEv
                0x00013b60       0x1c build\Menu.o
                0x00013b60                Menu::getUpdateRate()
 .text._ZN12SplashScreen13getUpdateRateEv
                0x00013b7c       0x18 build\Menu.o
                0x00013b7c                SplashScreen::getUpdateRate()
 .text._ZN7JogMode13getUpdateRateEv
                0x00013b94       0x18 build\Menu.o
                0x00013b94                JogMode::getUpdateRate()
 .text._ZN9SnakeMode13getUpdateRateEv
                0x00013bac       0x18 build\Menu.o
                0x00013bac                SnakeMode::getUpdateRate()
 .text._ZN11MonitorMode13getUpdateRateEv
                0x00013bc4       0x1c build\Menu.o
                0x00013bc4                MonitorMode::getUpdateRate()
 .text._ZN7JogModeC2Ev
                0x00013be0       0x28 build\Menu.o
                0x00013be0                JogMode::JogMode()
                0x00013be0                JogMode::JogMode()
 .text._ZN9SnakeModeC2Ev
                0x00013c08       0x28 build\Menu.o
                0x00013c08                SnakeMode::SnakeMode()
                0x00013c08                SnakeMode::SnakeMode()
 .text._ZN4MenuC2Ev
                0x00013c30       0x28 build\Menu.o
                0x00013c30                Menu::Menu()
                0x00013c30                Menu::Menu()
 .text          0x00013c58      0x204 build\Microsteps.o
                0x00013c58                microsteps::init()
 .text          0x00013e5c      0xcfc build\Motherboard.o
                0x00014298                Motherboard::indicateError(int)
                0x00014310                Motherboard::getCurrentError()
                0x00014330                TIMER0_IRQHandler
                0x00014360                TIMER1_IRQHandler
                0x000144a4                Motherboard::Motherboard()
                0x000144a4                Motherboard::Motherboard()
                0x00014780                Motherboard::reset()
                0x00014a34                Motherboard::getCurrentMicros()
                0x00014a50                Motherboard::doInterrupt()
                0x00014a8c                Motherboard::runMotherboardSlice()
 .text._ZN4UART12getSlaveUARTEv
                0x00014b58       0x14 build\Motherboard.o
                0x00014b58                UART::getSlaveUART()
 .text._ZN16StepperInterfaceC2Ev
                0x00014b6c       0x4c build\Motherboard.o
                0x00014b6c                StepperInterface::StepperInterface()
                0x00014b6c                StepperInterface::StepperInterface()
 .text._ZN16StepperInterfaceC2ERK3PinS2_S2_S2_S2_
                0x00014bb8       0x64 build\Motherboard.o
                0x00014bb8                StepperInterface::StepperInterface(Pin const&, Pin const&, Pin const&, Pin const&, Pin const&)
                0x00014bb8                StepperInterface::StepperInterface(Pin const&, Pin const&, Pin const&, Pin const&, Pin const&)
 .text          0x00014c1c      0x28c build\PID.o
 .text          0x00014ea8      0x54c build\Packet.o
                0x00014ea8                _crc_ibutton_update
 .text          0x000153f4      0x71c build\SDCard.o
                0x000153f4                sdcard::openPartition()
                0x00015464                sdcard::openFilesys()
                0x00015494                sdcard::openRoot()
                0x000154e8                sdcard::initCard()
                0x00015598                sdcard::directoryReset()
                0x000155d8                sdcard::directoryNextEntry(char*, unsigned char)
                0x000156ac                sdcard::findFileInDir(char const*, fat_dir_entry_struct*)
                0x00015708                sdcard::openFile(char const*, fat_file_struct**)
                0x0001575c                sdcard::deleteFile(char*)
                0x000157a4                sdcard::createFile(char*)
                0x000157d8                sdcard::isPlaying()
                0x000157ec                sdcard::isCapturing()
                0x00015800                sdcard::startCapture(char*)
                0x00015898                sdcard::capturePacket(Packet const&)
                0x000158f0                sdcard::finishCapture()
                0x0001593c                sdcard::fetchNextByte()
                0x0001597c                sdcard::playbackHasNext()
                0x00015990                sdcard::playbackNext()
                0x000159b0                sdcard::startPlayback(char*)
                0x00015a3c                sdcard::playbackRewind(unsigned char)
                0x00015a70                sdcard::finishPlayback()
                0x00015aa4                sdcard::reset()
 .text          0x00015b10      0x3a4 build\StepperInterface.o
                0x00015b10                StepperInterface::setDirection(bool)
                0x00015b40                StepperInterface::step(bool)
                0x00015b64                StepperInterface::setEnabled(bool)
                0x00015b90                StepperInterface::isAtMaximum()
                0x00015bdc                StepperInterface::isAtMinimum()
                0x00015c28                StepperInterface::init(unsigned char)
 .text._ZN4Port6getPinEh
                0x00015eb4       0x3c build\StepperInterface.o
                0x00015eb4                Port::getPin(unsigned char)
 .text._ZN3Pin8getValueEv
                0x00015ef0       0x24 build\StepperInterface.o
                0x00015ef0                Pin::getValue()
 .text          0x00015f14      0x6b0 build\Steppers.o
                0x00015f14                steppers::isRunning()
                0x00015f48                steppers::init(Motherboard&)
                0x00015fbc                steppers::abort()
                0x00015fe0                steppers::definePosition(Point const&)
                0x00016034                steppers::getPosition()
                0x00016068                steppers::setHoldZ(bool)
                0x00016088                steppers::setTarget(Point const&, long)
                0x000161d4                steppers::setTargetNew(Point const&, long, unsigned char)
                0x00016318                steppers::startHoming(bool, unsigned char, unsigned long)
                0x000163e0                steppers::enableAxis(unsigned char, bool)
                0x00016414                steppers::doInterrupt()
 .text._ZN8steppers4AxisC2Ev
                0x000165c4       0x20 build\Steppers.o
                0x000165c4                steppers::Axis::Axis()
                0x000165c4                steppers::Axis::Axis()
 .text._ZN8steppers4AxisC2ER16StepperInterface
                0x000165e4       0x24 build\Steppers.o
                0x000165e4                steppers::Axis::Axis(StepperInterface&)
                0x000165e4                steppers::Axis::Axis(StepperInterface&)
 .text._ZN8steppers4Axis9setTargetElb
                0x00016608       0x84 build\Steppers.o
                0x00016608                steppers::Axis::setTarget(long, bool)
 .text._ZN8steppers4Axis9setHomingEb
                0x0001668c       0x30 build\Steppers.o
                0x0001668c                steppers::Axis::setHoming(bool)
 .text._ZN8steppers4Axis14definePositionEl
                0x000166bc       0x1c build\Steppers.o
                0x000166bc                steppers::Axis::definePosition(long)
 .text._ZN8steppers4Axis13enableStepperEb
                0x000166d8       0x24 build\Steppers.o
                0x000166d8                steppers::Axis::enableStepper(bool)
 .text._ZN8steppers4Axis5resetEv
                0x000166fc       0x44 build\Steppers.o
                0x000166fc                steppers::Axis::reset()
 .text._ZN8steppers4Axis11doInterruptEl
                0x00016740       0xcc build\Steppers.o
                0x00016740                steppers::Axis::doInterrupt(long)
 .text._ZN8steppers4Axis8doHomingEl
                0x0001680c       0xf8 build\Steppers.o
                0x0001680c                steppers::Axis::doHoming(long)
 .text          0x00016904      0x188 build\Timeout.o
                0x00016904                Timeout::Timeout()
                0x00016904                Timeout::Timeout()
                0x0001692c                Timeout::start(unsigned long)
                0x00016968                Timeout::hasElapsed()
                0x000169c8                Timeout::hasLeft()
                0x000169f4                Timeout::abort()
 .text          0x00016a8c      0xaf8 build\Tool.o
                0x00016e3c                tool::getInPacket()
                0x00016e50                tool::getOutPacket()
                0x00016e64                tool::getSentPacketCount()
                0x00016e78                tool::getPacketFailureCount()
                0x00016e8c                tool::getRetryCount()
                0x00016ea0                tool::getNoiseByteCount()
                0x00016eb4                tool::getToolVersion()
                0x00017104                tool::setToolIndicatorLED()
                0x000171c4                tool::reset()
                0x0001725c                tool::getLock()
                0x00017294                tool::releaseLock()
                0x000172ac                tool::startTransaction()
                0x00017338                tool::isTransactionDone()
                0x00017354                tool::runToolSlice()
 .text          0x00017584      0x970 build\UART.o
                0x000179c0                UART::UART(unsigned char)
                0x000179c0                UART::UART(unsigned char)
                0x00017b60                UART::beginSend()
                0x00017c3c                UART::enable(bool)
                0x00017ca0                UART::reset()
                0x00017cc8                UART1_IRQHandler
                0x00017ddc                CANActivity_IRQHandler
 .text._Z6listenv
                0x00017ef4       0x34 build\UART.o
                0x00017ef4                listen()
 .text._Z5speakv
                0x00017f28       0x34 build\UART.o
                0x00017f28                speak()
 .text          0x00017f5c        0x0 c:/progra~2/codesourcery/source~1/bin/../lib/gcc/arm-none-eabi/4.5.2/../../../../arm-none-eabi/lib/thumb2\libstdc++.a(si_class_type_info.o)
 .text._ZNK10__cxxabiv120__si_class_type_info11__do_upcastEPKNS_17__class_type_infoEPKvRNS1_15__upcast_resultE
                0x00017f5c       0x28 c:/progra~2/codesourcery/source~1/bin/../lib/gcc/arm-none-eabi/4.5.2/../../../../arm-none-eabi/lib/thumb2\libstdc++.a(si_class_type_info.o)
                0x00017f5c                __cxxabiv1::__si_class_type_info::__do_upcast(__cxxabiv1::__class_type_info const*, void const*, __cxxabiv1::__class_type_info::__upcast_result&) const
 .text._ZNK10__cxxabiv120__si_class_type_info12__do_dyncastEiNS_17__class_type_info10__sub_kindEPKS1_PKvS4_S6_RNS1_16__dyncast_resultE
                0x00017f84       0x90 c:/progra~2/codesourcery/source~1/bin/../lib/gcc/arm-none-eabi/4.5.2/../../../../arm-none-eabi/lib/thumb2\libstdc++.a(si_class_type_info.o)
                0x00017f84                __cxxabiv1::__si_class_type_info::__do_dyncast(int, __cxxabiv1::__class_type_info::__sub_kind, __cxxabiv1::__class_type_info const*, void const*, __cxxabiv1::__class_type_info const*, void const*, __cxxabiv1::__class_type_info::__dyncast_result&) const
 .text._ZNK10__cxxabiv120__si_class_type_info20__do_find_public_srcEiPKvPKNS_17__class_type_infoES2_
                0x00018014       0x38 c:/progra~2/codesourcery/source~1/bin/../lib/gcc/arm-none-eabi/4.5.2/../../../../arm-none-eabi/lib/thumb2\libstdc++.a(si_class_type_info.o)
                0x00018014                __cxxabiv1::__si_class_type_info::__do_find_public_src(int, void const*, __cxxabiv1::__class_type_info const*, void const*) const
 .text._ZN10__cxxabiv120__si_class_type_infoD2Ev
                0x0001804c       0x14 c:/progra~2/codesourcery/source~1/bin/../lib/gcc/arm-none-eabi/4.5.2/../../../../arm-none-eabi/lib/thumb2\libstdc++.a(si_class_type_info.o)
                0x0001804c                __cxxabiv1::__si_class_type_info::~__si_class_type_info()
                0x0001804c                __cxxabiv1::__si_class_type_info::~__si_class_type_info()
 .text._ZN10__cxxabiv120__si_class_type_infoD0Ev
                0x00018060       0x1c c:/progra~2/codesourcery/source~1/bin/../lib/gcc/arm-none-eabi/4.5.2/../../../../arm-none-eabi/lib/thumb2\libstdc++.a(si_class_type_info.o)
                0x00018060                __cxxabiv1::__si_class_type_info::~__si_class_type_info()
 .text          0x0001807c        0x0 c:/progra~2/codesourcery/source~1/bin/../lib/gcc/arm-none-eabi/4.5.2/../../../../arm-none-eabi/lib/thumb2\libstdc++.a(pure.o)
 .text.__cxa_pure_virtual
                0x0001807c       0x18 c:/progra~2/codesourcery/source~1/bin/../lib/gcc/arm-none-eabi/4.5.2/../../../../arm-none-eabi/lib/thumb2\libstdc++.a(pure.o)
                0x0001807c                __cxa_pure_virtual
 .text          0x00018094        0x0 c:/progra~2/codesourcery/source~1/bin/../lib/gcc/arm-none-eabi/4.5.2/../../../../arm-none-eabi/lib/thumb2\libstdc++.a(class_type_info.o)
 .text._ZNK10__cxxabiv117__class_type_info11__do_upcastEPKS0_PPv
                0x00018094       0x38 c:/progra~2/codesourcery/source~1/bin/../lib/gcc/arm-none-eabi/4.5.2/../../../../arm-none-eabi/lib/thumb2\libstdc++.a(class_type_info.o)
                0x00018094                __cxxabiv1::__class_type_info::__do_upcast(__cxxabiv1::__class_type_info const*, void**) const
 .text._ZNK10__cxxabiv117__class_type_info20__do_find_public_srcEiPKvPKS0_S2_
                0x000180cc        0xc c:/progra~2/codesourcery/source~1/bin/../lib/gcc/arm-none-eabi/4.5.2/../../../../arm-none-eabi/lib/thumb2\libstdc++.a(class_type_info.o)
                0x000180cc                __cxxabiv1::__class_type_info::__do_find_public_src(int, void const*, __cxxabiv1::__class_type_info const*, void const*) const
 .text._ZNK10__cxxabiv117__class_type_info11__do_upcastEPKS0_PKvRNS0_15__upcast_resultE
                0x000180d8       0x1c c:/progra~2/codesourcery/source~1/bin/../lib/gcc/arm-none-eabi/4.5.2/../../../../arm-none-eabi/lib/thumb2\libstdc++.a(class_type_info.o)
                0x000180d8                __cxxabiv1::__class_type_info::__do_upcast(__cxxabiv1::__class_type_info const*, void const*, __cxxabiv1::__class_type_info::__upcast_result&) const
 .text._ZNK10__cxxabiv117__class_type_info12__do_dyncastEiNS0_10__sub_kindEPKS0_PKvS3_S5_RNS0_16__dyncast_resultE
                0x000180f4       0x3c c:/progra~2/codesourcery/source~1/bin/../lib/gcc/arm-none-eabi/4.5.2/../../../../arm-none-eabi/lib/thumb2\libstdc++.a(class_type_info.o)
                0x000180f4                __cxxabiv1::__class_type_info::__do_dyncast(int, __cxxabiv1::__class_type_info::__sub_kind, __cxxabiv1::__class_type_info const*, void const*, __cxxabiv1::__class_type_info const*, void const*, __cxxabiv1::__class_type_info::__dyncast_result&) const
 .text._ZNK10__cxxabiv117__class_type_info10__do_catchEPKSt9type_infoPPvj
                0x00018130       0x28 c:/progra~2/codesourcery/source~1/bin/../lib/gcc/arm-none-eabi/4.5.2/../../../../arm-none-eabi/lib/thumb2\libstdc++.a(class_type_info.o)
                0x00018130                __cxxabiv1::__class_type_info::__do_catch(std::type_info const*, void**, unsigned int) const
 .text._ZN10__cxxabiv117__class_type_infoD2Ev
                0x00018158       0x14 c:/progra~2/codesourcery/source~1/bin/../lib/gcc/arm-none-eabi/4.5.2/../../../../arm-none-eabi/lib/thumb2\libstdc++.a(class_type_info.o)
                0x00018158                __cxxabiv1::__class_type_info::~__class_type_info()
                0x00018158                __cxxabiv1::__class_type_info::~__class_type_info()
 .text._ZN10__cxxabiv117__class_type_infoD0Ev
                0x0001816c       0x1c c:/progra~2/codesourcery/source~1/bin/../lib/gcc/arm-none-eabi/4.5.2/../../../../arm-none-eabi/lib/thumb2\libstdc++.a(class_type_info.o)
                0x0001816c                __cxxabiv1::__class_type_info::~__class_type_info()
 .text          0x00018188        0x0 c:/progra~2/codesourcery/source~1/bin/../lib/gcc/arm-none-eabi/4.5.2/../../../../arm-none-eabi/lib/thumb2\libstdc++.a(tinfo.o)
 .text._ZNSt9type_infoD2Ev
                0x00018188        0xc c:/progra~2/codesourcery/source~1/bin/../lib/gcc/arm-none-eabi/4.5.2/../../../../arm-none-eabi/lib/thumb2\libstdc++.a(tinfo.o)
                0x00018188                std::type_info::~type_info()
                0x00018188                std::type_info::~type_info()
 .text._ZNKSt9type_info14__is_pointer_pEv
                0x00018194        0x4 c:/progra~2/codesourcery/source~1/bin/../lib/gcc/arm-none-eabi/4.5.2/../../../../arm-none-eabi/lib/thumb2\libstdc++.a(tinfo.o)
                0x00018194                std::type_info::__is_pointer_p() const
 .text._ZNKSt9type_info15__is_function_pEv
                0x00018198        0x4 c:/progra~2/codesourcery/source~1/bin/../lib/gcc/arm-none-eabi/4.5.2/../../../../arm-none-eabi/lib/thumb2\libstdc++.a(tinfo.o)
                0x00018198                std::type_info::__is_function_p() const
 .text._ZNKSt9type_info11__do_upcastEPKN10__cxxabiv117__class_type_infoEPPv
                0x0001819c        0x4 c:/progra~2/codesourcery/source~1/bin/../lib/gcc/arm-none-eabi/4.5.2/../../../../arm-none-eabi/lib/thumb2\libstdc++.a(tinfo.o)
                0x0001819c                std::type_info::__do_upcast(__cxxabiv1::__class_type_info const*, void**) const
 .text._ZNSt9type_infoD0Ev
                0x000181a0       0x14 c:/progra~2/codesourcery/source~1/bin/../lib/gcc/arm-none-eabi/4.5.2/../../../../arm-none-eabi/lib/thumb2\libstdc++.a(tinfo.o)
                0x000181a0                std::type_info::~type_info()
 .text._ZNKSt9type_infoeqERKS_
                0x000181b4       0x3c c:/progra~2/codesourcery/source~1/bin/../lib/gcc/arm-none-eabi/4.5.2/../../../../arm-none-eabi/lib/thumb2\libstdc++.a(tinfo.o)
                0x000181b4                std::type_info::operator==(std::type_info const&) const
 .text._ZNKSt9type_info10__do_catchEPKS_PPvj
                0x000181f0        0x4 c:/progra~2/codesourcery/source~1/bin/../lib/gcc/arm-none-eabi/4.5.2/../../../../arm-none-eabi/lib/thumb2\libstdc++.a(tinfo.o)
                0x000181f0                std::type_info::__do_catch(std::type_info const*, void**, unsigned int) const
 .text          0x000181f4        0x0 c:/progra~2/codesourcery/source~1/bin/../lib/gcc/arm-none-eabi/4.5.2/../../../../arm-none-eabi/lib/thumb2\libstdc++.a(eh_terminate.o)
 .text._ZN10__cxxabiv111__terminateEPFvvE
                0x000181f4       0x28 c:/progra~2/codesourcery/source~1/bin/../lib/gcc/arm-none-eabi/4.5.2/../../../../arm-none-eabi/lib/thumb2\libstdc++.a(eh_terminate.o)
                0x000181f4                __cxxabiv1::__terminate(void (*)())
 .text._ZSt9terminatev
                0x0001821c       0x10 c:/progra~2/codesourcery/source~1/bin/../lib/gcc/arm-none-eabi/4.5.2/../../../../arm-none-eabi/lib/thumb2\libstdc++.a(eh_terminate.o)
                0x0001821c                std::terminate()
 .text._ZN10__cxxabiv112__unexpectedEPFvvE
                0x0001822c        0x8 c:/progra~2/codesourcery/source~1/bin/../lib/gcc/arm-none-eabi/4.5.2/../../../../arm-none-eabi/lib/thumb2\libstdc++.a(eh_terminate.o)
                0x0001822c                __cxxabiv1::__unexpected(void (*)())
 .text._ZSt10unexpectedv
                0x00018234       0x14 c:/progra~2/codesourcery/source~1/bin/../lib/gcc/arm-none-eabi/4.5.2/../../../../arm-none-eabi/lib/thumb2\libstdc++.a(eh_terminate.o)
                0x00018234                std::unexpected()
 .text._ZSt13set_terminatePFvvE
                0x00018248       0x10 c:/progra~2/codesourcery/source~1/bin/../lib/gcc/arm-none-eabi/4.5.2/../../../../arm-none-eabi/lib/thumb2\libstdc++.a(eh_terminate.o)
                0x00018248                std::set_terminate(void (*)())
 .text._ZSt14set_unexpectedPFvvE
                0x00018258       0x10 c:/progra~2/codesourcery/source~1/bin/../lib/gcc/arm-none-eabi/4.5.2/../../../../arm-none-eabi/lib/thumb2\libstdc++.a(eh_terminate.o)
                0x00018258                std::set_unexpected(void (*)())
 .text          0x00018268        0x0 c:/progra~2/codesourcery/source~1/bin/../lib/gcc/arm-none-eabi/4.5.2/../../../../arm-none-eabi/lib/thumb2\libstdc++.a(eh_call.o)
 .text.__cxa_call_terminate
                0x00018268       0x50 c:/progra~2/codesourcery/source~1/bin/../lib/gcc/arm-none-eabi/4.5.2/../../../../arm-none-eabi/lib/thumb2\libstdc++.a(eh_call.o)
                0x00018268                __cxa_call_terminate
 .text.__cxa_call_unexpected
                0x000182b8      0x130 c:/progra~2/codesourcery/source~1/bin/../lib/gcc/arm-none-eabi/4.5.2/../../../../arm-none-eabi/lib/thumb2\libstdc++.a(eh_call.o)
                0x000182b8                __cxa_call_unexpected
 .text          0x000183e8        0x0 c:/progra~2/codesourcery/source~1/bin/../lib/gcc/arm-none-eabi/4.5.2/../../../../arm-none-eabi/lib/thumb2\libstdc++.a(eh_term_handler.o)
 .text          0x000183e8        0x0 c:/progra~2/codesourcery/source~1/bin/../lib/gcc/arm-none-eabi/4.5.2/../../../../arm-none-eabi/lib/thumb2\libstdc++.a(eh_personality.o)
 .text._ZL12read_sleb128PKhPl
                0x000183e8       0x3c c:/progra~2/codesourcery/source~1/bin/../lib/gcc/arm-none-eabi/4.5.2/../../../../arm-none-eabi/lib/thumb2\libstdc++.a(eh_personality.o)
 .text._ZL28read_encoded_value_with_basehjPKhPj
                0x00018424       0xac c:/progra~2/codesourcery/source~1/bin/../lib/gcc/arm-none-eabi/4.5.2/../../../../arm-none-eabi/lib/thumb2\libstdc++.a(eh_personality.o)
 .text._ZL21base_of_encoded_valuehP15_Unwind_Context
                0x000184d0       0x4c c:/progra~2/codesourcery/source~1/bin/../lib/gcc/arm-none-eabi/4.5.2/../../../../arm-none-eabi/lib/thumb2\libstdc++.a(eh_personality.o)
 .text._ZL17parse_lsda_headerP15_Unwind_ContextPKhP16lsda_header_info
                0x0001851c       0x8c c:/progra~2/codesourcery/source~1/bin/../lib/gcc/arm-none-eabi/4.5.2/../../../../arm-none-eabi/lib/thumb2\libstdc++.a(eh_personality.o)
 .text.__gxx_personality_v0
                0x000185a8      0x3ec c:/progra~2/codesourcery/source~1/bin/../lib/gcc/arm-none-eabi/4.5.2/../../../../arm-none-eabi/lib/thumb2\libstdc++.a(eh_personality.o)
                0x000185a8                __gxx_personality_v0
 .text          0x00018994        0x0 c:/progra~2/codesourcery/source~1/bin/../lib/gcc/arm-none-eabi/4.5.2/../../../../arm-none-eabi/lib/thumb2\libstdc++.a(eh_throw.o)
 .text._ZL23__gxx_exception_cleanup19_Unwind_Reason_CodeP21_Unwind_Control_Block
                0x00018994       0x4c c:/progra~2/codesourcery/source~1/bin/../lib/gcc/arm-none-eabi/4.5.2/../../../../arm-none-eabi/lib/thumb2\libstdc++.a(eh_throw.o)
 .text.__cxa_throw
                0x000189e0       0x80 c:/progra~2/codesourcery/source~1/bin/../lib/gcc/arm-none-eabi/4.5.2/../../../../arm-none-eabi/lib/thumb2\libstdc++.a(eh_throw.o)
                0x000189e0                __cxa_throw
 .text.__cxa_rethrow
                0x00018a60       0x78 c:/progra~2/codesourcery/source~1/bin/../lib/gcc/arm-none-eabi/4.5.2/../../../../arm-none-eabi/lib/thumb2\libstdc++.a(eh_throw.o)
                0x00018a60                __cxa_rethrow
 .text          0x00018ad8        0x0 c:/progra~2/codesourcery/source~1/bin/../lib/gcc/arm-none-eabi/4.5.2/../../../../arm-none-eabi/lib/thumb2\libstdc++.a(eh_unex_handler.o)
 .text          0x00018ad8        0x0 c:/progra~2/codesourcery/source~1/bin/../lib/gcc/arm-none-eabi/4.5.2/../../../../arm-none-eabi/lib/thumb2\libstdc++.a(eh_globals.o)
 .text.__cxa_get_globals_fast
                0x00018ad8        0xc c:/progra~2/codesourcery/source~1/bin/../lib/gcc/arm-none-eabi/4.5.2/../../../../arm-none-eabi/lib/thumb2\libstdc++.a(eh_globals.o)
                0x00018ad8                __cxa_get_globals_fast
 .text.__cxa_get_globals
                0x00018ae4        0xc c:/progra~2/codesourcery/source~1/bin/../lib/gcc/arm-none-eabi/4.5.2/../../../../arm-none-eabi/lib/thumb2\libstdc++.a(eh_globals.o)
                0x00018ae4                __cxa_get_globals
 .text          0x00018af0        0x0 c:/progra~2/codesourcery/source~1/bin/../lib/gcc/arm-none-eabi/4.5.2/../../../../arm-none-eabi/lib/thumb2\libstdc++.a(eh_catch.o)
 .text.__cxa_get_exception_ptr
                0x00018af0        0x4 c:/progra~2/codesourcery/source~1/bin/../lib/gcc/arm-none-eabi/4.5.2/../../../../arm-none-eabi/lib/thumb2\libstdc++.a(eh_catch.o)
                0x00018af0                __cxa_get_exception_ptr
 .text.__cxa_begin_catch
                0x00018af4       0x9c c:/progra~2/codesourcery/source~1/bin/../lib/gcc/arm-none-eabi/4.5.2/../../../../arm-none-eabi/lib/thumb2\libstdc++.a(eh_catch.o)
                0x00018af4                __cxa_begin_catch
 .text.__cxa_end_catch
                0x00018b90       0x98 c:/progra~2/codesourcery/source~1/bin/../lib/gcc/arm-none-eabi/4.5.2/../../../../arm-none-eabi/lib/thumb2\libstdc++.a(eh_catch.o)
                0x00018b90                __cxa_end_catch
 .text._ZSt18uncaught_exceptionv
                0x00018c28       0x10 c:/progra~2/codesourcery/source~1/bin/../lib/gcc/arm-none-eabi/4.5.2/../../../../arm-none-eabi/lib/thumb2\libstdc++.a(eh_catch.o)
                0x00018c28                std::uncaught_exception()
 .text          0x00018c38        0x0 c:/progra~2/codesourcery/source~1/bin/../lib/gcc/arm-none-eabi/4.5.2/../../../../arm-none-eabi/lib/thumb2\libstdc++.a(vterminate.o)
 .text._ZN9__gnu_cxx27__verbose_terminate_handlerEv
                0x00018c38      0x148 c:/progra~2/codesourcery/source~1/bin/../lib/gcc/arm-none-eabi/4.5.2/../../../../arm-none-eabi/lib/thumb2\libstdc++.a(vterminate.o)
                0x00018c38                __gnu_cxx::__verbose_terminate_handler()
 .text          0x00018d80        0x0 c:/progra~2/codesourcery/source~1/bin/../lib/gcc/arm-none-eabi/4.5.2/../../../../arm-none-eabi/lib/thumb2\libstdc++.a(eh_exception.o)
 .text._ZNSt9exceptionD2Ev
                0x00018d80        0xc c:/progra~2/codesourcery/source~1/bin/../lib/gcc/arm-none-eabi/4.5.2/../../../../arm-none-eabi/lib/thumb2\libstdc++.a(eh_exception.o)
                0x00018d80                std::exception::~exception()
                0x00018d80                std::exception::~exception()
 .text._ZNSt13bad_exceptionD2Ev
                0x00018d8c        0xc c:/progra~2/codesourcery/source~1/bin/../lib/gcc/arm-none-eabi/4.5.2/../../../../arm-none-eabi/lib/thumb2\libstdc++.a(eh_exception.o)
                0x00018d8c                std::bad_exception::~bad_exception()
                0x00018d8c                std::bad_exception::~bad_exception()
 .text._ZN10__cxxabiv115__forced_unwindD2Ev
                0x00018d98        0xc c:/progra~2/codesourcery/source~1/bin/../lib/gcc/arm-none-eabi/4.5.2/../../../../arm-none-eabi/lib/thumb2\libstdc++.a(eh_exception.o)
                0x00018d98                __cxxabiv1::__forced_unwind::~__forced_unwind()
                0x00018d98                __cxxabiv1::__forced_unwind::~__forced_unwind()
 .text._ZN10__cxxabiv119__foreign_exceptionD2Ev
                0x00018da4        0xc c:/progra~2/codesourcery/source~1/bin/../lib/gcc/arm-none-eabi/4.5.2/../../../../arm-none-eabi/lib/thumb2\libstdc++.a(eh_exception.o)
                0x00018da4                __cxxabiv1::__foreign_exception::~__foreign_exception()
                0x00018da4                __cxxabiv1::__foreign_exception::~__foreign_exception()
 .text._ZNKSt9exception4whatEv
                0x00018db0        0xc c:/progra~2/codesourcery/source~1/bin/../lib/gcc/arm-none-eabi/4.5.2/../../../../arm-none-eabi/lib/thumb2\libstdc++.a(eh_exception.o)
                0x00018db0                std::exception::what() const
 .text._ZNKSt13bad_exception4whatEv
                0x00018dbc        0xc c:/progra~2/codesourcery/source~1/bin/../lib/gcc/arm-none-eabi/4.5.2/../../../../arm-none-eabi/lib/thumb2\libstdc++.a(eh_exception.o)
                0x00018dbc                std::bad_exception::what() const
 .text._ZN10__cxxabiv119__foreign_exceptionD0Ev
                0x00018dc8       0x14 c:/progra~2/codesourcery/source~1/bin/../lib/gcc/arm-none-eabi/4.5.2/../../../../arm-none-eabi/lib/thumb2\libstdc++.a(eh_exception.o)
                0x00018dc8                __cxxabiv1::__foreign_exception::~__foreign_exception()
 .text._ZN10__cxxabiv115__forced_unwindD0Ev
                0x00018ddc       0x14 c:/progra~2/codesourcery/source~1/bin/../lib/gcc/arm-none-eabi/4.5.2/../../../../arm-none-eabi/lib/thumb2\libstdc++.a(eh_exception.o)
                0x00018ddc                __cxxabiv1::__forced_unwind::~__forced_unwind()
 .text._ZNSt13bad_exceptionD0Ev
                0x00018df0       0x14 c:/progra~2/codesourcery/source~1/bin/../lib/gcc/arm-none-eabi/4.5.2/../../../../arm-none-eabi/lib/thumb2\libstdc++.a(eh_exception.o)
                0x00018df0                std::bad_exception::~bad_exception()
 .text._ZNSt9exceptionD0Ev
                0x00018e04       0x14 c:/progra~2/codesourcery/source~1/bin/../lib/gcc/arm-none-eabi/4.5.2/../../../../arm-none-eabi/lib/thumb2\libstdc++.a(eh_exception.o)
                0x00018e04                std::exception::~exception()
 .text          0x00018e18        0x0 c:/progra~2/codesourcery/source~1/bin/../lib/gcc/arm-none-eabi/4.5.2/../../../../arm-none-eabi/lib/thumb2\libstdc++.a(eh_type.o)
 .text.__cxa_current_exception_type
                0x00018e18       0x1c c:/progra~2/codesourcery/source~1/bin/../lib/gcc/arm-none-eabi/4.5.2/../../../../arm-none-eabi/lib/thumb2\libstdc++.a(eh_type.o)
                0x00018e18                __cxa_current_exception_type
 .text          0x00018e34        0xc c:/progra~2/codesourcery/source~1/bin/../lib/gcc/arm-none-eabi/4.5.2/../../../../arm-none-eabi/lib/thumb2\libstdc++.a(eh_arm.o)
                0x00018e34                __cxa_end_cleanup
 .text.__cxa_type_match
                0x00018e40       0xd0 c:/progra~2/codesourcery/source~1/bin/../lib/gcc/arm-none-eabi/4.5.2/../../../../arm-none-eabi/lib/thumb2\libstdc++.a(eh_arm.o)
                0x00018e40                __cxa_type_match
 .text.__cxa_begin_cleanup
                0x00018f10       0x70 c:/progra~2/codesourcery/source~1/bin/../lib/gcc/arm-none-eabi/4.5.2/../../../../arm-none-eabi/lib/thumb2\libstdc++.a(eh_arm.o)
                0x00018f10                __cxa_begin_cleanup
 .text.__gnu_end_cleanup
                0x00018f80       0x7c c:/progra~2/codesourcery/source~1/bin/../lib/gcc/arm-none-eabi/4.5.2/../../../../arm-none-eabi/lib/thumb2\libstdc++.a(eh_arm.o)
                0x00018f80                __gnu_end_cleanup
 .text          0x00018ffc        0x0 c:/progra~2/codesourcery/source~1/bin/../lib/gcc/arm-none-eabi/4.5.2/../../../../arm-none-eabi/lib/thumb2\libstdc++.a(eh_alloc.o)
 .text.__cxa_allocate_exception
                0x00018ffc       0x7c c:/progra~2/codesourcery/source~1/bin/../lib/gcc/arm-none-eabi/4.5.2/../../../../arm-none-eabi/lib/thumb2\libstdc++.a(eh_alloc.o)
                0x00018ffc                __cxa_allocate_exception
 .text.__cxa_free_exception
                0x00019078       0x3c c:/progra~2/codesourcery/source~1/bin/../lib/gcc/arm-none-eabi/4.5.2/../../../../arm-none-eabi/lib/thumb2\libstdc++.a(eh_alloc.o)
                0x00019078                __cxa_free_exception
 .text.__cxa_allocate_dependent_exception
                0x000190b4       0x78 c:/progra~2/codesourcery/source~1/bin/../lib/gcc/arm-none-eabi/4.5.2/../../../../arm-none-eabi/lib/thumb2\libstdc++.a(eh_alloc.o)
                0x000190b4                __cxa_allocate_dependent_exception
 .text.__cxa_free_dependent_exception
                0x0001912c       0x4c c:/progra~2/codesourcery/source~1/bin/../lib/gcc/arm-none-eabi/4.5.2/../../../../arm-none-eabi/lib/thumb2\libstdc++.a(eh_alloc.o)
                0x0001912c                __cxa_free_dependent_exception
 .text._GLOBAL__I___cxa_allocate_exception
                0x00019178        0x4 c:/progra~2/codesourcery/source~1/bin/../lib/gcc/arm-none-eabi/4.5.2/../../../../arm-none-eabi/lib/thumb2\libstdc++.a(eh_alloc.o)
 .text          0x0001917c     0x912c c:/progra~2/codesourcery/source~1/bin/../lib/gcc/arm-none-eabi/4.5.2/../../../../arm-none-eabi/lib/thumb2\libstdc++.a(cp-demangle.o)
                0x000221a0                __cxa_demangle
                0x0002227c                __gcclibcxx_demangle_callback
 .text          0x000222a8      0x21c c:/progra~2/codesourcery/source~1/bin/../lib/gcc/arm-none-eabi/4.5.2/thumb2\libgcc.a(_arm_addsubsf3.o)
                0x000222a8                __aeabi_frsub
                0x000222b0                __subsf3
                0x000222b0                __aeabi_fsub
                0x000222b4                __aeabi_fadd
                0x000222b4                __addsf3
                0x00022414                __aeabi_ui2f
                0x00022414                __floatunsisf
                0x0002241c                __aeabi_i2f
                0x0002241c                __floatsisf
                0x00022438                __aeabi_ul2f
                0x00022438                __floatundisf
                0x00022448                __aeabi_l2f
                0x00022448                __floatdisf
 .text          0x000224c4      0x2a0 c:/progra~2/codesourcery/source~1/bin/../lib/gcc/arm-none-eabi/4.5.2/thumb2\libgcc.a(_arm_muldivsf3.o)
                0x000224c4                __mulsf3
                0x000224c4                __aeabi_fmul
                0x0002262c                __aeabi_fdiv
                0x0002262c                __divsf3
 .text          0x00022764       0x4c c:/progra~2/codesourcery/source~1/bin/../lib/gcc/arm-none-eabi/4.5.2/thumb2\libgcc.a(_arm_fixsfsi.o)
                0x00022764                __aeabi_f2iz
                0x00022764                __fixsfsi
 .text          0x000227b0       0x2c c:/progra~2/codesourcery/source~1/bin/../lib/gcc/arm-none-eabi/4.5.2/thumb2\libgcc.a(_aeabi_uldivmod.o)
                0x000227b0                __aeabi_uldivmod
 .text          0x000227dc       0x60 c:/progra~2/codesourcery/source~1/bin/../lib/gcc/arm-none-eabi/4.5.2/thumb2\libgcc.a(bpabi.o)
                0x000227dc                __gnu_ldivmod_helper
                0x0002280c                __gnu_uldivmod_helper
 .text          0x0002283c      0xc38 c:/progra~2/codesourcery/source~1/bin/../lib/gcc/arm-none-eabi/4.5.2/thumb2\libgcc.a(unwind-arm.o)
                0x00022b18                _Unwind_VRS_Get
                0x00022b64                _Unwind_VRS_Set
                0x00022f00                __aeabi_unwind_cpp_pr2
                0x00022f04                __aeabi_unwind_cpp_pr1
                0x00022f08                __aeabi_unwind_cpp_pr0
                0x00022f0c                _Unwind_VRS_Pop
                0x000232f4                _Unwind_GetCFA
                0x000232f8                __gnu_Unwind_RaiseException
                0x00023368                __gnu_Unwind_ForcedUnwind
                0x0002337c                __gnu_Unwind_Resume
                0x000233b8                __gnu_Unwind_Resume_or_Rethrow
                0x000233d0                _Unwind_Complete
                0x000233d4                _Unwind_DeleteException
                0x000233e4                __gnu_Unwind_Backtrace
 .text          0x00023474      0x1ac c:/progra~2/codesourcery/source~1/bin/../lib/gcc/arm-none-eabi/4.5.2/thumb2\libgcc.a(libunwind.o)
                0x00023474                __restore_core_regs
                0x00023474                restore_core_regs
                0x0002348c                __gnu_Unwind_Restore_VFP
                0x00023494                __gnu_Unwind_Save_VFP
                0x0002349c                __gnu_Unwind_Restore_VFP_D
                0x000234a4                __gnu_Unwind_Save_VFP_D
                0x000234ac                __gnu_Unwind_Restore_VFP_D_16_to_31
                0x000234b4                __gnu_Unwind_Save_VFP_D_16_to_31
                0x000234bc                __gnu_Unwind_Restore_WMMXD
                0x00023500                __gnu_Unwind_Save_WMMXD
                0x00023544                __gnu_Unwind_Restore_WMMXC
                0x00023558                __gnu_Unwind_Save_WMMXC
                0x0002356c                ___Unwind_RaiseException
                0x0002356c                _Unwind_RaiseException
                0x00023590                _Unwind_Resume
                0x00023590                ___Unwind_Resume
                0x000235b4                _Unwind_Resume_or_Rethrow
                0x000235b4                ___Unwind_Resume_or_Rethrow
                0x000235d8                _Unwind_ForcedUnwind
                0x000235d8                ___Unwind_ForcedUnwind
                0x000235fc                ___Unwind_Backtrace
                0x000235fc                _Unwind_Backtrace
 .text          0x00023620      0x3c0 c:/progra~2/codesourcery/source~1/bin/../lib/gcc/arm-none-eabi/4.5.2/thumb2\libgcc.a(pr-support.o)
                0x00023674                __gnu_unwind_execute
                0x00023984                __gnu_unwind_frame
                0x000239b0                _Unwind_GetRegionStart
                0x000239bc                _Unwind_GetLanguageSpecificData
                0x000239d0                _Unwind_GetDataRelBase
                0x000239d8                _Unwind_GetTextRelBase
 .text          0x000239e0        0x4 c:/progra~2/codesourcery/source~1/bin/../lib/gcc/arm-none-eabi/4.5.2/thumb2\libgcc.a(_dvmd_tls.o)
                0x000239e0                __aeabi_idiv0
                0x000239e0                __aeabi_ldiv0
 .text          0x000239e4      0x360 c:/progra~2/codesourcery/source~1/bin/../lib/gcc/arm-none-eabi/4.5.2/thumb2\libgcc.a(_divdi3.o)
                0x000239e4                __divdi3
 .text          0x00023d44      0x308 c:/progra~2/codesourcery/source~1/bin/../lib/gcc/arm-none-eabi/4.5.2/thumb2\libgcc.a(_udivdi3.o)
                0x00023d44                __udivdi3
 *fill*         0x0002404c        0x4 00
 .text          0x00024050      0x278 c:/progra~2/codesourcery/source~1/bin/../lib/gcc/arm-none-eabi/4.5.2/thumb2\libgcc.a(_udivsi3.o)
                0x00024050                __aeabi_uidiv
                0x00024050                __udivsi3
                0x000242ac                __aeabi_uidivmod
 .text          0x000242c8       0x10 c:/progra~2/codesourcery/source~1/bin/../lib/gcc/arm-none-eabi/4.5.2/../../../../arm-none-eabi/lib/thumb2\libc.a(lib_a-abort.o)
                0x000242c8                abort
 .text          0x000242d8       0xac c:/progra~2/codesourcery/source~1/bin/../lib/gcc/arm-none-eabi/4.5.2/../../../../arm-none-eabi/lib/thumb2\libc.a(lib_a-fputc.o)
                0x000242d8                _fputc_r
                0x0002432c                fputc
 .text          0x00024384       0x90 c:/progra~2/codesourcery/source~1/bin/../lib/gcc/arm-none-eabi/4.5.2/../../../../arm-none-eabi/lib/thumb2\libc.a(lib_a-fputs.o)
                0x00024384                _fputs_r
                0x00024404                fputs
 .text          0x00024414      0x338 c:/progra~2/codesourcery/source~1/bin/../lib/gcc/arm-none-eabi/4.5.2/../../../../arm-none-eabi/lib/thumb2\libc.a(lib_a-fvwrite.o)
                0x00024414                __sfvwrite_r
 .text          0x0002474c       0xc0 c:/progra~2/codesourcery/source~1/bin/../lib/gcc/arm-none-eabi/4.5.2/../../../../arm-none-eabi/lib/thumb2\libc.a(lib_a-fwrite.o)
                0x0002474c                _fwrite_r
                0x000247e8                fwrite
 .text          0x0002480c        0x0 c:/progra~2/codesourcery/source~1/bin/../lib/gcc/arm-none-eabi/4.5.2/../../../../arm-none-eabi/lib/thumb2\libc.a(lib_a-impure.o)
 .text          0x0002480c       0x20 c:/progra~2/codesourcery/source~1/bin/../lib/gcc/arm-none-eabi/4.5.2/../../../../arm-none-eabi/lib/thumb2\libc.a(lib_a-malloc.o)
                0x0002480c                malloc
                0x0002481c                free
 .text          0x0002482c      0x57c c:/progra~2/codesourcery/source~1/bin/../lib/gcc/arm-none-eabi/4.5.2/../../../../arm-none-eabi/lib/thumb2\libc.a(lib_a-mallocr.o)
                0x0002482c                _malloc_r
 .text          0x00024da8       0x8c c:/progra~2/codesourcery/source~1/bin/../lib/gcc/arm-none-eabi/4.5.2/../../../../arm-none-eabi/lib/thumb2\libc.a(lib_a-memchr.o)
                0x00024da8                memchr
 .text          0x00024e34       0x64 c:/progra~2/codesourcery/source~1/bin/../lib/gcc/arm-none-eabi/4.5.2/../../../../arm-none-eabi/lib/thumb2\libc.a(lib_a-memcmp.o)
                0x00024e34                memcmp
 .text          0x00024e98      0x150 c:/progra~2/codesourcery/source~1/bin/../lib/gcc/arm-none-eabi/4.5.2/../../../../arm-none-eabi/lib/thumb2\libc.a(lib_a-memcpy.o)
                0x00024e98                memcpy
 .text          0x00024fe8       0xb4 c:/progra~2/codesourcery/source~1/bin/../lib/gcc/arm-none-eabi/4.5.2/../../../../arm-none-eabi/lib/thumb2\libc.a(lib_a-memmove.o)
                0x00024fe8                memmove
 .text          0x0002509c       0xb4 c:/progra~2/codesourcery/source~1/bin/../lib/gcc/arm-none-eabi/4.5.2/../../../../arm-none-eabi/lib/thumb2\libc.a(lib_a-memset.o)
                0x0002509c                memset
 .text          0x00025150        0x8 c:/progra~2/codesourcery/source~1/bin/../lib/gcc/arm-none-eabi/4.5.2/../../../../arm-none-eabi/lib/thumb2\libc.a(lib_a-mlock.o)
                0x00025150                __malloc_lock
                0x00025154                __malloc_unlock
 .text          0x00025158      0x138 c:/progra~2/codesourcery/source~1/bin/../lib/gcc/arm-none-eabi/4.5.2/../../../../arm-none-eabi/lib/thumb2\libc.a(lib_a-putc.o)
                0x00025158                _putc_r
                0x000251e8                putc
 .text          0x00025290      0x100 c:/progra~2/codesourcery/source~1/bin/../lib/gcc/arm-none-eabi/4.5.2/../../../../arm-none-eabi/lib/thumb2\libc.a(lib_a-rand.o)
                0x00025290                srand
                0x000252ec                rand
 .text          0x00025390       0x14 c:/progra~2/codesourcery/source~1/bin/../lib/gcc/arm-none-eabi/4.5.2/../../../../arm-none-eabi/lib/thumb2\libc.a(lib_a-realloc.o)
                0x00025390                realloc
 .text          0x000253a4      0x41c c:/progra~2/codesourcery/source~1/bin/../lib/gcc/arm-none-eabi/4.5.2/../../../../arm-none-eabi/lib/thumb2\libc.a(lib_a-reallocr.o)
                0x000253a4                _realloc_r
 .text          0x000257c0      0x118 c:/progra~2/codesourcery/source~1/bin/../lib/gcc/arm-none-eabi/4.5.2/../../../../arm-none-eabi/lib/thumb2\libc.a(lib_a-reent.o)
                0x000257c0                cleanup_glue
                0x000257dc                _reclaim_reent
                0x0002589c                _wrapup_reent
 .text          0x000258d8       0x28 c:/progra~2/codesourcery/source~1/bin/../lib/gcc/arm-none-eabi/4.5.2/../../../../arm-none-eabi/lib/thumb2\libc.a(lib_a-sbrkr.o)
                0x000258d8                _sbrk_r
 .text          0x00025900      0x154 c:/progra~2/codesourcery/source~1/bin/../lib/gcc/arm-none-eabi/4.5.2/../../../../arm-none-eabi/lib/thumb2\libc.a(lib_a-signal.o)
                0x00025900                _init_signal_r
                0x00025930                _signal_r
                0x0002596c                _raise_r
                0x000259c4                __sigtramp_r
                0x00025a18                raise
                0x00025a28                signal
                0x00025a38                _init_signal
                0x00025a44                __sigtramp
 .text          0x00025a54       0x30 c:/progra~2/codesourcery/source~1/bin/../lib/gcc/arm-none-eabi/4.5.2/../../../../arm-none-eabi/lib/thumb2\libc.a(lib_a-signalr.o)
                0x00025a54                _kill_r
                0x00025a80                _getpid_r
 .text          0x00025a84       0x94 c:/progra~2/codesourcery/source~1/bin/../lib/gcc/arm-none-eabi/4.5.2/../../../../arm-none-eabi/lib/thumb2\libc.a(lib_a-sprintf.o)
                0x00025a84                _sprintf_r
                0x00025ac8                sprintf
 .text          0x00025b18      0x10c c:/progra~2/codesourcery/source~1/bin/../lib/gcc/arm-none-eabi/4.5.2/../../../../arm-none-eabi/lib/thumb2\libc.a(lib_a-strchr.o)
                0x00025b18                strchr
 .text          0x00025c24      0x1dc c:/progra~2/codesourcery/source~1/bin/../lib/gcc/arm-none-eabi/4.5.2/../../../../arm-none-eabi/lib/thumb2\libc.a(lib_a-strcmp.o)
                0x00025c24                strcmp
 .text          0x00025e00       0xbc c:/progra~2/codesourcery/source~1/bin/../lib/gcc/arm-none-eabi/4.5.2/../../../../arm-none-eabi/lib/thumb2\libc.a(lib_a-strcpy.o)
                0x00025e00                strcpy
 .text          0x00025ebc       0x60 c:/progra~2/codesourcery/source~1/bin/../lib/gcc/arm-none-eabi/4.5.2/../../../../arm-none-eabi/lib/thumb2\libc.a(lib_a-strlen.o)
                0x00025ebc                strlen
 .text          0x00025f1c       0xac c:/progra~2/codesourcery/source~1/bin/../lib/gcc/arm-none-eabi/4.5.2/../../../../arm-none-eabi/lib/thumb2\libc.a(lib_a-strncmp.o)
                0x00025f1c                strncmp
 .text          0x00025fc8       0x78 c:/progra~2/codesourcery/source~1/bin/../lib/gcc/arm-none-eabi/4.5.2/../../../../arm-none-eabi/lib/thumb2\libc.a(lib_a-strncpy.o)
                0x00025fc8                strncpy
 .text          0x00026040       0x28 c:/progra~2/codesourcery/source~1/bin/../lib/gcc/arm-none-eabi/4.5.2/../../../../arm-none-eabi/lib/thumb2\libc.a(lib_a-strrchr.o)
                0x00026040                strrchr
 .text          0x00026068     0x1640 c:/progra~2/codesourcery/source~1/bin/../lib/gcc/arm-none-eabi/4.5.2/../../../../arm-none-eabi/lib/thumb2\libc.a(lib_a-svfprintf.o)
                0x00026068                _svfprintf_r
 .text          0x000276a8       0x1c c:/progra~2/codesourcery/source~1/bin/../lib/gcc/arm-none-eabi/4.5.2/../../../../arm-none-eabi/lib/thumb2\libc.a(lib_a-syswrite.o)
                0x000276a8                write
 .text          0x000276c4       0xfc c:/progra~2/codesourcery/source~1/bin/../lib/gcc/arm-none-eabi/4.5.2/../../../../arm-none-eabi/lib/thumb2\libc.a(lib_a-wbuf.o)
                0x000276c4                __swbuf_r
                0x000277b0                __swbuf
 .text          0x000277c0       0x2c c:/progra~2/codesourcery/source~1/bin/../lib/gcc/arm-none-eabi/4.5.2/../../../../arm-none-eabi/lib/thumb2\libc.a(lib_a-writer.o)
                0x000277c0                _write_r
 .text          0x000277ec      0x104 c:/progra~2/codesourcery/source~1/bin/../lib/gcc/arm-none-eabi/4.5.2/../../../../arm-none-eabi/lib/thumb2\libc.a(lib_a-wsetup.o)