Archive member included because of file (symbol)

c:/progra~2/codesourcery/source~1/bin/../lib/gcc/arm-none-eabi/4.6.1/../../../../arm-none-eabi/lib/thumb2\libstdc++.a(si_class_type_info.o)
                              build\Menu.o (vtable for __cxxabiv1::__si_class_type_info)
c:/progra~2/codesourcery/source~1/bin/../lib/gcc/arm-none-eabi/4.6.1/../../../../arm-none-eabi/lib/thumb2\libstdc++.a(pure.o)
                              build\Menu.o (__cxa_pure_virtual)
c:/progra~2/codesourcery/source~1/bin/../lib/gcc/arm-none-eabi/4.6.1/../../../../arm-none-eabi/lib/thumb2\libstdc++.a(eh_terminate.o)
                              c:/progra~2/codesourcery/source~1/bin/../lib/gcc/arm-none-eabi/4.6.1/../../../../arm-none-eabi/lib/thumb2\libstdc++.a(pure.o) (std::terminate())
c:/progra~2/codesourcery/source~1/bin/../lib/gcc/arm-none-eabi/4.6.1/../../../../arm-none-eabi/lib/thumb2\libstdc++.a(class_type_info.o)
                              c:/progra~2/codesourcery/source~1/bin/../lib/gcc/arm-none-eabi/4.6.1/../../../../arm-none-eabi/lib/thumb2\libstdc++.a(si_class_type_info.o) (__cxxabiv1::__class_type_info::__do_upcast(__cxxabiv1::__class_type_info const*, void**) const)
c:/progra~2/codesourcery/source~1/bin/../lib/gcc/arm-none-eabi/4.6.1/../../../../arm-none-eabi/lib/thumb2\libstdc++.a(eh_unex_handler.o)
                              c:/progra~2/codesourcery/source~1/bin/../lib/gcc/arm-none-eabi/4.6.1/../../../../arm-none-eabi/lib/thumb2\libstdc++.a(eh_terminate.o) (__cxxabiv1::__unexpected_handler)
c:/progra~2/codesourcery/source~1/bin/../lib/gcc/arm-none-eabi/4.6.1/../../../../arm-none-eabi/lib/thumb2\libstdc++.a(eh_call.o)
                              c:/progra~2/codesourcery/source~1/bin/../lib/gcc/arm-none-eabi/4.6.1/../../../../arm-none-eabi/lib/thumb2\libstdc++.a(eh_terminate.o) (__cxa_call_unexpected)
c:/progra~2/codesourcery/source~1/bin/../lib/gcc/arm-none-eabi/4.6.1/../../../../arm-none-eabi/lib/thumb2\libstdc++.a(eh_throw.o)
                              c:/progra~2/codesourcery/source~1/bin/../lib/gcc/arm-none-eabi/4.6.1/../../../../arm-none-eabi/lib/thumb2\libstdc++.a(eh_call.o) (__cxa_throw)
c:/progra~2/codesourcery/source~1/bin/../lib/gcc/arm-none-eabi/4.6.1/../../../../arm-none-eabi/lib/thumb2\libstdc++.a(eh_arm.o)
                              c:/progra~2/codesourcery/source~1/bin/../lib/gcc/arm-none-eabi/4.6.1/../../../../arm-none-eabi/lib/thumb2\libstdc++.a(eh_terminate.o) (__cxa_end_cleanup)
c:/progra~2/codesourcery/source~1/bin/../lib/gcc/arm-none-eabi/4.6.1/../../../../arm-none-eabi/lib/thumb2\libstdc++.a(eh_exception.o)
                              c:/progra~2/codesourcery/source~1/bin/../lib/gcc/arm-none-eabi/4.6.1/../../../../arm-none-eabi/lib/thumb2\libstdc++.a(eh_call.o) (typeinfo for std::bad_exception)
c:/progra~2/codesourcery/source~1/bin/../lib/gcc/arm-none-eabi/4.6.1/../../../../arm-none-eabi/lib/thumb2\libstdc++.a(eh_alloc.o)
                              c:/progra~2/codesourcery/source~1/bin/../lib/gcc/arm-none-eabi/4.6.1/../../../../arm-none-eabi/lib/thumb2\libstdc++.a(eh_call.o) (__cxa_allocate_exception)
c:/progra~2/codesourcery/source~1/bin/../lib/gcc/arm-none-eabi/4.6.1/../../../../arm-none-eabi/lib/thumb2\libstdc++.a(eh_globals.o)
                              c:/progra~2/codesourcery/source~1/bin/../lib/gcc/arm-none-eabi/4.6.1/../../../../arm-none-eabi/lib/thumb2\libstdc++.a(eh_call.o) (__cxa_get_globals_fast)
c:/progra~2/codesourcery/source~1/bin/../lib/gcc/arm-none-eabi/4.6.1/../../../../arm-none-eabi/lib/thumb2\libstdc++.a(tinfo.o)
                              c:/progra~2/codesourcery/source~1/bin/../lib/gcc/arm-none-eabi/4.6.1/../../../../arm-none-eabi/lib/thumb2\libstdc++.a(class_type_info.o) (std::type_info::~type_info())
c:/progra~2/codesourcery/source~1/bin/../lib/gcc/arm-none-eabi/4.6.1/../../../../arm-none-eabi/lib/thumb2\libstdc++.a(eh_personality.o)
                              c:/progra~2/codesourcery/source~1/bin/../lib/gcc/arm-none-eabi/4.6.1/../../../../arm-none-eabi/lib/thumb2\libstdc++.a(eh_terminate.o) (__gxx_personality_v0)
c:/progra~2/codesourcery/source~1/bin/../lib/gcc/arm-none-eabi/4.6.1/../../../../arm-none-eabi/lib/thumb2\libstdc++.a(eh_term_handler.o)
                              c:/progra~2/codesourcery/source~1/bin/../lib/gcc/arm-none-eabi/4.6.1/../../../../arm-none-eabi/lib/thumb2\libstdc++.a(eh_terminate.o) (__cxxabiv1::__terminate_handler)
c:/progra~2/codesourcery/source~1/bin/../lib/gcc/arm-none-eabi/4.6.1/../../../../arm-none-eabi/lib/thumb2\libstdc++.a(eh_catch.o)
                              c:/progra~2/codesourcery/source~1/bin/../lib/gcc/arm-none-eabi/4.6.1/../../../../arm-none-eabi/lib/thumb2\libstdc++.a(eh_terminate.o) (__cxa_begin_catch)
c:/progra~2/codesourcery/source~1/bin/../lib/gcc/arm-none-eabi/4.6.1/../../../../arm-none-eabi/lib/thumb2\libstdc++.a(vterminate.o)
[...]
Memory Configuration

Name             Origin             Length             Attributes
IROM             0x00003000         0x0007e000         xr
IRAM0            0x10000000         0x00007000         xrw
IRAM1            0x2007c000         0x00004000         xrw
IRAM2            0x20080000         0x00004000         xrw
*default*        0x00000000         0xffffffff

Linker script and memory map

LOAD c:/progra~2/codesourcery/source~1/bin/../lib/gcc/arm-none-eabi/4.6.1/thumb2/crti.o
LOAD c:/progra~2/codesourcery/source~1/bin/../lib/gcc/arm-none-eabi/4.6.1/thumb2/crtbegin.o
LOAD build\system\core_cm3.o
LOAD build\system\startup_LPC17xx.o
LOAD build\system\syscalls.o
LOAD build\system\system_LPC17xx.o
LOAD build\system\mini_cpp.o
LOAD build\lib\source\Uart32.o
LOAD build\lib\source\lpc17xx_adc.o
LOAD build\lib\source\lpc17xx_clkpwr.o
LOAD build\lib\source\lpc17xx_gpio.o
LOAD build\lib\source\lpc17xx_i2c.o
LOAD build\lib\source\lpc17xx_libcfg_default.o
LOAD build\lib\source\lpc17xx_nvic.o
LOAD build\lib\source\lpc17xx_pinsel.o
LOAD build\lib\source\lpc17xx_spi.o
LOAD build\lib\source\lpc17xx_timer.o
LOAD build\lib\source\lpc17xx_uart.o
LOAD build\lib_sd\byteordering.o
LOAD build\lib_sd\fat.o
LOAD build\lib_sd\partition.o
LOAD build\lib_sd\sd_raw.o
LOAD build\IAP_internal_flash_write\IAP.o
LOAD build\USBCDC\cdcuser.o
LOAD build\USBCDC\serial.o
LOAD build\USBCDC\usbcore.o
LOAD build\USBCDC\usbdesc.o
LOAD build\USBCDC\usbhw.o
LOAD build\USBCDC\usbuser.o
LOAD build\USBCDC\vcomdemo.o
LOAD build\Atomic.o
LOAD build\ButtonArray.o
LOAD build\Command.o
LOAD build\DebugPacketProcessor.o
LOAD build\Delay.o
LOAD build\EepromMap.o
LOAD build\Host.o
LOAD build\Interface.o
LOAD build\InterfaceBoard.o
LOAD build\LPCPort.o
LOAD build\LiquidCrystal.o
LOAD build\Main.o
LOAD build\Menu.o
LOAD build\Microsteps.o
LOAD build\Motherboard.o
LOAD build\PID.o
LOAD build\Packet.o
LOAD build\SDCard.o
LOAD build\StepperAxis.o
LOAD build\StepperInterface.o
LOAD build\Steppers.o
LOAD build\Timeout.o
LOAD build\Tool.o
LOAD build\UART.o
LOAD build\test.o
LOAD build\test_led.o
LOAD build\test_u.o

.text           0x00003000    0x269ac
 *(.isr_vector .isr_vector.*)
 .isr_vector    0x00003000       0xc4 build\system\startup_LPC17xx.o
                0x00003000                g_pfnVectors
 *(.text .text.*)
 .text          0x000030c4       0x68 c:/progra~2/codesourcery/source~1/bin/../lib/gcc/arm-none-eabi/4.6.1/thumb2/crtbegin.o
 .text          0x0000312c       0xf0 build\system\startup_LPC17xx.o
                0x0000312c                Reset_Handler
                0x00003214                DebugMon_Handler
                0x00003214                RIT_IRQHandler
                0x00003214                I2C0_IRQHandler
                0x00003214                SysTick_Handler
                0x00003214                PWM1_IRQHandler
                0x00003214                PendSV_Handler
                0x00003214                I2C1_IRQHandler
                0x00003214                EINT2_IRQHandler
                0x00003214                EINT3_IRQHandler
                0x00003214                TIMER3_IRQHandler
                0x00003214                UART0_IRQHandler
                0x00003214                UsageFault_Handler
                0x00003214                PLL0_IRQHandler
                0x00003214                CAN_IRQHandler
                0x00003214                PLL1_IRQHandler
                0x00003214                SSP0_IRQHandler
                0x00003214                I2S_IRQHandler
                0x00003214                I2C2_IRQHandler
                0x00003214                RTC_IRQHandler
                0x00003214                TIMER2_IRQHandler
                0x00003214                SPI_IRQHandler
                0x00003214                EINT1_IRQHandler
                0x00003214                UART2_IRQHandler
                0x00003214                Default_Handler
                0x00003214                ADC_IRQHandler
                0x00003214                SSP1_IRQHandler
                0x00003214                BOD_IRQHandler
                0x00003214                MemManage_Handler
                0x00003214                WDT_IRQHandler
                0x00003214                SVC_Handler
                0x00003214                QEI_IRQHandler
                0x00003214                EINT0_IRQHandler
                0x00003214                DMA_IRQHandler
                0x00003214                BusFault_Handler
                0x00003214                UART3_IRQHandler
                0x00003214                MCPWM_IRQHandler
                0x00003214                ENET_IRQHandler
 .text          0x0000321c      0x1ac build\system\syscalls.o
                0x0000321c                _kill
                0x00003244                _exit
                0x00003250                _getpid
                0x00003260                get_heap_end
                0x00003278                get_stack_top
                0x0000328c                _sbrk
                0x00003300                _close
                0x00003318                _fstat
                0x0000333c                _isatty
                0x00003354                _lseek
                0x00003370                _read
                0x0000338c                _write
 .text          0x000033c8      0x4f8 build\system\system_LPC17xx.o
                0x000033c8                SystemCoreClockUpdate
                0x00003698                SystemInit
 .text          0x000038c0       0x6c build\system\mini_cpp.o
                0x000038c0                operator new(unsigned int)
                0x000038dc                operator new[](unsigned int)
                0x000038f8                operator delete(void*)
                0x00003910                __aeabi_atexit
 .text          0x0000392c       0xec build\lib\source\Uart32.o
                0x0000392c                UART_8
                0x0000394c                UART_32_DEC
                0x000039b4                UART_32_HEX
 .text          0x00003a18      0x29c build\lib\source\lpc17xx_clkpwr.o
                0x00003a18                CLKPWR_SetPCLKDiv
                0x00003adc                CLKPWR_GetPCLKSEL
                0x00003b30                CLKPWR_GetPCLK
                0x00003ba0                CLKPWR_ConfigPPWR
                0x00003c14                CLKPWR_Sleep
                0x00003c30                CLKPWR_DeepSleep
                0x00003c5c                CLKPWR_PowerDown
                0x00003c88                CLKPWR_DeepPowerDown
 .text          0x00003cb4      0x8a4 build\lib\source\lpc17xx_gpio.o
                0x00003e28                GPIO_SetDir
                0x00003e74                GPIO_GetDir
                0x00003ea4                GPIO_SetValue
                0x00003ed0                GPIO_ClearValue
                0x00003efc                GPIO_ReadValue
                0x00003f2c                GPIO_IntCmd
                0x00003fb0                GPIO_GetIntStatus
                0x00004068                GPIO_ClearInt
                0x000040a8                FIO_SetDir
                0x000040d0                FIO_SetValue
                0x000040f0                FIO_ClearValue
                0x00004110                FIO_ReadValue
                0x00004130                FIO_IntCmd
                0x00004158                FIO_GetIntStatus
                0x00004184                FIO_ClearInt
                0x000041a4                FIO_SetMask
                0x000041d4                FIO_HalfWordSetDir
                0x00004268                FIO_HalfWordSetMask
                0x000042fc                FIO_HalfWordSetValue
                0x0000433c                FIO_HalfWordClearValue
                0x0000437c                FIO_HalfWordReadValue
                0x000043c0                FIO_ByteSetDir
                0x0000442c                FIO_ByteSetMask
                0x000044a0                FIO_ByteSetValue
                0x000044dc                FIO_ByteClearValue
                0x00004518                FIO_ByteReadValue
 .text          0x00004558        0xc build\lib\source\lpc17xx_libcfg_default.o
                0x00004558                check_failed
 .text          0x00004564      0x298 build\lib\source\lpc17xx_pinsel.o
                0x00004718                PINSEL_ConfigTraceFunc
                0x0000476c                PINSEL_SetI2C0Pins
                0x000047a8                PINSEL_ConfigPin
 .text          0x000047fc      0x5c8 build\lib\source\lpc17xx_spi.o
                0x000047fc                SPI_SetClock
                0x00004880                SPI_DeInit
                0x000048c8                SPI_GetDataSize
                0x00004908                SPI_Init
                0x000049a8                SPI_ConfigStructInit
                0x000049f0                SPI_SendData
                0x00004a28                SPI_ReceiveData
                0x00004a60                SPI_ReadWrite
                0x00004c54                SPI_IntCmd
                0x00004cc4                SPI_GetIntStatus
                0x00004d00                SPI_ClearIntPending
                0x00004d38                SPI_GetStatus
                0x00004d70                SPI_CheckStatus
 .text          0x00004dc4      0xb64 build\lib\source\lpc17xx_timer.o
                0x00004ef4                TIM_GetIntStatus
                0x00004fa8                TIM_GetIntCaptureStatus
                0x00005060                TIM_ClearIntPending
                0x000050fc                TIM_ClearIntCapturePending
                0x0000519c                TIM_ConfigStructInit
                0x000051dc                TIM_Init
                0x000053a4                TIM_DeInit
                0x00005468                TIM_Cmd
                0x000054e0                TIM_ResetCounter
                0x0000554c                TIM_ConfigMatch
                0x0000570c                TIM_UpdateMatchValue
                0x000057a4                TIM_ConfigCapture
                0x000058a4                TIM_GetCaptureValue
 .text          0x00005928     0x186c build\lib\source\lpc17xx_uart.o
                0x00005c2c                UART_Init
                0x00005f94                UART_DeInit
                0x00006060                UART_ConfigStructInit
                0x00006094                UART_SendByte
                0x0000610c                UART_ReceiveByte
                0x00006184                UART_Send
                0x00006290                UART_Receive
                0x00006368                UART_ForceBreak
                0x000063f0                UART_IntConfig
                0x000065b0                UART_GetLineStatus
                0x0000662c                UART_GetIntId
                0x00006690                UART_CheckBusy
                0x000066bc                UART_FIFOConfig
                0x00006840                UART_FIFOConfigStructInit
                0x00006874                UART_ABCmd
                0x000069d0                UART_ABClearIntPending
                0x00006a54                UART_TxCmd
                0x00006b3c                UART_IrDAInvtInputCmd
                0x00006bc0                UART_IrDACmd
                0x00006c40                UART_IrDAPulseDivConfig
                0x00006ce8                UART_FullModemForcePinState
                0x00006db4                UART_FullModemConfigMode
                0x00006e88                UART_FullModemGetStatus
                0x00006ec0                UART_RS485Config
                0x0000707c                UART_RS485ReceiverCmd
                0x000070c4                UART_RS485Send
                0x00007144                UART_RS485SendSlvAddr
                0x0000716c                UART_RS485SendData
 .text          0x00007194     0x1d4c build\lib_sd\fat.o
                0x00007194                fat_open
                0x00007238                fat_close
                0x00007834                fat_get_dir_entry_of_path
                0x0000796c                fat_open_file
                0x00007a40                fat_close_file
                0x00007a60                fat_read_file
                0x00007bec                fat_write_file
                0x00007e0c                fat_seek_file
                0x00007ea8                fat_resize_file
                0x00007fe8                fat_open_dir
                0x000080b4                fat_close_dir
                0x000080d4                fat_read_dir
                0x00008278                fat_reset_dir
                0x00008ab8                fat_create_file
                0x00008b74                fat_delete_file
                0x00008c2c                fat_create_dir
                0x00008db0                fat_get_fs_size
                0x00008de4                fat_get_fs_free
 .text          0x00008ee0      0x174 build\lib_sd\partition.o
                0x00008ee0                partition_open
                0x00009028                partition_close
 .text          0x00009054      0xb84 build\lib_sd\sd_raw.o
                0x00009054                sd_raw_init
                0x00009360                sd_raw_available
                0x0000938c                sd_raw_locked
                0x000094bc                sd_raw_read
                0x000095e4                sd_raw_read_interval
                0x00009664                sd_raw_write
                0x000097e0                sd_raw_write_interval
                0x0000987c                sd_raw_sync
                0x000098d4                sd_raw_get_info
 .text          0x00009bd8      0x214 build\IAP_internal_flash_write\IAP.o
                0x00009bd8                IAP::read_ID()
                0x00009c0c                IAP::read_serial()
                0x00009c40                IAP::blank_check(int, int)
                0x00009c84                IAP::erase(int, int)
                0x00009cd4                IAP::prepare(int, int)
                0x00009d18                IAP::write(char*, char*, int)
                0x00009d70                IAP::compare(char*, char*, int)
                0x00009dbc                IAP::reserved_flash_area_start()
                0x00009dd4                IAP::reserved_flash_area_size()
 .text          0x00009dec      0x594 build\USBCDC\cdcuser.o
                0x00009e28                CDC_RdOutBuf
                0x00009ea4                CDC_WrOutBuf
                0x00009f08                CDC_OutBufAvailChar
                0x00009f40                CDC_SendEncapsulatedCommand
                0x00009f50                CDC_GetEncapsulatedResponse
                0x00009f60                CDC_SetCommFeature
                0x00009f7c                CDC_GetCommFeature
                0x00009f98                CDC_ClearCommFeature
                0x00009fb4                CDC_SetLineCoding
                0x0000a048                CDC_GetLineCoding
                0x0000a0f8                CDC_SetControlLineState
                0x0000a114                CDC_SendBreak
                0x0000a130                CDC_BulkIn
                0x0000a184                CDC_BulkOut
                0x0000a194                CDC_GetSerialState
                0x0000a2c4                CDC_NotificationIn
 .text          0x0000a380      0x2bc build\USBCDC\serial.o
                0x0000a380                ser_OpenPort
                0x0000a394                ser_ClosePort
                0x0000a3a8                ser_InitPort0
                0x0000a420                ser_Read
                0x0000a4c0                ser_Write
                0x0000a5d8                ser_AvailChar
                0x0000a60c                ser_LineState
 .text          0x0000a63c     0x1150 build\USBCDC\usbcore.o
                0x0000a63c                USB_ResetCore
                0x0000a69c                USB_SetupStage
                0x0000a6b4                USB_DataInStage
                0x0000a730                USB_DataOutStage
                0x0000a788                USB_StatusInStage
                0x0000a7a0                USB_StatusOutStage
                0x0000a7b8                USB_ReqGetStatus
                0x0000a920                USB_ReqSetClrFeature
                0x0000aaa0                USB_ReqSetAddress
                0x0000aae8                USB_ReqGetDescriptor
                0x0000ac4c                USB_ReqGetConfiguration
                0x0000ac8c                USB_ReqSetConfiguration
                0x0000af88                USB_ReqGetInterface
                0x0000b000                USB_ReqSetInterface
                0x0000b22c                USB_EndPoint0
 .text          0x0000b78c      0xaa8 build\USBCDC\usbhw.o
                0x0000b820                EPAdr
                0x0000b854                WrCmd
                0x0000b89c                WrCmdDat
                0x0000b918                WrCmdEP
                0x0000b9a0                RdCmdDat
                0x0000b9f4                USB_Init
                0x0000bb40                USB_Connect
                0x0000bb74                USB_Reset
                0x0000bc14                USB_Suspend
                0x0000bc20                USB_Resume
                0x0000bc2c                USB_WakeUp
                0x0000bc58                USB_WakeUpCfg
                0x0000bc6c                USB_SetAddress
                0x0000bcb4                USB_Configure
                0x0000bd1c                USB_ConfigEP
                0x0000bda4                USB_DirCtrlEP
                0x0000bdb8                USB_EnableEP
                0x0000bde8                USB_DisableEP
                0x0000be1c                USB_ResetEP
                0x0000be4c                USB_SetStallEP
                0x0000be80                USB_ClrStallEP
                0x0000beb0                USB_ClearEPBuf
                0x0000bed0                USB_ReadEP
                0x0000bf8c                USB_WriteEP
                0x0000c024                USB_GetFrame
                0x0000c068                USB_IRQHandler
 .text          0x0000c234      0x184 build\USBCDC\usbuser.o
                0x0000c234                USB_Reset_Event
                0x0000c240                USB_Configure_Event
                0x0000c24c                USB_EndPoint1
                0x0000c28c                USB_EndPoint2
                0x0000c2b4                USB_EndPoint3
                0x0000c2c8                USB_EndPoint4
                0x0000c2dc                USB_EndPoint5
                0x0000c2f0                USB_EndPoint6
                0x0000c304                USB_EndPoint7
                0x0000c318                USB_EndPoint8
                0x0000c32c                USB_EndPoint9
                0x0000c340                USB_EndPoint10
                0x0000c354                USB_EndPoint11
                0x0000c368                USB_EndPoint12
                0x0000c37c                USB_EndPoint13
                0x0000c390                USB_EndPoint14
                0x0000c3a4                USB_EndPoint15
 .text          0x0000c3b8       0x24 build\USBCDC\vcomdemo.o
                0x0000c3b8                VCOM_Start
 .text          0x0000c3dc       0x74 build\Atomic.o
                0x0000c3dc                Atomic(EN_DIS_INT)
 .text          0x0000c450       0xbc build\ButtonArray.o
                0x0000c450                ButtonArray::init()
                0x0000c464                ButtonArray::scanButtons()
                0x0000c480                ButtonArray::getButton(ButtonArray::ButtonName&)
 .text._ZN10Port_ClassC2Ev
                0x0000c50c       0x20 build\ButtonArray.o
                0x0000c50c                Port_Class::Port_Class()
                0x0000c50c                Port_Class::Port_Class()
 .text          0x0000c52c      0xda0 build\Command.o
                0x0000c52c                command::getRemainingCapacity()
                0x0000c550                command::pause(bool)
                0x0000c570                command::isPaused()
                0x0000c588                command::isEmpty()
                0x0000c5a0                command::push(unsigned char)
                0x0000c5c4                command::pop8()
                0x0000c5dc                command::pop16()
                0x0000c610                command::pop32()
                0x0000c664                command::reset()
                0x0000c6a0                command::runCommandSlice()
 .text._ZN5PointC2Elllll
                0x0000d2cc       0x3c build\Command.o
                0x0000d2cc                Point::Point(long, long, long, long, long)
                0x0000d2cc                Point::Point(long, long, long, long, long)
 .text._ZN5PointC2Elll
                0x0000d308       0x64 build\Command.o
                0x0000d308                Point::Point(long, long, long)
                0x0000d308                Point::Point(long, long, long)
 .text._ZNK5PointixEj
                0x0000d36c       0x20 build\Command.o
                0x0000d36c                Point::operator[](unsigned int) const
 .text._ZN5PointixEj
                0x0000d38c       0x20 build\Command.o
                0x0000d38c                Point::operator[](unsigned int)
 .text._ZNK6Packet8hasErrorEv
                0x0000d3ac       0x28 build\Command.o
                0x0000d3ac                Packet::hasError() const
 .text._ZN19CircularBufferTemplIhEC2EtPh
                0x0000d3d4       0x48 build\Command.o
                0x0000d3d4                CircularBufferTempl<unsigned char>::CircularBufferTempl(unsigned short, unsigned char*)
                0x0000d3d4                CircularBufferTempl<unsigned char>::CircularBufferTempl(unsigned short, unsigned char*)
 .text._ZNK19CircularBufferTemplIhE20getRemainingCapacityEv
                0x0000d41c       0x24 build\Command.o
                0x0000d41c                CircularBufferTempl<unsigned char>::getRemainingCapacity() const
 .text._ZNK19CircularBufferTemplIhE7isEmptyEv
                0x0000d440       0x24 build\Command.o
                0x0000d440                CircularBufferTempl<unsigned char>::isEmpty() const
 .text._ZN19CircularBufferTemplIhE4pushEh
                0x0000d464       0x5c build\Command.o
                0x0000d464                CircularBufferTempl<unsigned char>::push(unsigned char)
 .text._ZN19CircularBufferTemplIhE3popEv
                0x0000d4c0       0x6c build\Command.o
                0x0000d4c0                CircularBufferTempl<unsigned char>::pop()
 .text._ZN19CircularBufferTemplIhE5resetEv
                0x0000d52c       0x34 build\Command.o
                0x0000d52c                CircularBufferTempl<unsigned char>::reset()
 .text._ZNK19CircularBufferTemplIhE9getLengthEv
                0x0000d560       0x1c build\Command.o
                0x0000d560                CircularBufferTempl<unsigned char>::getLength() const
 .text._ZN19CircularBufferTemplIhEixEt
                0x0000d57c       0x40 build\Command.o
                0x0000d57c                CircularBufferTempl<unsigned char>::operator[](unsigned short)
 .text          0x0000d5bc      0x344 build\DebugPacketProcessor.o
                0x0000d5bc                processDebugPacket(InPacket const&, OutPacket&)
 .text._ZNK6Packet9getLengthEv
                0x0000d900       0x1c build\DebugPacketProcessor.o
                0x0000d900                Packet::getLength() const
 .text._ZN11Motherboard8getBoardEv
                0x0000d91c       0x14 build\DebugPacketProcessor.o
                0x0000d91c                Motherboard::getBoard()
 .text          0x0000d930      0x140 build\Delay.o
                0x0000d930                few_ticks
                0x0000d9f8                _delay_us
                0x0000da30                _delay_ms
                0x0000da50                _delay_s
 .text          0x0000da70      0x584 build\EepromMap.o
                0x0000da70                print_eeprom()
                0x0000db20                read_all_from_flash()
                0x0000db78                save_to_flash()
                0x0000dbf0                microstep_pinout(unsigned char)
                0x0000dce8                eeprom::init()
                0x0000ddf8                eeprom::getEeprom8(unsigned long, unsigned char)
                0x0000de2c                eeprom::getEeprom16(unsigned long, unsigned short)
 .text._ZN3IAPC2Ev
                0x0000dff4       0x44 build\EepromMap.o
                0x0000dff4                IAP::IAP()
                0x0000dff4                IAP::IAP()
 .text          0x0000e038      0x730 build\Host.o
                0x0000e038                host::runHostSlice()
                0x0000e1ec                host::processCommandPacket(InPacket const&, OutPacket&)
                0x0000e2e0                host::doToolPause(OutPacket&)
                0x0000e3fc                host::processQueryPacket(InPacket const&, OutPacket&)
                0x0000e5ec                host::getMachineName()
                0x0000e698                host::getBuildName()
                0x0000e6ac                host::getHostState()
                0x0000e6c4                host::startBuildFromSD()
                0x0000e700                host::stopBuild()
 .text._ZN6Packet5errorEh
                0x0000e768       0x24 build\Host.o
                0x0000e768                Packet::error(unsigned char)
 .text._ZNK6Packet12getErrorCodeEv
                0x0000e78c       0x1c build\Host.o
                0x0000e78c                Packet::getErrorCode() const
 .text._ZNK6Packet7getDataEv
                0x0000e7a8       0x1c build\Host.o
                0x0000e7a8                Packet::getData() const
 .text._ZNK8InPacket10isFinishedEv
                0x0000e7c4       0x28 build\Host.o
                0x0000e7c4                InPacket::isFinished() const
 .text._ZNK8InPacket9isStartedEv
                0x0000e7ec       0x28 build\Host.o
                0x0000e7ec                InPacket::isStarted() const
 .text._ZN8InPacket7timeoutEv
                0x0000e814       0x1c build\Host.o
                0x0000e814                InPacket::timeout()
 .text._ZNK9OutPacket9isSendingEv
                0x0000e830       0x38 build\Host.o
                0x0000e830                OutPacket::isSending() const
 .text._ZN4UART11getHostUARTEv
                0x0000e868       0x14 build\Host.o
                0x0000e868                UART::getHostUART()
 .text._ZNK7Timeout8isActiveEv
                0x0000e87c       0x18 build\Host.o
                0x0000e87c                Timeout::isActive() const
 .text._ZN11Motherboard19getStepperInterfaceEi
                0x0000e894       0x28 build\Host.o
                0x0000e894                Motherboard::getStepperInterface(int)
 .text._ZN4host13handleVersionERK8InPacketR9OutPacket
                0x0000e8bc       0x58 build\Host.o
                0x0000e8bc                host::handleVersion(InPacket const&, OutPacket&)
 .text._ZN4host18handleGetBuildNameERK8InPacketR9OutPacket
                0x0000e914       0x64 build\Host.o
                0x0000e914                host::handleGetBuildName(InPacket const&, OutPacket&)
 .text._ZN4host19handleGetBufferSizeERK8InPacketR9OutPacket
                0x0000e978       0x2c build\Host.o
                0x0000e978                host::handleGetBufferSize(InPacket const&, OutPacket&)
 .text._ZN4host17handleGetPositionERK8InPacketR9OutPacket
                0x0000e9a4      0x118 build\Host.o
                0x0000e9a4                host::handleGetPosition(InPacket const&, OutPacket&)
 .text._ZN4host20handleGetPositionExtERK8InPacketR9OutPacket
                0x0000eabc      0x140 build\Host.o
                0x0000eabc                host::handleGetPositionExt(InPacket const&, OutPacket&)
 .text._ZN4host19handleCaptureToFileERK8InPacketR9OutPacket
                0x0000ebfc       0x3c build\Host.o
                0x0000ebfc                host::handleCaptureToFile(InPacket const&, OutPacket&)
 .text._ZN4host16handleEndCaptureERK8InPacketR9OutPacket
                0x0000ec38       0x2c build\Host.o
                0x0000ec38                host::handleEndCapture(InPacket const&, OutPacket&)
 .text._ZN4host14handlePlaybackERK8InPacketR9OutPacket
                0x0000ec64       0x8c build\Host.o
                0x0000ec64                host::handlePlayback(InPacket const&, OutPacket&)
 .text._ZN4host18handleNextFilenameERK8InPacketR9OutPacket
                0x0000ecf0      0x10c build\Host.o
                0x0000ecf0                host::handleNextFilename(InPacket const&, OutPacket&)
 .text._ZN4host15handleToolQueryERK8InPacketR9OutPacket
                0x0000edfc      0x17c build\Host.o
                0x0000edfc                host::handleToolQuery(InPacket const&, OutPacket&)
 .text._ZN4host11handlePauseERK8InPacketR9OutPacket
                0x0000ef78       0x34 build\Host.o
                0x0000ef78                host::handlePause(InPacket const&, OutPacket&)
 .text._ZN4host16handleIsFinishedERK8InPacketR9OutPacket
                0x0000efac       0x6c build\Host.o
                0x0000efac                host::handleIsFinished(InPacket const&, OutPacket&)
 .text._ZN4host16handleReadEepromERK8InPacketR9OutPacket
                0x0000f018       0x78 build\Host.o
                0x0000f018                host::handleReadEeprom(InPacket const&, OutPacket&)
 .text._ZN4host17handleWriteEepromERK8InPacketR9OutPacket
                0x0000f090       0x94 build\Host.o
                0x0000f090                host::handleWriteEeprom(InPacket const&, OutPacket&)
 .text._ZN4host18handleExtendedStopERK8InPacketR9OutPacket
                0x0000f124       0x54 build\Host.o
                0x0000f124                host::handleExtendedStop(InPacket const&, OutPacket&)
 .text._ZN4host27handleGetCommunicationStatsERK8InPacketR9OutPacket
                0x0000f178       0x60 build\Host.o
                0x0000f178                host::handleGetCommunicationStats(InPacket const&, OutPacket&)
 .text          0x0000f1d8      0x1f8 build\Interface.o
                0x0000f1d8                interface::isConnected()
                0x0000f2d8                interface::init(InterfaceBoard*, LiquidCrystal*)
                0x0000f304                interface::pushScreen(Screen*)
                0x0000f328                interface::popScreen()
                0x0000f340                interface::doInterrupt()
                0x0000f358                interface::getUpdateRate()
                0x0000f374                interface::doUpdate()
 .text._ZN10Port_ClassC2E8portname
                0x0000f3d0       0x20 build\Interface.o
                0x0000f3d0                Port_Class::Port_Class(portname)
                0x0000f3d0                Port_Class::Port_Class(portname)
 .text._ZN10Port_Class15setPinDirectionEhb
                0x0000f3f0       0x74 build\Interface.o
                0x0000f3f0                Port_Class::setPinDirection(unsigned char, bool)
 .text._ZN10Port_Class6getPinEh
                0x0000f464       0x4c build\Interface.o
                0x0000f464                Port_Class::getPin(unsigned char)
 .text._ZN10Port_Class6setPinEhb
                0x0000f4b0       0x5c build\Interface.o
                0x0000f4b0                Port_Class::setPin(unsigned char, bool)
 .text._ZN3PinC2E8portnameh
                0x0000f50c       0x30 build\Interface.o
                0x0000f50c                Pin::Pin(portname, unsigned char)
                0x0000f50c                Pin::Pin(portname, unsigned char)
 .text._ZN3Pin12setDirectionEb
                0x0000f53c       0x28 build\Interface.o
                0x0000f53c                Pin::setDirection(bool)
 .text._ZN3Pin8getValueEv
                0x0000f564       0x24 build\Interface.o
                0x0000f564                Pin::getValue()
 .text._ZN3Pin8setValueEb
                0x0000f588       0x28 build\Interface.o
                0x0000f588                Pin::setValue(bool)
 .text          0x0000f5b0      0x3a8 build\InterfaceBoard.o
                0x0000f5b0                InterfaceBoard::InterfaceBoard(ButtonArray&, LiquidCrystal&, Pin const&, Pin const&, Screen*, Screen*)
                0x0000f5b0                InterfaceBoard::InterfaceBoard(ButtonArray&, LiquidCrystal&, Pin const&, Pin const&, Screen*, Screen*)
                0x0000f604                InterfaceBoard::init()
                0x0000f6a8                InterfaceBoard::doInterrupt()
                0x0000f6c4                InterfaceBoard::getUpdateRate()
                0x0000f704                InterfaceBoard::doUpdate()
                0x0000f7fc                InterfaceBoard::pushScreen(Screen*)
                0x0000f8ac                InterfaceBoard::popScreen()
 .text          0x0000f958      0xf80 build\LiquidCrystal.o
                0x0000f958                LiquidCrystal::LiquidCrystal(Pin, Pin, Pin, Pin, Pin, Pin, Pin, Pin, Pin, Pin, Pin)
                0x0000f958                LiquidCrystal::LiquidCrystal(Pin, Pin, Pin, Pin, Pin, Pin, Pin, Pin, Pin, Pin, Pin)
                0x0000faa0                LiquidCrystal::LiquidCrystal(Pin, Pin, Pin, Pin, Pin, Pin, Pin, Pin, Pin, Pin)
                0x0000faa0                LiquidCrystal::LiquidCrystal(Pin, Pin, Pin, Pin, Pin, Pin, Pin, Pin, Pin, Pin)
                0x0000fbf0                LiquidCrystal::LiquidCrystal(Pin, Pin, Pin, Pin, Pin, Pin, Pin)
                0x0000fbf0                LiquidCrystal::LiquidCrystal(Pin, Pin, Pin, Pin, Pin, Pin, Pin)
                0x0000fd60                LiquidCrystal::LiquidCrystal(Pin, Pin, Pin, Pin, Pin, Pin)
                0x0000fd60                LiquidCrystal::LiquidCrystal(Pin, Pin, Pin, Pin, Pin, Pin)
                0x0000fed8                LiquidCrystal::init(unsigned char, Pin, Pin, Pin, Pin, Pin, Pin, Pin, Pin, Pin, Pin, Pin)
                0x00010044                LiquidCrystal::begin(unsigned char, unsigned char, unsigned char)
                0x000101d8                LiquidCrystal::clear()
                0x000101fc                LiquidCrystal::home()
                0x00010220                LiquidCrystal::setCursor(unsigned char, unsigned char)
                0x0001028c                LiquidCrystal::noDisplay()
                0x000102c4                LiquidCrystal::display()
                0x000102fc                LiquidCrystal::noCursor()
                0x00010334                LiquidCrystal::cursor()
                0x0001036c                LiquidCrystal::noBlink()
                0x000103a4                LiquidCrystal::blink()
                0x000103dc                LiquidCrystal::scrollDisplayLeft()
                0x000103f8                LiquidCrystal::scrollDisplayRight()
                0x00010414                LiquidCrystal::leftToRight()
                0x0001044c                LiquidCrystal::rightToLeft()
                0x00010484                LiquidCrystal::autoscroll()
                0x000104bc                LiquidCrystal::noAutoscroll()
                0x000104f4                LiquidCrystal::createChar(unsigned char, unsigned char*)
                0x00010560                LiquidCrystal::writeInt(unsigned short, unsigned char)
                0x00010624                LiquidCrystal::writeString(char*)
                0x00010668                LiquidCrystal::writeFromPgmspace(char const*)
                0x000106a8                LiquidCrystal::send(unsigned char, bool)
                0x0001072c                LiquidCrystal::pulseEnable()
                0x00010784                LiquidCrystal::write4bits(unsigned char)
                0x0001080c                LiquidCrystal::write8bits(unsigned char)
 .text._ZN10Port_Class6isNullEv
                0x000108d8       0x24 build\LiquidCrystal.o
                0x000108d8                Port_Class::isNull()
 .text._ZN3PinC2Ev
                0x000108fc       0x2c build\LiquidCrystal.o
                0x000108fc                Pin::Pin()
                0x000108fc                Pin::Pin()
 .text._ZN3Pin6isNullEv
                0x00010928       0x1c build\LiquidCrystal.o
                0x00010928                Pin::isNull()
 .text._ZN13LiquidCrystal7commandEh
                0x00010944       0x24 build\LiquidCrystal.o
                0x00010944                LiquidCrystal::command(unsigned char)
 .text._ZN13LiquidCrystal5writeEh
                0x00010968       0x24 build\LiquidCrystal.o
                0x00010968                LiquidCrystal::write(unsigned char)
 .text          0x0001098c      0x378 build\Main.o
                0x000109dc                reset(bool)
                0x00010be0                main
 .text          0x00010d04     0x1324 build\Menu.o
                0x00010d04                queryExtruderParameter(unsigned char, OutPacket&)
                0x00010e40                SplashScreen::update(LiquidCrystal&, bool)
                0x00010ed4                SplashScreen::notifyButtonPressed(ButtonArray::ButtonName)
                0x00010eec                SplashScreen::reset()
                0x00010f00                JogMode::reset()
                0x00010f24                JogMode::update(LiquidCrystal&, bool)
                0x00010ff4                JogMode::jog(ButtonArray::ButtonName)
                0x00011118                JogMode::notifyButtonPressed(ButtonArray::ButtonName)
                0x000111a4                SnakeMode::update(LiquidCrystal&, bool)
                0x0001152c                SnakeMode::reset()
                0x000115dc                SnakeMode::notifyButtonPressed(ButtonArray::ButtonName)
                0x00011658                MonitorMode::reset()
                0x00011674                MonitorMode::update(LiquidCrystal&, bool)
                0x000118c8                MonitorMode::notifyButtonPressed(ButtonArray::ButtonName)
                0x00011904                Menu::update(LiquidCrystal&, bool)
                0x00011a08                Menu::reset()
                0x00011a40                Menu::resetState()
                0x00011a54                Menu::handleSelect(unsigned char)
                0x00011a6c                Menu::handleCancel()
                0x00011a80                Menu::notifyButtonPressed(ButtonArray::ButtonName)
                0x00011b40                CancelBuildMenu::CancelBuildMenu()
                0x00011b40                CancelBuildMenu::CancelBuildMenu()
                0x00011b78                CancelBuildMenu::resetState()
                0x00011b9c                CancelBuildMenu::drawItem(unsigned char, LiquidCrystal&)
                0x00011c00                CancelBuildMenu::handleSelect(unsigned char)
                0x00011c30                MainMenu::MainMenu()
                0x00011c30                MainMenu::MainMenu()
                0x00011c98                MainMenu::drawItem(unsigned char, LiquidCrystal&)
                0x00011d10                MainMenu::handleSelect(unsigned char)
                0x00011d7c                SDMenu::SDMenu()
                0x00011d7c                SDMenu::SDMenu()
                0x00011dac                SDMenu::resetState()
                0x00011dcc                SDMenu::countFiles()
                0x00011e3c                SDMenu::getFilename(unsigned char, char*, unsigned char)
                0x00011ed8                SDMenu::drawItem(unsigned char, LiquidCrystal&)
                0x00011f84                SDMenu::handleSelect(unsigned char)
 .text._ZN4Menu13getUpdateRateEv
                0x00012028       0x1c build\Menu.o
                0x00012028                Menu::getUpdateRate()
 .text._ZN12SplashScreen13getUpdateRateEv
                0x00012044       0x18 build\Menu.o
                0x00012044                SplashScreen::getUpdateRate()
 .text._ZN7JogMode13getUpdateRateEv
                0x0001205c       0x18 build\Menu.o
                0x0001205c                JogMode::getUpdateRate()
 .text._ZN9SnakeMode13getUpdateRateEv
                0x00012074       0x18 build\Menu.o
                0x00012074                SnakeMode::getUpdateRate()
 .text._ZN11MonitorMode13getUpdateRateEv
                0x0001208c       0x1c build\Menu.o
                0x0001208c                MonitorMode::getUpdateRate()
 .text._Z9rcCompareh12ResponseCode
                0x000120a8       0x30 build\Menu.o
                0x000120a8                rcCompare(unsigned char, ResponseCode)
 .text._ZN6ScreenC2Ev
                0x000120d8       0x20 build\Menu.o
                0x000120d8                Screen::Screen()
                0x000120d8                Screen::Screen()
 .text._ZN4MenuC2Ev
                0x000120f8       0x28 build\Menu.o
                0x000120f8                Menu::Menu()
                0x000120f8                Menu::Menu()
 .text._ZN11MonitorModeC2Ev
                0x00012120       0x34 build\Menu.o
                0x00012120                MonitorMode::MonitorMode()
                0x00012120                MonitorMode::MonitorMode()
 .text._ZN7JogModeC2Ev
                0x00012154       0x28 build\Menu.o
                0x00012154                JogMode::JogMode()
                0x00012154                JogMode::JogMode()
 .text._ZN9SnakeModeC2Ev
                0x0001217c       0x28 build\Menu.o
                0x0001217c                SnakeMode::SnakeMode()
                0x0001217c                SnakeMode::SnakeMode()
 .text          0x000121a4      0xc6c build\Motherboard.o
                0x00012238                Motherboard::Motherboard()
                0x00012238                Motherboard::Motherboard()
                0x000126a0                Motherboard::reset()
                0x00012aa4                Motherboard::getCurrentMicros()
                0x00012ac0                Motherboard::doInterrupt()
                0x00012b04                Motherboard::runMotherboardSlice()
                0x00012b58                TIMER0_IRQHandler
                0x00012b78                Motherboard::indicateError(int)
                0x00012bfc                Motherboard::getCurrentError()
                0x00012c1c                TIMER1_IRQHandler
 .text._ZN4UART12getSlaveUARTEv
                0x00012e10       0x14 build\Motherboard.o
                0x00012e10                UART::getSlaveUART()
 .text._ZN16StepperInterfaceC2Ev
                0x00012e24       0x4c build\Motherboard.o
                0x00012e24                StepperInterface::StepperInterface()
                0x00012e24                StepperInterface::StepperInterface()
 .text._ZN12SplashScreenC2Ev
                0x00012e70       0x28 build\Motherboard.o
                0x00012e70                SplashScreen::SplashScreen()
                0x00012e70                SplashScreen::SplashScreen()
 .text          0x00012e98      0x54c build\Packet.o
                0x00012e98                _crc_ibutton_update
                0x00012f08                Packet::appendByte(unsigned char)
                0x00012f68                Packet::reset()
                0x00012fa0                InPacket::InPacket()
                0x00012fa0                InPacket::InPacket()
                0x00012fc4                InPacket::reset()
                0x00012fdc                InPacket::processByte(unsigned char)
                0x00013104                Packet::read8(unsigned char) const
                0x00013128                Packet::read16(unsigned char) const
                0x00013168                Packet::read32(unsigned char) const
                0x000131c0                OutPacket::OutPacket()
                0x000131c0                OutPacket::OutPacket()
                0x000131e4                OutPacket::reset()
                0x00013208                OutPacket::prepareForResend()
                0x00013238                OutPacket::getNextByteToSend()
                0x00013334                OutPacket::append8(unsigned char)
                0x00013354                OutPacket::append16(unsigned short)
                0x0001338c                OutPacket::append32(unsigned long)
 .text._ZN6PacketC2Ev
                0x000133e4       0x18 build\Packet.o
                0x000133e4                Packet::Packet()
                0x000133e4                Packet::Packet()
 .text          0x000133fc      0x82c build\SDCard.o
                0x000133fc                sdcard::openPartition()
                0x000134a0                sdcard::openFilesys()
                0x000134dc                sdcard::openRoot()
                0x00013544                sdcard::initCard()
                0x000135f4                sdcard::directoryReset()
                0x00013634                sdcard::directoryNextEntry(char*, unsigned char)
                0x00013708                sdcard::findFileInDir(char const*, fat_dir_entry_struct*)
                0x0001376c                sdcard::openFile(char const*, fat_file_struct**)
                0x000137c0                sdcard::deleteFile(char*)
                0x0001380c                sdcard::createFile(char*)
                0x00013844                sdcard::isPlaying()
                0x0001385c                sdcard::isCapturing()
                0x00013874                sdcard::startCapture(char*)
                0x0001391c                sdcard::capturePacket(Packet const&)
                0x00013984                sdcard::finishCapture()
                0x000139e8                sdcard::fetchNextByte()
                0x00013a30                sdcard::playbackHasNext()
                0x00013a48                sdcard::playbackNext()
                0x00013a6c                sdcard::startPlayback(char*)
                0x00013b08                sdcard::playbackRewind(unsigned char)
                0x00013b3c                sdcard::finishPlayback()
                0x00013b80                sdcard::reset()
 .text          0x00013c28      0x374 build\StepperAxis.o
                0x00013c28                StepperAxis::StepperAxis()
                0x00013c28                StepperAxis::StepperAxis()
                0x00013c48                StepperAxis::StepperAxis(StepperInterface&)
                0x00013c48                StepperAxis::StepperAxis(StepperInterface&)
                0x00013c6c                StepperAxis::setTarget(long, bool)
                0x00013cf0                StepperAxis::setHoming(bool)
                0x00013d20                StepperAxis::definePosition(long)
                0x00013d3c                StepperAxis::enableStepper(bool)
                0x00013d60                StepperAxis::reset()
                0x00013da4                StepperAxis::doInterrupt(long)
                0x00013e68                StepperAxis::doHoming(long)
 .text._ZN11StepperAxis12checkEndstopEb
                0x00013f9c       0x3c build\StepperAxis.o
                0x00013f9c                StepperAxis::checkEndstop(bool)
 .text          0x00013fd8      0x314 build\StepperInterface.o
                0x00013fd8                StepperInterface::StepperInterface(Pin const&, Pin const&, Pin const&, Pin const&, Pin const&, unsigned short)
                0x00013fd8                StepperInterface::StepperInterface(Pin const&, Pin const&, Pin const&, Pin const&, Pin const&, unsigned short)
                0x00014058                StepperInterface::setDirection(bool)
                0x00014088                StepperInterface::step(bool)
                0x000140ac                StepperInterface::setEnabled(bool)
                0x000140ec                StepperInterface::isAtMaximum()
                0x00014138                StepperInterface::isAtMinimum()
                0x00014184                StepperInterface::init(unsigned char)
 .text          0x000142ec      0x7b0 build\Steppers.o
                0x000142ec                steppers::isRunning()
                0x00014324                steppers::init(Motherboard&)
                0x000143b4                steppers::abort()
                0x000143dc                steppers::definePosition(Point const&)
                0x00014434                steppers::getPosition()
                0x00014488                steppers::setHoldZ(bool)
                0x000144dc                steppers::setTarget(Point const&, long)
                0x00014658                steppers::setTargetNew(Point const&, long, unsigned char)
                0x000147cc                steppers::startHoming(bool, unsigned char, unsigned long)
                0x000148ac                steppers::enableAxis(unsigned char, bool)
                0x000148e4                steppers::doInterrupt()
 .text          0x00014a9c      0x150 build\Timeout.o
                0x00014a9c                Timeout::Timeout()
                0x00014a9c                Timeout::Timeout()
                0x00014ac4                Timeout::start(unsigned long)
                0x00014b00                Timeout::hasElapsed()
                0x00014b60                Timeout::hasLeft()
                0x00014b8c                Timeout::abort()
 .text          0x00014bec      0x7d8 build\Tool.o
                0x00014bec                tool::getInPacket()
                0x00014c00                tool::getOutPacket()
                0x00014c14                tool::getSentPacketCount()
                0x00014c2c                tool::getPacketFailureCount()
                0x00014c44                tool::getRetryCount()
                0x00014c5c                tool::getNoiseByteCount()
                0x00014c74                tool::getToolVersion()
                0x00014d9c                tool::setToolIndicatorLED()
                0x00014e68                tool::reset()
                0x00014f74                tool::test()
                0x00015018                tool::getLock()
                0x00015058                tool::releaseLock()
                0x00015070                tool::startTransaction()
                0x00015108                tool::isTransactionDone()
                0x00015124                tool::runToolSlice()
                0x0001533c                tool::setCurrentToolheadIndex(unsigned char)
                0x0001535c                tool::getCurrentToolheadIndex()
 .text          0x000153c4      0x5b4 build\UART.o
                0x00015458                UART::UART(unsigned char)
                0x00015458                UART::UART(unsigned char)
                0x000155f8                UART::beginSend()
                0x00015718                UART::enable(bool)
                0x0001576c                UART::reset()
                0x00015798                UART1_IRQHandler
                0x000158a8                CANActivity_IRQHandler
 .text._Z6listenv
                0x00015978       0x30 build\UART.o
                0x00015978                listen()
 .text._Z5speakv
                0x000159a8       0x30 build\UART.o
                0x000159a8                speak()
 .text          0x000159d8       0x7c build\test_u.o
                0x000159d8                test_u()
 .text._ZN10__cxxabiv120__si_class_type_infoD2Ev
                0x00015a54       0x14 c:/progra~2/codesourcery/source~1/bin/../lib/gcc/arm-none-eabi/4.6.1/../../../../arm-none-eabi/lib/thumb2\libstdc++.a(si_class_type_info.o)
                0x00015a54                __cxxabiv1::__si_class_type_info::~__si_class_type_info()
                0x00015a54                __cxxabiv1::__si_class_type_info::~__si_class_type_info()
 .text._ZN10__cxxabiv120__si_class_type_infoD0Ev
                0x00015a68       0x1c c:/progra~2/codesourcery/source~1/bin/../lib/gcc/arm-none-eabi/4.6.1/../../../../arm-none-eabi/lib/thumb2\libstdc++.a(si_class_type_info.o)
                0x00015a68                __cxxabiv1::__si_class_type_info::~__si_class_type_info()
 .text._ZNK10__cxxabiv120__si_class_type_info11__do_upcastEPKNS_17__class_type_infoEPKvRNS1_15__upcast_resultE
                0x00015a84       0x28 c:/progra~2/codesourcery/source~1/bin/../lib/gcc/arm-none-eabi/4.6.1/../../../../arm-none-eabi/lib/thumb2\libstdc++.a(si_class_type_info.o)
                0x00015a84                __cxxabiv1::__si_class_type_info::__do_upcast(__cxxabiv1::__class_type_info const*, void const*, __cxxabiv1::__class_type_info::__upcast_result&) const
 .text._ZNK10__cxxabiv120__si_class_type_info12__do_dyncastEiNS_17__class_type_info10__sub_kindEPKS1_PKvS4_S6_RNS1_16__dyncast_resultE
                0x00015aac       0x8c c:/progra~2/codesourcery/source~1/bin/../lib/gcc/arm-none-eabi/4.6.1/../../../../arm-none-eabi/lib/thumb2\libstdc++.a(si_class_type_info.o)
                0x00015aac                __cxxabiv1::__si_class_type_info::__do_dyncast(int, __cxxabiv1::__class_type_info::__sub_kind, __cxxabiv1::__class_type_info const*, void const*, __cxxabiv1::__class_type_info const*, void const*, __cxxabiv1::__class_type_info::__dyncast_result&) const
 .text._ZNK10__cxxabiv120__si_class_type_info20__do_find_public_srcEiPKvPKNS_17__class_type_infoES2_
                0x00015b38       0x38 c:/progra~2/codesourcery/source~1/bin/../lib/gcc/arm-none-eabi/4.6.1/../../../../arm-none-eabi/lib/thumb2\libstdc++.a(si_class_type_info.o)
                0x00015b38                __cxxabiv1::__si_class_type_info::__do_find_public_src(int, void const*, __cxxabiv1::__class_type_info const*, void const*) const
 .text.__cxa_pure_virtual
                0x00015b70       0x18 c:/progra~2/codesourcery/source~1/bin/../lib/gcc/arm-none-eabi/4.6.1/../../../../arm-none-eabi/lib/thumb2\libstdc++.a(pure.o)
                0x00015b70                __cxa_pure_virtual
 .text._ZN10__cxxabiv111__terminateEPFvvE
                0x00015b88       0x28 c:/progra~2/codesourcery/source~1/bin/../lib/gcc/arm-none-eabi/4.6.1/../../../../arm-none-eabi/lib/thumb2\libstdc++.a(eh_terminate.o)
                0x00015b88                __cxxabiv1::__terminate(void (*)())
 .text._ZSt9terminatev
                0x00015bb0       0x10 c:/progra~2/codesourcery/source~1/bin/../lib/gcc/arm-none-eabi/4.6.1/../../../../arm-none-eabi/lib/thumb2\libstdc++.a(eh_terminate.o)
                0x00015bb0                std::terminate()
 .text._ZN10__cxxabiv112__unexpectedEPFvvE
                0x00015bc0        0x8 c:/progra~2/codesourcery/source~1/bin/../lib/gcc/arm-none-eabi/4.6.1/../../../../arm-none-eabi/lib/thumb2\libstdc++.a(eh_terminate.o)
                0x00015bc0                __cxxabiv1::__unexpected(void (*)())
 .text._ZSt10unexpectedv
                0x00015bc8       0x14 c:/progra~2/codesourcery/source~1/bin/../lib/gcc/arm-none-eabi/4.6.1/../../../../arm-none-eabi/lib/thumb2\libstdc++.a(eh_terminate.o)
                0x00015bc8                std::unexpected()
 .text._ZNK10__cxxabiv117__class_type_info11__do_upcastEPKS0_PPv
                0x00015bdc       0x38 c:/progra~2/codesourcery/source~1/bin/../lib/gcc/arm-none-eabi/4.6.1/../../../../arm-none-eabi/lib/thumb2\libstdc++.a(class_type_info.o)
                0x00015bdc                __cxxabiv1::__class_type_info::__do_upcast(__cxxabiv1::__class_type_info const*, void**) const
 .text._ZNK10__cxxabiv117__class_type_info20__do_find_public_srcEiPKvPKS0_S2_
                0x00015c14        0xc c:/progra~2/codesourcery/source~1/bin/../lib/gcc/arm-none-eabi/4.6.1/../../../../arm-none-eabi/lib/thumb2\libstdc++.a(class_type_info.o)
                0x00015c14                __cxxabiv1::__class_type_info::__do_find_public_src(int, void const*, __cxxabiv1::__class_type_info const*, void const*) const
 .text._ZNK10__cxxabiv117__class_type_info11__do_upcastEPKS0_PKvRNS0_15__upcast_resultE
                0x00015c20       0x1c c:/progra~2/codesourcery/source~1/bin/../lib/gcc/arm-none-eabi/4.6.1/../../../../arm-none-eabi/lib/thumb2\libstdc++.a(class_type_info.o)
                0x00015c20                __cxxabiv1::__class_type_info::__do_upcast(__cxxabiv1::__class_type_info const*, void const*, __cxxabiv1::__class_type_info::__upcast_result&) const
 .text._ZN10__cxxabiv117__class_type_infoD2Ev
                0x00015c3c       0x14 c:/progra~2/codesourcery/source~1/bin/../lib/gcc/arm-none-eabi/4.6.1/../../../../arm-none-eabi/lib/thumb2\libstdc++.a(class_type_info.o)
                0x00015c3c                __cxxabiv1::__class_type_info::~__class_type_info()
                0x00015c3c                __cxxabiv1::__class_type_info::~__class_type_info()
 .text._ZN10__cxxabiv117__class_type_infoD0Ev
                0x00015c50       0x1c c:/progra~2/codesourcery/source~1/bin/../lib/gcc/arm-none-eabi/4.6.1/../../../../arm-none-eabi/lib/thumb2\libstdc++.a(class_type_info.o)
                0x00015c50                __cxxabiv1::__class_type_info::~__class_type_info()
 .text._ZNK10__cxxabiv117__class_type_info12__do_dyncastEiNS0_10__sub_kindEPKS0_PKvS3_S5_RNS0_16__dyncast_resultE
                0x00015c6c       0x3c c:/progra~2/codesourcery/source~1/bin/../lib/gcc/arm-none-eabi/4.6.1/../../../../arm-none-eabi/lib/thumb2\libstdc++.a(class_type_info.o)
                0x00015c6c                __cxxabiv1::__class_type_info::__do_dyncast(int, __cxxabiv1::__class_type_info::__sub_kind, __cxxabiv1::__class_type_info const*, void const*, __cxxabiv1::__class_type_info const*, void const*, __cxxabiv1::__class_type_info::__dyncast_result&) const
 .text._ZNK10__cxxabiv117__class_type_info10__do_catchEPKSt9type_infoPPvj
                0x00015ca8       0x28 c:/progra~2/codesourcery/source~1/bin/../lib/gcc/arm-none-eabi/4.6.1/../../../../arm-none-eabi/lib/thumb2\libstdc++.a(class_type_info.o)
                0x00015ca8                __cxxabiv1::__class_type_info::__do_catch(std::type_info const*, void**, unsigned int) const
 .text.__cxa_call_terminate
                0x00015cd0       0x50 c:/progra~2/codesourcery/source~1/bin/../lib/gcc/arm-none-eabi/4.6.1/../../../../arm-none-eabi/lib/thumb2\libstdc++.a(eh_call.o)
                0x00015cd0                __cxa_call_terminate
 .text.__cxa_call_unexpected
                0x00015d20      0x130 c:/progra~2/codesourcery/source~1/bin/../lib/gcc/arm-none-eabi/4.6.1/../../../../arm-none-eabi/lib/thumb2\libstdc++.a(eh_call.o)
                0x00015d20                __cxa_call_unexpected
 .text._ZL23__gxx_exception_cleanup19_Unwind_Reason_CodeP21_Unwind_Control_Block
                0x00015e50       0x4c c:/progra~2/codesourcery/source~1/bin/../lib/gcc/arm-none-eabi/4.6.1/../../../../arm-none-eabi/lib/thumb2\libstdc++.a(eh_throw.o)
 .text.__cxa_throw
                0x00015e9c       0x80 c:/progra~2/codesourcery/source~1/bin/../lib/gcc/arm-none-eabi/4.6.1/../../../../arm-none-eabi/lib/thumb2\libstdc++.a(eh_throw.o)
                0x00015e9c                __cxa_throw
 .text.__cxa_rethrow
                0x00015f1c       0x78 c:/progra~2/codesourcery/source~1/bin/../lib/gcc/arm-none-eabi/4.6.1/../../../../arm-none-eabi/lib/thumb2\libstdc++.a(eh_throw.o)
                0x00015f1c                __cxa_rethrow
 .text.__cxa_end_cleanup
                0x00015f94        0xc c:/progra~2/codesourcery/source~1/bin/../lib/gcc/arm-none-eabi/4.6.1/../../../../arm-none-eabi/lib/thumb2\libstdc++.a(eh_arm.o)
                0x00015f94                __cxa_end_cleanup
 .text.__cxa_type_match
                0x00015fa0       0xbc c:/progra~2/codesourcery/source~1/bin/../lib/gcc/arm-none-eabi/4.6.1/../../../../arm-none-eabi/lib/thumb2\libstdc++.a(eh_arm.o)
                0x00015fa0                __cxa_type_match
 .text.__cxa_begin_cleanup
                0x0001605c       0x78 c:/progra~2/codesourcery/source~1/bin/../lib/gcc/arm-none-eabi/4.6.1/../../../../arm-none-eabi/lib/thumb2\libstdc++.a(eh_arm.o)
                0x0001605c                __cxa_begin_cleanup
 .text.__gnu_end_cleanup
                0x000160d4       0x7c c:/progra~2/codesourcery/source~1/bin/../lib/gcc/arm-none-eabi/4.6.1/../../../../arm-none-eabi/lib/thumb2\libstdc++.a(eh_arm.o)
                0x000160d4                __gnu_end_cleanup
 .text._ZNSt9exceptionD2Ev
                0x00016150        0xc c:/progra~2/codesourcery/source~1/bin/../lib/gcc/arm-none-eabi/4.6.1/../../../../arm-none-eabi/lib/thumb2\libstdc++.a(eh_exception.o)
                0x00016150                std::exception::~exception()
                0x00016150                std::exception::~exception()
 .text._ZNSt13bad_exceptionD2Ev
                0x0001615c        0xc c:/progra~2/codesourcery/source~1/bin/../lib/gcc/arm-none-eabi/4.6.1/../../../../arm-none-eabi/lib/thumb2\libstdc++.a(eh_exception.o)
                0x0001615c                std::bad_exception::~bad_exception()
                0x0001615c                std::bad_exception::~bad_exception()
 .text._ZNKSt9exception4whatEv
                0x00016168        0xc c:/progra~2/codesourcery/source~1/bin/../lib/gcc/arm-none-eabi/4.6.1/../../../../arm-none-eabi/lib/thumb2\libstdc++.a(eh_exception.o)
                0x00016168                std::exception::what() const
 .text._ZNKSt13bad_exception4whatEv
                0x00016174        0xc c:/progra~2/codesourcery/source~1/bin/../lib/gcc/arm-none-eabi/4.6.1/../../../../arm-none-eabi/lib/thumb2\libstdc++.a(eh_exception.o)
                0x00016174                std::bad_exception::what() const
 .text._ZNSt13bad_exceptionD0Ev
                0x00016180       0x14 c:/progra~2/codesourcery/source~1/bin/../lib/gcc/arm-none-eabi/4.6.1/../../../../arm-none-eabi/lib/thumb2\libstdc++.a(eh_exception.o)
                0x00016180                std::bad_exception::~bad_exception()
 .text._ZNSt9exceptionD0Ev
                0x00016194       0x14 c:/progra~2/codesourcery/source~1/bin/../lib/gcc/arm-none-eabi/4.6.1/../../../../arm-none-eabi/lib/thumb2\libstdc++.a(eh_exception.o)
                0x00016194                std::exception::~exception()
 .text.__cxa_allocate_exception
                0x000161a8       0x74 c:/progra~2/codesourcery/source~1/bin/../lib/gcc/arm-none-eabi/4.6.1/../../../../arm-none-eabi/lib/thumb2\libstdc++.a(eh_alloc.o)
                0x000161a8                __cxa_allocate_exception
 .text.__cxa_free_exception
                0x0001621c       0x3c c:/progra~2/codesourcery/source~1/bin/../lib/gcc/arm-none-eabi/4.6.1/../../../../arm-none-eabi/lib/thumb2\libstdc++.a(eh_alloc.o)
                0x0001621c                __cxa_free_exception
 .text.__cxa_get_globals_fast
                0x00016258        0xc c:/progra~2/codesourcery/source~1/bin/../lib/gcc/arm-none-eabi/4.6.1/../../../../arm-none-eabi/lib/thumb2\libstdc++.a(eh_globals.o)
                0x00016258                __cxa_get_globals_fast
 .text.__cxa_get_globals
                0x00016264        0xc c:/progra~2/codesourcery/source~1/bin/../lib/gcc/arm-none-eabi/4.6.1/../../../../arm-none-eabi/lib/thumb2\libstdc++.a(eh_globals.o)
                0x00016264                __cxa_get_globals
 .text._ZNSt9type_infoD2Ev
                0x00016270        0xc c:/progra~2/codesourcery/source~1/bin/../lib/gcc/arm-none-eabi/4.6.1/../../../../arm-none-eabi/lib/thumb2\libstdc++.a(tinfo.o)
                0x00016270                std::type_info::~type_info()
                0x00016270                std::type_info::~type_info()
 .text._ZNKSt9type_info14__is_pointer_pEv
                0x0001627c        0x4 c:/progra~2/codesourcery/source~1/bin/../lib/gcc/arm-none-eabi/4.6.1/../../../../arm-none-eabi/lib/thumb2\libstdc++.a(tinfo.o)
                0x0001627c                std::type_info::__is_pointer_p() const
 .text._ZNKSt9type_info15__is_function_pEv
                0x00016280        0x4 c:/progra~2/codesourcery/source~1/bin/../lib/gcc/arm-none-eabi/4.6.1/../../../../arm-none-eabi/lib/thumb2\libstdc++.a(tinfo.o)
                0x00016280                std::type_info::__is_function_p() const
 .text._ZNKSt9type_info11__do_upcastEPKN10__cxxabiv117__class_type_infoEPPv
                0x00016284        0x4 c:/progra~2/codesourcery/source~1/bin/../lib/gcc/arm-none-eabi/4.6.1/../../../../arm-none-eabi/lib/thumb2\libstdc++.a(tinfo.o)
                0x00016284                std::type_info::__do_upcast(__cxxabiv1::__class_type_info const*, void**) const
 .text._ZNSt9type_infoD0Ev
                0x00016288       0x14 c:/progra~2/codesourcery/source~1/bin/../lib/gcc/arm-none-eabi/4.6.1/../../../../arm-none-eabi/lib/thumb2\libstdc++.a(tinfo.o)
                0x00016288                std::type_info::~type_info()
 .text._ZNKSt9type_infoeqERKS_
                0x0001629c       0x3c c:/progra~2/codesourcery/source~1/bin/../lib/gcc/arm-none-eabi/4.6.1/../../../../arm-none-eabi/lib/thumb2\libstdc++.a(tinfo.o)
                0x0001629c                std::type_info::operator==(std::type_info const&) const
 .text._ZNKSt9type_info10__do_catchEPKS_PPvj
                0x000162d8        0x4 c:/progra~2/codesourcery/source~1/bin/../lib/gcc/arm-none-eabi/4.6.1/../../../../arm-none-eabi/lib/thumb2\libstdc++.a(tinfo.o)
                0x000162d8                std::type_info::__do_catch(std::type_info const*, void**, unsigned int) const
 .text._ZL12read_sleb128PKhPl
                0x000162dc       0x38 c:/progra~2/codesourcery/source~1/bin/../lib/gcc/arm-none-eabi/4.6.1/../../../../arm-none-eabi/lib/thumb2\libstdc++.a(eh_personality.o)
 .text._ZL28read_encoded_value_with_basehjPKhPj
                0x00016314       0xa4 c:/progra~2/codesourcery/source~1/bin/../lib/gcc/arm-none-eabi/4.6.1/../../../../arm-none-eabi/lib/thumb2\libstdc++.a(eh_personality.o)
 .text._ZL21base_of_encoded_valuehP15_Unwind_Context
                0x000163b8       0x4c c:/progra~2/codesourcery/source~1/bin/../lib/gcc/arm-none-eabi/4.6.1/../../../../arm-none-eabi/lib/thumb2\libstdc++.a(eh_personality.o)
 .text._ZL17parse_lsda_headerP15_Unwind_ContextPKhP16lsda_header_info.constprop.4
                0x00016404       0x8c c:/progra~2/codesourcery/source~1/bin/../lib/gcc/arm-none-eabi/4.6.1/../../../../arm-none-eabi/lib/thumb2\libstdc++.a(eh_personality.o)
 .text.__gxx_personality_v0
                0x00016490      0x3ec c:/progra~2/codesourcery/source~1/bin/../lib/gcc/arm-none-eabi/4.6.1/../../../../arm-none-eabi/lib/thumb2\libstdc++.a(eh_personality.o)
                0x00016490                __gxx_personality_v0
 .text.__cxa_begin_catch
                0x0001687c       0x98 c:/progra~2/codesourcery/source~1/bin/../lib/gcc/arm-none-eabi/4.6.1/../../../../arm-none-eabi/lib/thumb2\libstdc++.a(eh_catch.o)
                0x0001687c                __cxa_begin_catch
 .text.__cxa_end_catch
                0x00016914       0x94 c:/progra~2/codesourcery/source~1/bin/../lib/gcc/arm-none-eabi/4.6.1/../../../../arm-none-eabi/lib/thumb2\libstdc++.a(eh_catch.o)
                0x00016914                __cxa_end_catch
 .text._ZN9__gnu_cxx27__verbose_terminate_handlerEv
                0x000169a8      0x130 c:/progra~2/codesourcery/source~1/bin/../lib/gcc/arm-none-eabi/4.6.1/../../../../arm-none-eabi/lib/thumb2\libstdc++.a(vterminate.o)
                0x000169a8                __gnu_cxx::__verbose_terminate_handler()
 .text          0x00016ad8     0x9060 c:/progra~2/codesourcery/source~1/bin/../lib/gcc/arm-none-eabi/4.6.1/../../../../arm-none-eabi/lib/thumb2\libstdc++.a(cp-demangle.o)
                0x0001fa40                __cxa_demangle
                0x0001fb0c                __gcclibcxx_demangle_callback
 .text.__cxa_current_exception_type
                0x0001fb38       0x1c c:/progra~2/codesourcery/source~1/bin/../lib/gcc/arm-none-eabi/4.6.1/../../../../arm-none-eabi/lib/thumb2\libstdc++.a(eh_type.o)
                0x0001fb38                __cxa_current_exception_type
 .text          0x0001fb54       0x2c c:/progra~2/codesourcery/source~1/bin/../lib/gcc/arm-none-eabi/4.6.1/thumb2\libgcc.a(_aeabi_uldivmod.o)
                0x0001fb54                __aeabi_uldivmod
 .text          0x0001fb80       0x5c c:/progra~2/codesourcery/source~1/bin/../lib/gcc/arm-none-eabi/4.6.1/thumb2\libgcc.a(bpabi.o)
                0x0001fb80                __gnu_ldivmod_helper
                0x0001fbb0                __gnu_uldivmod_helper
 .text          0x0001fbdc      0xbd8 c:/progra~2/codesourcery/source~1/bin/../lib/gcc/arm-none-eabi/4.6.1/thumb2\libgcc.a(unwind-arm.o)
                0x0001fe98                _Unwind_VRS_Get
                0x0001fee4                _Unwind_VRS_Set
                0x00020278                __aeabi_unwind_cpp_pr2
                0x00020280                __aeabi_unwind_cpp_pr1
                0x00020288                __aeabi_unwind_cpp_pr0
                0x00020290                _Unwind_VRS_Pop
                0x00020658                _Unwind_GetCFA
                0x0002065c                __gnu_Unwind_RaiseException
                0x000206bc                __gnu_Unwind_ForcedUnwind
                0x000206d0                __gnu_Unwind_Resume
                0x0002070c                __gnu_Unwind_Resume_or_Rethrow
                0x00020724                _Unwind_Complete
                0x00020728                _Unwind_DeleteException
                0x00020738                __gnu_Unwind_Backtrace
 .text          0x000207b4      0x1ac c:/progra~2/codesourcery/source~1/bin/../lib/gcc/arm-none-eabi/4.6.1/thumb2\libgcc.a(libunwind.o)
                0x000207b4                __restore_core_regs
                0x000207b4                restore_core_regs
                0x000207cc                __gnu_Unwind_Restore_VFP
                0x000207d4                __gnu_Unwind_Save_VFP
                0x000207dc                __gnu_Unwind_Restore_VFP_D
                0x000207e4                __gnu_Unwind_Save_VFP_D
                0x000207ec                __gnu_Unwind_Restore_VFP_D_16_to_31
                0x000207f4                __gnu_Unwind_Save_VFP_D_16_to_31
                0x000207fc                __gnu_Unwind_Restore_WMMXD
                0x00020840                __gnu_Unwind_Save_WMMXD
                0x00020884                __gnu_Unwind_Restore_WMMXC
                0x00020898                __gnu_Unwind_Save_WMMXC
                0x000208ac                ___Unwind_RaiseException
                0x000208ac                _Unwind_RaiseException
                0x000208d0                _Unwind_Resume
                0x000208d0                ___Unwind_Resume
                0x000208f4                _Unwind_Resume_or_Rethrow
                0x000208f4                ___Unwind_Resume_or_Rethrow
                0x00020918                _Unwind_ForcedUnwind
                0x00020918                ___Unwind_ForcedUnwind
                0x0002093c                ___Unwind_Backtrace
                0x0002093c                _Unwind_Backtrace
 .text          0x00020960      0x3b8 c:/progra~2/codesourcery/source~1/bin/../lib/gcc/arm-none-eabi/4.6.1/thumb2\libgcc.a(pr-support.o)
                0x000209b4                __gnu_unwind_execute
                0x00020cbc                __gnu_unwind_frame
                0x00020ce8                _Unwind_GetRegionStart
                0x00020cf4                _Unwind_GetLanguageSpecificData
                0x00020d08                _Unwind_GetDataRelBase
                0x00020d10                _Unwind_GetTextRelBase
 .text          0x00020d18        0x4 c:/progra~2/codesourcery/source~1/bin/../lib/gcc/arm-none-eabi/4.6.1/thumb2\libgcc.a(_dvmd_tls.o)
                0x00020d18                __aeabi_idiv0
                0x00020d18                __aeabi_ldiv0
 .text          0x00020d1c      0x364 c:/progra~2/codesourcery/source~1/bin/../lib/gcc/arm-none-eabi/4.6.1/thumb2\libgcc.a(_divdi3.o)
                0x00020d1c                __divdi3
 .text          0x00021080      0x334 c:/progra~2/codesourcery/source~1/bin/../lib/gcc/arm-none-eabi/4.6.1/thumb2\libgcc.a(_udivdi3.o)
                0x00021080                __udivdi3
 *fill*         0x000213b4        0x4 00
 .text          0x000213b8      0x278 c:/progra~2/codesourcery/source~1/bin/../lib/gcc/arm-none-eabi/4.6.1/thumb2\libgcc.a(_udivsi3.o)
                0x000213b8                __aeabi_uidiv
                0x000213b8                __udivsi3
                0x00021614                __aeabi_uidivmod
 .text          0x00021630       0x10 c:/progra~2/codesourcery/source~1/bin/../lib/gcc/arm-none-eabi/4.6.1/../../../../arm-none-eabi/lib/thumb2\libc.a(lib_a-abort.o)
                0x00021630                abort
 .text          0x00021640       0xac c:/progra~2/codesourcery/source~1/bin/../lib/gcc/arm-none-eabi/4.6.1/../../../../arm-none-eabi/lib/thumb2\libc.a(lib_a-fputc.o)
                0x00021640                _fputc_r
                0x00021694                fputc
 .text          0x000216ec       0x94 c:/progra~2/codesourcery/source~1/bin/../lib/gcc/arm-none-eabi/4.6.1/../../../../arm-none-eabi/lib/thumb2\libc.a(lib_a-fputs.o)
                0x000216ec                _fputs_r
                0x0002176c                fputs
 .text          0x00021780      0x32c c:/progra~2/codesourcery/source~1/bin/../lib/gcc/arm-none-eabi/4.6.1/../../../../arm-none-eabi/lib/thumb2\libc.a(lib_a-fvwrite.o)
                0x00021780                __sfvwrite_r
 .text          0x00021aac       0xbc c:/progra~2/codesourcery/source~1/bin/../lib/gcc/arm-none-eabi/4.6.1/../../../../arm-none-eabi/lib/thumb2\libc.a(lib_a-fwrite.o)
                0x00021aac                _fwrite_r
                0x00021b44                fwrite
 .text          0x00021b68       0x50 c:/progra~2/codesourcery/source~1/bin/../lib/gcc/arm-none-eabi/4.6.1/../../../../arm-none-eabi/lib/thumb2\libc.a(lib_a-init.o)
                0x00021b68                __libc_init_array
 .text          0x00021bb8       0x20 c:/progra~2/codesourcery/source~1/bin/../lib/gcc/arm-none-eabi/4.6.1/../../../../arm-none-eabi/lib/thumb2\libc.a(lib_a-malloc.o)
                0x00021bb8                malloc
                0x00021bc8                free
 .text          0x00021bd8      0x57c c:/progra~2/codesourcery/source~1/bin/../lib/gcc/arm-none-eabi/4.6.1/../../../../arm-none-eabi/lib/thumb2\libc.a(lib_a-mallocr.o)
                0x00021bd8                _malloc_r
 .text          0x00022154       0x88 c:/progra~2/codesourcery/source~1/bin/../lib/gcc/arm-none-eabi/4.6.1/../../../../arm-none-eabi/lib/thumb2\libc.a(lib_a-memchr.o)
                0x00022154                memchr
 .text          0x000221dc       0x5c c:/progra~2/codesourcery/source~1/bin/../lib/gcc/arm-none-eabi/4.6.1/../../../../arm-none-eabi/lib/thumb2\libc.a(lib_a-memcmp.o)
                0x000221dc                memcmp
 .text          0x00022238       0xf0 c:/progra~2/codesourcery/source~1/bin/../lib/gcc/arm-none-eabi/4.6.1/../../../../arm-none-eabi/lib/thumb2\libc.a(lib_a-memcpy.o)
                0x00022238                memcpy
 .text          0x00022328       0xbc c:/progra~2/codesourcery/source~1/bin/../lib/gcc/arm-none-eabi/4.6.1/../../../../arm-none-eabi/lib/thumb2\libc.a(lib_a-memmove.o)
                0x00022328                memmove
 .text          0x000223e4       0x8c c:/progra~2/codesourcery/source~1/bin/../lib/gcc/arm-none-eabi/4.6.1/../../../../arm-none-eabi/lib/thumb2\libc.a(lib_a-memset.o)
                0x000223e4                memset
 .text          0x00022470        0x8 c:/progra~2/codesourcery/source~1/bin/../lib/gcc/arm-none-eabi/4.6.1/../../../../arm-none-eabi/lib/thumb2\libc.a(lib_a-mlock.o)
                0x00022470                __malloc_lock
                0x00022474                __malloc_unlock
 .text          0x00022478      0x138 c:/progra~2/codesourcery/source~1/bin/../lib/gcc/arm-none-eabi/4.6.1/../../../../arm-none-eabi/lib/thumb2\libc.a(lib_a-putc.o)
                0x00022478                _putc_r
                0x00022508                putc
 .text          0x000225b0      0x100 c:/progra~2/codesourcery/source~1/bin/../lib/gcc/arm-none-eabi/4.6.1/../../../../arm-none-eabi/lib/thumb2\libc.a(lib_a-rand.o)
                0x000225b0                srand
                0x0002260c                rand
 .text          0x000226b0       0x14 c:/progra~2/codesourcery/source~1/bin/../lib/gcc/arm-none-eabi/4.6.1/../../../../arm-none-eabi/lib/thumb2\libc.a(lib_a-realloc.o)
                0x000226b0                realloc
 .text          0x000226c4      0x3d8 c:/progra~2/codesourcery/source~1/bin/../lib/gcc/arm-none-eabi/4.6.1/../../../../arm-none-eabi/lib/thumb2\libc.a(lib_a-reallocr.o)
                0x000226c4                _realloc_r
 .text          0x00022a9c       0x28 c:/progra~2/codesourcery/source~1/bin/../lib/gcc/arm-none-eabi/4.6.1/../../../../arm-none-eabi/lib/thumb2\libc.a(lib_a-sbrkr.o)
                0x00022a9c                _sbrk_r
 .text          0x00022ac4      0x150 c:/progra~2/codesourcery/source~1/bin/../lib/gcc/arm-none-eabi/4.6.1/../../../../arm-none-eabi/lib/thumb2\libc.a(lib_a-signal.o)
                0x00022ac4                _init_signal_r
                0x00022af4                _signal_r
                0x00022b30                _raise_r
                0x00022b84                __sigtramp_r
                0x00022bd0                raise
                0x00022be0                signal
                0x00022bf4                _init_signal
                0x00022c04                __sigtramp
 .text          0x00022c14       0x2c c:/progra~2/codesourcery/source~1/bin/../lib/gcc/arm-none-eabi/4.6.1/../../../../arm-none-eabi/lib/thumb2\libc.a(lib_a-signalr.o)
                0x00022c14                _kill_r
                0x00022c3c                _getpid_r
 .text          0x00022c40       0x94 c:/progra~2/codesourcery/source~1/bin/../lib/gcc/arm-none-eabi/4.6.1/../../../../arm-none-eabi/lib/thumb2\libc.a(lib_a-sprintf.o)
                0x00022c40                _sprintf_r
                0x00022c84                sprintf
 .text          0x00022cd4       0xf0 c:/progra~2/codesourcery/source~1/bin/../lib/gcc/arm-none-eabi/4.6.1/../../../../arm-none-eabi/lib/thumb2\libc.a(lib_a-strchr.o)
                0x00022cd4                strchr
 .text          0x00022dc4      0x1dc c:/progra~2/codesourcery/source~1/bin/../lib/gcc/arm-none-eabi/4.6.1/../../../../arm-none-eabi/lib/thumb2\libc.a(lib_a-strcmp.o)
                0x00022dc4                strcmp
 .text          0x00022fa0       0xbc c:/progra~2/codesourcery/source~1/bin/../lib/gcc/arm-none-eabi/4.6.1/../../../../arm-none-eabi/lib/thumb2\libc.a(lib_a-strcpy.o)
                0x00022fa0                strcpy
 .text          0x0002305c       0x60 c:/progra~2/codesourcery/source~1/bin/../lib/gcc/arm-none-eabi/4.6.1/../../../../arm-none-eabi/lib/thumb2\libc.a(lib_a-strlen.o)
                0x0002305c                strlen
 .text          0x000230bc       0xa8 c:/progra~2/codesourcery/source~1/bin/../lib/gcc/arm-none-eabi/4.6.1/../../../../arm-none-eabi/lib/thumb2\libc.a(lib_a-strncmp.o)
                0x000230bc                strncmp
 .text          0x00023164       0x74 c:/progra~2/codesourcery/source~1/bin/../lib/gcc/arm-none-eabi/4.6.1/../../../../arm-none-eabi/lib/thumb2\libc.a(lib_a-strncpy.o)
                0x00023164                strncpy
 .text          0x000231d8       0x28 c:/progra~2/codesourcery/source~1/bin/../lib/gcc/arm-none-eabi/4.6.1/../../../../arm-none-eabi/lib/thumb2\libc.a(lib_a-strrchr.o)
                0x000231d8                strrchr
 .text          0x00023200     0x14d8 c:/progra~2/codesourcery/source~1/bin/../lib/gcc/arm-none-eabi/4.6.1/../../../../arm-none-eabi/lib/thumb2\libc.a(lib_a-svfprintf.o)
                0x00023200                _svfprintf_r
 .text          0x000246d8       0x1c c:/progra~2/codesourcery/source~1/bin/../lib/gcc/arm-none-eabi/4.6.1/../../../../arm-none-eabi/lib/thumb2\libc.a(lib_a-syswrite.o)
                0x000246d8                write
 .text          0x000246f4       0xfc c:/progra~2/codesourcery/source~1/bin/../lib/gcc/arm-none-eabi/4.6.1/../../../../arm-none-eabi/lib/thumb2\libc.a(lib_a-wbuf.o)
                0x000246f4                __swbuf_r
                0x000247dc                __swbuf
 .text          0x000247f0       0x2c c:/progra~2/codesourcery/source~1/bin/../lib/gcc/arm-none-eabi/4.6.1/../../../../arm-none-eabi/lib/thumb2\libc.a(lib_a-writer.o)
                0x000247f0                _write_r
 .text          0x0002481c       0xf8 c:/progra~2/codesourcery/source~1/bin/../lib/gcc/arm-none-eabi/4.6.1/../../../../arm-none-eabi/lib/thumb2\libc.a(lib_a-wsetup.o)
                0x0002481c                __swsetup_r
 *fill*         0x00024914        0x4 00
 .text          0x00024918     0x1030 c:/progra~2/codesourcery/source~1/bin/../lib/gcc/arm-none-eabi/4.6.1/../../../../arm-none-eabi/lib/thumb2\libc.a(lib_a-dtoa.o)
                0x00024a60                _dtoa_r
 .text          0x00025948      0x1e0 c:/progra~2/codesourcery/source~1/bin/../lib/gcc/arm-none-eabi/4.6.1/../../../../arm-none-eabi/lib/thumb2\libc.a(lib_a-fflush.o)
                0x00025948                _fflush_r
                0x00025b00                fflush
 .text          0x00025b28      0x1dc c:/progra~2/codesourcery/source~1/bin/../lib/gcc/arm-none-eabi/4.6.1/../../../../arm-none-eabi/lib/thumb2\libc.a(lib_a-findfp.o)
                0x00025b30                _cleanup_r
                0x00025b8c                __sfmoreglue
                0x00025bbc                _cleanup
                0x00025bcc                __sinit
                0x00025c28                __sfp
                0x00025cc4                __sfp_lock_acquire
                0x00025cc8                __sfp_lock_release
                0x00025ccc                __sinit_lock_acquire
                0x00025cd0                __sinit_lock_release
                0x00025cd4                __fp_lock_all
                0x00025cec                __fp_unlock_all
 .text          0x00025d04      0x234 c:/progra~2/codesourcery/source~1/bin/../lib/gcc/arm-none-eabi/4.6.1/../../../../arm-none-eabi/lib/thumb2\libc.a(lib_a-freer.o)
                0x00025d04                _malloc_trim_r
                0x00025da8                _free_r
 .text          0x00025f38       0xa0 c:/progra~2/codesourcery/source~1/bin/../lib/gcc/arm-none-eabi/4.6.1/../../../../arm-none-eabi/lib/thumb2\libc.a(lib_a-fwalk.o)
                0x00025f38                _fwalk
                0x00025f84                _fwalk_reent
 .text          0x00025fd8       0xa4 c:/progra~2/codesourcery/source~1/bin/../lib/gcc/arm-none-eabi/4.6.1/../../../../arm-none-eabi/lib/thumb2\libc.a(lib_a-locale.o)
                0x00025fd8                _setlocale_r
                0x00026034                __locale_charset
                0x00026040                __locale_mb_cur_max
                0x0002604c                __locale_msgcharset
                0x00026054                __locale_cjk_lang
                0x00026058                _localeconv_r
                0x00026060                setlocale
                0x00026074                localeconv
 .text          0x0002607c       0xe8 c:/progra~2/codesourcery/source~1/bin/../lib/gcc/arm-none-eabi/4.6.1/../../../../arm-none-eabi/lib/thumb2\libc.a(lib_a-makebuf.o)
                0x0002607c                __smakebuf_r
 .text          0x00026164      0x904 c:/progra~2/codesourcery/source~1/bin/../lib/gcc/arm-none-eabi/4.6.1/../../../../arm-none-eabi/lib/thumb2\libc.a(lib_a-mprec.o)
                0x00026164                _Balloc
                0x000261cc                _Bfree
                0x00026204                __multadd
                0x00026288                __s2b
                0x0002631c                __hi0bits
                0x00026358                __lo0bits
                0x000263b4                __i2b
                0x000263c8                __multiply
                0x00026504                __pow5mult
                0x000265a4                __lshift
                0x00026660                __mcmp
                0x000266a0                __mdiff
                0x00026780                __ulp
                0x000267c4                __b2d
                0x00026870                __d2b
                0x00026938                __ratio
                0x0002698c                _mprec_log10
                0x000269c0                __copybits
                0x00026a08                __any_on
 .text          0x00026a68       0x90 c:/progra~2/codesourcery/source~1/bin/../lib/gcc/arm-none-eabi/4.6.1/../../../../arm-none-eabi/lib/thumb2\libc.a(lib_a-s_fpclassify.o)
                0x00026a68                __fpclassifyd
 .text          0x00026af8       0x8c c:/progra~2/codesourcery/source~1/bin/../lib/gcc/arm-none-eabi/4.6.1/../../../../arm-none-eabi/lib/thumb2\libc.a(lib_a-stdio.o)
                0x00026af8                __sread
                0x00026b1c                __seofread
                0x00026b20                __swrite
                0x00026b58                __sseek
                0x00026b7c                __sclose
 .text          0x00026b84      0xb60 c:/progra~2/codesourcery/source~1/bin/../lib/gcc/arm-none-eabi/4.6.1/../../../../arm-none-eabi/lib/thumb2\libc.a(lib_a-svfiprintf.o)
                0x00026b84                __ssprint_r
                0x00026c9c                _svfiprintf_r
 .text          0x000276e4       0x60 c:/progra~2/codesourcery/source~1/bin/../lib/gcc/arm-none-eabi/4.6.1/../../../../arm-none-eabi/lib/thumb2\libc.a(lib_a-callocr.o)
                0x000276e4                _calloc_r
 .text          0x00027744       0x28 c:/progra~2/codesourcery/source~1/bin/../lib/gcc/arm-none-eabi/4.6.1/../../../../arm-none-eabi/lib/thumb2\libc.a(lib_a-closer.o)
                0x00027744                _close_r
 .text          0x0002776c       0xc4 c:/progra~2/codesourcery/source~1/bin/../lib/gcc/arm-none-eabi/4.6.1/../../../../arm-none-eabi/lib/thumb2\libc.a(lib_a-fclose.o)
                0x0002776c                _fclose_r
                0x00027820                fclose
 .text          0x00027830       0x28 c:/progra~2/codesourcery/source~1/bin/../lib/gcc/arm-none-eabi/4.6.1/../../../../arm-none-eabi/lib/thumb2\libc.a(lib_a-fstatr.o)
                0x00027830                _fstat_r
 .text          0x00027858       0x28 c:/progra~2/codesourcery/source~1/bin/../lib/gcc/arm-none-eabi/4.6.1/../../../../arm-none-eabi/lib/thumb2\libc.a(lib_a-isattyr.o)
                0x00027858                _isatty_r
 .text          0x00027880       0x2c c:/progra~2/codesourcery/source~1/bin/../lib/gcc/arm-none-eabi/4.6.1/../../../../arm-none-eabi/lib/thumb2\libc.a(lib_a-lseekr.o)
                0x00027880                _lseek_r
 .text          0x000278ac       0x2c c:/progra~2/codesourcery/source~1/bin/../lib/gcc/arm-none-eabi/4.6.1/../../../../arm-none-eabi/lib/thumb2\libc.a(lib_a-readr.o)
                0x000278ac                _read_r
 .text          0x000278d8      0x370 c:/progra~2/codesourcery/source~1/bin/../lib/gcc/arm-none-eabi/4.6.1/thumb2\libgcc.a(_arm_addsubdf3.o)
                0x000278d8                __aeabi_drsub
                0x000278e0                __aeabi_dsub
                0x000278e0                __subdf3
                0x000278e4                __aeabi_dadd
                0x000278e4                __adddf3
                0x00027b5c                __floatunsidf
                0x00027b5c                __aeabi_ui2d
                0x00027b7c                __floatsidf
                0x00027b7c                __aeabi_i2d
                0x00027ba0                __aeabi_f2d
                0x00027ba0                __extendsfdf2
                0x00027bdc                __floatundidf
                0x00027bdc                __aeabi_ul2d
                0x00027bec                __floatdidf
                0x00027bec                __aeabi_l2d
 .text          0x00027c48      0x424 c:/progra~2/codesourcery/source~1/bin/../lib/gcc/arm-none-eabi/4.6.1/thumb2\libgcc.a(_arm_muldivdf3.o)
                0x00027c48                __aeabi_dmul
                0x00027c48                __muldf3
                0x00027e9c                __divdf3
                0x00027e9c                __aeabi_ddiv
 .text          0x0002806c      0x110 c:/progra~2/codesourcery/source~1/bin/../lib/gcc/arm-none-eabi/4.6.1/thumb2\libgcc.a(_arm_cmpdf2.o)
                0x0002806c                __gtdf2
                0x0002806c                __gedf2
                0x00028074                __ltdf2
                0x00028074                __ledf2
                0x0002807c                __nedf2
                0x0002807c                __eqdf2
                0x0002807c                __cmpdf2
                0x000280f8                __aeabi_cdrcmple
                0x00028108                __aeabi_cdcmpeq
                0x00028108                __aeabi_cdcmple
                0x00028118                __aeabi_dcmpeq
                0x0002812c                __aeabi_dcmplt
                0x00028140                __aeabi_dcmple
                0x00028154                __aeabi_dcmpge
                0x00028168                __aeabi_dcmpgt
 .text          0x0002817c       0x50 c:/progra~2/codesourcery/source~1/bin/../lib/gcc/arm-none-eabi/4.6.1/thumb2\libgcc.a(_arm_fixdfsi.o)
                0x0002817c                __aeabi_d2iz
                0x0002817c                __fixdfsi
 *(.gnu.linkonce.t.*)
 *(.glue_7)
 .glue_7        0x00000000        0x0 linker stubs
 *(.glue_7t)
 .glue_7t       0x00000000        0x0 linker stubs
 *(.gcc_except_table)
 *(.rodata .rodata*)
 .rodata        0x000281cc       0x20 build\lib\source\lpc17xx_spi.o
 .rodata        0x000281ec       0x24 build\lib\source\lpc17xx_timer.o
 .rodata        0x00028210       0x20 build\lib\source\lpc17xx_uart.o
 .rodata        0x00028230       0x10 build\lib_sd\fat.o
 .rodata        0x00028240       0xc0 build\USBCDC\usbdesc.o
                0x00028240                USB_DeviceDescriptor
                0x00028254                USB_ConfigDescriptor
                0x00028298                USB_StringDescriptor
 .rodata        0x00028300       0x40 build\USBCDC\usbuser.o
                0x00028300                USB_P_EP
 .rodata        0x00028340       0x18 build\EepromMap.o
 .rodata        0x00028358       0x2c build\Host.o
 .rodata        0x00028384       0x10 build\LiquidCrystal.o
 *fill*         0x00028394        0x4 00
 .rodata._ZTV13LiquidCrystal
                0x00028398       0x10 build\LiquidCrystal.o
                0x00028398                vtable for LiquidCrystal
 .rodata._ZTS13LiquidCrystal
                0x000283a8       0x10 build\LiquidCrystal.o
                0x000283a8                typeinfo name for LiquidCrystal
 .rodata._ZTI13LiquidCrystal
                0x000283b8        0x8 build\LiquidCrystal.o
                0x000283b8                typeinfo for LiquidCrystal
 .rodata        0x000283c0       0x80 build\Main.o
 .rodata        0x00028440      0x318 build\Menu.o
                0x00028450                vtable for MainMenu
                0x00028478                vtable for MonitorMode
                0x00028490                vtable for CancelBuildMenu
                0x000284b8                vtable for SDMenu
                0x000284e0                vtable for SnakeMode
                0x000284f8                vtable for JogMode
                0x00028510                vtable for SplashScreen
                0x00028528                vtable for Menu
                0x00028550                typeinfo for MainMenu
                0x0002855c                typeinfo name for MainMenu
                0x00028568                typeinfo for MonitorMode
                0x00028574                typeinfo name for MonitorMode
                0x00028584                typeinfo for CancelBuildMenu
                0x00028590                typeinfo name for CancelBuildMenu
                0x000285a4                typeinfo for SDMenu
                0x000285b0                typeinfo name for SDMenu
                0x000285b8                typeinfo for SnakeMode
                0x000285c4                typeinfo name for SnakeMode
                0x000285d0                typeinfo for JogMode
                0x000285dc                typeinfo name for JogMode
                0x000285e8                typeinfo for SplashScreen
                0x000285f4                typeinfo name for SplashScreen
                0x00028604                typeinfo for Menu
                0x00028610                typeinfo name for Menu
 .rodata._ZTV6Screen
                0x00028758       0x18 build\Menu.o
                0x00028758                vtable for Screen
 .rodata._ZTS6Screen
                0x00028770        0x8 build\Menu.o
                0x00028770                typeinfo name for Screen
 .rodata._ZTI6Screen
                0x00028778        0x8 build\Menu.o
                0x00028778                typeinfo for Screen
 .rodata        0x00028780       0x78 build\Motherboard.o
 .rodata        0x000287f8        0x4 build\SDCard.o
 .rodata        0x000287fc       0x10 build\Steppers.o
 .rodata        0x0002880c       0x14 build\UART.o
 .rodata._ZTVN10__cxxabiv120__si_class_type_infoE