Archive member included because of file (symbol)

c:/progra~2/codesourcery/source~1/bin/../lib/gcc/arm-none-eabi/4.5.2/../../../../arm-none-eabi/lib/thumb2\libstdc++.a(si_class_type_info.o)
                              build\Menu.o (vtable for __cxxabiv1::__si_class_type_info)
c:/progra~2/codesourcery/source~1/bin/../lib/gcc/arm-none-eabi/4.5.2/../../../../arm-none-eabi/lib/thumb2\libstdc++.a(pure.o)
                              build\InterfaceBoard.o (__cxa_pure_virtual)
c:/progra~2/codesourcery/source~1/bin/../lib/gcc/arm-none-eabi/4.5.2/../../../../arm-none-eabi/lib/thumb2\libstdc++.a(class_type_info.o)
                              c:/progra~2/codesourcery/source~1/bin/../lib/gcc/arm-none-eabi/4.5.2/../../../../arm-none-eabi/lib/thumb2\libstdc++.a(si_class_type_info.o) (__cxxabiv1::__class_type_info::__do_upcast(__cxxabiv1::__class_type_info const*, void**) const)
c:/progra~2/codesourcery/source~1/bin/../lib/gcc/arm-none-eabi/4.5.2/../../../../arm-none-eabi/lib/thumb2\libstdc++.a(tinfo.o)
                              c:/progra~2/codesourcery/source~1/bin/../lib/gcc/arm-none-eabi/4.5.2/../../../../arm-none-eabi/lib/thumb2\libstdc++.a(class_type_info.o) (std::type_info::~type_info())
c:/progra~2/codesourcery/source~1/bin/../lib/gcc/arm-none-eabi/4.5.2/../../../../arm-none-eabi/lib/thumb2\libstdc++.a(eh_terminate.o)
                              c:/progra~2/codesourcery/source~1/bin/../lib/gcc/arm-none-eabi/4.5.2/../../../../arm-none-eabi/lib/thumb2\libstdc++.a(pure.o) (std::terminate())
c:/progra~2/codesourcery/source~1/bin/../lib/gcc/arm-none-eabi/4.5.2/../../../../arm-none-eabi/lib/thumb2\libstdc++.a(eh_call.o)
                              c:/progra~2/codesourcery/source~1/bin/../lib/gcc/arm-none-eabi/4.5.2/../../../../arm-none-eabi/lib/thumb2\libstdc++.a(eh_terminate.o) (__cxa_call_unexpected)
c:/progra~2/codesourcery/source~1/bin/../lib/gcc/arm-none-eabi/4.5.2/../../../../arm-none-eabi/lib/thumb2\libstdc++.a(eh_term_handler.o)
                              c:/progra~2/codesourcery/source~1/bin/../lib/gcc/arm-none-eabi/4.5.2/../../../../arm-none-eabi/lib/thumb2\libstdc++.a(eh_terminate.o) (__cxxabiv1::__terminate_handler)
c:/progra~2/codesourcery/source~1/bin/../lib/gcc/arm-none-eabi/4.5.2/../../../../arm-none-eabi/lib/thumb2\libstdc++.a(eh_personality.o)
                              c:/progra~2/codesourcery/source~1/bin/../lib/gcc/arm-none-eabi/4.5.2/../../../../arm-none-eabi/lib/thumb2\libstdc++.a(eh_terminate.o) (__gxx_personality_v0)
c:/progra~2/codesourcery/source~1/bin/../lib/gcc/arm-none-eabi/4.5.2/../../../../arm-none-eabi/lib/thumb2\libstdc++.a(eh_throw.o)
                              c:/progra~2/codesourcery/source~1/bin/../lib/gcc/arm-none-eabi/4.5.2/../../../../arm-none-eabi/lib/thumb2\libstdc++.a(eh_call.o) (__cxa_throw)
c:/progra~2/codesourcery/source~1/bin/../lib/gcc/arm-none-eabi/4.5.2/../../../../arm-none-eabi/lib/thumb2\libstdc++.a(eh_unex_handler.o)
                              c:/progra~2/codesourcery/source~1/bin/../lib/gcc/arm-none-eabi/4.5.2/../../../../arm-none-eabi/lib/thumb2\libstdc++.a(eh_terminate.o) (__cxxabiv1::__unexpected_handler)
c:/progra~2/codesourcery/source~1/bin/../lib/gcc/arm-none-eabi/4.5.2/../../../../arm-none-eabi/lib/thumb2\libstdc++.a(eh_globals.o)
                              c:/progra~2/codesourcery/source~1/bin/../lib/gcc/arm-none-eabi/4.5.2/../../../../arm-none-eabi/lib/thumb2\libstdc++.a(eh_call.o) (__cxa_get_globals_fast)
c:/progra~2/codesourcery/source~1/bin/../lib/gcc/arm-none-eabi/4.5.2/../../../../arm-none-eabi/lib/thumb2\libstdc++.a(eh_catch.o)
                              c:/progra~2/codesourcery/source~1/bin/../lib/gcc/arm-none-eabi/4.5.2/../../../../arm-none-eabi/lib/thumb2\libstdc++.a(eh_terminate.o) (__cxa_begin_catch)
c:/progra~2/codesourcery/source~1/bin/../lib/gcc/arm-none-eabi/4.5.2/../../../../arm-none-eabi/lib/thumb2\libstdc++.a(vterminate.o)
                              c:/progra~2/codesourcery/source~1/bin/../lib/gcc/arm-none-eabi/4.5.2/../../../../arm-none-eabi/lib/thumb2\libstdc++.a(eh_term_handler.o) (__gnu_cxx::__verbose_terminate_handler())
c:/progra~2/codesourcery/source~1/bin/../lib/gcc/arm-none-eabi/4.5.2/../../../../arm-none-eabi/lib/thumb2\libstdc++.a(eh_exception.o)
                              c:/progra~2/codesourcery/source~1/bin/../lib/gcc/arm-none-eabi/4.5.2/../../../../arm-none-eabi/lib/thumb2\libstdc++.a(eh_call.o) (std::bad_exception::~bad_exception())
c:/progra~2/codesourcery/source~1/bin/../lib/gcc/arm-none-eabi/4.5.2/../../../../arm-none-eabi/lib/thumb2\libstdc++.a(eh_type.o)
                              c:/progra~2/codesourcery/source~1/bin/../lib/gcc/arm-none-eabi/4.5.2/../../../../arm-none-eabi/lib/thumb2\libstdc++.a(vterminate.o) (__cxa_current_exception_type)
c:/progra~2/codesourcery/source~1/bin/../lib/gcc/arm-none-eabi/4.5.2/../../../../arm-none-eabi/lib/thumb2\libstdc++.a(eh_arm.o)
[...]
Memory Configuration

Name             Origin             Length             Attributes
rom              0x00003000         0x0007d000         xr
ram              0x10001000         0x00007000         xrw
ram1             0x2007c000         0x00004000         xrw
ram2             0x20080000         0x00004000         xrw
*default*        0x00000000         0xffffffff

Linker script and memory map

LOAD c:/progra~2/codesourcery/source~1/bin/../lib/gcc/arm-none-eabi/4.5.2/thumb2/crti.o
LOAD c:/progra~2/codesourcery/source~1/bin/../lib/gcc/arm-none-eabi/4.5.2/thumb2/crtbegin.o
LOAD build\system\core_cm3.o
LOAD build\system\syscalls.o
LOAD build\system\system_LPC17xx.o
LOAD build\system\mini_cpp.o
LOAD build\system\startup_LPC17xx.o
LOAD build\lib\source\Uart32.o
LOAD build\lib\source\debug_frmwrk.o
LOAD build\lib\source\lpc17xx_adc.o
LOAD build\lib\source\lpc17xx_clkpwr.o
LOAD build\lib\source\lpc17xx_gpio.o
LOAD build\lib\source\lpc17xx_i2c.o
LOAD build\lib\source\lpc17xx_libcfg_default.o
LOAD build\lib\source\lpc17xx_nvic.o
LOAD build\lib\source\lpc17xx_pinsel.o
LOAD build\lib\source\lpc17xx_spi.o
LOAD build\lib\source\lpc17xx_timer.o
LOAD build\lib\source\lpc17xx_uart.o
LOAD build\lib_sd\byteordering.o
LOAD build\lib_sd\fat.o
LOAD build\lib_sd\partition.o
LOAD build\lib_sd\sd_raw.o
LOAD build\IAP_internal_flash_write\IAP.o
LOAD build\VCOM_GV\intenable.o
LOAD build\VCOM_GV\serial_fifo.o
LOAD build\VCOM_GV\usbSerial.o
LOAD build\VCOM_GV\usbcontrol.o
LOAD build\VCOM_GV\usbhw_lpc.o
LOAD build\VCOM_GV\usbinit.o
LOAD build\VCOM_GV\usbstdreq.o
LOAD src\shared\PID.o
LOAD src\shared\Packet.o
LOAD build\Command.o
LOAD build\DebugPacketProcessor.o
LOAD build\Delay.o
LOAD build\EepromMap.o
LOAD build\Host.o
LOAD build\Interface.o
LOAD build\InterfaceBoard.o
LOAD build\LPCPort.o
LOAD build\LiquidCrystal.o
LOAD build\Main.o
LOAD build\Menu.o
LOAD build\Microsteps.o
LOAD build\Motherboard.o
LOAD build\PID.o
LOAD build\Packet.o
LOAD build\SDCard.o
LOAD build\StepperInterface.o
LOAD build\Steppers.o
LOAD build\Timeout.o
LOAD build\Tool.o
LOAD build\UART.o
                0x10008000                PROVIDE (__cs3_stack, (__cs3_region_start_ram + __cs3_region_size_ram))
                0x00005030                PROVIDE (__cs3_stack_size, ((__cs3_region_start_ram + __cs3_region_size_ram) - _end))
                0x10002fd0                PROVIDE (__cs3_heap_start, _end)
                0x10008000                PROVIDE (__cs3_heap_end, (__cs3_region_start_ram + __cs3_region_size_ram))

.text           0x00003000    0x29410
 CREATE_OBJECT_SYMBOLS
                0x00003000                __cs3_region_start_rom = .
 *(.cs3.region-head.rom)
                0x00003000                __cs3_interrupt_vector = __cs3_interrupt_vector_cortex_m
 *(.cs3.interrupt_vector)
 .cs3.interrupt_vector
                0x00003000       0xcc build\system\startup_LPC17xx.o
                0x00003000                __cs3_interrupt_vector_cortex_m
                0x00003001                ASSERT ((. != __cs3_interrupt_vector_cortex_m), No interrupt vector)
 *(.rom)
 *(.rom.b)
                0x000030cc                __cs3_reset = __cs3_reset_cortex_m
 *(.cs3.reset)
 .cs3.reset     0x000030cc       0x10 build\system\startup_LPC17xx.o
                0x000030cc                __cs3_reset_cortex_m
                0x00003001                ASSERT ((. != __cs3_reset), No reset code)
 *(.text .text.* .gnu.linkonce.t.*)
 .text          0x000030dc        0x0 c:/progra~2/codesourcery/source~1/bin/../lib/gcc/arm-none-eabi/4.5.2/thumb2/crti.o
 .text          0x000030dc       0x30 c:/progra~2/codesourcery/source~1/bin/../lib/gcc/arm-none-eabi/4.5.2/thumb2/crtbegin.o
 .text          0x0000310c        0x0 build\system\core_cm3.o
 .text          0x0000310c      0x188 build\system\syscalls.o
                0x0000310c                _kill
                0x00003134                _exit
                0x00003140                _getpid
                0x00003150                get_heap_end
                0x00003164                get_stack_top
                0x00003178                _sbrk
                0x000031cc                _close
                0x000031e4                _fstat
                0x00003208                _isatty
                0x00003220                _lseek
                0x0000323c                _read
                0x00003258                _write
 .text          0x00003294      0x318 build\system\system_LPC17xx.o
                0x00003294                SystemCoreClockUpdate
                0x0000343c                SystemInit
 .text          0x000035ac       0x6c build\system\mini_cpp.o
                0x000035ac                operator new(unsigned int)
                0x000035c8                operator new[](unsigned int)
                0x000035e4                operator delete(void*)
                0x000035fc                __aeabi_atexit
 .text          0x00003618       0x14 build\system\startup_LPC17xx.o
                0x00003618                NMI_Handler
                0x0000361a                HardFault_Handler
                0x0000361c                MemManage_Handler
                0x0000361e                BusFault_Handler
                0x00003620                UsageFault_Handler
                0x00003622                SVC_Handler
                0x00003624                DebugMon_Handler
                0x00003626                PendSV_Handler
                0x00003628                SysTick_Handler
                0x0000362a                PWM1_IRQHandler
                0x0000362a                I2C1_IRQHandler
                0x0000362a                EINT2_IRQHandler
                0x0000362a                EINT3_IRQHandler
                0x0000362a                CANActivity_IRQHandler
                0x0000362a                TIMER3_IRQHandler
                0x0000362a                UART0_IRQHandler
                0x0000362a                I2C0_IRQHandler
                0x0000362a                RIT_IRQHandler
                0x0000362a                CAN_IRQHandler
                0x0000362a                PLL1_IRQHandler
                0x0000362a                SSP0_IRQHandler
                0x0000362a                I2S_IRQHandler
                0x0000362a                I2C2_IRQHandler
                0x0000362a                RTC_IRQHandler
                0x0000362a                SPI_IRQHandler
                0x0000362a                EINT1_IRQHandler
                0x0000362a                UART2_IRQHandler
                0x0000362a                Default_Handler
                0x0000362a                ADC_IRQHandler
                0x0000362a                SSP1_IRQHandler
                0x0000362a                BOD_IRQHandler
                0x0000362a                USBActivity_IRQHandler
                0x0000362a                WDT_IRQHandler
                0x0000362a                PLL0_IRQHandler
                0x0000362a                QEI_IRQHandler
                0x0000362a                EINT0_IRQHandler
                0x0000362a                DMA_IRQHandler
                0x0000362a                TIMER2_IRQHandler
                0x0000362a                UART3_IRQHandler
                0x0000362a                MCPWM_IRQHandler
                0x0000362a                ENET_IRQHandler
 .text          0x0000362c       0xe4 build\lib\source\Uart32.o
                0x0000362c                UART_8
                0x0000364c                UART_32_DEC
                0x000036ac                UART_32_HEX
 .text          0x00003710      0x75c build\lib\source\debug_frmwrk.o
                0x00003710                UARTPutChar
                0x00003738                UARTGetChar
                0x00003768                UARTPuts
                0x0000379c                UARTPuts_
                0x000037c4                UARTPutDec
                0x0000387c                UARTPutDec16
                0x000039b8                UARTPutDec32
                0x00003c1c                UARTPutHex
                0x00003c90                UARTPutHex16
                0x00003d04                UARTPutHex32
                0x00003d74                debug_frmwrk_init
 .text          0x00003e6c      0x518 build\lib\source\lpc17xx_adc.o
                0x00003e6c                ADC_Init
                0x00003f04                ADC_DeInit
                0x00003f48                ADC_GetData
                0x00003f7c                ADC_StartCmd
                0x00004000                ADC_BurstCmd
                0x0000404c                ADC_PowerdownCmd
                0x00004098                ADC_EdgeStartConfig
                0x000040fc                ADC_IntConfig
                0x000041a0                ADC_ChannelCmd
                0x00004208                ADC_ChannelGetData
                0x0000425c                ADC_ChannelGetStatus
                0x000042e0                ADC_GlobalGetData
                0x00004310                ADC_GlobalGetStatus
 .text          0x00004384      0x250 build\lib\source\lpc17xx_clkpwr.o
                0x00004384                CLKPWR_SetPCLKDiv
                0x00004424                CLKPWR_GetPCLKSEL
                0x00004470                CLKPWR_GetPCLK
                0x000044e0                CLKPWR_ConfigPPWR
                0x00004540                CLKPWR_Sleep
                0x0000455c                CLKPWR_DeepSleep
                0x00004584                CLKPWR_PowerDown
                0x000045ac                CLKPWR_DeepPowerDown
 .text          0x000045d4      0x860 build\lib\source\lpc17xx_gpio.o
                0x00004730                GPIO_SetDir
                0x0000477c                GPIO_SetValue
                0x000047a8                GPIO_ClearValue
                0x000047d4                GPIO_ReadValue
                0x00004804                GPIO_IntCmd
                0x00004874                GPIO_GetIntStatus
                0x00004918                GPIO_ClearInt
                0x00004950                FIO_SetDir
                0x00004978                FIO_SetValue
                0x00004998                FIO_ClearValue
                0x000049b8                FIO_ReadValue
                0x000049d8                FIO_IntCmd
                0x00004a00                FIO_GetIntStatus
                0x00004a2c                FIO_ClearInt
                0x00004a4c                FIO_SetMask
                0x00004a98                FIO_HalfWordSetDir
                0x00004b34                FIO_HalfWordSetMask
                0x00004bd0                FIO_HalfWordSetValue
                0x00004c10                FIO_HalfWordClearValue
                0x00004c50                FIO_HalfWordReadValue
                0x00004c94                FIO_ByteSetDir
                0x00004d04                FIO_ByteSetMask
                0x00004d7c                FIO_ByteSetValue
                0x00004db8                FIO_ByteClearValue
                0x00004df4                FIO_ByteReadValue
 .text          0x00004e34     0x1348 build\lib\source\lpc17xx_i2c.o
                0x000050c4                I2C_Init
                0x00005180                I2C_DeInit
                0x0000520c                I2C_Cmd
                0x00005280                I2C_IntCmd
                0x00005310                I2C_MasterHandler
                0x000056d4                I2C_SlaveHandler
                0x000058a8                I2C_MasterTransferData
                0x00005bdc                I2C_SlaveTransferData
                0x00005e3c                I2C_SetOwnSlaveAddr
                0x00005f40                I2C_MonitorModeConfig
                0x00005fc8                I2C_MonitorModeCmd
                0x00006068                I2C_MonitorGetDatabuffer
                0x000060b4                I2C_MonitorHandler
                0x0000610c                I2C_MasterTransferComplete
                0x00006144                I2C_SlaveTransferComplete
 .text          0x0000617c        0xc build\lib\source\lpc17xx_libcfg_default.o
                0x0000617c                check_failed
 .text          0x00006188       0xfc build\lib\source\lpc17xx_nvic.o
                0x00006188                NVIC_DeInit
                0x000061e8                NVIC_SCBDeInit
                0x00006268                NVIC_SetVTOR
 .text          0x00006284      0x284 build\lib\source\lpc17xx_pinsel.o
                0x00006438                PINSEL_ConfigTraceFunc
                0x00006478                PINSEL_SetI2C0Pins
                0x000064b4                PINSEL_ConfigPin
 .text          0x00006508      0x58c build\lib\source\lpc17xx_spi.o
                0x00006508                SPI_SetClock
                0x00006584                SPI_DeInit
                0x000065c4                SPI_GetDataSize
                0x00006600                SPI_Init
                0x00006698                SPI_ConfigStructInit
                0x000066dc                SPI_SendData
                0x00006710                SPI_ReceiveData
                0x00006744                SPI_ReadWrite
                0x00006938                SPI_IntCmd
                0x000069a0                SPI_GetIntStatus
                0x000069d8                SPI_ClearIntPending
                0x00006a0c                SPI_GetStatus
                0x00006a40                SPI_CheckStatus
 .text          0x00006a94      0xab0 build\lib\source\lpc17xx_timer.o
                0x00006bc0                TIM_GetIntStatus
                0x00006c68                TIM_GetIntCaptureStatus
                0x00006d14                TIM_ClearIntPending
                0x00006da0                TIM_ClearIntCapturePending
                0x00006e30                TIM_ConfigStructInit
                0x00006e70                TIM_Init
                0x00007018                TIM_DeInit
                0x000070c0                TIM_Cmd
                0x00007130                TIM_ResetCounter
                0x00007194                TIM_ConfigMatch
                0x00007344                TIM_UpdateMatchValue
                0x000073d4                TIM_ConfigCapture
                0x000074cc                TIM_GetCaptureValue
 .text          0x00007544     0x16c0 build\lib\source\lpc17xx_uart.o
                0x0000784c                UART_Init
                0x00007b70                UART_DeInit
                0x00007c18                UART_ConfigStructInit
                0x00007c4c                UART_SendByte
                0x00007cb4                UART_ReceiveByte
                0x00007d1c                UART_Send
                0x00007e28                UART_Receive
                0x00007f00                UART_ForceBreak
                0x00007f78                UART_IntConfig
                0x00008110                UART_GetLineStatus
                0x00008178                UART_GetIntId
                0x000081d4                UART_CheckBusy
                0x00008200                UART_FIFOConfig
                0x0000835c                UART_FIFOConfigStructInit
                0x00008390                UART_ABCmd
                0x000084d8                UART_ABClearIntPending
                0x0000854c                UART_TxCmd
                0x00008618                UART_IrDAInvtInputCmd
                0x00008694                UART_IrDACmd
                0x00008708                UART_IrDAPulseDivConfig
                0x000087a8                UART_FullModemForcePinState
                0x00008864                UART_FullModemConfigMode
                0x0000892c                UART_FullModemGetStatus
                0x00008960                UART_RS485Config
                0x00008ae8                UART_RS485ReceiverCmd
                0x00008b30                UART_RS485Send
                0x00008bb4                UART_RS485SendSlvAddr
                0x00008bdc                UART_RS485SendData
 .text          0x00008c04       0xf8 build\lib_sd\byteordering.o
                0x00008c04                read16
                0x00008c34                read32
                0x00008c78                write16
                0x00008ca8                write32
 .text          0x00008cfc     0x1cb8 build\lib_sd\fat.o
                0x00008cfc                fat_open
                0x00008d98                fat_close
                0x00009380                fat_get_dir_entry_of_path
                0x000094b8                fat_open_file
                0x00009560                fat_close_file
                0x00009580                fat_read_file
                0x00009710                fat_write_file
                0x00009930                fat_seek_file
                0x000099cc                fat_resize_file
                0x00009b10                fat_open_dir
                0x00009bac                fat_close_dir
                0x00009bcc                fat_read_dir
                0x00009d54                fat_reset_dir
                0x0000a58c                fat_create_file
                0x0000a648                fat_delete_file
                0x0000a700                fat_create_dir
                0x0000a884                fat_get_fs_size
                0x0000a8b8                fat_get_fs_free
 .text          0x0000a9b4      0x16c build\lib_sd\partition.o
                0x0000a9b4                partition_open
                0x0000aaf4                partition_close
 .text          0x0000ab20      0xae4 build\lib_sd\sd_raw.o
                0x0000ab20                sd_raw_init
                0x0000ada0                sd_raw_available
                0x0000adb4                sd_raw_locked
                0x0000aee4                sd_raw_read
                0x0000b010                sd_raw_read_interval
                0x0000b090                sd_raw_write
                0x0000b1fc                sd_raw_write_interval
                0x0000b298                sd_raw_sync
                0x0000b2e4                sd_raw_get_info
 .text          0x0000b604      0x214 build\IAP_internal_flash_write\IAP.o
                0x0000b604                IAP::read_ID()
                0x0000b638                IAP::read_serial()
                0x0000b66c                IAP::blank_check(int, int)
                0x0000b6b0                IAP::erase(int, int)
                0x0000b700                IAP::prepare(int, int)
                0x0000b744                IAP::write(char*, char*, int)
                0x0000b79c                IAP::compare(char*, char*, int)
                0x0000b7e8                IAP::reserved_flash_area_start()
                0x0000b800                IAP::reserved_flash_area_size()
 .text          0x0000b818       0xb4 build\VCOM_GV\intenable.o
                0x0000b8a4                enable_USB_interrupts
 .text          0x0000b8cc      0x164 build\VCOM_GV\serial_fifo.o
                0x0000b8cc                fifo_init
                0x0000b8f8                fifo_put
                0x0000b960                fifo_get
                0x0000b9cc                fifo_avail
                0x0000ba0c                fifo_free
 .text          0x0000ba30      0x8ac build\VCOM_GV\usbSerial.o
                0x0000bb94                VCOM_init
                0x0000bbbc                VCOM_putchar
                0x0000bbec                VCOM_getchar
                0x0000bc48                usbSerialInit
                0x0000bcbc                VCOM_puts
                0x0000bce8                VCOM_putc
                0x0000bd0c                VCOM_getc
                0x0000bd38                VCOM_putHex
                0x0000bd9c                VCOM_gets
                0x0000bde0                VCOM_getc_echo
                0x0000be04                VCOM_gets_echo
                0x0000be48                xatoi
                0x0000bfcc                xitoa
                0x0000c128                VCOM_printf
 .text          0x0000c2dc      0x27c build\VCOM_GV\usbcontrol.o
                0x0000c3b0                USBHandleControlTransfer
                0x0000c524                USBRegisterRequestHandler
 .text          0x0000c558      0x76c build\VCOM_GV\usbhw_lpc.o
                0x0000c6c0                USBHwEPConfig
                0x0000c704                USBHwRegisterEPIntHandler
                0x0000c77c                USBHwRegisterDevIntHandler
                0x0000c7ac                USBHwRegisterFrameHandler
                0x0000c7dc                USBHwSetAddress
                0x0000c800                USBHwConnect
                0x0000c828                USBHwNakIntEnable
                0x0000c848                USBHwEPGetStatus
                0x0000c880                USBHwEPStall
                0x0000c8d0                USBHwEPWrite
                0x0000c984                USBHwEPRead
                0x0000ca6c                USBHwConfigDevice
                0x0000ca94                USBHwISR
                0x0000cbec                USBHwInit
 .text          0x0000ccc4       0x74 build\VCOM_GV\usbinit.o
                0x0000ccd8                USBInit
 .text          0x0000cd38      0x4c0 build\VCOM_GV\usbstdreq.o
                0x0000cd38                USBRegisterDescriptors
                0x0000cd54                USBGetDescriptor
                0x0000d160                USBHandleStandardRequest
                0x0000d1dc                USBRegisterCustomReqHandler
 .text          0x0000d1f8      0x28c src\shared\PID.o
                0x0000d1f8                PID::reset()
                0x0000d230                PID::reset_state()
                0x0000d2b4                PID::calculate(int)
                0x0000d40c                PID::setTarget(int)
                0x0000d434                PID::getErrorTerm()
                0x0000d44c                PID::getDeltaTerm()
                0x0000d46c                PID::getLastOutput()
 .text          0x0000d484      0x54c src\shared\Packet.o
                0x0000d484                _crc_ibutton_update(unsigned char, unsigned char)
                0x0000d4f4                Packet::appendByte(unsigned char)
                0x0000d554                Packet::reset()
                0x0000d58c                InPacket::InPacket()
                0x0000d58c                InPacket::InPacket()
                0x0000d5b0                InPacket::reset()
                0x0000d5c8                InPacket::processByte(unsigned char)
                0x0000d6f0                Packet::read8(unsigned char) const
                0x0000d714                Packet::read16(unsigned char) const
                0x0000d754                Packet::read32(unsigned char) const
                0x0000d7ac                OutPacket::OutPacket()
                0x0000d7ac                OutPacket::OutPacket()
                0x0000d7d0                OutPacket::reset()
                0x0000d7f4                OutPacket::prepareForResend()
                0x0000d824                OutPacket::getNextByteToSend()
                0x0000d920                OutPacket::append8(unsigned char)
                0x0000d940                OutPacket::append16(unsigned short)
                0x0000d978                OutPacket::append32(unsigned long)
 .text._ZN6Packet5errorEh
                0x0000d9d0       0x24 src\shared\Packet.o
                0x0000d9d0                Packet::error(unsigned char)
 .text._ZN6PacketC2Ev
                0x0000d9f4       0x18 src\shared\Packet.o
                0x0000d9f4                Packet::Packet()
                0x0000d9f4                Packet::Packet()
 .text          0x0000da0c      0xb68 build\Command.o
                0x0000da0c                command::getRemainingCapacity()
                0x0000da2c                command::pause(bool)
                0x0000da4c                command::isPaused()
                0x0000da60                command::isEmpty()
                0x0000da74                command::push(unsigned char)
                0x0000da94                command::pop8()
                0x0000daa8                command::pop16()
                0x0000dad4                command::pop32()
                0x0000db14                command::reset()
                0x0000db30                command::runCommandSlice()
 .text._ZN5PointC2Elllll
                0x0000e574       0x3c build\Command.o
                0x0000e574                Point::Point(long, long, long, long, long)
                0x0000e574                Point::Point(long, long, long, long, long)
 .text._ZN5PointC2Elll
                0x0000e5b0       0x64 build\Command.o
                0x0000e5b0                Point::Point(long, long, long)
                0x0000e5b0                Point::Point(long, long, long)
 .text._ZNK5PointixEj
                0x0000e614       0x20 build\Command.o
                0x0000e614                Point::operator[](unsigned int) const
 .text._ZN5PointixEj
                0x0000e634       0x20 build\Command.o
                0x0000e634                Point::operator[](unsigned int)
 .text._ZNK6Packet8hasErrorEv
                0x0000e654       0x28 build\Command.o
                0x0000e654                Packet::hasError() const
 .text._ZN19CircularBufferTemplIhEC2EtPh
                0x0000e67c       0x48 build\Command.o
                0x0000e67c                CircularBufferTempl<unsigned char>::CircularBufferTempl(unsigned short, unsigned char*)
                0x0000e67c                CircularBufferTempl<unsigned char>::CircularBufferTempl(unsigned short, unsigned char*)
 .text._ZNK19CircularBufferTemplIhE20getRemainingCapacityEv
                0x0000e6c4       0x24 build\Command.o
                0x0000e6c4                CircularBufferTempl<unsigned char>::getRemainingCapacity() const
 .text._ZNK19CircularBufferTemplIhE7isEmptyEv
                0x0000e6e8       0x24 build\Command.o
                0x0000e6e8                CircularBufferTempl<unsigned char>::isEmpty() const
 .text._ZN19CircularBufferTemplIhE4pushEh
                0x0000e70c       0x5c build\Command.o
                0x0000e70c                CircularBufferTempl<unsigned char>::push(unsigned char)
 .text._ZN19CircularBufferTemplIhE3popEv
                0x0000e768       0x6c build\Command.o
                0x0000e768                CircularBufferTempl<unsigned char>::pop()
 .text._ZN19CircularBufferTemplIhE5resetEv
                0x0000e7d4       0x34 build\Command.o
                0x0000e7d4                CircularBufferTempl<unsigned char>::reset()
 .text._ZNK19CircularBufferTemplIhE9getLengthEv
                0x0000e808       0x1c build\Command.o
                0x0000e808                CircularBufferTempl<unsigned char>::getLength() const
 .text._ZN19CircularBufferTemplIhEixEt
                0x0000e824       0x3c build\Command.o
                0x0000e824                CircularBufferTempl<unsigned char>::operator[](unsigned short)
 .text          0x0000e860      0x334 build\DebugPacketProcessor.o
                0x0000e860                processDebugPacket(InPacket const&, OutPacket&)
 .text._ZNK6Packet9getLengthEv
                0x0000eb94       0x1c build\DebugPacketProcessor.o
                0x0000eb94                Packet::getLength() const
 .text._ZN11Motherboard8getBoardEv
                0x0000ebb0       0x14 build\DebugPacketProcessor.o
                0x0000ebb0                Motherboard::getBoard()
 .text          0x0000ebc4      0x140 build\Delay.o
                0x0000ebc4                few_ticks
                0x0000ec8c                _delay_us
                0x0000ecc4                _delay_ms
                0x0000ece4                _delay_s
 .text          0x0000ed04      0x798 build\EepromMap.o
                0x0000ed04                print_menu()
                0x0000ed4c                test_uart()
                0x0000ee0c                test_led(unsigned char)
                0x0000ee7c                test_led2(unsigned char)
                0x0000eeec                test_led3(unsigned char)
                0x0000ef5c                test_u()
                0x0000efd0                UART_8(LPC_UART_TypeDef*, unsigned char)
                0x0000eff0                UART_32_DEC(LPC_UART_TypeDef*, unsigned long)
                0x0000f050                UART_32_HEX(LPC_UART_TypeDef*, unsigned long)
                0x0000f0b4                read_all_from_flash()
                0x0000f114                save_to_flash()
                0x0000f160                microstep_pinout(unsigned char)
                0x0000f238                eeprom::init()
                0x0000f328                eeprom::getEeprom8(unsigned long, unsigned char)
                0x0000f354                eeprom::getEeprom16(unsigned long, unsigned short)
 .text._ZN3IAPC2Ev
                0x0000f49c       0x3c build\EepromMap.o
                0x0000f49c                IAP::IAP()
                0x0000f49c                IAP::IAP()
 .text          0x0000f4d8      0x7a4 build\Host.o
                0x0000f4d8                host::runHostSlice()
                0x0000f664                host::processCommandPacket(InPacket const&, OutPacket&)
                0x0000f74c                host::doToolPause(OutPacket&)
                0x0000f868                host::processQueryPacket(InPacket const&, OutPacket&)
                0x0000fa50                host::getMachineName()
                0x0000fae4                host::getBuildName()
                0x0000faf8                host::getHostState()
                0x0000fb0c                host::startBuildFromSD()
                0x0000fb44                host::stopBuild()
 .text._ZNK6Packet12getErrorCodeEv
                0x0000fc7c       0x1c build\Host.o
                0x0000fc7c                Packet::getErrorCode() const
 .text._ZNK6Packet7getDataEv
                0x0000fc98       0x1c build\Host.o
                0x0000fc98                Packet::getData() const
 .text._ZNK8InPacket10isFinishedEv
                0x0000fcb4       0x28 build\Host.o
                0x0000fcb4                InPacket::isFinished() const
 .text._ZNK8InPacket9isStartedEv
                0x0000fcdc       0x28 build\Host.o
                0x0000fcdc                InPacket::isStarted() const
 .text._ZN8InPacket7timeoutEv
                0x0000fd04       0x1c build\Host.o
                0x0000fd04                InPacket::timeout()
 .text._ZNK9OutPacket9isSendingEv
                0x0000fd20       0x38 build\Host.o
                0x0000fd20                OutPacket::isSending() const
 .text._ZN4UART11getHostUARTEv
                0x0000fd58       0x14 build\Host.o
                0x0000fd58                UART::getHostUART()
 .text._ZNK7Timeout8isActiveEv
                0x0000fd6c       0x18 build\Host.o
                0x0000fd6c                Timeout::isActive() const
 .text._ZN11Motherboard19getStepperInterfaceEi
                0x0000fd84       0x28 build\Host.o
                0x0000fd84                Motherboard::getStepperInterface(int)
 .text._ZN4host13handleVersionERK8InPacketR9OutPacket
                0x0000fdac       0x28 build\Host.o
                0x0000fdac                host::handleVersion(InPacket const&, OutPacket&)
 .text._ZN4host18handleGetBuildNameERK8InPacketR9OutPacket
                0x0000fdd4       0x5c build\Host.o
                0x0000fdd4                host::handleGetBuildName(InPacket const&, OutPacket&)
 .text._ZN4host19handleGetBufferSizeERK8InPacketR9OutPacket
                0x0000fe30       0x2c build\Host.o
                0x0000fe30                host::handleGetBufferSize(InPacket const&, OutPacket&)
 .text._ZN4host17handleGetPositionERK8InPacketR9OutPacket
                0x0000fe5c      0x110 build\Host.o
                0x0000fe5c                host::handleGetPosition(InPacket const&, OutPacket&)
 .text._ZN4host20handleGetPositionExtERK8InPacketR9OutPacket
                0x0000ff6c      0x148 build\Host.o
                0x0000ff6c                host::handleGetPositionExt(InPacket const&, OutPacket&)
 .text._ZN4host19handleCaptureToFileERK8InPacketR9OutPacket
                0x000100b4       0x3c build\Host.o
                0x000100b4                host::handleCaptureToFile(InPacket const&, OutPacket&)
 .text._ZN4host16handleEndCaptureERK8InPacketR9OutPacket
                0x000100f0       0x2c build\Host.o
                0x000100f0                host::handleEndCapture(InPacket const&, OutPacket&)
 .text._ZN4host14handlePlaybackERK8InPacketR9OutPacket
                0x0001011c       0x84 build\Host.o
                0x0001011c                host::handlePlayback(InPacket const&, OutPacket&)
 .text._ZN4host18handleNextFilenameERK8InPacketR9OutPacket
                0x000101a0      0x10c build\Host.o
                0x000101a0                host::handleNextFilename(InPacket const&, OutPacket&)
 .text._ZN4host15handleToolQueryERK8InPacketR9OutPacket
                0x000102ac      0x17c build\Host.o
                0x000102ac                host::handleToolQuery(InPacket const&, OutPacket&)
 .text._ZN4host11handlePauseERK8InPacketR9OutPacket
                0x00010428       0x34 build\Host.o
                0x00010428                host::handlePause(InPacket const&, OutPacket&)
 .text._ZN4host16handleIsFinishedERK8InPacketR9OutPacket
                0x0001045c       0x60 build\Host.o
                0x0001045c                host::handleIsFinished(InPacket const&, OutPacket&)
 .text._ZN4host16handleReadEepromERK8InPacketR9OutPacket
                0x000104bc       0x74 build\Host.o
                0x000104bc                host::handleReadEeprom(InPacket const&, OutPacket&)
 .text._ZN4host17handleWriteEepromERK8InPacketR9OutPacket
                0x00010530       0x90 build\Host.o
                0x00010530                host::handleWriteEeprom(InPacket const&, OutPacket&)
 .text._ZN4host18handleExtendedStopERK8InPacketR9OutPacket
                0x000105c0       0x54 build\Host.o
                0x000105c0                host::handleExtendedStop(InPacket const&, OutPacket&)
 .text._ZN4host27handleGetCommunicationStatsERK8InPacketR9OutPacket
                0x00010614       0x60 build\Host.o
                0x00010614                host::handleGetCommunicationStats(InPacket const&, OutPacket&)
 .text          0x00010674       0xc8 build\Interface.o
                0x00010674                interfaceboard::isConnected()
                0x0001068c                interfaceboard::init()
                0x0001069c                interfaceboard::pushScreen(Screen*)
                0x000106b8                interfaceboard::popScreen()
                0x000106c8                interfaceboard::doInterrupt()
                0x000106d8                interfaceboard::getUpdateRate()
                0x000106ec                interfaceboard::doUpdate()
 .text          0x0001073c      0x5e8 build\InterfaceBoard.o
                0x0001073c                ButtonArray::init()
                0x00010760                ButtonArray::scanButtons()
                0x0001088c                ButtonArray::getButton(InterfaceBoardDefinitions::ButtonName&)
                0x000108c8                InterfaceBoard::InterfaceBoard()
                0x000108c8                InterfaceBoard::InterfaceBoard()
                0x00010a9c                InterfaceBoard::init()
                0x00010ab0                InterfaceBoard::doInterrupt()
                0x00010acc                InterfaceBoard::getUpdateRate()
                0x00010b10                InterfaceBoard::doUpdate()
                0x00010c08                InterfaceBoard::pushScreen(Screen*)
                0x00010cbc                InterfaceBoard::popScreen()
 .text._ZN4Port15setPinDirectionEhb
                0x00010d24       0x2c build\InterfaceBoard.o
                0x00010d24                Port::setPinDirection(unsigned char, bool)
 .text._ZN4Port6setPinEhb
                0x00010d50       0x4c build\InterfaceBoard.o
                0x00010d50                Port::setPin(unsigned char, bool)
 .text._ZN3PinC2ER4Porth
                0x00010d9c       0x38 build\InterfaceBoard.o
                0x00010d9c                Pin::Pin(Port&, unsigned char)
                0x00010d9c                Pin::Pin(Port&, unsigned char)
 .text._ZN3Pin12setDirectionEb
                0x00010dd4       0x30 build\InterfaceBoard.o
                0x00010dd4                Pin::setDirection(bool)
 .text._ZN3Pin8setValueEb
                0x00010e04       0x30 build\InterfaceBoard.o
                0x00010e04                Pin::setValue(bool)
 .text._ZN6ScreenC2Ev
                0x00010e34       0x20 build\InterfaceBoard.o
                0x00010e34                Screen::Screen()
                0x00010e34                Screen::Screen()
 .text._ZN12SplashScreenC2Ev
                0x00010e54       0x28 build\InterfaceBoard.o
                0x00010e54                SplashScreen::SplashScreen()
                0x00010e54                SplashScreen::SplashScreen()
 .text._ZN11MonitorModeC2Ev
                0x00010e7c       0x34 build\InterfaceBoard.o
                0x00010e7c                MonitorMode::MonitorMode()
                0x00010e7c                MonitorMode::MonitorMode()
 .text          0x00010eb0       0x70 build\LPCPort.o
 .text._ZN4PortC2Eh
                0x00010f20       0x20 build\LPCPort.o
                0x00010f20                Port::Port(unsigned char)
                0x00010f20                Port::Port(unsigned char)
 .text          0x00010f40      0xbe0 build\LiquidCrystal.o
                0x00010f40                LiquidCrystal::LiquidCrystal(Pin, Pin, Pin, Pin, Pin, Pin, Pin, Pin, Pin, Pin, Pin)
                0x00010f40                LiquidCrystal::LiquidCrystal(Pin, Pin, Pin, Pin, Pin, Pin, Pin, Pin, Pin, Pin, Pin)
                0x00010ff8                LiquidCrystal::LiquidCrystal(Pin, Pin, Pin, Pin, Pin, Pin, Pin, Pin, Pin, Pin)
                0x00010ff8                LiquidCrystal::LiquidCrystal(Pin, Pin, Pin, Pin, Pin, Pin, Pin, Pin, Pin, Pin)
                0x000110bc                LiquidCrystal::LiquidCrystal(Pin, Pin, Pin, Pin, Pin, Pin, Pin)
                0x000110bc                LiquidCrystal::LiquidCrystal(Pin, Pin, Pin, Pin, Pin, Pin, Pin)
                0x0001119c                LiquidCrystal::LiquidCrystal(Pin, Pin, Pin, Pin, Pin, Pin)
                0x0001119c                LiquidCrystal::LiquidCrystal(Pin, Pin, Pin, Pin, Pin, Pin)
                0x00011288                LiquidCrystal::init(unsigned char, Pin, Pin, Pin, Pin, Pin, Pin, Pin, Pin, Pin, Pin, Pin)
                0x00011354                LiquidCrystal::begin(unsigned char, unsigned char, unsigned char)
                0x000114cc                LiquidCrystal::clear()
                0x000114f0                LiquidCrystal::home()
                0x00011514                LiquidCrystal::setCursor(unsigned char, unsigned char)
                0x0001157c                LiquidCrystal::noDisplay()
                0x000115ac                LiquidCrystal::display()
                0x000115dc                LiquidCrystal::noCursor()
                0x0001160c                LiquidCrystal::cursor()
                0x0001163c                LiquidCrystal::noBlink()
                0x0001166c                LiquidCrystal::blink()
                0x0001169c                LiquidCrystal::scrollDisplayLeft()
                0x000116b8                LiquidCrystal::scrollDisplayRight()
                0x000116d4                LiquidCrystal::leftToRight()
                0x00011704                LiquidCrystal::rightToLeft()
                0x00011734                LiquidCrystal::autoscroll()
                0x00011764                LiquidCrystal::noAutoscroll()
                0x00011794                LiquidCrystal::createChar(unsigned char, unsigned char*)
                0x00011800                LiquidCrystal::writeInt(unsigned short, unsigned char)
                0x000118c0                LiquidCrystal::writeString(char*)
                0x00011904                LiquidCrystal::writeFromPgmspace(char const*)
                0x00011944                LiquidCrystal::send(unsigned char, bool)
                0x000119c8                LiquidCrystal::pulseEnable()
                0x00011a20                LiquidCrystal::write4bits(unsigned char)
                0x00011aa0                LiquidCrystal::write8bits(unsigned char)
 .text._ZN4PortC2Ev
                0x00011b20       0x20 build\LiquidCrystal.o
                0x00011b20                Port::Port()
                0x00011b20                Port::Port()
 .text._ZN4Port6isNullEv
                0x00011b40       0x24 build\LiquidCrystal.o
                0x00011b40                Port::isNull()
 .text._ZN3PinC2Ev
                0x00011b64       0x28 build\LiquidCrystal.o
                0x00011b64                Pin::Pin()
                0x00011b64                Pin::Pin()
 .text._ZN3Pin6isNullEv
                0x00011b8c       0x1c build\LiquidCrystal.o
                0x00011b8c                Pin::isNull()
 .text._ZN13LiquidCrystal7commandEh
                0x00011ba8       0x24 build\LiquidCrystal.o
                0x00011ba8                LiquidCrystal::command(unsigned char)
 .text._ZN13LiquidCrystal5writeEh
                0x00011bcc       0x24 build\LiquidCrystal.o
                0x00011bcc                LiquidCrystal::write(unsigned char)
 .text          0x00011bf0      0x624 build\Main.o
                0x00011fec                reset(bool)
                0x00012058                main
 .text          0x00012214     0x1254 build\Menu.o
                0x00012214                queryExtruderParameter(unsigned char, OutPacket&)
                0x00012348                SplashScreen::update(LiquidCrystal&, bool)
                0x000123d4                SplashScreen::notifyButtonPressed(InterfaceBoardDefinitions::ButtonName)
                0x000123ec                SplashScreen::reset()
                0x00012400                JogMode::reset()
                0x00012424                JogMode::update(LiquidCrystal&, bool)
                0x000124e4                JogMode::jog(InterfaceBoardDefinitions::ButtonName)
                0x00012600                JogMode::notifyButtonPressed(InterfaceBoardDefinitions::ButtonName)
                0x0001268c                SnakeMode::update(LiquidCrystal&, bool)
                0x00012a2c                SnakeMode::reset()
                0x00012aec                SnakeMode::notifyButtonPressed(InterfaceBoardDefinitions::ButtonName)
                0x00012b68                MonitorMode::reset()
                0x00012b7c                MonitorMode::update(LiquidCrystal&, bool)
                0x00012d34                MonitorMode::notifyButtonPressed(InterfaceBoardDefinitions::ButtonName)
                0x00012d70                Menu::update(LiquidCrystal&, bool)
                0x00012e74                Menu::reset()
                0x00012eac                Menu::resetState()
                0x00012ec0                Menu::handleSelect(unsigned char)
                0x00012ed8                Menu::handleCancel()
                0x00012eec                Menu::notifyButtonPressed(InterfaceBoardDefinitions::ButtonName)
                0x00012fac                CancelBuildMenu::CancelBuildMenu()
                0x00012fac                CancelBuildMenu::CancelBuildMenu()
                0x00012fe4                CancelBuildMenu::resetState()
                0x00013008                CancelBuildMenu::drawItem(unsigned char, LiquidCrystal&)
                0x00013068                CancelBuildMenu::handleSelect(unsigned char)
                0x00013098                MainMenu::MainMenu()
                0x00013098                MainMenu::MainMenu()
                0x000130d0                MainMenu::drawItem(unsigned char, LiquidCrystal&)
                0x00013140                MainMenu::handleSelect(unsigned char)
                0x000131a4                SDMenu::SDMenu()
                0x000131a4                SDMenu::SDMenu()
                0x000131d4                SDMenu::resetState()
                0x000131f4                SDMenu::countFiles()
                0x00013264                SDMenu::getFilename(unsigned char, char*, unsigned char)
                0x000132f8                SDMenu::drawItem(unsigned char, LiquidCrystal&)
                0x000133a8                SDMenu::handleSelect(unsigned char)
 .text._ZN4Menu13getUpdateRateEv
                0x00013468       0x1c build\Menu.o
                0x00013468                Menu::getUpdateRate()
 .text._ZN12SplashScreen13getUpdateRateEv
                0x00013484       0x18 build\Menu.o
                0x00013484                SplashScreen::getUpdateRate()
 .text._ZN7JogMode13getUpdateRateEv
                0x0001349c       0x18 build\Menu.o
                0x0001349c                JogMode::getUpdateRate()
 .text._ZN9SnakeMode13getUpdateRateEv
                0x000134b4       0x18 build\Menu.o
                0x000134b4                SnakeMode::getUpdateRate()
 .text._ZN11MonitorMode13getUpdateRateEv
                0x000134cc       0x1c build\Menu.o
                0x000134cc                MonitorMode::getUpdateRate()
 .text._ZN7JogModeC2Ev
                0x000134e8       0x28 build\Menu.o
                0x000134e8                JogMode::JogMode()
                0x000134e8                JogMode::JogMode()
 .text._ZN9SnakeModeC2Ev
                0x00013510       0x28 build\Menu.o
                0x00013510                SnakeMode::SnakeMode()
                0x00013510                SnakeMode::SnakeMode()
 .text._ZN4MenuC2Ev
                0x00013538       0x28 build\Menu.o
                0x00013538                Menu::Menu()
                0x00013538                Menu::Menu()
 .text          0x00013560      0x204 build\Microsteps.o
                0x00013560                microsteps::init()
 .text          0x00013764      0xb5c build\Motherboard.o
                0x00013ba0                Motherboard::indicateError(int)
                0x00013c14                Motherboard::getCurrentError()
                0x00013c34                TIMER0_IRQHandler
                0x00013c64                TIMER1_IRQHandler
                0x00013da0                Motherboard::Motherboard()
                0x00013da0                Motherboard::Motherboard()
                0x00014050                Motherboard::reset()
                0x000141e4                Motherboard::getCurrentMicros()
                0x00014200                Motherboard::doInterrupt()
                0x0001423c                Motherboard::runMotherboardSlice()
 .text._ZN4UART12getSlaveUARTEv
                0x000142c0       0x14 build\Motherboard.o
                0x000142c0                UART::getSlaveUART()
 .text._ZN16StepperInterfaceC2Ev
                0x000142d4       0x4c build\Motherboard.o
                0x000142d4                StepperInterface::StepperInterface()
                0x000142d4                StepperInterface::StepperInterface()
 .text._ZN16StepperInterfaceC2ERK3PinS2_S2_S2_S2_
                0x00014320       0x64 build\Motherboard.o
                0x00014320                StepperInterface::StepperInterface(Pin const&, Pin const&, Pin const&, Pin const&, Pin const&)
                0x00014320                StepperInterface::StepperInterface(Pin const&, Pin const&, Pin const&, Pin const&, Pin const&)
 .text          0x00014384      0x28c build\PID.o
 .text          0x00014610      0x54c build\Packet.o
                0x00014610                _crc_ibutton_update
 .text          0x00014b5c      0x730 build\SDCard.o
                0x00014b5c                sdcard::openPartition()
                0x00014bcc                sdcard::openFilesys()
                0x00014bfc                sdcard::openRoot()
                0x00014c50                sdcard::initCard()
                0x00014d00                sdcard::directoryReset()
                0x00014d40                sdcard::directoryNextEntry(char*, unsigned char)
                0x00014e14                sdcard::findFileInDir(char const*, fat_dir_entry_struct*)
                0x00014e70                sdcard::openFile(char const*, fat_file_struct**)
                0x00014ec4                sdcard::deleteFile(char*)
                0x00014f0c                sdcard::createFile(char*)
                0x00014f40                sdcard::isPlaying()
                0x00014f54                sdcard::isCapturing()
                0x00014f68                sdcard::startCapture(char*)
                0x00015000                sdcard::capturePacket(Packet const&)
                0x00015058                sdcard::finishCapture()
                0x000150a4                sdcard::fetchNextByte()
                0x000150e4                sdcard::playbackHasNext()
                0x000150f8                sdcard::playbackNext()
                0x00015118                sdcard::startPlayback(char*)
                0x000151a4                sdcard::playbackRewind(unsigned char)
                0x000151d8                sdcard::finishPlayback()
                0x0001520c                sdcard::reset()
 .text          0x0001528c      0x360 build\StepperInterface.o
                0x0001528c                StepperInterface::setDirection(bool)
                0x000152bc                StepperInterface::step(bool)
                0x000152e0                StepperInterface::setEnabled(bool)
                0x0001530c                StepperInterface::isAtMaximum()
                0x00015358                StepperInterface::isAtMinimum()
                0x000153a4                StepperInterface::init(unsigned char)
 .text._ZN4Port6getPinEh
                0x000155ec       0x34 build\StepperInterface.o
                0x000155ec                Port::getPin(unsigned char)
 .text._ZN3Pin8getValueEv
                0x00015620       0x28 build\StepperInterface.o
                0x00015620                Pin::getValue()
 .text          0x00015648      0x66c build\Steppers.o
                0x00015648                steppers::isRunning()
                0x0001567c                steppers::init(Motherboard&)
                0x000156f0                steppers::abort()
                0x00015714                steppers::definePosition(Point const&)
                0x00015768                steppers::getPosition()
                0x0001579c                steppers::setHoldZ(bool)
                0x000157bc                steppers::setTarget(Point const&, long)
                0x00015908                steppers::setTargetNew(Point const&, long, unsigned char)
                0x00015a4c                steppers::startHoming(bool, unsigned char, unsigned long)
                0x00015b14                steppers::enableAxis(unsigned char, bool)
                0x00015b48                steppers::doInterrupt()
 .text._ZN8steppers4AxisC2Ev
                0x00015cb4       0x20 build\Steppers.o
                0x00015cb4                steppers::Axis::Axis()
                0x00015cb4                steppers::Axis::Axis()
 .text._ZN8steppers4AxisC2ER16StepperInterface
                0x00015cd4       0x24 build\Steppers.o
                0x00015cd4                steppers::Axis::Axis(StepperInterface&)
                0x00015cd4                steppers::Axis::Axis(StepperInterface&)
 .text._ZN8steppers4Axis9setTargetElb
                0x00015cf8       0x84 build\Steppers.o
                0x00015cf8                steppers::Axis::setTarget(long, bool)
 .text._ZN8steppers4Axis9setHomingEb
                0x00015d7c       0x30 build\Steppers.o
                0x00015d7c                steppers::Axis::setHoming(bool)
 .text._ZN8steppers4Axis14definePositionEl
                0x00015dac       0x1c build\Steppers.o
                0x00015dac                steppers::Axis::definePosition(long)
 .text._ZN8steppers4Axis13enableStepperEb
                0x00015dc8       0x24 build\Steppers.o
                0x00015dc8                steppers::Axis::enableStepper(bool)
 .text._ZN8steppers4Axis5resetEv
                0x00015dec       0x44 build\Steppers.o
                0x00015dec                steppers::Axis::reset()
 .text._ZN8steppers4Axis11doInterruptEl
                0x00015e30       0xcc build\Steppers.o
                0x00015e30                steppers::Axis::doInterrupt(long)
 .text._ZN8steppers4Axis8doHomingEl
                0x00015efc       0xf8 build\Steppers.o
                0x00015efc                steppers::Axis::doHoming(long)
 .text          0x00015ff4      0x10c build\Timeout.o
                0x00015ff4                Timeout::Timeout()
                0x00015ff4                Timeout::Timeout()
                0x0001601c                Timeout::start(unsigned long)
                0x00016058                Timeout::hasElapsed()
                0x000160b8                Timeout::hasLeft()
                0x000160e4                Timeout::abort()
 .text          0x00016100      0xa9c build\Tool.o
                0x000164b0                tool::getInPacket()
                0x000164c4                tool::getOutPacket()
                0x000164d8                tool::getSentPacketCount()
                0x000164ec                tool::getPacketFailureCount()
                0x00016500                tool::getRetryCount()
                0x00016514                tool::getNoiseByteCount()
                0x00016528                tool::getToolVersion()
                0x00016764                tool::setToolIndicatorLED()
                0x00016824                tool::reset()
                0x000168bc                tool::getLock()
                0x000168f4                tool::releaseLock()
                0x0001690c                tool::startTransaction()
                0x00016998                tool::isTransactionDone()
                0x000169b4                tool::runToolSlice()
 .text          0x00016b9c      0x378 build\UART.o
                0x00016b9c                UART::UART(unsigned char)
                0x00016b9c                UART::UART(unsigned char)
                0x00016cb0                UART::beginSend()
                0x00016d4c                UART::enable(bool)
                0x00016d98                UART::reset()
                0x00016dc0                USB_IRQHandler
                0x00016dcc                UART1_IRQHandler
 .text._Z6listenv
                0x00016f14       0x30 build\UART.o
                0x00016f14                listen()
 .text._Z5speakv
                0x00016f44       0x30 build\UART.o
                0x00016f44                speak()
 .text          0x00016f74        0x0 c:/progra~2/codesourcery/source~1/bin/../lib/gcc/arm-none-eabi/4.5.2/../../../../arm-none-eabi/lib/thumb2\libstdc++.a(si_class_type_info.o)
 .text._ZNK10__cxxabiv120__si_class_type_info11__do_upcastEPKNS_17__class_type_infoEPKvRNS1_15__upcast_resultE
                0x00016f74       0x28 c:/progra~2/codesourcery/source~1/bin/../lib/gcc/arm-none-eabi/4.5.2/../../../../arm-none-eabi/lib/thumb2\libstdc++.a(si_class_type_info.o)
                0x00016f74                __cxxabiv1::__si_class_type_info::__do_upcast(__cxxabiv1::__class_type_info const*, void const*, __cxxabiv1::__class_type_info::__upcast_result&) const
 .text._ZNK10__cxxabiv120__si_class_type_info12__do_dyncastEiNS_17__class_type_info10__sub_kindEPKS1_PKvS4_S6_RNS1_16__dyncast_resultE
                0x00016f9c       0x90 c:/progra~2/codesourcery/source~1/bin/../lib/gcc/arm-none-eabi/4.5.2/../../../../arm-none-eabi/lib/thumb2\libstdc++.a(si_class_type_info.o)
                0x00016f9c                __cxxabiv1::__si_class_type_info::__do_dyncast(int, __cxxabiv1::__class_type_info::__sub_kind, __cxxabiv1::__class_type_info const*, void const*, __cxxabiv1::__class_type_info const*, void const*, __cxxabiv1::__class_type_info::__dyncast_result&) const
 .text._ZNK10__cxxabiv120__si_class_type_info20__do_find_public_srcEiPKvPKNS_17__class_type_infoES2_
                0x0001702c       0x38 c:/progra~2/codesourcery/source~1/bin/../lib/gcc/arm-none-eabi/4.5.2/../../../../arm-none-eabi/lib/thumb2\libstdc++.a(si_class_type_info.o)
                0x0001702c                __cxxabiv1::__si_class_type_info::__do_find_public_src(int, void const*, __cxxabiv1::__class_type_info const*, void const*) const
 .text._ZN10__cxxabiv120__si_class_type_infoD2Ev
                0x00017064       0x14 c:/progra~2/codesourcery/source~1/bin/../lib/gcc/arm-none-eabi/4.5.2/../../../../arm-none-eabi/lib/thumb2\libstdc++.a(si_class_type_info.o)
                0x00017064                __cxxabiv1::__si_class_type_info::~__si_class_type_info()
                0x00017064                __cxxabiv1::__si_class_type_info::~__si_class_type_info()
 .text._ZN10__cxxabiv120__si_class_type_infoD0Ev
                0x00017078       0x1c c:/progra~2/codesourcery/source~1/bin/../lib/gcc/arm-none-eabi/4.5.2/../../../../arm-none-eabi/lib/thumb2\libstdc++.a(si_class_type_info.o)
                0x00017078                __cxxabiv1::__si_class_type_info::~__si_class_type_info()
 .text          0x00017094        0x0 c:/progra~2/codesourcery/source~1/bin/../lib/gcc/arm-none-eabi/4.5.2/../../../../arm-none-eabi/lib/thumb2\libstdc++.a(pure.o)
 .text.__cxa_pure_virtual
                0x00017094       0x18 c:/progra~2/codesourcery/source~1/bin/../lib/gcc/arm-none-eabi/4.5.2/../../../../arm-none-eabi/lib/thumb2\libstdc++.a(pure.o)
                0x00017094                __cxa_pure_virtual
 .text          0x000170ac        0x0 c:/progra~2/codesourcery/source~1/bin/../lib/gcc/arm-none-eabi/4.5.2/../../../../arm-none-eabi/lib/thumb2\libstdc++.a(class_type_info.o)
 .text._ZNK10__cxxabiv117__class_type_info11__do_upcastEPKS0_PPv
                0x000170ac       0x38 c:/progra~2/codesourcery/source~1/bin/../lib/gcc/arm-none-eabi/4.5.2/../../../../arm-none-eabi/lib/thumb2\libstdc++.a(class_type_info.o)
                0x000170ac                __cxxabiv1::__class_type_info::__do_upcast(__cxxabiv1::__class_type_info const*, void**) const
 .text._ZNK10__cxxabiv117__class_type_info20__do_find_public_srcEiPKvPKS0_S2_
                0x000170e4        0xc c:/progra~2/codesourcery/source~1/bin/../lib/gcc/arm-none-eabi/4.5.2/../../../../arm-none-eabi/lib/thumb2\libstdc++.a(class_type_info.o)
                0x000170e4                __cxxabiv1::__class_type_info::__do_find_public_src(int, void const*, __cxxabiv1::__class_type_info const*, void const*) const
 .text._ZNK10__cxxabiv117__class_type_info11__do_upcastEPKS0_PKvRNS0_15__upcast_resultE
                0x000170f0       0x1c c:/progra~2/codesourcery/source~1/bin/../lib/gcc/arm-none-eabi/4.5.2/../../../../arm-none-eabi/lib/thumb2\libstdc++.a(class_type_info.o)
                0x000170f0                __cxxabiv1::__class_type_info::__do_upcast(__cxxabiv1::__class_type_info const*, void const*, __cxxabiv1::__class_type_info::__upcast_result&) const
 .text._ZNK10__cxxabiv117__class_type_info12__do_dyncastEiNS0_10__sub_kindEPKS0_PKvS3_S5_RNS0_16__dyncast_resultE
                0x0001710c       0x3c c:/progra~2/codesourcery/source~1/bin/../lib/gcc/arm-none-eabi/4.5.2/../../../../arm-none-eabi/lib/thumb2\libstdc++.a(class_type_info.o)
                0x0001710c                __cxxabiv1::__class_type_info::__do_dyncast(int, __cxxabiv1::__class_type_info::__sub_kind, __cxxabiv1::__class_type_info const*, void const*, __cxxabiv1::__class_type_info const*, void const*, __cxxabiv1::__class_type_info::__dyncast_result&) const
 .text._ZNK10__cxxabiv117__class_type_info10__do_catchEPKSt9type_infoPPvj
                0x00017148       0x28 c:/progra~2/codesourcery/source~1/bin/../lib/gcc/arm-none-eabi/4.5.2/../../../../arm-none-eabi/lib/thumb2\libstdc++.a(class_type_info.o)
                0x00017148                __cxxabiv1::__class_type_info::__do_catch(std::type_info const*, void**, unsigned int) const
 .text._ZN10__cxxabiv117__class_type_infoD2Ev
                0x00017170       0x14 c:/progra~2/codesourcery/source~1/bin/../lib/gcc/arm-none-eabi/4.5.2/../../../../arm-none-eabi/lib/thumb2\libstdc++.a(class_type_info.o)
                0x00017170                __cxxabiv1::__class_type_info::~__class_type_info()
                0x00017170                __cxxabiv1::__class_type_info::~__class_type_info()
 .text._ZN10__cxxabiv117__class_type_infoD0Ev
                0x00017184       0x1c c:/progra~2/codesourcery/source~1/bin/../lib/gcc/arm-none-eabi/4.5.2/../../../../arm-none-eabi/lib/thumb2\libstdc++.a(class_type_info.o)
                0x00017184                __cxxabiv1::__class_type_info::~__class_type_info()
 .text          0x000171a0        0x0 c:/progra~2/codesourcery/source~1/bin/../lib/gcc/arm-none-eabi/4.5.2/../../../../arm-none-eabi/lib/thumb2\libstdc++.a(tinfo.o)
 .text._ZNSt9type_infoD2Ev
                0x000171a0        0xc c:/progra~2/codesourcery/source~1/bin/../lib/gcc/arm-none-eabi/4.5.2/../../../../arm-none-eabi/lib/thumb2\libstdc++.a(tinfo.o)
                0x000171a0                std::type_info::~type_info()
                0x000171a0                std::type_info::~type_info()
 .text._ZNKSt9type_info14__is_pointer_pEv
                0x000171ac        0x4 c:/progra~2/codesourcery/source~1/bin/../lib/gcc/arm-none-eabi/4.5.2/../../../../arm-none-eabi/lib/thumb2\libstdc++.a(tinfo.o)
                0x000171ac                std::type_info::__is_pointer_p() const
 .text._ZNKSt9type_info15__is_function_pEv
                0x000171b0        0x4 c:/progra~2/codesourcery/source~1/bin/../lib/gcc/arm-none-eabi/4.5.2/../../../../arm-none-eabi/lib/thumb2\libstdc++.a(tinfo.o)
                0x000171b0                std::type_info::__is_function_p() const
 .text._ZNKSt9type_info11__do_upcastEPKN10__cxxabiv117__class_type_infoEPPv
                0x000171b4        0x4 c:/progra~2/codesourcery/source~1/bin/../lib/gcc/arm-none-eabi/4.5.2/../../../../arm-none-eabi/lib/thumb2\libstdc++.a(tinfo.o)
                0x000171b4                std::type_info::__do_upcast(__cxxabiv1::__class_type_info const*, void**) const
 .text._ZNSt9type_infoD0Ev
                0x000171b8       0x14 c:/progra~2/codesourcery/source~1/bin/../lib/gcc/arm-none-eabi/4.5.2/../../../../arm-none-eabi/lib/thumb2\libstdc++.a(tinfo.o)
                0x000171b8                std::type_info::~type_info()
 .text._ZNKSt9type_infoeqERKS_
                0x000171cc       0x3c c:/progra~2/codesourcery/source~1/bin/../lib/gcc/arm-none-eabi/4.5.2/../../../../arm-none-eabi/lib/thumb2\libstdc++.a(tinfo.o)
                0x000171cc                std::type_info::operator==(std::type_info const&) const
 .text._ZNKSt9type_info10__do_catchEPKS_PPvj
                0x00017208        0x4 c:/progra~2/codesourcery/source~1/bin/../lib/gcc/arm-none-eabi/4.5.2/../../../../arm-none-eabi/lib/thumb2\libstdc++.a(tinfo.o)
                0x00017208                std::type_info::__do_catch(std::type_info const*, void**, unsigned int) const
 .text          0x0001720c        0x0 c:/progra~2/codesourcery/source~1/bin/../lib/gcc/arm-none-eabi/4.5.2/../../../../arm-none-eabi/lib/thumb2\libstdc++.a(eh_terminate.o)
 .text._ZN10__cxxabiv111__terminateEPFvvE
                0x0001720c       0x28 c:/progra~2/codesourcery/source~1/bin/../lib/gcc/arm-none-eabi/4.5.2/../../../../arm-none-eabi/lib/thumb2\libstdc++.a(eh_terminate.o)
                0x0001720c                __cxxabiv1::__terminate(void (*)())
 .text._ZSt9terminatev
                0x00017234       0x10 c:/progra~2/codesourcery/source~1/bin/../lib/gcc/arm-none-eabi/4.5.2/../../../../arm-none-eabi/lib/thumb2\libstdc++.a(eh_terminate.o)
                0x00017234                std::terminate()
 .text._ZN10__cxxabiv112__unexpectedEPFvvE
                0x00017244        0x8 c:/progra~2/codesourcery/source~1/bin/../lib/gcc/arm-none-eabi/4.5.2/../../../../arm-none-eabi/lib/thumb2\libstdc++.a(eh_terminate.o)
                0x00017244                __cxxabiv1::__unexpected(void (*)())
 .text._ZSt10unexpectedv
                0x0001724c       0x14 c:/progra~2/codesourcery/source~1/bin/../lib/gcc/arm-none-eabi/4.5.2/../../../../arm-none-eabi/lib/thumb2\libstdc++.a(eh_terminate.o)
                0x0001724c                std::unexpected()
 .text._ZSt13set_terminatePFvvE
                0x00017260       0x10 c:/progra~2/codesourcery/source~1/bin/../lib/gcc/arm-none-eabi/4.5.2/../../../../arm-none-eabi/lib/thumb2\libstdc++.a(eh_terminate.o)
                0x00017260                std::set_terminate(void (*)())
 .text._ZSt14set_unexpectedPFvvE
                0x00017270       0x10 c:/progra~2/codesourcery/source~1/bin/../lib/gcc/arm-none-eabi/4.5.2/../../../../arm-none-eabi/lib/thumb2\libstdc++.a(eh_terminate.o)
                0x00017270                std::set_unexpected(void (*)())
 .text          0x00017280        0x0 c:/progra~2/codesourcery/source~1/bin/../lib/gcc/arm-none-eabi/4.5.2/../../../../arm-none-eabi/lib/thumb2\libstdc++.a(eh_call.o)
 .text.__cxa_call_terminate
                0x00017280       0x50 c:/progra~2/codesourcery/source~1/bin/../lib/gcc/arm-none-eabi/4.5.2/../../../../arm-none-eabi/lib/thumb2\libstdc++.a(eh_call.o)
                0x00017280                __cxa_call_terminate
 .text.__cxa_call_unexpected
                0x000172d0      0x130 c:/progra~2/codesourcery/source~1/bin/../lib/gcc/arm-none-eabi/4.5.2/../../../../arm-none-eabi/lib/thumb2\libstdc++.a(eh_call.o)
                0x000172d0                __cxa_call_unexpected
 .text          0x00017400        0x0 c:/progra~2/codesourcery/source~1/bin/../lib/gcc/arm-none-eabi/4.5.2/../../../../arm-none-eabi/lib/thumb2\libstdc++.a(eh_term_handler.o)
 .text          0x00017400        0x0 c:/progra~2/codesourcery/source~1/bin/../lib/gcc/arm-none-eabi/4.5.2/../../../../arm-none-eabi/lib/thumb2\libstdc++.a(eh_personality.o)
 .text._ZL12read_sleb128PKhPl
                0x00017400       0x3c c:/progra~2/codesourcery/source~1/bin/../lib/gcc/arm-none-eabi/4.5.2/../../../../arm-none-eabi/lib/thumb2\libstdc++.a(eh_personality.o)
 .text._ZL28read_encoded_value_with_basehjPKhPj
                0x0001743c       0xac c:/progra~2/codesourcery/source~1/bin/../lib/gcc/arm-none-eabi/4.5.2/../../../../arm-none-eabi/lib/thumb2\libstdc++.a(eh_personality.o)
 .text._ZL21base_of_encoded_valuehP15_Unwind_Context
                0x000174e8       0x4c c:/progra~2/codesourcery/source~1/bin/../lib/gcc/arm-none-eabi/4.5.2/../../../../arm-none-eabi/lib/thumb2\libstdc++.a(eh_personality.o)
 .text._ZL17parse_lsda_headerP15_Unwind_ContextPKhP16lsda_header_info
                0x00017534       0x8c c:/progra~2/codesourcery/source~1/bin/../lib/gcc/arm-none-eabi/4.5.2/../../../../arm-none-eabi/lib/thumb2\libstdc++.a(eh_personality.o)
 .text.__gxx_personality_v0
                0x000175c0      0x3ec c:/progra~2/codesourcery/source~1/bin/../lib/gcc/arm-none-eabi/4.5.2/../../../../arm-none-eabi/lib/thumb2\libstdc++.a(eh_personality.o)
                0x000175c0                __gxx_personality_v0
 .text          0x000179ac        0x0 c:/progra~2/codesourcery/source~1/bin/../lib/gcc/arm-none-eabi/4.5.2/../../../../arm-none-eabi/lib/thumb2\libstdc++.a(eh_throw.o)
 .text._ZL23__gxx_exception_cleanup19_Unwind_Reason_CodeP21_Unwind_Control_Block
                0x000179ac       0x4c c:/progra~2/codesourcery/source~1/bin/../lib/gcc/arm-none-eabi/4.5.2/../../../../arm-none-eabi/lib/thumb2\libstdc++.a(eh_throw.o)
 .text.__cxa_throw
                0x000179f8       0x80 c:/progra~2/codesourcery/source~1/bin/../lib/gcc/arm-none-eabi/4.5.2/../../../../arm-none-eabi/lib/thumb2\libstdc++.a(eh_throw.o)
                0x000179f8                __cxa_throw
 .text.__cxa_rethrow
                0x00017a78       0x78 c:/progra~2/codesourcery/source~1/bin/../lib/gcc/arm-none-eabi/4.5.2/../../../../arm-none-eabi/lib/thumb2\libstdc++.a(eh_throw.o)
                0x00017a78                __cxa_rethrow
 .text          0x00017af0        0x0 c:/progra~2/codesourcery/source~1/bin/../lib/gcc/arm-none-eabi/4.5.2/../../../../arm-none-eabi/lib/thumb2\libstdc++.a(eh_unex_handler.o)
 .text          0x00017af0        0x0 c:/progra~2/codesourcery/source~1/bin/../lib/gcc/arm-none-eabi/4.5.2/../../../../arm-none-eabi/lib/thumb2\libstdc++.a(eh_globals.o)
 .text.__cxa_get_globals_fast
                0x00017af0        0xc c:/progra~2/codesourcery/source~1/bin/../lib/gcc/arm-none-eabi/4.5.2/../../../../arm-none-eabi/lib/thumb2\libstdc++.a(eh_globals.o)
                0x00017af0                __cxa_get_globals_fast
 .text.__cxa_get_globals
                0x00017afc        0xc c:/progra~2/codesourcery/source~1/bin/../lib/gcc/arm-none-eabi/4.5.2/../../../../arm-none-eabi/lib/thumb2\libstdc++.a(eh_globals.o)
                0x00017afc                __cxa_get_globals
 .text          0x00017b08        0x0 c:/progra~2/codesourcery/source~1/bin/../lib/gcc/arm-none-eabi/4.5.2/../../../../arm-none-eabi/lib/thumb2\libstdc++.a(eh_catch.o)
 .text.__cxa_get_exception_ptr
                0x00017b08        0x4 c:/progra~2/codesourcery/source~1/bin/../lib/gcc/arm-none-eabi/4.5.2/../../../../arm-none-eabi/lib/thumb2\libstdc++.a(eh_catch.o)
                0x00017b08                __cxa_get_exception_ptr
 .text.__cxa_begin_catch
                0x00017b0c       0x9c c:/progra~2/codesourcery/source~1/bin/../lib/gcc/arm-none-eabi/4.5.2/../../../../arm-none-eabi/lib/thumb2\libstdc++.a(eh_catch.o)
                0x00017b0c                __cxa_begin_catch
 .text.__cxa_end_catch
                0x00017ba8       0x98 c:/progra~2/codesourcery/source~1/bin/../lib/gcc/arm-none-eabi/4.5.2/../../../../arm-none-eabi/lib/thumb2\libstdc++.a(eh_catch.o)
                0x00017ba8                __cxa_end_catch
 .text._ZSt18uncaught_exceptionv
                0x00017c40       0x10 c:/progra~2/codesourcery/source~1/bin/../lib/gcc/arm-none-eabi/4.5.2/../../../../arm-none-eabi/lib/thumb2\libstdc++.a(eh_catch.o)
                0x00017c40                std::uncaught_exception()
 .text          0x00017c50        0x0 c:/progra~2/codesourcery/source~1/bin/../lib/gcc/arm-none-eabi/4.5.2/../../../../arm-none-eabi/lib/thumb2\libstdc++.a(vterminate.o)
 .text._ZN9__gnu_cxx27__verbose_terminate_handlerEv
                0x00017c50      0x148 c:/progra~2/codesourcery/source~1/bin/../lib/gcc/arm-none-eabi/4.5.2/../../../../arm-none-eabi/lib/thumb2\libstdc++.a(vterminate.o)
                0x00017c50                __gnu_cxx::__verbose_terminate_handler()
 .text          0x00017d98        0x0 c:/progra~2/codesourcery/source~1/bin/../lib/gcc/arm-none-eabi/4.5.2/../../../../arm-none-eabi/lib/thumb2\libstdc++.a(eh_exception.o)
 .text._ZNSt9exceptionD2Ev
                0x00017d98        0xc c:/progra~2/codesourcery/source~1/bin/../lib/gcc/arm-none-eabi/4.5.2/../../../../arm-none-eabi/lib/thumb2\libstdc++.a(eh_exception.o)
                0x00017d98                std::exception::~exception()
                0x00017d98                std::exception::~exception()
 .text._ZNSt13bad_exceptionD2Ev
                0x00017da4        0xc c:/progra~2/codesourcery/source~1/bin/../lib/gcc/arm-none-eabi/4.5.2/../../../../arm-none-eabi/lib/thumb2\libstdc++.a(eh_exception.o)
                0x00017da4                std::bad_exception::~bad_exception()
                0x00017da4                std::bad_exception::~bad_exception()
 .text._ZN10__cxxabiv115__forced_unwindD2Ev
                0x00017db0        0xc c:/progra~2/codesourcery/source~1/bin/../lib/gcc/arm-none-eabi/4.5.2/../../../../arm-none-eabi/lib/thumb2\libstdc++.a(eh_exception.o)
                0x00017db0                __cxxabiv1::__forced_unwind::~__forced_unwind()
                0x00017db0                __cxxabiv1::__forced_unwind::~__forced_unwind()
 .text._ZN10__cxxabiv119__foreign_exceptionD2Ev
                0x00017dbc        0xc c:/progra~2/codesourcery/source~1/bin/../lib/gcc/arm-none-eabi/4.5.2/../../../../arm-none-eabi/lib/thumb2\libstdc++.a(eh_exception.o)
                0x00017dbc                __cxxabiv1::__foreign_exception::~__foreign_exception()
                0x00017dbc                __cxxabiv1::__foreign_exception::~__foreign_exception()
 .text._ZNKSt9exception4whatEv
                0x00017dc8        0xc c:/progra~2/codesourcery/source~1/bin/../lib/gcc/arm-none-eabi/4.5.2/../../../../arm-none-eabi/lib/thumb2\libstdc++.a(eh_exception.o)
                0x00017dc8                std::exception::what() const
 .text._ZNKSt13bad_exception4whatEv
                0x00017dd4        0xc c:/progra~2/codesourcery/source~1/bin/../lib/gcc/arm-none-eabi/4.5.2/../../../../arm-none-eabi/lib/thumb2\libstdc++.a(eh_exception.o)
                0x00017dd4                std::bad_exception::what() const
 .text._ZN10__cxxabiv119__foreign_exceptionD0Ev
                0x00017de0       0x14 c:/progra~2/codesourcery/source~1/bin/../lib/gcc/arm-none-eabi/4.5.2/../../../../arm-none-eabi/lib/thumb2\libstdc++.a(eh_exception.o)
                0x00017de0                __cxxabiv1::__foreign_exception::~__foreign_exception()
 .text._ZN10__cxxabiv115__forced_unwindD0Ev
                0x00017df4       0x14 c:/progra~2/codesourcery/source~1/bin/../lib/gcc/arm-none-eabi/4.5.2/../../../../arm-none-eabi/lib/thumb2\libstdc++.a(eh_exception.o)
                0x00017df4                __cxxabiv1::__forced_unwind::~__forced_unwind()
 .text._ZNSt13bad_exceptionD0Ev
                0x00017e08       0x14 c:/progra~2/codesourcery/source~1/bin/../lib/gcc/arm-none-eabi/4.5.2/../../../../arm-none-eabi/lib/thumb2\libstdc++.a(eh_exception.o)
                0x00017e08                std::bad_exception::~bad_exception()
 .text._ZNSt9exceptionD0Ev
                0x00017e1c       0x14 c:/progra~2/codesourcery/source~1/bin/../lib/gcc/arm-none-eabi/4.5.2/../../../../arm-none-eabi/lib/thumb2\libstdc++.a(eh_exception.o)
                0x00017e1c                std::exception::~exception()
 .text          0x00017e30        0x0 c:/progra~2/codesourcery/source~1/bin/../lib/gcc/arm-none-eabi/4.5.2/../../../../arm-none-eabi/lib/thumb2\libstdc++.a(eh_type.o)
 .text.__cxa_current_exception_type
                0x00017e30       0x1c c:/progra~2/codesourcery/source~1/bin/../lib/gcc/arm-none-eabi/4.5.2/../../../../arm-none-eabi/lib/thumb2\libstdc++.a(eh_type.o)
                0x00017e30                __cxa_current_exception_type
 .text          0x00017e4c        0xc c:/progra~2/codesourcery/source~1/bin/../lib/gcc/arm-none-eabi/4.5.2/../../../../arm-none-eabi/lib/thumb2\libstdc++.a(eh_arm.o)
                0x00017e4c                __cxa_end_cleanup
 .text.__cxa_type_match
                0x00017e58       0xd0 c:/progra~2/codesourcery/source~1/bin/../lib/gcc/arm-none-eabi/4.5.2/../../../../arm-none-eabi/lib/thumb2\libstdc++.a(eh_arm.o)
                0x00017e58                __cxa_type_match
 .text.__cxa_begin_cleanup
                0x00017f28       0x70 c:/progra~2/codesourcery/source~1/bin/../lib/gcc/arm-none-eabi/4.5.2/../../../../arm-none-eabi/lib/thumb2\libstdc++.a(eh_arm.o)
                0x00017f28                __cxa_begin_cleanup
 .text.__gnu_end_cleanup
                0x00017f98       0x7c c:/progra~2/codesourcery/source~1/bin/../lib/gcc/arm-none-eabi/4.5.2/../../../../arm-none-eabi/lib/thumb2\libstdc++.a(eh_arm.o)
                0x00017f98                __gnu_end_cleanup
 .text          0x00018014        0x0 c:/progra~2/codesourcery/source~1/bin/../lib/gcc/arm-none-eabi/4.5.2/../../../../arm-none-eabi/lib/thumb2\libstdc++.a(eh_alloc.o)
 .text.__cxa_allocate_exception
                0x00018014       0x7c c:/progra~2/codesourcery/source~1/bin/../lib/gcc/arm-none-eabi/4.5.2/../../../../arm-none-eabi/lib/thumb2\libstdc++.a(eh_alloc.o)
                0x00018014                __cxa_allocate_exception
 .text.__cxa_free_exception
                0x00018090       0x3c c:/progra~2/codesourcery/source~1/bin/../lib/gcc/arm-none-eabi/4.5.2/../../../../arm-none-eabi/lib/thumb2\libstdc++.a(eh_alloc.o)
                0x00018090                __cxa_free_exception
 .text.__cxa_allocate_dependent_exception
                0x000180cc       0x78 c:/progra~2/codesourcery/source~1/bin/../lib/gcc/arm-none-eabi/4.5.2/../../../../arm-none-eabi/lib/thumb2\libstdc++.a(eh_alloc.o)
                0x000180cc                __cxa_allocate_dependent_exception
 .text.__cxa_free_dependent_exception
                0x00018144       0x4c c:/progra~2/codesourcery/source~1/bin/../lib/gcc/arm-none-eabi/4.5.2/../../../../arm-none-eabi/lib/thumb2\libstdc++.a(eh_alloc.o)
                0x00018144                __cxa_free_dependent_exception
 .text._GLOBAL__I___cxa_allocate_exception
                0x00018190        0x4 c:/progra~2/codesourcery/source~1/bin/../lib/gcc/arm-none-eabi/4.5.2/../../../../arm-none-eabi/lib/thumb2\libstdc++.a(eh_alloc.o)
 .text          0x00018194     0x912c c:/progra~2/codesourcery/source~1/bin/../lib/gcc/arm-none-eabi/4.5.2/../../../../arm-none-eabi/lib/thumb2\libstdc++.a(cp-demangle.o)
                0x000211b8                __cxa_demangle
                0x00021294                __gcclibcxx_demangle_callback
 .text          0x000212c0      0x21c c:/progra~2/codesourcery/source~1/bin/../lib/gcc/arm-none-eabi/4.5.2/thumb2\libgcc.a(_arm_addsubsf3.o)
                0x000212c0                __aeabi_frsub
                0x000212c8                __subsf3
                0x000212c8                __aeabi_fsub
                0x000212cc                __aeabi_fadd
                0x000212cc                __addsf3
                0x0002142c                __aeabi_ui2f
                0x0002142c                __floatunsisf
                0x00021434                __aeabi_i2f
                0x00021434                __floatsisf
                0x00021450                __aeabi_ul2f
                0x00021450                __floatundisf
                0x00021460                __aeabi_l2f
                0x00021460                __floatdisf
 .text          0x000214dc      0x2a0 c:/progra~2/codesourcery/source~1/bin/../lib/gcc/arm-none-eabi/4.5.2/thumb2\libgcc.a(_arm_muldivsf3.o)
                0x000214dc                __mulsf3
                0x000214dc                __aeabi_fmul
                0x00021644                __aeabi_fdiv
                0x00021644                __divsf3
 .text          0x0002177c       0x4c c:/progra~2/codesourcery/source~1/bin/../lib/gcc/arm-none-eabi/4.5.2/thumb2\libgcc.a(_arm_fixsfsi.o)
                0x0002177c                __aeabi_f2iz
                0x0002177c                __fixsfsi
 .text          0x000217c8       0x2c c:/progra~2/codesourcery/source~1/bin/../lib/gcc/arm-none-eabi/4.5.2/thumb2\libgcc.a(_aeabi_uldivmod.o)
                0x000217c8                __aeabi_uldivmod
 .text          0x000217f4       0x60 c:/progra~2/codesourcery/source~1/bin/../lib/gcc/arm-none-eabi/4.5.2/thumb2\libgcc.a(bpabi.o)
                0x000217f4                __gnu_ldivmod_helper
                0x00021824                __gnu_uldivmod_helper
 .text          0x00021854      0xc38 c:/progra~2/codesourcery/source~1/bin/../lib/gcc/arm-none-eabi/4.5.2/thumb2\libgcc.a(unwind-arm.o)
                0x00021b30                _Unwind_VRS_Get
                0x00021b7c                _Unwind_VRS_Set
                0x00021f18                __aeabi_unwind_cpp_pr2
                0x00021f1c                __aeabi_unwind_cpp_pr1
                0x00021f20                __aeabi_unwind_cpp_pr0
                0x00021f24                _Unwind_VRS_Pop
                0x0002230c                _Unwind_GetCFA
                0x00022310                __gnu_Unwind_RaiseException
                0x00022380                __gnu_Unwind_ForcedUnwind
                0x00022394                __gnu_Unwind_Resume
                0x000223d0                __gnu_Unwind_Resume_or_Rethrow
                0x000223e8                _Unwind_Complete
                0x000223ec                _Unwind_DeleteException
                0x000223fc                __gnu_Unwind_Backtrace
 .text          0x0002248c      0x1ac c:/progra~2/codesourcery/source~1/bin/../lib/gcc/arm-none-eabi/4.5.2/thumb2\libgcc.a(libunwind.o)
                0x0002248c                __restore_core_regs
                0x0002248c                restore_core_regs
                0x000224a4                __gnu_Unwind_Restore_VFP
                0x000224ac                __gnu_Unwind_Save_VFP
                0x000224b4                __gnu_Unwind_Restore_VFP_D
                0x000224bc                __gnu_Unwind_Save_VFP_D
                0x000224c4                __gnu_Unwind_Restore_VFP_D_16_to_31
                0x000224cc                __gnu_Unwind_Save_VFP_D_16_to_31
                0x000224d4                __gnu_Unwind_Restore_WMMXD
                0x00022518                __gnu_Unwind_Save_WMMXD
                0x0002255c                __gnu_Unwind_Restore_WMMXC
                0x00022570                __gnu_Unwind_Save_WMMXC
                0x00022584                ___Unwind_RaiseException
                0x00022584                _Unwind_RaiseException
                0x000225a8                _Unwind_Resume
                0x000225a8                ___Unwind_Resume
                0x000225cc                _Unwind_Resume_or_Rethrow
                0x000225cc                ___Unwind_Resume_or_Rethrow
                0x000225f0                _Unwind_ForcedUnwind
                0x000225f0                ___Unwind_ForcedUnwind
                0x00022614                ___Unwind_Backtrace
                0x00022614                _Unwind_Backtrace
 .text          0x00022638      0x3c0 c:/progra~2/codesourcery/source~1/bin/../lib/gcc/arm-none-eabi/4.5.2/thumb2\libgcc.a(pr-support.o)
                0x0002268c                __gnu_unwind_execute
                0x0002299c                __gnu_unwind_frame
                0x000229c8                _Unwind_GetRegionStart
                0x000229d4                _Unwind_GetLanguageSpecificData
                0x000229e8                _Unwind_GetDataRelBase
                0x000229f0                _Unwind_GetTextRelBase
 .text          0x000229f8        0x4 c:/progra~2/codesourcery/source~1/bin/../lib/gcc/arm-none-eabi/4.5.2/thumb2\libgcc.a(_dvmd_tls.o)
                0x000229f8                __aeabi_idiv0
                0x000229f8                __aeabi_ldiv0
 .text          0x000229fc      0x360 c:/progra~2/codesourcery/source~1/bin/../lib/gcc/arm-none-eabi/4.5.2/thumb2\libgcc.a(_divdi3.o)
                0x000229fc                __divdi3
 .text          0x00022d5c      0x308 c:/progra~2/codesourcery/source~1/bin/../lib/gcc/arm-none-eabi/4.5.2/thumb2\libgcc.a(_udivdi3.o)
                0x00022d5c                __udivdi3
 *fill*         0x00023064        0x4 00
 .text          0x00023068      0x278 c:/progra~2/codesourcery/source~1/bin/../lib/gcc/arm-none-eabi/4.5.2/thumb2\libgcc.a(_udivsi3.o)
                0x00023068                __aeabi_uidiv
                0x00023068                __udivsi3
                0x000232c4                __aeabi_uidivmod
 .text          0x000232e0       0x10 c:/progra~2/codesourcery/source~1/bin/../lib/gcc/arm-none-eabi/4.5.2/../../../../arm-none-eabi/lib/thumb2\libc.a(lib_a-abort.o)
                0x000232e0                abort
 .text          0x000232f0       0xac c:/progra~2/codesourcery/source~1/bin/../lib/gcc/arm-none-eabi/4.5.2/../../../../arm-none-eabi/lib/thumb2\libc.a(lib_a-fputc.o)
                0x000232f0                _fputc_r
                0x00023344                fputc
 .text          0x0002339c       0x90 c:/progra~2/codesourcery/source~1/bin/../lib/gcc/arm-none-eabi/4.5.2/../../../../arm-none-eabi/lib/thumb2\libc.a(lib_a-fputs.o)
                0x0002339c                _fputs_r
                0x0002341c                fputs
 .text          0x0002342c      0x338 c:/progra~2/codesourcery/source~1/bin/../lib/gcc/arm-none-eabi/4.5.2/../../../../arm-none-eabi/lib/thumb2\libc.a(lib_a-fvwrite.o)
                0x0002342c                __sfvwrite_r
 .text          0x00023764       0xc0 c:/progra~2/codesourcery/source~1/bin/../lib/gcc/arm-none-eabi/4.5.2/../../../../arm-none-eabi/lib/thumb2\libc.a(lib_a-fwrite.o)
                0x00023764                _fwrite_r
                0x00023800                fwrite
 .text          0x00023824        0x0 c:/progra~2/codesourcery/source~1/bin/../lib/gcc/arm-none-eabi/4.5.2/../../../../arm-none-eabi/lib/thumb2\libc.a(lib_a-impure.o)
 .text          0x00023824       0x20 c:/progra~2/codesourcery/source~1/bin/../lib/gcc/arm-none-eabi/4.5.2/../../../../arm-none-eabi/lib/thumb2\libc.a(lib_a-malloc.o)
                0x00023824                malloc
                0x00023834                free
 .text          0x00023844      0x57c c:/progra~2/codesourcery/source~1/bin/../lib/gcc/arm-none-eabi/4.5.2/../../../../arm-none-eabi/lib/thumb2\libc.a(lib_a-mallocr.o)
                0x00023844                _malloc_r
 .text          0x00023dc0       0x8c c:/progra~2/codesourcery/source~1/bin/../lib/gcc/arm-none-eabi/4.5.2/../../../../arm-none-eabi/lib/thumb2\libc.a(lib_a-memchr.o)
                0x00023dc0                memchr
 .text          0x00023e4c       0x64 c:/progra~2/codesourcery/source~1/bin/../lib/gcc/arm-none-eabi/4.5.2/../../../../arm-none-eabi/lib/thumb2\libc.a(lib_a-memcmp.o)
                0x00023e4c                memcmp
 .text          0x00023eb0      0x150 c:/progra~2/codesourcery/source~1/bin/../lib/gcc/arm-none-eabi/4.5.2/../../../../arm-none-eabi/lib/thumb2\libc.a(lib_a-memcpy.o)
                0x00023eb0                memcpy
 .text          0x00024000       0xb4 c:/progra~2/codesourcery/source~1/bin/../lib/gcc/arm-none-eabi/4.5.2/../../../../arm-none-eabi/lib/thumb2\libc.a(lib_a-memmove.o)
                0x00024000                memmove
 .text          0x000240b4       0xb4 c:/progra~2/codesourcery/source~1/bin/../lib/gcc/arm-none-eabi/4.5.2/../../../../arm-none-eabi/lib/thumb2\libc.a(lib_a-memset.o)
                0x000240b4                memset
 .text          0x00024168        0x8 c:/progra~2/codesourcery/source~1/bin/../lib/gcc/arm-none-eabi/4.5.2/../../../../arm-none-eabi/lib/thumb2\libc.a(lib_a-mlock.o)
                0x00024168                __malloc_lock
                0x0002416c                __malloc_unlock
 .text          0x00024170      0x138 c:/progra~2/codesourcery/source~1/bin/../lib/gcc/arm-none-eabi/4.5.2/../../../../arm-none-eabi/lib/thumb2\libc.a(lib_a-putc.o)
                0x00024170                _putc_r
                0x00024200                putc
 .text          0x000242a8      0x100 c:/progra~2/codesourcery/source~1/bin/../lib/gcc/arm-none-eabi/4.5.2/../../../../arm-none-eabi/lib/thumb2\libc.a(lib_a-rand.o)
                0x000242a8                srand
                0x00024304                rand
 .text          0x000243a8       0x14 c:/progra~2/codesourcery/source~1/bin/../lib/gcc/arm-none-eabi/4.5.2/../../../../arm-none-eabi/lib/thumb2\libc.a(lib_a-realloc.o)
                0x000243a8                realloc
 .text          0x000243bc      0x41c c:/progra~2/codesourcery/source~1/bin/../lib/gcc/arm-none-eabi/4.5.2/../../../../arm-none-eabi/lib/thumb2\libc.a(lib_a-reallocr.o)
                0x000243bc                _realloc_r
 .text          0x000247d8      0x118 c:/progra~2/codesourcery/source~1/bin/../lib/gcc/arm-none-eabi/4.5.2/../../../../arm-none-eabi/lib/thumb2\libc.a(lib_a-reent.o)
                0x000247d8                cleanup_glue
                0x000247f4                _reclaim_reent
                0x000248b4                _wrapup_reent
 .text          0x000248f0       0x28 c:/progra~2/codesourcery/source~1/bin/../lib/gcc/arm-none-eabi/4.5.2/../../../../arm-none-eabi/lib/thumb2\libc.a(lib_a-sbrkr.o)
                0x000248f0                _sbrk_r
 .text          0x00024918      0x154 c:/progra~2/codesourcery/source~1/bin/../lib/gcc/arm-none-eabi/4.5.2/../../../../arm-none-eabi/lib/thumb2\libc.a(lib_a-signal.o)
                0x00024918                _init_signal_r
                0x00024948                _signal_r
                0x00024984                _raise_r
                0x000249dc                __sigtramp_r
                0x00024a30                raise
                0x00024a40                signal
                0x00024a50                _init_signal
                0x00024a5c                __sigtramp
 .text          0x00024a6c       0x30 c:/progra~2/codesourcery/source~1/bin/../lib/gcc/arm-none-eabi/4.5.2/../../../../arm-none-eabi/lib/thumb2\libc.a(lib_a-signalr.o)
                0x00024a6c                _kill_r
                0x00024a98                _getpid_r
 .text          0x00024a9c       0x94 c:/progra~2/codesourcery/source~1/bin/../lib/gcc/arm-none-eabi/4.5.2/../../../../arm-none-eabi/lib/thumb2\libc.a(lib_a-sprintf.o)
                0x00024a9c                _sprintf_r
                0x00024ae0                sprintf
 .text          0x00024b30      0x10c c:/progra~2/codesourcery/source~1/bin/../lib/gcc/arm-none-eabi/4.5.2/../../../../arm-none-eabi/lib/thumb2\libc.a(lib_a-strchr.o)
                0x00024b30                strchr
 .text          0x00024c3c      0x1dc c:/progra~2/codesourcery/source~1/bin/../lib/gcc/arm-none-eabi/4.5.2/../../../../arm-none-eabi/lib/thumb2\libc.a(lib_a-strcmp.o)
                0x00024c3c                strcmp
 .text          0x00024e18       0xbc c:/progra~2/codesourcery/source~1/bin/../lib/gcc/arm-none-eabi/4.5.2/../../../../arm-none-eabi/lib/thumb2\libc.a(lib_a-strcpy.o)
                0x00024e18                strcpy
 .text          0x00024ed4       0x60 c:/progra~2/codesourcery/source~1/bin/../lib/gcc/arm-none-eabi/4.5.2/../../../../arm-none-eabi/lib/thumb2\libc.a(lib_a-strlen.o)
                0x00024ed4                strlen
 .text          0x00024f34       0xac c:/progra~2/codesourcery/source~1/bin/../lib/gcc/arm-none-eabi/4.5.2/../../../../arm-none-eabi/lib/thumb2\libc.a(lib_a-strncmp.o)
                0x00024f34                strncmp
 .text          0x00024fe0       0x78 c:/progra~2/codesourcery/source~1/bin/../lib/gcc/arm-none-eabi/4.5.2/../../../../arm-none-eabi/lib/thumb2\libc.a(lib_a-strncpy.o)
                0x00024fe0                strncpy
 .text          0x00025058       0x28 c:/progra~2/codesourcery/source~1/bin/../lib/gcc/arm-none-eabi/4.5.2/../../../../arm-none-eabi/lib/thumb2\libc.a(lib_a-strrchr.o)
                0x00025058                strrchr
 .text          0x00025080     0x1640 c:/progra~2/codesourcery/source~1/bin/../lib/gcc/arm-none-eabi/4.5.2/../../../../arm-none-eabi/lib/thumb2\libc.a(lib_a-svfprintf.o)
                0x00025080                _svfprintf_r
 .text          0x000266c0       0x1c c:/progra~2/codesourcery/source~1/bin/../lib/gcc/arm-none-eabi/4.5.2/../../../../arm-none-eabi/lib/thumb2\libc.a(lib_a-syswrite.o)
                0x000266c0                write
 .text          0x000266dc       0xfc c:/progra~2/codesourcery/source~1/bin/../lib/gcc/arm-none-eabi/4.5.2/../../../../arm-none-eabi/lib/thumb2\libc.a(lib_a-wbuf.o)
                0x000266dc                __swbuf_r
                0x000267c8                __swbuf
 .text          0x000267d8       0x2c c:/progra~2/codesourcery/source~1/bin/../lib/gcc/arm-none-eabi/4.5.2/../../../../arm-none-eabi/lib/thumb2\libc.a(lib_a-writer.o)
                0x000267d8                _write_r
 .text          0x00026804      0x104 c:/progra~2/codesourcery/source~1/bin/../lib/gcc/arm-none-eabi/4.5.2/../../../../arm-none-eabi/lib/thumb2\libc.a(lib_a-wsetup.o)
                0x00026804                __swsetup_r
 .text          0x00026908      0xfe8 c:/progra~2/codesourcery/source~1/bin/../lib/gcc/arm-none-eabi/4.5.2/../../../../arm-none-eabi/lib/thumb2\libc.a(lib_a-dtoa.o)
                0x00026a34                _dtoa_r
 .text          0x000278f0      0x1ec c:/progra~2/codesourcery/source~1/bin/../lib/gcc/arm-none-eabi/4.5.2/../../../../arm-none-eabi/lib/thumb2\libc.a(lib_a-fflush.o)
                0x000278f0                _fflush_r
                0x00027ab4                fflush
 .text          0x00027adc      0x220 c:/progra~2/codesourcery/source~1/bin/../lib/gcc/arm-none-eabi/4.5.2/../../../../arm-none-eabi/lib/thumb2\libc.a(lib_a-findfp.o)
                0x00027ae4                _cleanup_r
                0x00027af0                __sfmoreglue
                0x00027b20                _cleanup
                0x00027b2c                __sinit
                0x00027c34                __sfp
                0x00027cbc                __sfp_lock_acquire
                0x00027cc0                __sfp_lock_release
                0x00027cc4                __sinit_lock_acquire
                0x00027cc8                __sinit_lock_release
                0x00027ccc                __fp_lock_all
                0x00027ce4                __fp_unlock_all
 .text          0x00027cfc      0x240 c:/progra~2/codesourcery/source~1/bin/../lib/gcc/arm-none-eabi/4.5.2/../../../../arm-none-eabi/lib/thumb2\libc.a(lib_a-freer.o)
                0x00027cfc                _malloc_trim_r