Archive member included because of file (symbol)

c:/progra~2/codesourcery/source~1/bin/../lib/gcc/arm-none-eabi/4.5.2/../../../../arm-none-eabi/lib/thumb2\libstdc++.a(si_class_type_info.o)
                              build\Menu.o (vtable for __cxxabiv1::__si_class_type_info)
c:/progra~2/codesourcery/source~1/bin/../lib/gcc/arm-none-eabi/4.5.2/../../../../arm-none-eabi/lib/thumb2\libstdc++.a(pure.o)
                              build\InterfaceBoard.o (__cxa_pure_virtual)
c:/progra~2/codesourcery/source~1/bin/../lib/gcc/arm-none-eabi/4.5.2/../../../../arm-none-eabi/lib/thumb2\libstdc++.a(class_type_info.o)
                              c:/progra~2/codesourcery/source~1/bin/../lib/gcc/arm-none-eabi/4.5.2/../../../../arm-none-eabi/lib/thumb2\libstdc++.a(si_class_type_info.o) (__cxxabiv1::__class_type_info::__do_upcast(__cxxabiv1::__class_type_info const*, void**) const)
c:/progra~2/codesourcery/source~1/bin/../lib/gcc/arm-none-eabi/4.5.2/../../../../arm-none-eabi/lib/thumb2\libstdc++.a(tinfo.o)
                              c:/progra~2/codesourcery/source~1/bin/../lib/gcc/arm-none-eabi/4.5.2/../../../../arm-none-eabi/lib/thumb2\libstdc++.a(class_type_info.o) (std::type_info::~type_info())
c:/progra~2/codesourcery/source~1/bin/../lib/gcc/arm-none-eabi/4.5.2/../../../../arm-none-eabi/lib/thumb2\libstdc++.a(eh_terminate.o)
                              c:/progra~2/codesourcery/source~1/bin/../lib/gcc/arm-none-eabi/4.5.2/../../../../arm-none-eabi/lib/thumb2\libstdc++.a(pure.o) (std::terminate())
c:/progra~2/codesourcery/source~1/bin/../lib/gcc/arm-none-eabi/4.5.2/../../../../arm-none-eabi/lib/thumb2\libstdc++.a(eh_call.o)
                              c:/progra~2/codesourcery/source~1/bin/../lib/gcc/arm-none-eabi/4.5.2/../../../../arm-none-eabi/lib/thumb2\libstdc++.a(eh_terminate.o) (__cxa_call_unexpected)
c:/progra~2/codesourcery/source~1/bin/../lib/gcc/arm-none-eabi/4.5.2/../../../../arm-none-eabi/lib/thumb2\libstdc++.a(eh_term_handler.o)
                              c:/progra~2/codesourcery/source~1/bin/../lib/gcc/arm-none-eabi/4.5.2/../../../../arm-none-eabi/lib/thumb2\libstdc++.a(eh_terminate.o) (__cxxabiv1::__terminate_handler)
c:/progra~2/codesourcery/source~1/bin/../lib/gcc/arm-none-eabi/4.5.2/../../../../arm-none-eabi/lib/thumb2\libstdc++.a(eh_personality.o)
                              c:/progra~2/codesourcery/source~1/bin/../lib/gcc/arm-none-eabi/4.5.2/../../../../arm-none-eabi/lib/thumb2\libstdc++.a(eh_terminate.o) (__gxx_personality_v0)
c:/progra~2/codesourcery/source~1/bin/../lib/gcc/arm-none-eabi/4.5.2/../../../../arm-none-eabi/lib/thumb2\libstdc++.a(eh_throw.o)
                              c:/progra~2/codesourcery/source~1/bin/../lib/gcc/arm-none-eabi/4.5.2/../../../../arm-none-eabi/lib/thumb2\libstdc++.a(eh_call.o) (__cxa_throw)
c:/progra~2/codesourcery/source~1/bin/../lib/gcc/arm-none-eabi/4.5.2/../../../../arm-none-eabi/lib/thumb2\libstdc++.a(eh_unex_handler.o)
                              c:/progra~2/codesourcery/source~1/bin/../lib/gcc/arm-none-eabi/4.5.2/../../../../arm-none-eabi/lib/thumb2\libstdc++.a(eh_terminate.o) (__cxxabiv1::__unexpected_handler)
c:/progra~2/codesourcery/source~1/bin/../lib/gcc/arm-none-eabi/4.5.2/../../../../arm-none-eabi/lib/thumb2\libstdc++.a(eh_globals.o)
                              c:/progra~2/codesourcery/source~1/bin/../lib/gcc/arm-none-eabi/4.5.2/../../../../arm-none-eabi/lib/thumb2\libstdc++.a(eh_call.o) (__cxa_get_globals_fast)
c:/progra~2/codesourcery/source~1/bin/../lib/gcc/arm-none-eabi/4.5.2/../../../../arm-none-eabi/lib/thumb2\libstdc++.a(eh_catch.o)
                              c:/progra~2/codesourcery/source~1/bin/../lib/gcc/arm-none-eabi/4.5.2/../../../../arm-none-eabi/lib/thumb2\libstdc++.a(eh_terminate.o) (__cxa_begin_catch)
c:/progra~2/codesourcery/source~1/bin/../lib/gcc/arm-none-eabi/4.5.2/../../../../arm-none-eabi/lib/thumb2\libstdc++.a(vterminate.o)
                              c:/progra~2/codesourcery/source~1/bin/../lib/gcc/arm-none-eabi/4.5.2/../../../../arm-none-eabi/lib/thumb2\libstdc++.a(eh_term_handler.o) (__gnu_cxx::__verbose_terminate_handler())
c:/progra~2/codesourcery/source~1/bin/../lib/gcc/arm-none-eabi/4.5.2/../../../../arm-none-eabi/lib/thumb2\libstdc++.a(eh_exception.o)
                              c:/progra~2/codesourcery/source~1/bin/../lib/gcc/arm-none-eabi/4.5.2/../../../../arm-none-eabi/lib/thumb2\libstdc++.a(eh_call.o) (std::bad_exception::~bad_exception())
c:/progra~2/codesourcery/source~1/bin/../lib/gcc/arm-none-eabi/4.5.2/../../../../arm-none-eabi/lib/thumb2\libstdc++.a(eh_type.o)
                              c:/progra~2/codesourcery/source~1/bin/../lib/gcc/arm-none-eabi/4.5.2/../../../../arm-none-eabi/lib/thumb2\libstdc++.a(vterminate.o) (__cxa_current_exception_type)
c:/progra~2/codesourcery/source~1/bin/../lib/gcc/arm-none-eabi/4.5.2/../../../../arm-none-eabi/lib/thumb2\libstdc++.a(eh_arm.o)
[...]
Memory Configuration

Name             Origin             Length             Attributes
rom              0x00003000         0x0007d000         xr
ram              0x10001000         0x00007000         xrw
ram1             0x2007c000         0x00004000         xrw
ram2             0x20080000         0x00004000         xrw
*default*        0x00000000         0xffffffff

Linker script and memory map

LOAD c:/progra~2/codesourcery/source~1/bin/../lib/gcc/arm-none-eabi/4.5.2/thumb2/crti.o
LOAD c:/progra~2/codesourcery/source~1/bin/../lib/gcc/arm-none-eabi/4.5.2/thumb2/crtbegin.o
LOAD build\system\core_cm3.o
LOAD build\system\syscalls.o
LOAD build\system\system_LPC17xx.o
LOAD build\system\mini_cpp.o
LOAD build\system\startup_LPC17xx.o
LOAD build\lib\source\Uart32.o
LOAD build\lib\source\lpc17xx_adc.o
LOAD build\lib\source\lpc17xx_clkpwr.o
LOAD build\lib\source\lpc17xx_gpio.o
LOAD build\lib\source\lpc17xx_i2c.o
LOAD build\lib\source\lpc17xx_libcfg_default.o
LOAD build\lib\source\lpc17xx_nvic.o
LOAD build\lib\source\lpc17xx_pinsel.o
LOAD build\lib\source\lpc17xx_spi.o
LOAD build\lib\source\lpc17xx_timer.o
LOAD build\lib\source\lpc17xx_uart.o
LOAD build\lib_sd\byteordering.o
LOAD build\lib_sd\fat.o
LOAD build\lib_sd\partition.o
LOAD build\lib_sd\sd_raw.o
LOAD build\IAP_internal_flash_write\IAP.o
LOAD build\USBCDC\cdcuser.o
LOAD build\USBCDC\serial.o
LOAD build\USBCDC\usbcore.o
LOAD build\USBCDC\usbdesc.o
LOAD build\USBCDC\usbhw.o
LOAD build\USBCDC\usbuser.o
LOAD build\USBCDC\vcomdemo.o
LOAD src\shared\PID.o
LOAD src\shared\Packet.o
LOAD build\Command.o
LOAD build\DebugPacketProcessor.o
LOAD build\Delay.o
LOAD build\EepromMap.o
LOAD build\Host.o
LOAD build\Interface.o
LOAD build\InterfaceBoard.o
LOAD build\LPCPort.o
LOAD build\LiquidCrystal.o
LOAD build\Main.o
LOAD build\Menu.o
LOAD build\Microsteps.o
LOAD build\Motherboard.o
LOAD build\PID.o
LOAD build\Packet.o
LOAD build\SDCard.o
LOAD build\StepperInterface.o
LOAD build\Steppers.o
LOAD build\Timeout.o
LOAD build\Tool.o
LOAD build\UART.o
                0x10008000                PROVIDE (__cs3_stack, (__cs3_region_start_ram + __cs3_region_size_ram))
                0x00005218                PROVIDE (__cs3_stack_size, ((__cs3_region_start_ram + __cs3_region_size_ram) - _end))
                0x10002de8                PROVIDE (__cs3_heap_start, _end)
                0x10008000                PROVIDE (__cs3_heap_end, (__cs3_region_start_ram + __cs3_region_size_ram))

.text           0x00003000    0x2a514
 CREATE_OBJECT_SYMBOLS
                0x00003000                __cs3_region_start_rom = .
 *(.cs3.region-head.rom)
                0x00003000                __cs3_interrupt_vector = __cs3_interrupt_vector_cortex_m
 *(.cs3.interrupt_vector)
 .cs3.interrupt_vector
                0x00003000       0xcc build\system\startup_LPC17xx.o
                0x00003000                __cs3_interrupt_vector_cortex_m
                0x00003001                ASSERT ((. != __cs3_interrupt_vector_cortex_m), No interrupt vector)
 *(.rom)
 *(.rom.b)
                0x000030cc                __cs3_reset = __cs3_reset_cortex_m
 *(.cs3.reset)
 .cs3.reset     0x000030cc       0x10 build\system\startup_LPC17xx.o
                0x000030cc                __cs3_reset_cortex_m
                0x00003001                ASSERT ((. != __cs3_reset), No reset code)
 *(.text .text.* .gnu.linkonce.t.*)
 .text          0x000030dc        0x0 c:/progra~2/codesourcery/source~1/bin/../lib/gcc/arm-none-eabi/4.5.2/thumb2/crti.o
 .text          0x000030dc       0x30 c:/progra~2/codesourcery/source~1/bin/../lib/gcc/arm-none-eabi/4.5.2/thumb2/crtbegin.o
 .text          0x0000310c        0x0 build\system\core_cm3.o
 .text          0x0000310c      0x188 build\system\syscalls.o
                0x0000310c                _kill
                0x00003134                _exit
                0x00003140                _getpid
                0x00003150                get_heap_end
                0x00003164                get_stack_top
                0x00003178                _sbrk
                0x000031cc                _close
                0x000031e4                _fstat
                0x00003208                _isatty
                0x00003220                _lseek
                0x0000323c                _read
                0x00003258                _write
 .text          0x00003294      0x318 build\system\system_LPC17xx.o
                0x00003294                SystemCoreClockUpdate
                0x0000343c                SystemInit
 .text          0x000035ac       0x6c build\system\mini_cpp.o
                0x000035ac                operator new(unsigned int)
                0x000035c8                operator new[](unsigned int)
                0x000035e4                operator delete(void*)
                0x000035fc                __aeabi_atexit
 .text          0x00003618       0x14 build\system\startup_LPC17xx.o
                0x00003618                NMI_Handler
                0x0000361a                HardFault_Handler
                0x0000361c                MemManage_Handler
                0x0000361e                BusFault_Handler
                0x00003620                UsageFault_Handler
                0x00003622                SVC_Handler
                0x00003624                DebugMon_Handler
                0x00003626                PendSV_Handler
                0x00003628                SysTick_Handler
                0x0000362a                PWM1_IRQHandler
                0x0000362a                I2C1_IRQHandler
                0x0000362a                EINT2_IRQHandler
                0x0000362a                EINT3_IRQHandler
                0x0000362a                TIMER3_IRQHandler
                0x0000362a                UART0_IRQHandler
                0x0000362a                I2C0_IRQHandler
                0x0000362a                RIT_IRQHandler
                0x0000362a                CAN_IRQHandler
                0x0000362a                PLL1_IRQHandler
                0x0000362a                SSP0_IRQHandler
                0x0000362a                I2S_IRQHandler
                0x0000362a                I2C2_IRQHandler
                0x0000362a                RTC_IRQHandler
                0x0000362a                SPI_IRQHandler
                0x0000362a                EINT1_IRQHandler
                0x0000362a                UART2_IRQHandler
                0x0000362a                Default_Handler
                0x0000362a                ADC_IRQHandler
                0x0000362a                SSP1_IRQHandler
                0x0000362a                BOD_IRQHandler
                0x0000362a                USBActivity_IRQHandler
                0x0000362a                WDT_IRQHandler
                0x0000362a                PLL0_IRQHandler
                0x0000362a                QEI_IRQHandler
                0x0000362a                EINT0_IRQHandler
                0x0000362a                DMA_IRQHandler
                0x0000362a                TIMER2_IRQHandler
                0x0000362a                UART3_IRQHandler
                0x0000362a                MCPWM_IRQHandler
                0x0000362a                ENET_IRQHandler
 .text          0x0000362c       0xe4 build\lib\source\Uart32.o
                0x0000362c                UART_8
                0x0000364c                UART_32_DEC
                0x000036ac                UART_32_HEX
 .text          0x00003710      0x518 build\lib\source\lpc17xx_adc.o
                0x00003710                ADC_Init
                0x000037a8                ADC_DeInit
                0x000037ec                ADC_GetData
                0x00003820                ADC_StartCmd
                0x000038a4                ADC_BurstCmd
                0x000038f0                ADC_PowerdownCmd
                0x0000393c                ADC_EdgeStartConfig
                0x000039a0                ADC_IntConfig
                0x00003a44                ADC_ChannelCmd
                0x00003aac                ADC_ChannelGetData
                0x00003b00                ADC_ChannelGetStatus
                0x00003b84                ADC_GlobalGetData
                0x00003bb4                ADC_GlobalGetStatus
 .text          0x00003c28      0x250 build\lib\source\lpc17xx_clkpwr.o
                0x00003c28                CLKPWR_SetPCLKDiv
                0x00003cc8                CLKPWR_GetPCLKSEL
                0x00003d14                CLKPWR_GetPCLK
                0x00003d84                CLKPWR_ConfigPPWR
                0x00003de4                CLKPWR_Sleep
                0x00003e00                CLKPWR_DeepSleep
                0x00003e28                CLKPWR_PowerDown
                0x00003e50                CLKPWR_DeepPowerDown
 .text          0x00003e78      0x958 build\lib\source\lpc17xx_gpio.o
                0x000040b8                GPIO_SetDir
                0x00004104                GPIO_GetDir
                0x00004134                GPIO_SetValue
                0x00004160                GPIO_ClearValue
                0x0000418c                GPIO_ReadValue
                0x000041bc                GPIO_IntCmd
                0x0000422c                GPIO_GetIntStatus
                0x000042d0                GPIO_ClearInt
                0x00004308                FIO_SetDir
                0x00004330                FIO_SetValue
                0x00004350                FIO_ClearValue
                0x00004370                FIO_ReadValue
                0x00004390                FIO_IntCmd
                0x000043b8                FIO_GetIntStatus
                0x000043e4                FIO_ClearInt
                0x00004404                FIO_SetMask
                0x00004434                FIO_HalfWordSetDir
                0x000044d0                FIO_HalfWordSetMask
                0x0000456c                FIO_HalfWordSetValue
                0x000045ac                FIO_HalfWordClearValue
                0x000045ec                FIO_HalfWordReadValue
                0x00004630                FIO_ByteSetDir
                0x000046a0                FIO_ByteSetMask
                0x00004718                FIO_ByteSetValue
                0x00004754                FIO_ByteClearValue
                0x00004790                FIO_ByteReadValue
 .text          0x000047d0     0x1348 build\lib\source\lpc17xx_i2c.o
                0x00004a60                I2C_Init
                0x00004b1c                I2C_DeInit
                0x00004ba8                I2C_Cmd
                0x00004c1c                I2C_IntCmd
                0x00004cac                I2C_MasterHandler
                0x00005070                I2C_SlaveHandler
                0x00005244                I2C_MasterTransferData
                0x00005578                I2C_SlaveTransferData
                0x000057d8                I2C_SetOwnSlaveAddr
                0x000058dc                I2C_MonitorModeConfig
                0x00005964                I2C_MonitorModeCmd
                0x00005a04                I2C_MonitorGetDatabuffer
                0x00005a50                I2C_MonitorHandler
                0x00005aa8                I2C_MasterTransferComplete
                0x00005ae0                I2C_SlaveTransferComplete
 .text          0x00005b18        0xc build\lib\source\lpc17xx_libcfg_default.o
                0x00005b18                check_failed
 .text          0x00005b24       0xfc build\lib\source\lpc17xx_nvic.o
                0x00005b24                NVIC_DeInit
                0x00005b84                NVIC_SCBDeInit
                0x00005c04                NVIC_SetVTOR
 .text          0x00005c20      0x284 build\lib\source\lpc17xx_pinsel.o
                0x00005dd4                PINSEL_ConfigTraceFunc
                0x00005e14                PINSEL_SetI2C0Pins
                0x00005e50                PINSEL_ConfigPin
 .text          0x00005ea4      0x58c build\lib\source\lpc17xx_spi.o
                0x00005ea4                SPI_SetClock
                0x00005f20                SPI_DeInit
                0x00005f60                SPI_GetDataSize
                0x00005f9c                SPI_Init
                0x00006034                SPI_ConfigStructInit
                0x00006078                SPI_SendData
                0x000060ac                SPI_ReceiveData
                0x000060e0                SPI_ReadWrite
                0x000062d4                SPI_IntCmd
                0x0000633c                SPI_GetIntStatus
                0x00006374                SPI_ClearIntPending
                0x000063a8                SPI_GetStatus
                0x000063dc                SPI_CheckStatus
 .text          0x00006430      0xab0 build\lib\source\lpc17xx_timer.o
                0x0000655c                TIM_GetIntStatus
                0x00006604                TIM_GetIntCaptureStatus
                0x000066b0                TIM_ClearIntPending
                0x0000673c                TIM_ClearIntCapturePending
                0x000067cc                TIM_ConfigStructInit
                0x0000680c                TIM_Init
                0x000069b4                TIM_DeInit
                0x00006a5c                TIM_Cmd
                0x00006acc                TIM_ResetCounter
                0x00006b30                TIM_ConfigMatch
                0x00006ce0                TIM_UpdateMatchValue
                0x00006d70                TIM_ConfigCapture
                0x00006e68                TIM_GetCaptureValue
 .text          0x00006ee0     0x16c0 build\lib\source\lpc17xx_uart.o
                0x000071e8                UART_Init
                0x0000750c                UART_DeInit
                0x000075b4                UART_ConfigStructInit
                0x000075e8                UART_SendByte
                0x00007650                UART_ReceiveByte
                0x000076b8                UART_Send
                0x000077c4                UART_Receive
                0x0000789c                UART_ForceBreak
                0x00007914                UART_IntConfig
                0x00007aac                UART_GetLineStatus
                0x00007b14                UART_GetIntId
                0x00007b70                UART_CheckBusy
                0x00007b9c                UART_FIFOConfig
                0x00007cf8                UART_FIFOConfigStructInit
                0x00007d2c                UART_ABCmd
                0x00007e74                UART_ABClearIntPending
                0x00007ee8                UART_TxCmd
                0x00007fb4                UART_IrDAInvtInputCmd
                0x00008030                UART_IrDACmd
                0x000080a4                UART_IrDAPulseDivConfig
                0x00008144                UART_FullModemForcePinState
                0x00008200                UART_FullModemConfigMode
                0x000082c8                UART_FullModemGetStatus
                0x000082fc                UART_RS485Config
                0x00008484                UART_RS485ReceiverCmd
                0x000084cc                UART_RS485Send
                0x00008550                UART_RS485SendSlvAddr
                0x00008578                UART_RS485SendData
 .text          0x000085a0       0xf8 build\lib_sd\byteordering.o
                0x000085a0                read16
                0x000085d0                read32
                0x00008614                write16
                0x00008644                write32
 .text          0x00008698     0x1cb8 build\lib_sd\fat.o
                0x00008698                fat_open
                0x00008734                fat_close
                0x00008d1c                fat_get_dir_entry_of_path
                0x00008e54                fat_open_file
                0x00008efc                fat_close_file
                0x00008f1c                fat_read_file
                0x000090ac                fat_write_file
                0x000092cc                fat_seek_file
                0x00009368                fat_resize_file
                0x000094ac                fat_open_dir
                0x00009548                fat_close_dir
                0x00009568                fat_read_dir
                0x000096f0                fat_reset_dir
                0x00009f28                fat_create_file
                0x00009fe4                fat_delete_file
                0x0000a09c                fat_create_dir
                0x0000a220                fat_get_fs_size
                0x0000a254                fat_get_fs_free
 .text          0x0000a350      0x16c build\lib_sd\partition.o
                0x0000a350                partition_open
                0x0000a490                partition_close
 .text          0x0000a4bc      0xae4 build\lib_sd\sd_raw.o
                0x0000a4bc                sd_raw_init
                0x0000a73c                sd_raw_available
                0x0000a750                sd_raw_locked
                0x0000a880                sd_raw_read
                0x0000a9ac                sd_raw_read_interval
                0x0000aa2c                sd_raw_write
                0x0000ab98                sd_raw_write_interval
                0x0000ac34                sd_raw_sync
                0x0000ac80                sd_raw_get_info
 .text          0x0000afa0      0x214 build\IAP_internal_flash_write\IAP.o
                0x0000afa0                IAP::read_ID()
                0x0000afd4                IAP::read_serial()
                0x0000b008                IAP::blank_check(int, int)
                0x0000b04c                IAP::erase(int, int)
                0x0000b09c                IAP::prepare(int, int)
                0x0000b0e0                IAP::write(char*, char*, int)
                0x0000b138                IAP::compare(char*, char*, int)
                0x0000b184                IAP::reserved_flash_area_start()
                0x0000b19c                IAP::reserved_flash_area_size()
 .text          0x0000b1b4      0x468 build\USBCDC\cdcuser.o
                0x0000b1ec                CDC_RdOutBuf
                0x0000b25c                CDC_WrOutBuf
                0x0000b2b4                CDC_OutBufAvailChar
                0x0000b2e4                CDC_Init
                0x0000b30c                CDC_SendEncapsulatedCommand
                0x0000b31c                CDC_GetEncapsulatedResponse
                0x0000b32c                CDC_SetCommFeature
                0x0000b348                CDC_GetCommFeature
                0x0000b364                CDC_ClearCommFeature
                0x0000b380                CDC_SetLineCoding
                0x0000b3dc                CDC_GetLineCoding
                0x0000b440                CDC_SetControlLineState
                0x0000b45c                CDC_SendBreak
                0x0000b478                CDC_BulkIn
                0x0000b4c0                CDC_BulkOut
                0x0000b4d0                CDC_GetSerialState
                0x0000b5a4                CDC_NotificationIn
 .text          0x0000b61c      0x224 build\USBCDC\serial.o
                0x0000b61c                ser_OpenPort
                0x0000b630                ser_ClosePort
                0x0000b644                ser_InitPort0
                0x0000b69c                ser_Read
                0x0000b720                ser_Write
                0x0000b7ec                ser_AvailChar
                0x0000b818                ser_LineState
 .text          0x0000b840      0xe64 build\USBCDC\usbcore.o
                0x0000b840                USB_ResetCore
                0x0000b894                USB_SetupStage
                0x0000b8a8                USB_DataInStage
                0x0000b900                USB_DataOutStage
                0x0000b940                USB_StatusInStage
                0x0000b958                USB_StatusOutStage
                0x0000b96c                USB_ReqGetStatus
                0x0000ba88                USB_ReqSetClrFeature
                0x0000bbc8                USB_ReqSetAddress
                0x0000bc04                USB_ReqGetDescriptor
                0x0000bd2c                USB_ReqGetConfiguration
                0x0000bd64                USB_ReqSetConfiguration
                0x0000bfec                USB_ReqGetInterface
                0x0000c04c                USB_ReqSetInterface
                0x0000c230                USB_EndPoint0
 .text          0x0000c6a4        0x0 build\USBCDC\usbdesc.o
 .text          0x0000c6a4      0x9e4 build\USBCDC\usbhw.o
                0x0000c814                EPAdr
                0x0000c848                WrCmd
                0x0000c880                WrCmdDat
                0x0000c8dc                WrCmdEP
                0x0000c944                RdCmdDat
                0x0000c984                USB_Init
                0x0000ca64                USB_Connect
                0x0000ca94                USB_Reset
                0x0000cb04                USB_Suspend
                0x0000cb10                USB_Resume
                0x0000cb1c                USB_WakeUp
                0x0000cb44                USB_WakeUpCfg
                0x0000cb58                USB_SetAddress
                0x0000cb98                USB_Configure
                0x0000cbf0                USB_ConfigEP
                0x0000cc58                USB_DirCtrlEP
                0x0000cc6c                USB_EnableEP
                0x0000cc9c                USB_DisableEP
                0x0000cccc                USB_ResetEP
                0x0000ccfc                USB_SetStallEP
                0x0000cd2c                USB_ClrStallEP
                0x0000cd5c                USB_ClearEPBuf
                0x0000cd78                USB_ReadEP
                0x0000ce20                USB_WriteEP
                0x0000cea0                USB_GetFrame
                0x0000cedc                USB_IRQHandler
 .text          0x0000d088      0x180 build\USBCDC\usbuser.o
                0x0000d088                USB_Reset_Event
                0x0000d094                USB_Configure_Event
                0x0000d0a0                USB_EndPoint1
                0x0000d0dc                USB_EndPoint2
                0x0000d104                USB_EndPoint3
                0x0000d118                USB_EndPoint4
                0x0000d12c                USB_EndPoint5
                0x0000d140                USB_EndPoint6
                0x0000d154                USB_EndPoint7
                0x0000d168                USB_EndPoint8
                0x0000d17c                USB_EndPoint9
                0x0000d190                USB_EndPoint10
                0x0000d1a4                USB_EndPoint11
                0x0000d1b8                USB_EndPoint12
                0x0000d1cc                USB_EndPoint13
                0x0000d1e0                USB_EndPoint14
                0x0000d1f4                USB_EndPoint15
 .text          0x0000d208       0xb0 build\USBCDC\vcomdemo.o
                0x0000d208                VCOM_Init
                0x0000d218                VCOM_Usb2Serial
                0x0000d264                VCOM_CheckSerialState
                0x0000d294                VCOM_Start
 .text          0x0000d2b8      0x28c src\shared\PID.o
                0x0000d2b8                PID::reset()
                0x0000d2f0                PID::reset_state()
                0x0000d374                PID::calculate(int)
                0x0000d4cc                PID::setTarget(int)
                0x0000d4f4                PID::getErrorTerm()
                0x0000d50c                PID::getDeltaTerm()
                0x0000d52c                PID::getLastOutput()
 .text          0x0000d544      0x54c src\shared\Packet.o
                0x0000d544                _crc_ibutton_update(unsigned char, unsigned char)
                0x0000d5b4                Packet::appendByte(unsigned char)
                0x0000d614                Packet::reset()
                0x0000d64c                InPacket::InPacket()
                0x0000d64c                InPacket::InPacket()
                0x0000d670                InPacket::reset()
                0x0000d688                InPacket::processByte(unsigned char)
                0x0000d7b0                Packet::read8(unsigned char) const
                0x0000d7d4                Packet::read16(unsigned char) const
                0x0000d814                Packet::read32(unsigned char) const
                0x0000d86c                OutPacket::OutPacket()
                0x0000d86c                OutPacket::OutPacket()
                0x0000d890                OutPacket::reset()
                0x0000d8b4                OutPacket::prepareForResend()
                0x0000d8e4                OutPacket::getNextByteToSend()
                0x0000d9e0                OutPacket::append8(unsigned char)
                0x0000da00                OutPacket::append16(unsigned short)
                0x0000da38                OutPacket::append32(unsigned long)
 .text._ZN6Packet5errorEh
                0x0000da90       0x24 src\shared\Packet.o
                0x0000da90                Packet::error(unsigned char)
 .text._ZN6PacketC2Ev
                0x0000dab4       0x18 src\shared\Packet.o
                0x0000dab4                Packet::Packet()
                0x0000dab4                Packet::Packet()
 .text          0x0000dacc      0xb7c build\Command.o
                0x0000dacc                command::getRemainingCapacity()
                0x0000daec                command::pause(bool)
                0x0000db0c                command::isPaused()
                0x0000db20                command::isEmpty()
                0x0000db34                command::push(unsigned char)
                0x0000db54                command::pop8()
                0x0000db68                command::pop16()
                0x0000db94                command::pop32()
                0x0000dbd4                command::reset()
                0x0000dbf0                command::runCommandSlice()
 .text._ZN10Port_ClassC2Ev
                0x0000e648       0x20 build\Command.o
                0x0000e648                Port_Class::Port_Class()
                0x0000e648                Port_Class::Port_Class()
 .text._ZN5PointC2Elllll
                0x0000e668       0x3c build\Command.o
                0x0000e668                Point::Point(long, long, long, long, long)
                0x0000e668                Point::Point(long, long, long, long, long)
 .text._ZN5PointC2Elll
                0x0000e6a4       0x64 build\Command.o
                0x0000e6a4                Point::Point(long, long, long)
                0x0000e6a4                Point::Point(long, long, long)
 .text._ZNK5PointixEj
                0x0000e708       0x20 build\Command.o
                0x0000e708                Point::operator[](unsigned int) const
 .text._ZN5PointixEj
                0x0000e728       0x20 build\Command.o
                0x0000e728                Point::operator[](unsigned int)
 .text._ZNK6Packet8hasErrorEv
                0x0000e748       0x28 build\Command.o
                0x0000e748                Packet::hasError() const
 .text._ZN19CircularBufferTemplIhEC2EtPh
                0x0000e770       0x48 build\Command.o
                0x0000e770                CircularBufferTempl<unsigned char>::CircularBufferTempl(unsigned short, unsigned char*)
                0x0000e770                CircularBufferTempl<unsigned char>::CircularBufferTempl(unsigned short, unsigned char*)
 .text._ZNK19CircularBufferTemplIhE20getRemainingCapacityEv
                0x0000e7b8       0x24 build\Command.o
                0x0000e7b8                CircularBufferTempl<unsigned char>::getRemainingCapacity() const
 .text._ZNK19CircularBufferTemplIhE7isEmptyEv
                0x0000e7dc       0x24 build\Command.o
                0x0000e7dc                CircularBufferTempl<unsigned char>::isEmpty() const
 .text._ZN19CircularBufferTemplIhE4pushEh
                0x0000e800       0x5c build\Command.o
                0x0000e800                CircularBufferTempl<unsigned char>::push(unsigned char)
 .text._ZN19CircularBufferTemplIhE3popEv
                0x0000e85c       0x6c build\Command.o
                0x0000e85c                CircularBufferTempl<unsigned char>::pop()
 .text._ZN19CircularBufferTemplIhE5resetEv
                0x0000e8c8       0x34 build\Command.o
                0x0000e8c8                CircularBufferTempl<unsigned char>::reset()
 .text._ZNK19CircularBufferTemplIhE9getLengthEv
                0x0000e8fc       0x1c build\Command.o
                0x0000e8fc                CircularBufferTempl<unsigned char>::getLength() const
 .text._ZN19CircularBufferTemplIhEixEt
                0x0000e918       0x3c build\Command.o
                0x0000e918                CircularBufferTempl<unsigned char>::operator[](unsigned short)
 .text          0x0000e954      0x340 build\DebugPacketProcessor.o
                0x0000e954                processDebugPacket(InPacket const&, OutPacket&)
 .text._ZNK6Packet9getLengthEv
                0x0000ec94       0x1c build\DebugPacketProcessor.o
                0x0000ec94                Packet::getLength() const
 .text._ZN11Motherboard8getBoardEv
                0x0000ecb0       0x14 build\DebugPacketProcessor.o
                0x0000ecb0                Motherboard::getBoard()
 .text          0x0000ecc4      0x140 build\Delay.o
                0x0000ecc4                few_ticks
                0x0000ed8c                _delay_us
                0x0000edc4                _delay_ms
                0x0000ede4                _delay_s
 .text          0x0000ee04      0x850 build\EepromMap.o
                0x0000ee04                print_menu()
                0x0000ee4c                test_uart()
                0x0000ef0c                test_led(unsigned char)
                0x0000ef7c                test_led2(unsigned char)
                0x0000efec                test_led3(unsigned char)
                0x0000f05c                test_u()
                0x0000f0d0                UART_8(LPC_UART_TypeDef*, unsigned char)
                0x0000f0f0                UART_32_DEC(LPC_UART_TypeDef*, unsigned long)
                0x0000f150                UART_32_HEX(LPC_UART_TypeDef*, unsigned long)
                0x0000f1b4                read_all_from_flash()
                0x0000f2cc                save_to_flash()
                0x0000f318                microstep_pinout(unsigned char)
                0x0000f3f0                eeprom::init()
                0x0000f4e0                eeprom::getEeprom8(unsigned long, unsigned char)
                0x0000f50c                eeprom::getEeprom16(unsigned long, unsigned short)
 .text._ZN3IAPC2Ev
                0x0000f654       0x3c build\EepromMap.o
                0x0000f654                IAP::IAP()
                0x0000f654                IAP::IAP()
 .text          0x0000f690      0x7b0 build\Host.o
                0x0000f690                host::runHostSlice()
                0x0000f81c                host::processCommandPacket(InPacket const&, OutPacket&)
                0x0000f904                host::doToolPause(OutPacket&)
                0x0000fa20                host::processQueryPacket(InPacket const&, OutPacket&)
                0x0000fc08                host::getMachineName()
                0x0000fc9c                host::getBuildName()
                0x0000fcb0                host::getHostState()
                0x0000fcc4                host::startBuildFromSD()
                0x0000fcfc                host::stopBuild()
 .text._ZNK6Packet12getErrorCodeEv
                0x0000fe40       0x1c build\Host.o
                0x0000fe40                Packet::getErrorCode() const
 .text._ZNK6Packet7getDataEv
                0x0000fe5c       0x1c build\Host.o
                0x0000fe5c                Packet::getData() const
 .text._ZNK8InPacket10isFinishedEv
                0x0000fe78       0x28 build\Host.o
                0x0000fe78                InPacket::isFinished() const
 .text._ZNK8InPacket9isStartedEv
                0x0000fea0       0x28 build\Host.o
                0x0000fea0                InPacket::isStarted() const
 .text._ZN8InPacket7timeoutEv
                0x0000fec8       0x1c build\Host.o
                0x0000fec8                InPacket::timeout()
 .text._ZNK9OutPacket9isSendingEv
                0x0000fee4       0x38 build\Host.o
                0x0000fee4                OutPacket::isSending() const
 .text._ZN4UART11getHostUARTEv
                0x0000ff1c       0x14 build\Host.o
                0x0000ff1c                UART::getHostUART()
 .text._ZNK7Timeout8isActiveEv
                0x0000ff30       0x18 build\Host.o
                0x0000ff30                Timeout::isActive() const
 .text._ZN11Motherboard19getStepperInterfaceEi
                0x0000ff48       0x24 build\Host.o
                0x0000ff48                Motherboard::getStepperInterface(int)
 .text._ZN4host13handleVersionERK8InPacketR9OutPacket
                0x0000ff6c       0x28 build\Host.o
                0x0000ff6c                host::handleVersion(InPacket const&, OutPacket&)
 .text._ZN4host18handleGetBuildNameERK8InPacketR9OutPacket
                0x0000ff94       0x5c build\Host.o
                0x0000ff94                host::handleGetBuildName(InPacket const&, OutPacket&)
 .text._ZN4host19handleGetBufferSizeERK8InPacketR9OutPacket
                0x0000fff0       0x2c build\Host.o
                0x0000fff0                host::handleGetBufferSize(InPacket const&, OutPacket&)
 .text._ZN4host17handleGetPositionERK8InPacketR9OutPacket
                0x0001001c      0x110 build\Host.o
                0x0001001c                host::handleGetPosition(InPacket const&, OutPacket&)
 .text._ZN4host20handleGetPositionExtERK8InPacketR9OutPacket
                0x0001012c      0x148 build\Host.o
                0x0001012c                host::handleGetPositionExt(InPacket const&, OutPacket&)
 .text._ZN4host19handleCaptureToFileERK8InPacketR9OutPacket
                0x00010274       0x3c build\Host.o
                0x00010274                host::handleCaptureToFile(InPacket const&, OutPacket&)
 .text._ZN4host16handleEndCaptureERK8InPacketR9OutPacket
                0x000102b0       0x2c build\Host.o
                0x000102b0                host::handleEndCapture(InPacket const&, OutPacket&)
 .text._ZN4host14handlePlaybackERK8InPacketR9OutPacket
                0x000102dc       0x84 build\Host.o
                0x000102dc                host::handlePlayback(InPacket const&, OutPacket&)
 .text._ZN4host18handleNextFilenameERK8InPacketR9OutPacket
                0x00010360      0x10c build\Host.o
                0x00010360                host::handleNextFilename(InPacket const&, OutPacket&)
 .text._ZN4host15handleToolQueryERK8InPacketR9OutPacket
                0x0001046c      0x17c build\Host.o
                0x0001046c                host::handleToolQuery(InPacket const&, OutPacket&)
 .text._ZN4host11handlePauseERK8InPacketR9OutPacket
                0x000105e8       0x34 build\Host.o
                0x000105e8                host::handlePause(InPacket const&, OutPacket&)
 .text._ZN4host16handleIsFinishedERK8InPacketR9OutPacket
                0x0001061c       0x60 build\Host.o
                0x0001061c                host::handleIsFinished(InPacket const&, OutPacket&)
 .text._ZN4host16handleReadEepromERK8InPacketR9OutPacket
                0x0001067c       0x74 build\Host.o
                0x0001067c                host::handleReadEeprom(InPacket const&, OutPacket&)
 .text._ZN4host17handleWriteEepromERK8InPacketR9OutPacket
                0x000106f0       0x90 build\Host.o
                0x000106f0                host::handleWriteEeprom(InPacket const&, OutPacket&)
 .text._ZN4host18handleExtendedStopERK8InPacketR9OutPacket
                0x00010780       0x54 build\Host.o
                0x00010780                host::handleExtendedStop(InPacket const&, OutPacket&)
 .text._ZN4host27handleGetCommunicationStatsERK8InPacketR9OutPacket
                0x000107d4       0x60 build\Host.o
                0x000107d4                host::handleGetCommunicationStats(InPacket const&, OutPacket&)
 .text          0x00010834       0xd4 build\Interface.o
                0x00010834                interfaceboard::isConnected()
                0x0001084c                interfaceboard::init()
                0x0001085c                interfaceboard::pushScreen(Screen*)
                0x00010878                interfaceboard::popScreen()
                0x00010888                interfaceboard::doInterrupt()
                0x00010898                interfaceboard::getUpdateRate()
                0x000108ac                interfaceboard::doUpdate()
 .text          0x00010908      0x64c build\InterfaceBoard.o
                0x00010908                ButtonArray::init()
                0x0001092c                ButtonArray::scanButtons()
                0x00010a58                ButtonArray::getButton(InterfaceBoardDefinitions::ButtonName&)
                0x00010a94                InterfaceBoard::InterfaceBoard()
                0x00010a94                InterfaceBoard::InterfaceBoard()
                0x00010ca4                InterfaceBoard::init()
                0x00010cb8                InterfaceBoard::doInterrupt()
                0x00010cd4                InterfaceBoard::getUpdateRate()
                0x00010d14                InterfaceBoard::doUpdate()
                0x00010e04                InterfaceBoard::pushScreen(Screen*)
                0x00010eb0                InterfaceBoard::popScreen()
 .text._ZN10Port_ClassC2E8portname
                0x00010f54       0x20 build\InterfaceBoard.o
                0x00010f54                Port_Class::Port_Class(portname)
                0x00010f54                Port_Class::Port_Class(portname)
 .text._ZN10Port_Class15setPinDirectionEhb
                0x00010f74       0x74 build\InterfaceBoard.o
                0x00010f74                Port_Class::setPinDirection(unsigned char, bool)
 .text._ZN10Port_Class6setPinEhb
                0x00010fe8       0x5c build\InterfaceBoard.o
                0x00010fe8                Port_Class::setPin(unsigned char, bool)
 .text._ZN3PinC2E8portnameh
                0x00011044       0x30 build\InterfaceBoard.o
                0x00011044                Pin::Pin(portname, unsigned char)
                0x00011044                Pin::Pin(portname, unsigned char)
 .text._ZN3Pin12setDirectionEb
                0x00011074       0x28 build\InterfaceBoard.o
                0x00011074                Pin::setDirection(bool)
 .text._ZN3Pin8setValueEb
                0x0001109c       0x28 build\InterfaceBoard.o
                0x0001109c                Pin::setValue(bool)
 .text._ZN6ScreenC2Ev
                0x000110c4       0x20 build\InterfaceBoard.o
                0x000110c4                Screen::Screen()
                0x000110c4                Screen::Screen()
 .text._ZN12SplashScreenC2Ev
                0x000110e4       0x28 build\InterfaceBoard.o
                0x000110e4                SplashScreen::SplashScreen()
                0x000110e4                SplashScreen::SplashScreen()
 .text._ZN11MonitorModeC2Ev
                0x0001110c       0x34 build\InterfaceBoard.o
                0x0001110c                MonitorMode::MonitorMode()
                0x0001110c                MonitorMode::MonitorMode()
 .text          0x00011140      0x158 build\LPCPort.o
 .text          0x00011298      0xf78 build\LiquidCrystal.o
                0x00011298                LiquidCrystal::LiquidCrystal(Pin, Pin, Pin, Pin, Pin, Pin, Pin, Pin, Pin, Pin, Pin)
                0x00011298                LiquidCrystal::LiquidCrystal(Pin, Pin, Pin, Pin, Pin, Pin, Pin, Pin, Pin, Pin, Pin)
                0x000113e0                LiquidCrystal::LiquidCrystal(Pin, Pin, Pin, Pin, Pin, Pin, Pin, Pin, Pin, Pin)
                0x000113e0                LiquidCrystal::LiquidCrystal(Pin, Pin, Pin, Pin, Pin, Pin, Pin, Pin, Pin, Pin)
                0x00011530                LiquidCrystal::LiquidCrystal(Pin, Pin, Pin, Pin, Pin, Pin, Pin)
                0x00011530                LiquidCrystal::LiquidCrystal(Pin, Pin, Pin, Pin, Pin, Pin, Pin)
                0x000116a0                LiquidCrystal::LiquidCrystal(Pin, Pin, Pin, Pin, Pin, Pin)
                0x000116a0                LiquidCrystal::LiquidCrystal(Pin, Pin, Pin, Pin, Pin, Pin)
                0x00011818                LiquidCrystal::init(unsigned char, Pin, Pin, Pin, Pin, Pin, Pin, Pin, Pin, Pin, Pin, Pin)
                0x00011984                LiquidCrystal::begin(unsigned char, unsigned char, unsigned char)
                0x00011b18                LiquidCrystal::clear()
                0x00011b3c                LiquidCrystal::home()
                0x00011b60                LiquidCrystal::setCursor(unsigned char, unsigned char)
                0x00011bcc                LiquidCrystal::noDisplay()
                0x00011c04                LiquidCrystal::display()
                0x00011c3c                LiquidCrystal::noCursor()
                0x00011c74                LiquidCrystal::cursor()
                0x00011cac                LiquidCrystal::noBlink()
                0x00011ce4                LiquidCrystal::blink()
                0x00011d1c                LiquidCrystal::scrollDisplayLeft()
                0x00011d38                LiquidCrystal::scrollDisplayRight()
                0x00011d54                LiquidCrystal::leftToRight()
                0x00011d8c                LiquidCrystal::rightToLeft()
                0x00011dc4                LiquidCrystal::autoscroll()
                0x00011dfc                LiquidCrystal::noAutoscroll()
                0x00011e34                LiquidCrystal::createChar(unsigned char, unsigned char*)
                0x00011ea0                LiquidCrystal::writeInt(unsigned short, unsigned char)
                0x00011f60                LiquidCrystal::writeString(char*)
                0x00011fa4                LiquidCrystal::writeFromPgmspace(char const*)
                0x00011fe4                LiquidCrystal::send(unsigned char, bool)
                0x00012068                LiquidCrystal::pulseEnable()
                0x000120c0                LiquidCrystal::write4bits(unsigned char)
                0x00012148                LiquidCrystal::write8bits(unsigned char)
 .text._ZN10Port_Class6isNullEv
                0x00012210       0x24 build\LiquidCrystal.o
                0x00012210                Port_Class::isNull()
 .text._ZN3PinC2Ev
                0x00012234       0x2c build\LiquidCrystal.o
                0x00012234                Pin::Pin()
                0x00012234                Pin::Pin()
 .text._ZN3Pin6isNullEv
                0x00012260       0x1c build\LiquidCrystal.o
                0x00012260                Pin::isNull()
 .text._ZN13LiquidCrystal7commandEh
                0x0001227c       0x24 build\LiquidCrystal.o
                0x0001227c                LiquidCrystal::command(unsigned char)
 .text._ZN13LiquidCrystal5writeEh
                0x000122a0       0x24 build\LiquidCrystal.o
                0x000122a0                LiquidCrystal::write(unsigned char)
 .text          0x000122c4      0x6a8 build\Main.o
                0x00012698                reset(bool)
                0x000127e0                main
 .text          0x0001296c     0x1260 build\Menu.o
                0x0001296c                queryExtruderParameter(unsigned char, OutPacket&)
                0x00012aa0                SplashScreen::update(LiquidCrystal&, bool)
                0x00012b2c                SplashScreen::notifyButtonPressed(InterfaceBoardDefinitions::ButtonName)
                0x00012b44                SplashScreen::reset()
                0x00012b58                JogMode::reset()
                0x00012b7c                JogMode::update(LiquidCrystal&, bool)
                0x00012c3c                JogMode::jog(InterfaceBoardDefinitions::ButtonName)
                0x00012d5c                JogMode::notifyButtonPressed(InterfaceBoardDefinitions::ButtonName)
                0x00012de8                SnakeMode::update(LiquidCrystal&, bool)
                0x00013188                SnakeMode::reset()
                0x00013248                SnakeMode::notifyButtonPressed(InterfaceBoardDefinitions::ButtonName)
                0x000132c4                MonitorMode::reset()
                0x000132d8                MonitorMode::update(LiquidCrystal&, bool)
                0x00013490                MonitorMode::notifyButtonPressed(InterfaceBoardDefinitions::ButtonName)
                0x000134cc                Menu::update(LiquidCrystal&, bool)
                0x000135d0                Menu::reset()
                0x00013608                Menu::resetState()
                0x0001361c                Menu::handleSelect(unsigned char)
                0x00013634                Menu::handleCancel()
                0x00013648                Menu::notifyButtonPressed(InterfaceBoardDefinitions::ButtonName)
                0x00013708                CancelBuildMenu::CancelBuildMenu()
                0x00013708                CancelBuildMenu::CancelBuildMenu()
                0x00013740                CancelBuildMenu::resetState()
                0x00013764                CancelBuildMenu::drawItem(unsigned char, LiquidCrystal&)
                0x000137c4                CancelBuildMenu::handleSelect(unsigned char)
                0x000137f4                MainMenu::MainMenu()
                0x000137f4                MainMenu::MainMenu()
                0x0001382c                MainMenu::drawItem(unsigned char, LiquidCrystal&)
                0x0001389c                MainMenu::handleSelect(unsigned char)
                0x00013900                SDMenu::SDMenu()
                0x00013900                SDMenu::SDMenu()
                0x00013930                SDMenu::resetState()
                0x00013950                SDMenu::countFiles()
                0x000139c0                SDMenu::getFilename(unsigned char, char*, unsigned char)
                0x00013a54                SDMenu::drawItem(unsigned char, LiquidCrystal&)
                0x00013b04                SDMenu::handleSelect(unsigned char)
 .text._ZN4Menu13getUpdateRateEv
                0x00013bcc       0x1c build\Menu.o
                0x00013bcc                Menu::getUpdateRate()
 .text._ZN12SplashScreen13getUpdateRateEv
                0x00013be8       0x18 build\Menu.o
                0x00013be8                SplashScreen::getUpdateRate()
 .text._ZN7JogMode13getUpdateRateEv
                0x00013c00       0x18 build\Menu.o
                0x00013c00                JogMode::getUpdateRate()
 .text._ZN9SnakeMode13getUpdateRateEv
                0x00013c18       0x18 build\Menu.o
                0x00013c18                SnakeMode::getUpdateRate()
 .text._ZN11MonitorMode13getUpdateRateEv
                0x00013c30       0x1c build\Menu.o
                0x00013c30                MonitorMode::getUpdateRate()
 .text._ZN7JogModeC2Ev
                0x00013c4c       0x28 build\Menu.o
                0x00013c4c                JogMode::JogMode()
                0x00013c4c                JogMode::JogMode()
 .text._ZN9SnakeModeC2Ev
                0x00013c74       0x28 build\Menu.o
                0x00013c74                SnakeMode::SnakeMode()
                0x00013c74                SnakeMode::SnakeMode()
 .text._ZN4MenuC2Ev
                0x00013c9c       0x28 build\Menu.o
                0x00013c9c                Menu::Menu()
                0x00013c9c                Menu::Menu()
 .text          0x00013cc4      0x204 build\Microsteps.o
                0x00013cc4                microsteps::init()
 .text          0x00013ec8      0xcb8 build\Motherboard.o
                0x00014304                Motherboard::indicateError(int)
                0x00014378                Motherboard::getCurrentError()
                0x00014398                TIMER0_IRQHandler
                0x000143c8                TIMER1_IRQHandler
                0x000144f8                Motherboard::Motherboard()
                0x000144f8                Motherboard::Motherboard()
                0x000147ec                Motherboard::reset()
                0x00014a98                Motherboard::getCurrentMicros()
                0x00014ab4                Motherboard::doInterrupt()
                0x00014af0                Motherboard::runMotherboardSlice()
 .text._ZN4UART12getSlaveUARTEv
                0x00014b80       0x14 build\Motherboard.o
                0x00014b80                UART::getSlaveUART()
 .text._ZN16StepperInterfaceC2Ev
                0x00014b94       0x4c build\Motherboard.o
                0x00014b94                StepperInterface::StepperInterface()
                0x00014b94                StepperInterface::StepperInterface()
 .text._ZN16StepperInterfaceC2ERK3PinS2_S2_S2_S2_
                0x00014be0       0x78 build\Motherboard.o
                0x00014be0                StepperInterface::StepperInterface(Pin const&, Pin const&, Pin const&, Pin const&, Pin const&)
                0x00014be0                StepperInterface::StepperInterface(Pin const&, Pin const&, Pin const&, Pin const&, Pin const&)
 .text          0x00014c58      0x28c build\PID.o
 .text          0x00014ee4      0x54c build\Packet.o
                0x00014ee4                _crc_ibutton_update
 .text          0x00015430      0x71c build\SDCard.o
                0x00015430                sdcard::openPartition()
                0x000154a0                sdcard::openFilesys()
                0x000154d0                sdcard::openRoot()
                0x00015524                sdcard::initCard()
                0x000155d4                sdcard::directoryReset()
                0x00015614                sdcard::directoryNextEntry(char*, unsigned char)
                0x000156e8                sdcard::findFileInDir(char const*, fat_dir_entry_struct*)
                0x00015744                sdcard::openFile(char const*, fat_file_struct**)
                0x00015798                sdcard::deleteFile(char*)
                0x000157e0                sdcard::createFile(char*)
                0x00015814                sdcard::isPlaying()
                0x00015828                sdcard::isCapturing()
                0x0001583c                sdcard::startCapture(char*)
                0x000158d4                sdcard::capturePacket(Packet const&)
                0x0001592c                sdcard::finishCapture()
                0x00015978                sdcard::fetchNextByte()
                0x000159b8                sdcard::playbackHasNext()
                0x000159cc                sdcard::playbackNext()
                0x000159ec                sdcard::startPlayback(char*)
                0x00015a78                sdcard::playbackRewind(unsigned char)
                0x00015aac                sdcard::finishPlayback()
                0x00015ae0                sdcard::reset()
 .text          0x00015b4c      0x368 build\StepperInterface.o
                0x00015b4c                StepperInterface::setDirection(bool)
                0x00015b7c                StepperInterface::step(bool)
                0x00015ba0                StepperInterface::setEnabled(bool)
                0x00015bcc                StepperInterface::isAtMaximum()
                0x00015c18                StepperInterface::isAtMinimum()
                0x00015c64                StepperInterface::init(unsigned char)
 .text._ZN10Port_Class6getPinEh
                0x00015eb4       0x44 build\StepperInterface.o
                0x00015eb4                Port_Class::getPin(unsigned char)
 .text._ZN3Pin8getValueEv
                0x00015ef8       0x24 build\StepperInterface.o
                0x00015ef8                Pin::getValue()
 .text          0x00015f1c      0x674 build\Steppers.o
                0x00015f1c                steppers::isRunning()
                0x00015f50                steppers::init(Motherboard&)
                0x00015fc4                steppers::abort()
                0x00015fe8                steppers::definePosition(Point const&)
                0x0001603c                steppers::getPosition()
                0x00016070                steppers::setHoldZ(bool)
                0x00016090                steppers::setTarget(Point const&, long)
                0x000161dc                steppers::setTargetNew(Point const&, long, unsigned char)
                0x00016320                steppers::startHoming(bool, unsigned char, unsigned long)
                0x000163e8                steppers::enableAxis(unsigned char, bool)
                0x0001641c                steppers::doInterrupt()
 .text._ZN8steppers4AxisC2Ev
                0x00016590       0x20 build\Steppers.o
                0x00016590                steppers::Axis::Axis()
                0x00016590                steppers::Axis::Axis()
 .text._ZN8steppers4AxisC2ER16StepperInterface
                0x000165b0       0x24 build\Steppers.o
                0x000165b0                steppers::Axis::Axis(StepperInterface&)
                0x000165b0                steppers::Axis::Axis(StepperInterface&)
 .text._ZN8steppers4Axis9setTargetElb
                0x000165d4       0x84 build\Steppers.o
                0x000165d4                steppers::Axis::setTarget(long, bool)
 .text._ZN8steppers4Axis9setHomingEb
                0x00016658       0x30 build\Steppers.o
                0x00016658                steppers::Axis::setHoming(bool)
 .text._ZN8steppers4Axis14definePositionEl
                0x00016688       0x1c build\Steppers.o
                0x00016688                steppers::Axis::definePosition(long)
 .text._ZN8steppers4Axis13enableStepperEb
                0x000166a4       0x24 build\Steppers.o
                0x000166a4                steppers::Axis::enableStepper(bool)
 .text._ZN8steppers4Axis5resetEv
                0x000166c8       0x44 build\Steppers.o
                0x000166c8                steppers::Axis::reset()
 .text._ZN8steppers4Axis11doInterruptEl
                0x0001670c       0xcc build\Steppers.o
                0x0001670c                steppers::Axis::doInterrupt(long)
 .text._ZN8steppers4Axis8doHomingEl
                0x000167d8       0xf8 build\Steppers.o
                0x000167d8                steppers::Axis::doHoming(long)
 .text          0x000168d0      0x14c build\Timeout.o
                0x000168d0                Timeout::Timeout()
                0x000168d0                Timeout::Timeout()
                0x000168f8                Timeout::start(unsigned long)
                0x00016934                Timeout::hasElapsed()
                0x00016994                Timeout::hasLeft()
                0x000169c0                Timeout::abort()
 .text          0x00016a1c      0xac4 build\Tool.o
                0x00016dcc                tool::getInPacket()
                0x00016de0                tool::getOutPacket()
                0x00016df4                tool::getSentPacketCount()
                0x00016e08                tool::getPacketFailureCount()
                0x00016e1c                tool::getRetryCount()
                0x00016e30                tool::getNoiseByteCount()
                0x00016e44                tool::getToolVersion()
                0x0001709c                tool::setToolIndicatorLED()
                0x0001715c                tool::reset()
                0x000171f4                tool::getLock()
                0x0001722c                tool::releaseLock()
                0x00017244                tool::startTransaction()
                0x000172d0                tool::isTransactionDone()
                0x000172ec                tool::runToolSlice()
 .text          0x000174e0      0x93c build\UART.o
                0x0001791c                UART::UART(unsigned char)
                0x0001791c                UART::UART(unsigned char)
                0x00017ab8                UART::beginSend()
                0x00017b94                UART::enable(bool)
                0x00017bf8                UART::reset()
                0x00017c20                UART1_IRQHandler
                0x00017d34                CANActivity_IRQHandler
 .text._Z6listenv
                0x00017e1c       0x30 build\UART.o
                0x00017e1c                listen()
 .text._Z5speakv
                0x00017e4c       0x30 build\UART.o
                0x00017e4c                speak()
 .text          0x00017e7c        0x0 c:/progra~2/codesourcery/source~1/bin/../lib/gcc/arm-none-eabi/4.5.2/../../../../arm-none-eabi/lib/thumb2\libstdc++.a(si_class_type_info.o)
 .text._ZNK10__cxxabiv120__si_class_type_info11__do_upcastEPKNS_17__class_type_infoEPKvRNS1_15__upcast_resultE
                0x00017e7c       0x28 c:/progra~2/codesourcery/source~1/bin/../lib/gcc/arm-none-eabi/4.5.2/../../../../arm-none-eabi/lib/thumb2\libstdc++.a(si_class_type_info.o)
                0x00017e7c                __cxxabiv1::__si_class_type_info::__do_upcast(__cxxabiv1::__class_type_info const*, void const*, __cxxabiv1::__class_type_info::__upcast_result&) const
 .text._ZNK10__cxxabiv120__si_class_type_info12__do_dyncastEiNS_17__class_type_info10__sub_kindEPKS1_PKvS4_S6_RNS1_16__dyncast_resultE
                0x00017ea4       0x90 c:/progra~2/codesourcery/source~1/bin/../lib/gcc/arm-none-eabi/4.5.2/../../../../arm-none-eabi/lib/thumb2\libstdc++.a(si_class_type_info.o)
                0x00017ea4                __cxxabiv1::__si_class_type_info::__do_dyncast(int, __cxxabiv1::__class_type_info::__sub_kind, __cxxabiv1::__class_type_info const*, void const*, __cxxabiv1::__class_type_info const*, void const*, __cxxabiv1::__class_type_info::__dyncast_result&) const
 .text._ZNK10__cxxabiv120__si_class_type_info20__do_find_public_srcEiPKvPKNS_17__class_type_infoES2_
                0x00017f34       0x38 c:/progra~2/codesourcery/source~1/bin/../lib/gcc/arm-none-eabi/4.5.2/../../../../arm-none-eabi/lib/thumb2\libstdc++.a(si_class_type_info.o)
                0x00017f34                __cxxabiv1::__si_class_type_info::__do_find_public_src(int, void const*, __cxxabiv1::__class_type_info const*, void const*) const
 .text._ZN10__cxxabiv120__si_class_type_infoD2Ev
                0x00017f6c       0x14 c:/progra~2/codesourcery/source~1/bin/../lib/gcc/arm-none-eabi/4.5.2/../../../../arm-none-eabi/lib/thumb2\libstdc++.a(si_class_type_info.o)
                0x00017f6c                __cxxabiv1::__si_class_type_info::~__si_class_type_info()
                0x00017f6c                __cxxabiv1::__si_class_type_info::~__si_class_type_info()
 .text._ZN10__cxxabiv120__si_class_type_infoD0Ev
                0x00017f80       0x1c c:/progra~2/codesourcery/source~1/bin/../lib/gcc/arm-none-eabi/4.5.2/../../../../arm-none-eabi/lib/thumb2\libstdc++.a(si_class_type_info.o)
                0x00017f80                __cxxabiv1::__si_class_type_info::~__si_class_type_info()
 .text          0x00017f9c        0x0 c:/progra~2/codesourcery/source~1/bin/../lib/gcc/arm-none-eabi/4.5.2/../../../../arm-none-eabi/lib/thumb2\libstdc++.a(pure.o)
 .text.__cxa_pure_virtual
                0x00017f9c       0x18 c:/progra~2/codesourcery/source~1/bin/../lib/gcc/arm-none-eabi/4.5.2/../../../../arm-none-eabi/lib/thumb2\libstdc++.a(pure.o)
                0x00017f9c                __cxa_pure_virtual
 .text          0x00017fb4        0x0 c:/progra~2/codesourcery/source~1/bin/../lib/gcc/arm-none-eabi/4.5.2/../../../../arm-none-eabi/lib/thumb2\libstdc++.a(class_type_info.o)
 .text._ZNK10__cxxabiv117__class_type_info11__do_upcastEPKS0_PPv
                0x00017fb4       0x38 c:/progra~2/codesourcery/source~1/bin/../lib/gcc/arm-none-eabi/4.5.2/../../../../arm-none-eabi/lib/thumb2\libstdc++.a(class_type_info.o)
                0x00017fb4                __cxxabiv1::__class_type_info::__do_upcast(__cxxabiv1::__class_type_info const*, void**) const
 .text._ZNK10__cxxabiv117__class_type_info20__do_find_public_srcEiPKvPKS0_S2_
                0x00017fec        0xc c:/progra~2/codesourcery/source~1/bin/../lib/gcc/arm-none-eabi/4.5.2/../../../../arm-none-eabi/lib/thumb2\libstdc++.a(class_type_info.o)
                0x00017fec                __cxxabiv1::__class_type_info::__do_find_public_src(int, void const*, __cxxabiv1::__class_type_info const*, void const*) const
 .text._ZNK10__cxxabiv117__class_type_info11__do_upcastEPKS0_PKvRNS0_15__upcast_resultE
                0x00017ff8       0x1c c:/progra~2/codesourcery/source~1/bin/../lib/gcc/arm-none-eabi/4.5.2/../../../../arm-none-eabi/lib/thumb2\libstdc++.a(class_type_info.o)
                0x00017ff8                __cxxabiv1::__class_type_info::__do_upcast(__cxxabiv1::__class_type_info const*, void const*, __cxxabiv1::__class_type_info::__upcast_result&) const
 .text._ZNK10__cxxabiv117__class_type_info12__do_dyncastEiNS0_10__sub_kindEPKS0_PKvS3_S5_RNS0_16__dyncast_resultE
                0x00018014       0x3c c:/progra~2/codesourcery/source~1/bin/../lib/gcc/arm-none-eabi/4.5.2/../../../../arm-none-eabi/lib/thumb2\libstdc++.a(class_type_info.o)
                0x00018014                __cxxabiv1::__class_type_info::__do_dyncast(int, __cxxabiv1::__class_type_info::__sub_kind, __cxxabiv1::__class_type_info const*, void const*, __cxxabiv1::__class_type_info const*, void const*, __cxxabiv1::__class_type_info::__dyncast_result&) const
 .text._ZNK10__cxxabiv117__class_type_info10__do_catchEPKSt9type_infoPPvj
                0x00018050       0x28 c:/progra~2/codesourcery/source~1/bin/../lib/gcc/arm-none-eabi/4.5.2/../../../../arm-none-eabi/lib/thumb2\libstdc++.a(class_type_info.o)
                0x00018050                __cxxabiv1::__class_type_info::__do_catch(std::type_info const*, void**, unsigned int) const
 .text._ZN10__cxxabiv117__class_type_infoD2Ev
                0x00018078       0x14 c:/progra~2/codesourcery/source~1/bin/../lib/gcc/arm-none-eabi/4.5.2/../../../../arm-none-eabi/lib/thumb2\libstdc++.a(class_type_info.o)
                0x00018078                __cxxabiv1::__class_type_info::~__class_type_info()
                0x00018078                __cxxabiv1::__class_type_info::~__class_type_info()
 .text._ZN10__cxxabiv117__class_type_infoD0Ev
                0x0001808c       0x1c c:/progra~2/codesourcery/source~1/bin/../lib/gcc/arm-none-eabi/4.5.2/../../../../arm-none-eabi/lib/thumb2\libstdc++.a(class_type_info.o)
                0x0001808c                __cxxabiv1::__class_type_info::~__class_type_info()
 .text          0x000180a8        0x0 c:/progra~2/codesourcery/source~1/bin/../lib/gcc/arm-none-eabi/4.5.2/../../../../arm-none-eabi/lib/thumb2\libstdc++.a(tinfo.o)
 .text._ZNSt9type_infoD2Ev
                0x000180a8        0xc c:/progra~2/codesourcery/source~1/bin/../lib/gcc/arm-none-eabi/4.5.2/../../../../arm-none-eabi/lib/thumb2\libstdc++.a(tinfo.o)
                0x000180a8                std::type_info::~type_info()
                0x000180a8                std::type_info::~type_info()
 .text._ZNKSt9type_info14__is_pointer_pEv
                0x000180b4        0x4 c:/progra~2/codesourcery/source~1/bin/../lib/gcc/arm-none-eabi/4.5.2/../../../../arm-none-eabi/lib/thumb2\libstdc++.a(tinfo.o)
                0x000180b4                std::type_info::__is_pointer_p() const
 .text._ZNKSt9type_info15__is_function_pEv
                0x000180b8        0x4 c:/progra~2/codesourcery/source~1/bin/../lib/gcc/arm-none-eabi/4.5.2/../../../../arm-none-eabi/lib/thumb2\libstdc++.a(tinfo.o)
                0x000180b8                std::type_info::__is_function_p() const
 .text._ZNKSt9type_info11__do_upcastEPKN10__cxxabiv117__class_type_infoEPPv
                0x000180bc        0x4 c:/progra~2/codesourcery/source~1/bin/../lib/gcc/arm-none-eabi/4.5.2/../../../../arm-none-eabi/lib/thumb2\libstdc++.a(tinfo.o)
                0x000180bc                std::type_info::__do_upcast(__cxxabiv1::__class_type_info const*, void**) const
 .text._ZNSt9type_infoD0Ev
                0x000180c0       0x14 c:/progra~2/codesourcery/source~1/bin/../lib/gcc/arm-none-eabi/4.5.2/../../../../arm-none-eabi/lib/thumb2\libstdc++.a(tinfo.o)
                0x000180c0                std::type_info::~type_info()
 .text._ZNKSt9type_infoeqERKS_
                0x000180d4       0x3c c:/progra~2/codesourcery/source~1/bin/../lib/gcc/arm-none-eabi/4.5.2/../../../../arm-none-eabi/lib/thumb2\libstdc++.a(tinfo.o)
                0x000180d4                std::type_info::operator==(std::type_info const&) const
 .text._ZNKSt9type_info10__do_catchEPKS_PPvj
                0x00018110        0x4 c:/progra~2/codesourcery/source~1/bin/../lib/gcc/arm-none-eabi/4.5.2/../../../../arm-none-eabi/lib/thumb2\libstdc++.a(tinfo.o)
                0x00018110                std::type_info::__do_catch(std::type_info const*, void**, unsigned int) const
 .text          0x00018114        0x0 c:/progra~2/codesourcery/source~1/bin/../lib/gcc/arm-none-eabi/4.5.2/../../../../arm-none-eabi/lib/thumb2\libstdc++.a(eh_terminate.o)
 .text._ZN10__cxxabiv111__terminateEPFvvE
                0x00018114       0x28 c:/progra~2/codesourcery/source~1/bin/../lib/gcc/arm-none-eabi/4.5.2/../../../../arm-none-eabi/lib/thumb2\libstdc++.a(eh_terminate.o)
                0x00018114                __cxxabiv1::__terminate(void (*)())
 .text._ZSt9terminatev
                0x0001813c       0x10 c:/progra~2/codesourcery/source~1/bin/../lib/gcc/arm-none-eabi/4.5.2/../../../../arm-none-eabi/lib/thumb2\libstdc++.a(eh_terminate.o)
                0x0001813c                std::terminate()
 .text._ZN10__cxxabiv112__unexpectedEPFvvE
                0x0001814c        0x8 c:/progra~2/codesourcery/source~1/bin/../lib/gcc/arm-none-eabi/4.5.2/../../../../arm-none-eabi/lib/thumb2\libstdc++.a(eh_terminate.o)
                0x0001814c                __cxxabiv1::__unexpected(void (*)())
 .text._ZSt10unexpectedv
                0x00018154       0x14 c:/progra~2/codesourcery/source~1/bin/../lib/gcc/arm-none-eabi/4.5.2/../../../../arm-none-eabi/lib/thumb2\libstdc++.a(eh_terminate.o)
                0x00018154                std::unexpected()
 .text._ZSt13set_terminatePFvvE
                0x00018168       0x10 c:/progra~2/codesourcery/source~1/bin/../lib/gcc/arm-none-eabi/4.5.2/../../../../arm-none-eabi/lib/thumb2\libstdc++.a(eh_terminate.o)
                0x00018168                std::set_terminate(void (*)())
 .text._ZSt14set_unexpectedPFvvE
                0x00018178       0x10 c:/progra~2/codesourcery/source~1/bin/../lib/gcc/arm-none-eabi/4.5.2/../../../../arm-none-eabi/lib/thumb2\libstdc++.a(eh_terminate.o)
                0x00018178                std::set_unexpected(void (*)())
 .text          0x00018188        0x0 c:/progra~2/codesourcery/source~1/bin/../lib/gcc/arm-none-eabi/4.5.2/../../../../arm-none-eabi/lib/thumb2\libstdc++.a(eh_call.o)
 .text.__cxa_call_terminate
                0x00018188       0x50 c:/progra~2/codesourcery/source~1/bin/../lib/gcc/arm-none-eabi/4.5.2/../../../../arm-none-eabi/lib/thumb2\libstdc++.a(eh_call.o)
                0x00018188                __cxa_call_terminate
 .text.__cxa_call_unexpected
                0x000181d8      0x130 c:/progra~2/codesourcery/source~1/bin/../lib/gcc/arm-none-eabi/4.5.2/../../../../arm-none-eabi/lib/thumb2\libstdc++.a(eh_call.o)
                0x000181d8                __cxa_call_unexpected
 .text          0x00018308        0x0 c:/progra~2/codesourcery/source~1/bin/../lib/gcc/arm-none-eabi/4.5.2/../../../../arm-none-eabi/lib/thumb2\libstdc++.a(eh_term_handler.o)
 .text          0x00018308        0x0 c:/progra~2/codesourcery/source~1/bin/../lib/gcc/arm-none-eabi/4.5.2/../../../../arm-none-eabi/lib/thumb2\libstdc++.a(eh_personality.o)
 .text._ZL12read_sleb128PKhPl
                0x00018308       0x3c c:/progra~2/codesourcery/source~1/bin/../lib/gcc/arm-none-eabi/4.5.2/../../../../arm-none-eabi/lib/thumb2\libstdc++.a(eh_personality.o)
 .text._ZL28read_encoded_value_with_basehjPKhPj
                0x00018344       0xac c:/progra~2/codesourcery/source~1/bin/../lib/gcc/arm-none-eabi/4.5.2/../../../../arm-none-eabi/lib/thumb2\libstdc++.a(eh_personality.o)
 .text._ZL21base_of_encoded_valuehP15_Unwind_Context
                0x000183f0       0x4c c:/progra~2/codesourcery/source~1/bin/../lib/gcc/arm-none-eabi/4.5.2/../../../../arm-none-eabi/lib/thumb2\libstdc++.a(eh_personality.o)
 .text._ZL17parse_lsda_headerP15_Unwind_ContextPKhP16lsda_header_info
                0x0001843c       0x8c c:/progra~2/codesourcery/source~1/bin/../lib/gcc/arm-none-eabi/4.5.2/../../../../arm-none-eabi/lib/thumb2\libstdc++.a(eh_personality.o)
 .text.__gxx_personality_v0
                0x000184c8      0x3ec c:/progra~2/codesourcery/source~1/bin/../lib/gcc/arm-none-eabi/4.5.2/../../../../arm-none-eabi/lib/thumb2\libstdc++.a(eh_personality.o)
                0x000184c8                __gxx_personality_v0
 .text          0x000188b4        0x0 c:/progra~2/codesourcery/source~1/bin/../lib/gcc/arm-none-eabi/4.5.2/../../../../arm-none-eabi/lib/thumb2\libstdc++.a(eh_throw.o)
 .text._ZL23__gxx_exception_cleanup19_Unwind_Reason_CodeP21_Unwind_Control_Block
                0x000188b4       0x4c c:/progra~2/codesourcery/source~1/bin/../lib/gcc/arm-none-eabi/4.5.2/../../../../arm-none-eabi/lib/thumb2\libstdc++.a(eh_throw.o)
 .text.__cxa_throw
                0x00018900       0x80 c:/progra~2/codesourcery/source~1/bin/../lib/gcc/arm-none-eabi/4.5.2/../../../../arm-none-eabi/lib/thumb2\libstdc++.a(eh_throw.o)
                0x00018900                __cxa_throw
 .text.__cxa_rethrow
                0x00018980       0x78 c:/progra~2/codesourcery/source~1/bin/../lib/gcc/arm-none-eabi/4.5.2/../../../../arm-none-eabi/lib/thumb2\libstdc++.a(eh_throw.o)
                0x00018980                __cxa_rethrow
 .text          0x000189f8        0x0 c:/progra~2/codesourcery/source~1/bin/../lib/gcc/arm-none-eabi/4.5.2/../../../../arm-none-eabi/lib/thumb2\libstdc++.a(eh_unex_handler.o)
 .text          0x000189f8        0x0 c:/progra~2/codesourcery/source~1/bin/../lib/gcc/arm-none-eabi/4.5.2/../../../../arm-none-eabi/lib/thumb2\libstdc++.a(eh_globals.o)
 .text.__cxa_get_globals_fast
                0x000189f8        0xc c:/progra~2/codesourcery/source~1/bin/../lib/gcc/arm-none-eabi/4.5.2/../../../../arm-none-eabi/lib/thumb2\libstdc++.a(eh_globals.o)
                0x000189f8                __cxa_get_globals_fast
 .text.__cxa_get_globals
                0x00018a04        0xc c:/progra~2/codesourcery/source~1/bin/../lib/gcc/arm-none-eabi/4.5.2/../../../../arm-none-eabi/lib/thumb2\libstdc++.a(eh_globals.o)
                0x00018a04                __cxa_get_globals
 .text          0x00018a10        0x0 c:/progra~2/codesourcery/source~1/bin/../lib/gcc/arm-none-eabi/4.5.2/../../../../arm-none-eabi/lib/thumb2\libstdc++.a(eh_catch.o)
 .text.__cxa_get_exception_ptr
                0x00018a10        0x4 c:/progra~2/codesourcery/source~1/bin/../lib/gcc/arm-none-eabi/4.5.2/../../../../arm-none-eabi/lib/thumb2\libstdc++.a(eh_catch.o)
                0x00018a10                __cxa_get_exception_ptr
 .text.__cxa_begin_catch
                0x00018a14       0x9c c:/progra~2/codesourcery/source~1/bin/../lib/gcc/arm-none-eabi/4.5.2/../../../../arm-none-eabi/lib/thumb2\libstdc++.a(eh_catch.o)
                0x00018a14                __cxa_begin_catch
 .text.__cxa_end_catch
                0x00018ab0       0x98 c:/progra~2/codesourcery/source~1/bin/../lib/gcc/arm-none-eabi/4.5.2/../../../../arm-none-eabi/lib/thumb2\libstdc++.a(eh_catch.o)
                0x00018ab0                __cxa_end_catch
 .text._ZSt18uncaught_exceptionv
                0x00018b48       0x10 c:/progra~2/codesourcery/source~1/bin/../lib/gcc/arm-none-eabi/4.5.2/../../../../arm-none-eabi/lib/thumb2\libstdc++.a(eh_catch.o)
                0x00018b48                std::uncaught_exception()
 .text          0x00018b58        0x0 c:/progra~2/codesourcery/source~1/bin/../lib/gcc/arm-none-eabi/4.5.2/../../../../arm-none-eabi/lib/thumb2\libstdc++.a(vterminate.o)
 .text._ZN9__gnu_cxx27__verbose_terminate_handlerEv
                0x00018b58      0x148 c:/progra~2/codesourcery/source~1/bin/../lib/gcc/arm-none-eabi/4.5.2/../../../../arm-none-eabi/lib/thumb2\libstdc++.a(vterminate.o)
                0x00018b58                __gnu_cxx::__verbose_terminate_handler()
 .text          0x00018ca0        0x0 c:/progra~2/codesourcery/source~1/bin/../lib/gcc/arm-none-eabi/4.5.2/../../../../arm-none-eabi/lib/thumb2\libstdc++.a(eh_exception.o)
 .text._ZNSt9exceptionD2Ev
                0x00018ca0        0xc c:/progra~2/codesourcery/source~1/bin/../lib/gcc/arm-none-eabi/4.5.2/../../../../arm-none-eabi/lib/thumb2\libstdc++.a(eh_exception.o)
                0x00018ca0                std::exception::~exception()
                0x00018ca0                std::exception::~exception()
 .text._ZNSt13bad_exceptionD2Ev
                0x00018cac        0xc c:/progra~2/codesourcery/source~1/bin/../lib/gcc/arm-none-eabi/4.5.2/../../../../arm-none-eabi/lib/thumb2\libstdc++.a(eh_exception.o)
                0x00018cac                std::bad_exception::~bad_exception()
                0x00018cac                std::bad_exception::~bad_exception()
 .text._ZN10__cxxabiv115__forced_unwindD2Ev
                0x00018cb8        0xc c:/progra~2/codesourcery/source~1/bin/../lib/gcc/arm-none-eabi/4.5.2/../../../../arm-none-eabi/lib/thumb2\libstdc++.a(eh_exception.o)
                0x00018cb8                __cxxabiv1::__forced_unwind::~__forced_unwind()
                0x00018cb8                __cxxabiv1::__forced_unwind::~__forced_unwind()
 .text._ZN10__cxxabiv119__foreign_exceptionD2Ev
                0x00018cc4        0xc c:/progra~2/codesourcery/source~1/bin/../lib/gcc/arm-none-eabi/4.5.2/../../../../arm-none-eabi/lib/thumb2\libstdc++.a(eh_exception.o)
                0x00018cc4                __cxxabiv1::__foreign_exception::~__foreign_exception()
                0x00018cc4                __cxxabiv1::__foreign_exception::~__foreign_exception()
 .text._ZNKSt9exception4whatEv
                0x00018cd0        0xc c:/progra~2/codesourcery/source~1/bin/../lib/gcc/arm-none-eabi/4.5.2/../../../../arm-none-eabi/lib/thumb2\libstdc++.a(eh_exception.o)
                0x00018cd0                std::exception::what() const
 .text._ZNKSt13bad_exception4whatEv
                0x00018cdc        0xc c:/progra~2/codesourcery/source~1/bin/../lib/gcc/arm-none-eabi/4.5.2/../../../../arm-none-eabi/lib/thumb2\libstdc++.a(eh_exception.o)
                0x00018cdc                std::bad_exception::what() const
 .text._ZN10__cxxabiv119__foreign_exceptionD0Ev
                0x00018ce8       0x14 c:/progra~2/codesourcery/source~1/bin/../lib/gcc/arm-none-eabi/4.5.2/../../../../arm-none-eabi/lib/thumb2\libstdc++.a(eh_exception.o)
                0x00018ce8                __cxxabiv1::__foreign_exception::~__foreign_exception()
 .text._ZN10__cxxabiv115__forced_unwindD0Ev
                0x00018cfc       0x14 c:/progra~2/codesourcery/source~1/bin/../lib/gcc/arm-none-eabi/4.5.2/../../../../arm-none-eabi/lib/thumb2\libstdc++.a(eh_exception.o)
                0x00018cfc                __cxxabiv1::__forced_unwind::~__forced_unwind()
 .text._ZNSt13bad_exceptionD0Ev
                0x00018d10       0x14 c:/progra~2/codesourcery/source~1/bin/../lib/gcc/arm-none-eabi/4.5.2/../../../../arm-none-eabi/lib/thumb2\libstdc++.a(eh_exception.o)
                0x00018d10                std::bad_exception::~bad_exception()
 .text._ZNSt9exceptionD0Ev
                0x00018d24       0x14 c:/progra~2/codesourcery/source~1/bin/../lib/gcc/arm-none-eabi/4.5.2/../../../../arm-none-eabi/lib/thumb2\libstdc++.a(eh_exception.o)
                0x00018d24                std::exception::~exception()
 .text          0x00018d38        0x0 c:/progra~2/codesourcery/source~1/bin/../lib/gcc/arm-none-eabi/4.5.2/../../../../arm-none-eabi/lib/thumb2\libstdc++.a(eh_type.o)
 .text.__cxa_current_exception_type
                0x00018d38       0x1c c:/progra~2/codesourcery/source~1/bin/../lib/gcc/arm-none-eabi/4.5.2/../../../../arm-none-eabi/lib/thumb2\libstdc++.a(eh_type.o)
                0x00018d38                __cxa_current_exception_type
 .text          0x00018d54        0xc c:/progra~2/codesourcery/source~1/bin/../lib/gcc/arm-none-eabi/4.5.2/../../../../arm-none-eabi/lib/thumb2\libstdc++.a(eh_arm.o)
                0x00018d54                __cxa_end_cleanup
 .text.__cxa_type_match
                0x00018d60       0xd0 c:/progra~2/codesourcery/source~1/bin/../lib/gcc/arm-none-eabi/4.5.2/../../../../arm-none-eabi/lib/thumb2\libstdc++.a(eh_arm.o)
                0x00018d60                __cxa_type_match
 .text.__cxa_begin_cleanup
                0x00018e30       0x70 c:/progra~2/codesourcery/source~1/bin/../lib/gcc/arm-none-eabi/4.5.2/../../../../arm-none-eabi/lib/thumb2\libstdc++.a(eh_arm.o)
                0x00018e30                __cxa_begin_cleanup
 .text.__gnu_end_cleanup
                0x00018ea0       0x7c c:/progra~2/codesourcery/source~1/bin/../lib/gcc/arm-none-eabi/4.5.2/../../../../arm-none-eabi/lib/thumb2\libstdc++.a(eh_arm.o)
                0x00018ea0                __gnu_end_cleanup
 .text          0x00018f1c        0x0 c:/progra~2/codesourcery/source~1/bin/../lib/gcc/arm-none-eabi/4.5.2/../../../../arm-none-eabi/lib/thumb2\libstdc++.a(eh_alloc.o)
 .text.__cxa_allocate_exception
                0x00018f1c       0x7c c:/progra~2/codesourcery/source~1/bin/../lib/gcc/arm-none-eabi/4.5.2/../../../../arm-none-eabi/lib/thumb2\libstdc++.a(eh_alloc.o)
                0x00018f1c                __cxa_allocate_exception
 .text.__cxa_free_exception
                0x00018f98       0x3c c:/progra~2/codesourcery/source~1/bin/../lib/gcc/arm-none-eabi/4.5.2/../../../../arm-none-eabi/lib/thumb2\libstdc++.a(eh_alloc.o)
                0x00018f98                __cxa_free_exception
 .text.__cxa_allocate_dependent_exception
                0x00018fd4       0x78 c:/progra~2/codesourcery/source~1/bin/../lib/gcc/arm-none-eabi/4.5.2/../../../../arm-none-eabi/lib/thumb2\libstdc++.a(eh_alloc.o)
                0x00018fd4                __cxa_allocate_dependent_exception
 .text.__cxa_free_dependent_exception
                0x0001904c       0x4c c:/progra~2/codesourcery/source~1/bin/../lib/gcc/arm-none-eabi/4.5.2/../../../../arm-none-eabi/lib/thumb2\libstdc++.a(eh_alloc.o)
                0x0001904c                __cxa_free_dependent_exception
 .text._GLOBAL__I___cxa_allocate_exception
                0x00019098        0x4 c:/progra~2/codesourcery/source~1/bin/../lib/gcc/arm-none-eabi/4.5.2/../../../../arm-none-eabi/lib/thumb2\libstdc++.a(eh_alloc.o)
 .text          0x0001909c     0x912c c:/progra~2/codesourcery/source~1/bin/../lib/gcc/arm-none-eabi/4.5.2/../../../../arm-none-eabi/lib/thumb2\libstdc++.a(cp-demangle.o)
                0x000220c0                __cxa_demangle
                0x0002219c                __gcclibcxx_demangle_callback
 .text          0x000221c8      0x21c c:/progra~2/codesourcery/source~1/bin/../lib/gcc/arm-none-eabi/4.5.2/thumb2\libgcc.a(_arm_addsubsf3.o)
                0x000221c8                __aeabi_frsub
                0x000221d0                __subsf3
                0x000221d0                __aeabi_fsub
                0x000221d4                __aeabi_fadd
                0x000221d4                __addsf3
                0x00022334                __aeabi_ui2f
                0x00022334                __floatunsisf
                0x0002233c                __aeabi_i2f
                0x0002233c                __floatsisf
                0x00022358                __aeabi_ul2f
                0x00022358                __floatundisf
                0x00022368                __aeabi_l2f
                0x00022368                __floatdisf
 .text          0x000223e4      0x2a0 c:/progra~2/codesourcery/source~1/bin/../lib/gcc/arm-none-eabi/4.5.2/thumb2\libgcc.a(_arm_muldivsf3.o)
                0x000223e4                __mulsf3
                0x000223e4                __aeabi_fmul
                0x0002254c                __aeabi_fdiv
                0x0002254c                __divsf3
 .text          0x00022684       0x4c c:/progra~2/codesourcery/source~1/bin/../lib/gcc/arm-none-eabi/4.5.2/thumb2\libgcc.a(_arm_fixsfsi.o)
                0x00022684                __aeabi_f2iz
                0x00022684                __fixsfsi
 .text          0x000226d0       0x2c c:/progra~2/codesourcery/source~1/bin/../lib/gcc/arm-none-eabi/4.5.2/thumb2\libgcc.a(_aeabi_uldivmod.o)
                0x000226d0                __aeabi_uldivmod
 .text          0x000226fc       0x60 c:/progra~2/codesourcery/source~1/bin/../lib/gcc/arm-none-eabi/4.5.2/thumb2\libgcc.a(bpabi.o)
                0x000226fc                __gnu_ldivmod_helper
                0x0002272c                __gnu_uldivmod_helper
 .text          0x0002275c      0xc38 c:/progra~2/codesourcery/source~1/bin/../lib/gcc/arm-none-eabi/4.5.2/thumb2\libgcc.a(unwind-arm.o)
                0x00022a38                _Unwind_VRS_Get
                0x00022a84                _Unwind_VRS_Set
                0x00022e20                __aeabi_unwind_cpp_pr2
                0x00022e24                __aeabi_unwind_cpp_pr1
                0x00022e28                __aeabi_unwind_cpp_pr0
                0x00022e2c                _Unwind_VRS_Pop
                0x00023214                _Unwind_GetCFA
                0x00023218                __gnu_Unwind_RaiseException
                0x00023288                __gnu_Unwind_ForcedUnwind
                0x0002329c                __gnu_Unwind_Resume
                0x000232d8                __gnu_Unwind_Resume_or_Rethrow
                0x000232f0                _Unwind_Complete
                0x000232f4                _Unwind_DeleteException
                0x00023304                __gnu_Unwind_Backtrace
 .text          0x00023394      0x1ac c:/progra~2/codesourcery/source~1/bin/../lib/gcc/arm-none-eabi/4.5.2/thumb2\libgcc.a(libunwind.o)
                0x00023394                __restore_core_regs
                0x00023394                restore_core_regs
                0x000233ac                __gnu_Unwind_Restore_VFP
                0x000233b4                __gnu_Unwind_Save_VFP
                0x000233bc                __gnu_Unwind_Restore_VFP_D
                0x000233c4                __gnu_Unwind_Save_VFP_D
                0x000233cc                __gnu_Unwind_Restore_VFP_D_16_to_31
                0x000233d4                __gnu_Unwind_Save_VFP_D_16_to_31
                0x000233dc                __gnu_Unwind_Restore_WMMXD
                0x00023420                __gnu_Unwind_Save_WMMXD
                0x00023464                __gnu_Unwind_Restore_WMMXC
                0x00023478                __gnu_Unwind_Save_WMMXC
                0x0002348c                ___Unwind_RaiseException
                0x0002348c                _Unwind_RaiseException
                0x000234b0                _Unwind_Resume
                0x000234b0                ___Unwind_Resume
                0x000234d4                _Unwind_Resume_or_Rethrow
                0x000234d4                ___Unwind_Resume_or_Rethrow
                0x000234f8                _Unwind_ForcedUnwind
                0x000234f8                ___Unwind_ForcedUnwind
                0x0002351c                ___Unwind_Backtrace
                0x0002351c                _Unwind_Backtrace
 .text          0x00023540      0x3c0 c:/progra~2/codesourcery/source~1/bin/../lib/gcc/arm-none-eabi/4.5.2/thumb2\libgcc.a(pr-support.o)
                0x00023594                __gnu_unwind_execute
                0x000238a4                __gnu_unwind_frame
                0x000238d0                _Unwind_GetRegionStart
                0x000238dc                _Unwind_GetLanguageSpecificData
                0x000238f0                _Unwind_GetDataRelBase
                0x000238f8                _Unwind_GetTextRelBase
 .text          0x00023900        0x4 c:/progra~2/codesourcery/source~1/bin/../lib/gcc/arm-none-eabi/4.5.2/thumb2\libgcc.a(_dvmd_tls.o)
                0x00023900                __aeabi_idiv0
                0x00023900                __aeabi_ldiv0
 .text          0x00023904      0x360 c:/progra~2/codesourcery/source~1/bin/../lib/gcc/arm-none-eabi/4.5.2/thumb2\libgcc.a(_divdi3.o)
                0x00023904                __divdi3
 .text          0x00023c64      0x308 c:/progra~2/codesourcery/source~1/bin/../lib/gcc/arm-none-eabi/4.5.2/thumb2\libgcc.a(_udivdi3.o)
                0x00023c64                __udivdi3
 *fill*         0x00023f6c        0x4 00
 .text          0x00023f70      0x278 c:/progra~2/codesourcery/source~1/bin/../lib/gcc/arm-none-eabi/4.5.2/thumb2\libgcc.a(_udivsi3.o)
                0x00023f70                __aeabi_uidiv
                0x00023f70                __udivsi3
                0x000241cc                __aeabi_uidivmod
 .text          0x000241e8       0x10 c:/progra~2/codesourcery/source~1/bin/../lib/gcc/arm-none-eabi/4.5.2/../../../../arm-none-eabi/lib/thumb2\libc.a(lib_a-abort.o)
                0x000241e8                abort
 .text          0x000241f8       0xac c:/progra~2/codesourcery/source~1/bin/../lib/gcc/arm-none-eabi/4.5.2/../../../../arm-none-eabi/lib/thumb2\libc.a(lib_a-fputc.o)
                0x000241f8                _fputc_r
                0x0002424c                fputc
 .text          0x000242a4       0x90 c:/progra~2/codesourcery/source~1/bin/../lib/gcc/arm-none-eabi/4.5.2/../../../../arm-none-eabi/lib/thumb2\libc.a(lib_a-fputs.o)
                0x000242a4                _fputs_r
                0x00024324                fputs
 .text          0x00024334      0x338 c:/progra~2/codesourcery/source~1/bin/../lib/gcc/arm-none-eabi/4.5.2/../../../../arm-none-eabi/lib/thumb2\libc.a(lib_a-fvwrite.o)
                0x00024334                __sfvwrite_r
 .text          0x0002466c       0xc0 c:/progra~2/codesourcery/source~1/bin/../lib/gcc/arm-none-eabi/4.5.2/../../../../arm-none-eabi/lib/thumb2\libc.a(lib_a-fwrite.o)
                0x0002466c                _fwrite_r
                0x00024708                fwrite
 .text          0x0002472c        0x0 c:/progra~2/codesourcery/source~1/bin/../lib/gcc/arm-none-eabi/4.5.2/../../../../arm-none-eabi/lib/thumb2\libc.a(lib_a-impure.o)
 .text          0x0002472c       0x20 c:/progra~2/codesourcery/source~1/bin/../lib/gcc/arm-none-eabi/4.5.2/../../../../arm-none-eabi/lib/thumb2\libc.a(lib_a-malloc.o)
                0x0002472c                malloc
                0x0002473c                free
 .text          0x0002474c      0x57c c:/progra~2/codesourcery/source~1/bin/../lib/gcc/arm-none-eabi/4.5.2/../../../../arm-none-eabi/lib/thumb2\libc.a(lib_a-mallocr.o)
                0x0002474c                _malloc_r
 .text          0x00024cc8       0x8c c:/progra~2/codesourcery/source~1/bin/../lib/gcc/arm-none-eabi/4.5.2/../../../../arm-none-eabi/lib/thumb2\libc.a(lib_a-memchr.o)
                0x00024cc8                memchr
 .text          0x00024d54       0x64 c:/progra~2/codesourcery/source~1/bin/../lib/gcc/arm-none-eabi/4.5.2/../../../../arm-none-eabi/lib/thumb2\libc.a(lib_a-memcmp.o)
                0x00024d54                memcmp
 .text          0x00024db8      0x150 c:/progra~2/codesourcery/source~1/bin/../lib/gcc/arm-none-eabi/4.5.2/../../../../arm-none-eabi/lib/thumb2\libc.a(lib_a-memcpy.o)
                0x00024db8                memcpy
 .text          0x00024f08       0xb4 c:/progra~2/codesourcery/source~1/bin/../lib/gcc/arm-none-eabi/4.5.2/../../../../arm-none-eabi/lib/thumb2\libc.a(lib_a-memmove.o)
                0x00024f08                memmove
 .text          0x00024fbc       0xb4 c:/progra~2/codesourcery/source~1/bin/../lib/gcc/arm-none-eabi/4.5.2/../../../../arm-none-eabi/lib/thumb2\libc.a(lib_a-memset.o)
                0x00024fbc                memset
 .text          0x00025070        0x8 c:/progra~2/codesourcery/source~1/bin/../lib/gcc/arm-none-eabi/4.5.2/../../../../arm-none-eabi/lib/thumb2\libc.a(lib_a-mlock.o)
                0x00025070                __malloc_lock
                0x00025074                __malloc_unlock
 .text          0x00025078      0x138 c:/progra~2/codesourcery/source~1/bin/../lib/gcc/arm-none-eabi/4.5.2/../../../../arm-none-eabi/lib/thumb2\libc.a(lib_a-putc.o)
                0x00025078                _putc_r
                0x00025108                putc
 .text          0x000251b0      0x100 c:/progra~2/codesourcery/source~1/bin/../lib/gcc/arm-none-eabi/4.5.2/../../../../arm-none-eabi/lib/thumb2\libc.a(lib_a-rand.o)
                0x000251b0                srand
                0x0002520c                rand
 .text          0x000252b0       0x14 c:/progra~2/codesourcery/source~1/bin/../lib/gcc/arm-none-eabi/4.5.2/../../../../arm-none-eabi/lib/thumb2\libc.a(lib_a-realloc.o)
                0x000252b0                realloc
 .text          0x000252c4      0x41c c:/progra~2/codesourcery/source~1/bin/../lib/gcc/arm-none-eabi/4.5.2/../../../../arm-none-eabi/lib/thumb2\libc.a(lib_a-reallocr.o)
                0x000252c4                _realloc_r
 .text          0x000256e0      0x118 c:/progra~2/codesourcery/source~1/bin/../lib/gcc/arm-none-eabi/4.5.2/../../../../arm-none-eabi/lib/thumb2\libc.a(lib_a-reent.o)
                0x000256e0                cleanup_glue
                0x000256fc                _reclaim_reent
                0x000257bc                _wrapup_reent
 .text          0x000257f8       0x28 c:/progra~2/codesourcery/source~1/bin/../lib/gcc/arm-none-eabi/4.5.2/../../../../arm-none-eabi/lib/thumb2\libc.a(lib_a-sbrkr.o)
                0x000257f8                _sbrk_r
 .text          0x00025820      0x154 c:/progra~2/codesourcery/source~1/bin/../lib/gcc/arm-none-eabi/4.5.2/../../../../arm-none-eabi/lib/thumb2\libc.a(lib_a-signal.o)
                0x00025820                _init_signal_r
                0x00025850                _signal_r
                0x0002588c                _raise_r
                0x000258e4                __sigtramp_r
                0x00025938                raise
                0x00025948                signal
                0x00025958                _init_signal
                0x00025964                __sigtramp
 .text          0x00025974       0x30 c:/progra~2/codesourcery/source~1/bin/../lib/gcc/arm-none-eabi/4.5.2/../../../../arm-none-eabi/lib/thumb2\libc.a(lib_a-signalr.o)
                0x00025974                _kill_r
                0x000259a0                _getpid_r
 .text          0x000259a4       0x94 c:/progra~2/codesourcery/source~1/bin/../lib/gcc/arm-none-eabi/4.5.2/../../../../arm-none-eabi/lib/thumb2\libc.a(lib_a-sprintf.o)
                0x000259a4                _sprintf_r
                0x000259e8                sprintf
 .text          0x00025a38      0x10c c:/progra~2/codesourcery/source~1/bin/../lib/gcc/arm-none-eabi/4.5.2/../../../../arm-none-eabi/lib/thumb2\libc.a(lib_a-strchr.o)
                0x00025a38                strchr
 .text          0x00025b44      0x1dc c:/progra~2/codesourcery/source~1/bin/../lib/gcc/arm-none-eabi/4.5.2/../../../../arm-none-eabi/lib/thumb2\libc.a(lib_a-strcmp.o)
                0x00025b44                strcmp
 .text          0x00025d20       0xbc c:/progra~2/codesourcery/source~1/bin/../lib/gcc/arm-none-eabi/4.5.2/../../../../arm-none-eabi/lib/thumb2\libc.a(lib_a-strcpy.o)
                0x00025d20                strcpy
 .text          0x00025ddc       0x60 c:/progra~2/codesourcery/source~1/bin/../lib/gcc/arm-none-eabi/4.5.2/../../../../arm-none-eabi/lib/thumb2\libc.a(lib_a-strlen.o)
                0x00025ddc                strlen
 .text          0x00025e3c       0xac c:/progra~2/codesourcery/source~1/bin/../lib/gcc/arm-none-eabi/4.5.2/../../../../arm-none-eabi/lib/thumb2\libc.a(lib_a-strncmp.o)
                0x00025e3c                strncmp
 .text          0x00025ee8       0x78 c:/progra~2/codesourcery/source~1/bin/../lib/gcc/arm-none-eabi/4.5.2/../../../../arm-none-eabi/lib/thumb2\libc.a(lib_a-strncpy.o)
                0x00025ee8                strncpy
 .text          0x00025f60       0x28 c:/progra~2/codesourcery/source~1/bin/../lib/gcc/arm-none-eabi/4.5.2/../../../../arm-none-eabi/lib/thumb2\libc.a(lib_a-strrchr.o)
                0x00025f60                strrchr
 .text          0x00025f88     0x1640 c:/progra~2/codesourcery/source~1/bin/../lib/gcc/arm-none-eabi/4.5.2/../../../../arm-none-eabi/lib/thumb2\libc.a(lib_a-svfprintf.o)
                0x00025f88                _svfprintf_r
 .text          0x000275c8       0x1c c:/progra~2/codesourcery/source~1/bin/../lib/gcc/arm-none-eabi/4.5.2/../../../../arm-none-eabi/lib/thumb2\libc.a(lib_a-syswrite.o)
                0x000275c8                write
 .text          0x000275e4       0xfc c:/progra~2/codesourcery/source~1/bin/../lib/gcc/arm-none-eabi/4.5.2/../../../../arm-none-eabi/lib/thumb2\libc.a(lib_a-wbuf.o)
                0x000275e4                __swbuf_r
                0x000276d0                __swbuf