Archive member included because of file (symbol)

c:/progra~2/codesourcery/source~1/bin/../lib/gcc/arm-none-eabi/4.5.2/../../../../arm-none-eabi/lib/thumb2\libstdc++.a(si_class_type_info.o)
                              build\Menu.o (vtable for __cxxabiv1::__si_class_type_info)
c:/progra~2/codesourcery/source~1/bin/../lib/gcc/arm-none-eabi/4.5.2/../../../../arm-none-eabi/lib/thumb2\libstdc++.a(del_op.o)
                              c:/progra~2/codesourcery/source~1/bin/../lib/gcc/arm-none-eabi/4.5.2/../../../../arm-none-eabi/lib/thumb2\libstdc++.a(si_class_type_info.o) (operator delete(void*))
c:/progra~2/codesourcery/source~1/bin/../lib/gcc/arm-none-eabi/4.5.2/../../../../arm-none-eabi/lib/thumb2\libstdc++.a(pure.o)
                              build\Menu.o (__cxa_pure_virtual)
c:/progra~2/codesourcery/source~1/bin/../lib/gcc/arm-none-eabi/4.5.2/../../../../arm-none-eabi/lib/thumb2\libstdc++.a(class_type_info.o)
                              c:/progra~2/codesourcery/source~1/bin/../lib/gcc/arm-none-eabi/4.5.2/../../../../arm-none-eabi/lib/thumb2\libstdc++.a(si_class_type_info.o) (__cxxabiv1::__class_type_info::__do_upcast(__cxxabiv1::__class_type_info const*, void**) const)
c:/progra~2/codesourcery/source~1/bin/../lib/gcc/arm-none-eabi/4.5.2/../../../../arm-none-eabi/lib/thumb2\libstdc++.a(tinfo.o)
                              c:/progra~2/codesourcery/source~1/bin/../lib/gcc/arm-none-eabi/4.5.2/../../../../arm-none-eabi/lib/thumb2\libstdc++.a(class_type_info.o) (std::type_info::~type_info())
c:/progra~2/codesourcery/source~1/bin/../lib/gcc/arm-none-eabi/4.5.2/../../../../arm-none-eabi/lib/thumb2\libstdc++.a(eh_terminate.o)
                              c:/progra~2/codesourcery/source~1/bin/../lib/gcc/arm-none-eabi/4.5.2/../../../../arm-none-eabi/lib/thumb2\libstdc++.a(pure.o) (std::terminate())
c:/progra~2/codesourcery/source~1/bin/../lib/gcc/arm-none-eabi/4.5.2/../../../../arm-none-eabi/lib/thumb2\libstdc++.a(eh_call.o)
                              c:/progra~2/codesourcery/source~1/bin/../lib/gcc/arm-none-eabi/4.5.2/../../../../arm-none-eabi/lib/thumb2\libstdc++.a(eh_terminate.o) (__cxa_call_unexpected)
c:/progra~2/codesourcery/source~1/bin/../lib/gcc/arm-none-eabi/4.5.2/../../../../arm-none-eabi/lib/thumb2\libstdc++.a(eh_term_handler.o)
                              c:/progra~2/codesourcery/source~1/bin/../lib/gcc/arm-none-eabi/4.5.2/../../../../arm-none-eabi/lib/thumb2\libstdc++.a(eh_terminate.o) (__cxxabiv1::__terminate_handler)
c:/progra~2/codesourcery/source~1/bin/../lib/gcc/arm-none-eabi/4.5.2/../../../../arm-none-eabi/lib/thumb2\libstdc++.a(eh_personality.o)
                              c:/progra~2/codesourcery/source~1/bin/../lib/gcc/arm-none-eabi/4.5.2/../../../../arm-none-eabi/lib/thumb2\libstdc++.a(eh_terminate.o) (__gxx_personality_v0)
c:/progra~2/codesourcery/source~1/bin/../lib/gcc/arm-none-eabi/4.5.2/../../../../arm-none-eabi/lib/thumb2\libstdc++.a(eh_throw.o)
                              c:/progra~2/codesourcery/source~1/bin/../lib/gcc/arm-none-eabi/4.5.2/../../../../arm-none-eabi/lib/thumb2\libstdc++.a(eh_call.o) (__cxa_throw)
c:/progra~2/codesourcery/source~1/bin/../lib/gcc/arm-none-eabi/4.5.2/../../../../arm-none-eabi/lib/thumb2\libstdc++.a(eh_unex_handler.o)
                              c:/progra~2/codesourcery/source~1/bin/../lib/gcc/arm-none-eabi/4.5.2/../../../../arm-none-eabi/lib/thumb2\libstdc++.a(eh_terminate.o) (__cxxabiv1::__unexpected_handler)
c:/progra~2/codesourcery/source~1/bin/../lib/gcc/arm-none-eabi/4.5.2/../../../../arm-none-eabi/lib/thumb2\libstdc++.a(eh_globals.o)
                              c:/progra~2/codesourcery/source~1/bin/../lib/gcc/arm-none-eabi/4.5.2/../../../../arm-none-eabi/lib/thumb2\libstdc++.a(eh_call.o) (__cxa_get_globals_fast)
c:/progra~2/codesourcery/source~1/bin/../lib/gcc/arm-none-eabi/4.5.2/../../../../arm-none-eabi/lib/thumb2\libstdc++.a(eh_catch.o)
                              c:/progra~2/codesourcery/source~1/bin/../lib/gcc/arm-none-eabi/4.5.2/../../../../arm-none-eabi/lib/thumb2\libstdc++.a(eh_terminate.o) (__cxa_begin_catch)
c:/progra~2/codesourcery/source~1/bin/../lib/gcc/arm-none-eabi/4.5.2/../../../../arm-none-eabi/lib/thumb2\libstdc++.a(vterminate.o)
                              c:/progra~2/codesourcery/source~1/bin/../lib/gcc/arm-none-eabi/4.5.2/../../../../arm-none-eabi/lib/thumb2\libstdc++.a(eh_term_handler.o) (__gnu_cxx::__verbose_terminate_handler())
c:/progra~2/codesourcery/source~1/bin/../lib/gcc/arm-none-eabi/4.5.2/../../../../arm-none-eabi/lib/thumb2\libstdc++.a(eh_exception.o)
                              c:/progra~2/codesourcery/source~1/bin/../lib/gcc/arm-none-eabi/4.5.2/../../../../arm-none-eabi/lib/thumb2\libstdc++.a(eh_call.o) (std::bad_exception::~bad_exception())
c:/progra~2/codesourcery/source~1/bin/../lib/gcc/arm-none-eabi/4.5.2/../../../../arm-none-eabi/lib/thumb2\libstdc++.a(eh_type.o)
[...]
Memory Configuration

Name             Origin             Length             Attributes
rom              0x00003000         0x0007d000         xr
ram              0x10000000         0x00007000         xrw
ram1             0x2007c000         0x00004000         xrw
ram2             0x20080000         0x00004000         xrw
*default*        0x00000000         0xffffffff

Linker script and memory map

LOAD c:/progra~2/codesourcery/source~1/bin/../lib/gcc/arm-none-eabi/4.5.2/thumb2/crti.o
LOAD c:/progra~2/codesourcery/source~1/bin/../lib/gcc/arm-none-eabi/4.5.2/thumb2/crtbegin.o
LOAD build\system\core_cm3.o
LOAD build\system\syscalls.o
LOAD build\system\system_LPC17xx.o
LOAD build\system\startup_LPC17xx.o
LOAD build\lib\source\Uart32.o
LOAD build\lib\source\lpc17xx_adc.o
LOAD build\lib\source\lpc17xx_clkpwr.o
LOAD build\lib\source\lpc17xx_gpio.o
LOAD build\lib\source\lpc17xx_i2c.o
LOAD build\lib\source\lpc17xx_libcfg_default.o
LOAD build\lib\source\lpc17xx_nvic.o
LOAD build\lib\source\lpc17xx_pinsel.o
LOAD build\lib\source\lpc17xx_spi.o
LOAD build\lib\source\lpc17xx_timer.o
LOAD build\lib\source\lpc17xx_uart.o
LOAD build\lib_sd\byteordering.o
LOAD build\lib_sd\fat.o
LOAD build\lib_sd\partition.o
LOAD build\lib_sd\sd_raw.o
LOAD build\IAP_internal_flash_write\IAP.o
LOAD build\USBCDC\cdcuser.o
LOAD build\USBCDC\serial.o
LOAD build\USBCDC\usbcore.o
LOAD build\USBCDC\usbdesc.o
LOAD build\USBCDC\usbhw.o
LOAD build\USBCDC\usbuser.o
LOAD build\USBCDC\vcomdemo.o
LOAD build\Atomic.o
LOAD build\ButtonArray.o
LOAD build\Command.o
LOAD build\DebugPacketProcessor.o
LOAD build\Delay.o
LOAD build\EepromMap.o
LOAD build\Host.o
LOAD build\Interface.o
LOAD build\InterfaceBoard.o
LOAD build\LPCPort.o
LOAD build\LiquidCrystal.o
LOAD build\Main.o
LOAD build\Menu.o
LOAD build\Microsteps.o
LOAD build\Motherboard.o
LOAD build\PID.o
LOAD build\Packet.o
LOAD build\SDCard.o
LOAD build\StepperAxis.o
LOAD build\StepperInterface.o
LOAD build\Steppers.o
LOAD build\Timeout.o
LOAD build\Tool.o
LOAD build\UART.o
LOAD build\test.o
LOAD build\test_led.o
LOAD build\test_u.o
                0x10007000                PROVIDE (__cs3_stack, (__cs3_region_start_ram + __cs3_region_size_ram))
                0x00004d28                PROVIDE (__cs3_stack_size, ((__cs3_region_start_ram + __cs3_region_size_ram) - _end))
                0x100022d8                PROVIDE (__cs3_heap_start, _end)
                0x10007000                PROVIDE (__cs3_heap_end, (__cs3_region_start_ram + __cs3_region_size_ram))

.text           0x00003000    0x29004
 CREATE_OBJECT_SYMBOLS
                0x00003000                __cs3_region_start_rom = .
 *(.cs3.region-head.rom)
                0x00003000                __cs3_interrupt_vector = __cs3_interrupt_vector_cortex_m
 *(.cs3.interrupt_vector)
 .cs3.interrupt_vector
                0x00003000       0xcc build\system\startup_LPC17xx.o
                0x00003000                __cs3_interrupt_vector_cortex_m
                0x00003001                ASSERT ((. != __cs3_interrupt_vector_cortex_m), No interrupt vector)
 *(.rom)
 *(.rom.b)
                0x000030cc                __cs3_reset = __cs3_reset_cortex_m
 *(.cs3.reset)
 .cs3.reset     0x000030cc       0x10 build\system\startup_LPC17xx.o
                0x000030cc                __cs3_reset_cortex_m
                0x00003001                ASSERT ((. != __cs3_reset), No reset code)
 *(.text .text.* .gnu.linkonce.t.*)
 .text          0x000030dc        0x0 c:/progra~2/codesourcery/source~1/bin/../lib/gcc/arm-none-eabi/4.5.2/thumb2/crti.o
 .text          0x000030dc       0x30 c:/progra~2/codesourcery/source~1/bin/../lib/gcc/arm-none-eabi/4.5.2/thumb2/crtbegin.o
 .text          0x0000310c        0x0 build\system\core_cm3.o
 .text          0x0000310c      0x188 build\system\syscalls.o
                0x0000310c                _kill
                0x00003134                _exit
                0x00003140                _getpid
                0x00003150                get_heap_end
                0x00003164                get_stack_top
                0x00003178                _sbrk
                0x000031cc                _close
                0x000031e4                _fstat
                0x00003208                _isatty
                0x00003220                _lseek
                0x0000323c                _read
                0x00003258                _write
 .text          0x00003294      0x318 build\system\system_LPC17xx.o
                0x00003294                SystemCoreClockUpdate
                0x0000343c                SystemInit
 .text          0x000035ac       0x14 build\system\startup_LPC17xx.o
                0x000035ac                NMI_Handler
                0x000035ae                HardFault_Handler
                0x000035b0                MemManage_Handler
                0x000035b2                BusFault_Handler
                0x000035b4                UsageFault_Handler
                0x000035b6                SVC_Handler
                0x000035b8                DebugMon_Handler
                0x000035ba                PendSV_Handler
                0x000035bc                SysTick_Handler
                0x000035be                PWM1_IRQHandler
                0x000035be                I2C1_IRQHandler
                0x000035be                EINT2_IRQHandler
                0x000035be                EINT3_IRQHandler
                0x000035be                TIMER3_IRQHandler
                0x000035be                UART0_IRQHandler
                0x000035be                I2C0_IRQHandler
                0x000035be                RIT_IRQHandler
                0x000035be                CAN_IRQHandler
                0x000035be                PLL1_IRQHandler
                0x000035be                SSP0_IRQHandler
                0x000035be                I2S_IRQHandler
                0x000035be                I2C2_IRQHandler
                0x000035be                RTC_IRQHandler
                0x000035be                SPI_IRQHandler
                0x000035be                EINT1_IRQHandler
                0x000035be                UART2_IRQHandler
                0x000035be                Default_Handler
                0x000035be                ADC_IRQHandler
                0x000035be                SSP1_IRQHandler
                0x000035be                BOD_IRQHandler
                0x000035be                USBActivity_IRQHandler
                0x000035be                WDT_IRQHandler
                0x000035be                PLL0_IRQHandler
                0x000035be                QEI_IRQHandler
                0x000035be                EINT0_IRQHandler
                0x000035be                DMA_IRQHandler
                0x000035be                TIMER2_IRQHandler
                0x000035be                UART3_IRQHandler
                0x000035be                MCPWM_IRQHandler
                0x000035be                ENET_IRQHandler
 .text          0x000035c0       0xe4 build\lib\source\Uart32.o
                0x000035c0                UART_8
                0x000035e0                UART_32_DEC
                0x00003640                UART_32_HEX
 .text          0x000036a4      0x518 build\lib\source\lpc17xx_adc.o
                0x000036a4                ADC_Init
                0x0000373c                ADC_DeInit
                0x00003780                ADC_GetData
                0x000037b4                ADC_StartCmd
                0x00003838                ADC_BurstCmd
                0x00003884                ADC_PowerdownCmd
                0x000038d0                ADC_EdgeStartConfig
                0x00003934                ADC_IntConfig
                0x000039d8                ADC_ChannelCmd
                0x00003a40                ADC_ChannelGetData
                0x00003a94                ADC_ChannelGetStatus
                0x00003b18                ADC_GlobalGetData
                0x00003b48                ADC_GlobalGetStatus
 .text          0x00003bbc      0x250 build\lib\source\lpc17xx_clkpwr.o
                0x00003bbc                CLKPWR_SetPCLKDiv
                0x00003c5c                CLKPWR_GetPCLKSEL
                0x00003ca8                CLKPWR_GetPCLK
                0x00003d18                CLKPWR_ConfigPPWR
                0x00003d78                CLKPWR_Sleep
                0x00003d94                CLKPWR_DeepSleep
                0x00003dbc                CLKPWR_PowerDown
                0x00003de4                CLKPWR_DeepPowerDown
 .text          0x00003e0c      0x874 build\lib\source\lpc17xx_gpio.o
                0x00003f68                GPIO_SetDir
                0x00003fb4                GPIO_GetDir
                0x00003fe4                GPIO_SetValue
                0x00004010                GPIO_ClearValue
                0x0000403c                GPIO_ReadValue
                0x0000406c                GPIO_IntCmd
                0x000040dc                GPIO_GetIntStatus
                0x00004180                GPIO_ClearInt
                0x000041b8                FIO_SetDir
                0x000041e0                FIO_SetValue
                0x00004200                FIO_ClearValue
                0x00004220                FIO_ReadValue
                0x00004240                FIO_IntCmd
                0x00004268                FIO_GetIntStatus
                0x00004294                FIO_ClearInt
                0x000042b4                FIO_SetMask
                0x000042e4                FIO_HalfWordSetDir
                0x00004380                FIO_HalfWordSetMask
                0x0000441c                FIO_HalfWordSetValue
                0x0000445c                FIO_HalfWordClearValue
                0x0000449c                FIO_HalfWordReadValue
                0x000044e0                FIO_ByteSetDir
                0x00004550                FIO_ByteSetMask
                0x000045c8                FIO_ByteSetValue
                0x00004604                FIO_ByteClearValue
                0x00004640                FIO_ByteReadValue
 .text          0x00004680     0x1348 build\lib\source\lpc17xx_i2c.o
                0x00004910                I2C_Init
                0x000049cc                I2C_DeInit
                0x00004a58                I2C_Cmd
                0x00004acc                I2C_IntCmd
                0x00004b5c                I2C_MasterHandler
                0x00004f20                I2C_SlaveHandler
                0x000050f4                I2C_MasterTransferData
                0x00005428                I2C_SlaveTransferData
                0x00005688                I2C_SetOwnSlaveAddr
                0x0000578c                I2C_MonitorModeConfig
                0x00005814                I2C_MonitorModeCmd
                0x000058b4                I2C_MonitorGetDatabuffer
                0x00005900                I2C_MonitorHandler
                0x00005958                I2C_MasterTransferComplete
                0x00005990                I2C_SlaveTransferComplete
 .text          0x000059c8        0xc build\lib\source\lpc17xx_libcfg_default.o
                0x000059c8                check_failed
 .text          0x000059d4       0xfc build\lib\source\lpc17xx_nvic.o
                0x000059d4                NVIC_DeInit
                0x00005a34                NVIC_SCBDeInit
                0x00005ab4                NVIC_SetVTOR
 .text          0x00005ad0      0x284 build\lib\source\lpc17xx_pinsel.o
                0x00005c84                PINSEL_ConfigTraceFunc
                0x00005cc4                PINSEL_SetI2C0Pins
                0x00005d00                PINSEL_ConfigPin
 .text          0x00005d54      0x58c build\lib\source\lpc17xx_spi.o
                0x00005d54                SPI_SetClock
                0x00005dd0                SPI_DeInit
                0x00005e10                SPI_GetDataSize
                0x00005e4c                SPI_Init
                0x00005ee4                SPI_ConfigStructInit
                0x00005f28                SPI_SendData
                0x00005f5c                SPI_ReceiveData
                0x00005f90                SPI_ReadWrite
                0x00006184                SPI_IntCmd
                0x000061ec                SPI_GetIntStatus
                0x00006224                SPI_ClearIntPending
                0x00006258                SPI_GetStatus
                0x0000628c                SPI_CheckStatus
 .text          0x000062e0      0xab0 build\lib\source\lpc17xx_timer.o
                0x0000640c                TIM_GetIntStatus
                0x000064b4                TIM_GetIntCaptureStatus
                0x00006560                TIM_ClearIntPending
                0x000065ec                TIM_ClearIntCapturePending
                0x0000667c                TIM_ConfigStructInit
                0x000066bc                TIM_Init
                0x00006864                TIM_DeInit
                0x0000690c                TIM_Cmd
                0x0000697c                TIM_ResetCounter
                0x000069e0                TIM_ConfigMatch
                0x00006b90                TIM_UpdateMatchValue
                0x00006c20                TIM_ConfigCapture
                0x00006d18                TIM_GetCaptureValue
 .text          0x00006d90     0x16c0 build\lib\source\lpc17xx_uart.o
                0x00007098                UART_Init
                0x000073bc                UART_DeInit
                0x00007464                UART_ConfigStructInit
                0x00007498                UART_SendByte
                0x00007500                UART_ReceiveByte
                0x00007568                UART_Send
                0x00007674                UART_Receive
                0x0000774c                UART_ForceBreak
                0x000077c4                UART_IntConfig
                0x0000795c                UART_GetLineStatus
                0x000079c4                UART_GetIntId
                0x00007a20                UART_CheckBusy
                0x00007a4c                UART_FIFOConfig
                0x00007ba8                UART_FIFOConfigStructInit
                0x00007bdc                UART_ABCmd
                0x00007d24                UART_ABClearIntPending
                0x00007d98                UART_TxCmd
                0x00007e64                UART_IrDAInvtInputCmd
                0x00007ee0                UART_IrDACmd
                0x00007f54                UART_IrDAPulseDivConfig
                0x00007ff4                UART_FullModemForcePinState
                0x000080b0                UART_FullModemConfigMode
                0x00008178                UART_FullModemGetStatus
                0x000081ac                UART_RS485Config
                0x00008334                UART_RS485ReceiverCmd
                0x0000837c                UART_RS485Send
                0x00008400                UART_RS485SendSlvAddr
                0x00008428                UART_RS485SendData
 .text          0x00008450       0xf8 build\lib_sd\byteordering.o
                0x00008450                read16
                0x00008480                read32
                0x000084c4                write16
                0x000084f4                write32
 .text          0x00008548     0x1cb8 build\lib_sd\fat.o
                0x00008548                fat_open
                0x000085e4                fat_close
                0x00008bcc                fat_get_dir_entry_of_path
                0x00008d04                fat_open_file
                0x00008dac                fat_close_file
                0x00008dcc                fat_read_file
                0x00008f5c                fat_write_file
                0x0000917c                fat_seek_file
                0x00009218                fat_resize_file
                0x0000935c                fat_open_dir
                0x000093f8                fat_close_dir
                0x00009418                fat_read_dir
                0x000095a0                fat_reset_dir
                0x00009dd8                fat_create_file
                0x00009e94                fat_delete_file
                0x00009f4c                fat_create_dir
                0x0000a0d0                fat_get_fs_size
                0x0000a104                fat_get_fs_free
 .text          0x0000a200      0x16c build\lib_sd\partition.o
                0x0000a200                partition_open
                0x0000a340                partition_close
 .text          0x0000a36c      0xae4 build\lib_sd\sd_raw.o
                0x0000a36c                sd_raw_init
                0x0000a5ec                sd_raw_available
                0x0000a600                sd_raw_locked
                0x0000a730                sd_raw_read
                0x0000a85c                sd_raw_read_interval
                0x0000a8dc                sd_raw_write
                0x0000aa48                sd_raw_write_interval
                0x0000aae4                sd_raw_sync
                0x0000ab30                sd_raw_get_info
 .text          0x0000ae50      0x214 build\IAP_internal_flash_write\IAP.o
                0x0000ae50                IAP::read_ID()
                0x0000ae84                IAP::read_serial()
                0x0000aeb8                IAP::blank_check(int, int)
                0x0000aefc                IAP::erase(int, int)
                0x0000af4c                IAP::prepare(int, int)
                0x0000af90                IAP::write(char*, char*, int)
                0x0000afe8                IAP::compare(char*, char*, int)
                0x0000b034                IAP::reserved_flash_area_start()
                0x0000b04c                IAP::reserved_flash_area_size()
 .text          0x0000b064      0x440 build\USBCDC\cdcuser.o
                0x0000b09c                CDC_RdOutBuf
                0x0000b10c                CDC_WrOutBuf
                0x0000b164                CDC_OutBufAvailChar
                0x0000b194                CDC_SendEncapsulatedCommand
                0x0000b1a4                CDC_GetEncapsulatedResponse
                0x0000b1b4                CDC_SetCommFeature
                0x0000b1d0                CDC_GetCommFeature
                0x0000b1ec                CDC_ClearCommFeature
                0x0000b208                CDC_SetLineCoding
                0x0000b264                CDC_GetLineCoding
                0x0000b2c8                CDC_SetControlLineState
                0x0000b2e4                CDC_SendBreak
                0x0000b300                CDC_BulkIn
                0x0000b348                CDC_BulkOut
                0x0000b358                CDC_GetSerialState
                0x0000b42c                CDC_NotificationIn
 .text          0x0000b4a4      0x224 build\USBCDC\serial.o
                0x0000b4a4                ser_OpenPort
                0x0000b4b8                ser_ClosePort
                0x0000b4cc                ser_InitPort0
                0x0000b524                ser_Read
                0x0000b5a8                ser_Write
                0x0000b674                ser_AvailChar
                0x0000b6a0                ser_LineState
 .text          0x0000b6c8      0xe64 build\USBCDC\usbcore.o
                0x0000b6c8                USB_ResetCore
                0x0000b71c                USB_SetupStage
                0x0000b730                USB_DataInStage
                0x0000b788                USB_DataOutStage
                0x0000b7c8                USB_StatusInStage
                0x0000b7e0                USB_StatusOutStage
                0x0000b7f4                USB_ReqGetStatus
                0x0000b910                USB_ReqSetClrFeature
                0x0000ba50                USB_ReqSetAddress
                0x0000ba8c                USB_ReqGetDescriptor
                0x0000bbb4                USB_ReqGetConfiguration
                0x0000bbec                USB_ReqSetConfiguration
                0x0000be74                USB_ReqGetInterface
                0x0000bed4                USB_ReqSetInterface
                0x0000c0b8                USB_EndPoint0
 .text          0x0000c52c        0x0 build\USBCDC\usbdesc.o
 .text          0x0000c52c      0x8d4 build\USBCDC\usbhw.o
                0x0000c5b8                EPAdr
                0x0000c5ec                WrCmd
                0x0000c624                WrCmdDat
                0x0000c680                WrCmdEP
                0x0000c6e8                RdCmdDat
                0x0000c728                USB_Init
                0x0000c808                USB_Connect
                0x0000c838                USB_Reset
                0x0000c8a8                USB_Suspend
                0x0000c8b4                USB_Resume
                0x0000c8c0                USB_WakeUp
                0x0000c8e8                USB_WakeUpCfg
                0x0000c8fc                USB_SetAddress
                0x0000c93c                USB_Configure
                0x0000c994                USB_ConfigEP
                0x0000c9fc                USB_DirCtrlEP
                0x0000ca10                USB_EnableEP
                0x0000ca40                USB_DisableEP
                0x0000ca70                USB_ResetEP
                0x0000caa0                USB_SetStallEP
                0x0000cad0                USB_ClrStallEP
                0x0000cb00                USB_ClearEPBuf
                0x0000cb1c                USB_ReadEP
                0x0000cbc4                USB_WriteEP
                0x0000cc44                USB_GetFrame
                0x0000cc80                USB_IRQHandler
 .text          0x0000ce00      0x180 build\USBCDC\usbuser.o
                0x0000ce00                USB_Reset_Event
                0x0000ce0c                USB_Configure_Event
                0x0000ce18                USB_EndPoint1
                0x0000ce54                USB_EndPoint2
                0x0000ce7c                USB_EndPoint3
                0x0000ce90                USB_EndPoint4
                0x0000cea4                USB_EndPoint5
                0x0000ceb8                USB_EndPoint6
                0x0000cecc                USB_EndPoint7
                0x0000cee0                USB_EndPoint8
                0x0000cef4                USB_EndPoint9
                0x0000cf08                USB_EndPoint10
                0x0000cf1c                USB_EndPoint11
                0x0000cf30                USB_EndPoint12
                0x0000cf44                USB_EndPoint13
                0x0000cf58                USB_EndPoint14
                0x0000cf6c                USB_EndPoint15
 .text          0x0000cf80       0x20 build\USBCDC\vcomdemo.o
                0x0000cf80                VCOM_Start
 .text          0x0000cfa0       0x68 build\Atomic.o
                0x0000cfa0                Atomic(EN_DIS_INT)
 .text          0x0000d008       0xb8 build\ButtonArray.o
                0x0000d008                ButtonArray::init()
                0x0000d01c                ButtonArray::scanButtons()
                0x0000d038                ButtonArray::getButton(ButtonArray::ButtonName&)
 .text._ZN10Port_ClassC2Ev
                0x0000d0c0       0x20 build\ButtonArray.o
                0x0000d0c0                Port_Class::Port_Class()
                0x0000d0c0                Port_Class::Port_Class()
 .text          0x0000d0e0      0xcd4 build\Command.o
                0x0000d0e0                command::getRemainingCapacity()
                0x0000d100                command::pause(bool)
                0x0000d120                command::isPaused()
                0x0000d134                command::isEmpty()
                0x0000d148                command::push(unsigned char)
                0x0000d168                command::pop8()
                0x0000d17c                command::pop16()
                0x0000d1a8                command::pop32()
                0x0000d1e8                command::reset()
                0x0000d204                command::runCommandSlice()
 .text._ZN5PointC2Elllll
                0x0000ddb4       0x3c build\Command.o
                0x0000ddb4                Point::Point(long, long, long, long, long)
                0x0000ddb4                Point::Point(long, long, long, long, long)
 .text._ZN5PointC2Elll
                0x0000ddf0       0x64 build\Command.o
                0x0000ddf0                Point::Point(long, long, long)
                0x0000ddf0                Point::Point(long, long, long)
 .text._ZNK5PointixEj
                0x0000de54       0x20 build\Command.o
                0x0000de54                Point::operator[](unsigned int) const
 .text._ZN5PointixEj
                0x0000de74       0x20 build\Command.o
                0x0000de74                Point::operator[](unsigned int)
 .text._ZNK6Packet8hasErrorEv
                0x0000de94       0x28 build\Command.o
                0x0000de94                Packet::hasError() const
 .text._ZN19CircularBufferTemplIhEC2EtPh
                0x0000debc       0x48 build\Command.o
                0x0000debc                CircularBufferTempl<unsigned char>::CircularBufferTempl(unsigned short, unsigned char*)
                0x0000debc                CircularBufferTempl<unsigned char>::CircularBufferTempl(unsigned short, unsigned char*)
 .text._ZNK19CircularBufferTemplIhE20getRemainingCapacityEv
                0x0000df04       0x24 build\Command.o
                0x0000df04                CircularBufferTempl<unsigned char>::getRemainingCapacity() const
 .text._ZNK19CircularBufferTemplIhE7isEmptyEv
                0x0000df28       0x24 build\Command.o
                0x0000df28                CircularBufferTempl<unsigned char>::isEmpty() const
 .text._ZN19CircularBufferTemplIhE4pushEh
                0x0000df4c       0x5c build\Command.o
                0x0000df4c                CircularBufferTempl<unsigned char>::push(unsigned char)
 .text._ZN19CircularBufferTemplIhE3popEv
                0x0000dfa8       0x6c build\Command.o
                0x0000dfa8                CircularBufferTempl<unsigned char>::pop()
 .text._ZN19CircularBufferTemplIhE5resetEv
                0x0000e014       0x34 build\Command.o
                0x0000e014                CircularBufferTempl<unsigned char>::reset()
 .text._ZNK19CircularBufferTemplIhE9getLengthEv
                0x0000e048       0x1c build\Command.o
                0x0000e048                CircularBufferTempl<unsigned char>::getLength() const
 .text._ZN19CircularBufferTemplIhEixEt
                0x0000e064       0x3c build\Command.o
                0x0000e064                CircularBufferTempl<unsigned char>::operator[](unsigned short)
 .text          0x0000e0a0      0x360 build\DebugPacketProcessor.o
                0x0000e0a0                processDebugPacket(InPacket const&, OutPacket&)
 .text._ZNK6Packet9getLengthEv
                0x0000e400       0x1c build\DebugPacketProcessor.o
                0x0000e400                Packet::getLength() const
 .text._ZN11Motherboard8getBoardEv
                0x0000e41c       0x14 build\DebugPacketProcessor.o
                0x0000e41c                Motherboard::getBoard()
 .text          0x0000e430      0x140 build\Delay.o
                0x0000e430                few_ticks
                0x0000e4f8                _delay_us
                0x0000e530                _delay_ms
                0x0000e550                _delay_s
 .text          0x0000e570      0x4c4 build\EepromMap.o
                0x0000e570                print_eeprom()
                0x0000e608                read_all_from_flash()
                0x0000e660                save_to_flash()
                0x0000e6d4                microstep_pinout(unsigned char)
                0x0000e7bc                eeprom::init()
                0x0000e8b0                eeprom::getEeprom8(unsigned long, unsigned char)
                0x0000e8e4                eeprom::getEeprom16(unsigned long, unsigned short)
 .text._ZN3IAPC2Ev
                0x0000ea34       0x3c build\EepromMap.o
                0x0000ea34                IAP::IAP()
                0x0000ea34                IAP::IAP()
 .text          0x0000ea70      0x7d8 build\Host.o
                0x0000ea70                host::runHostSlice()
                0x0000ebfc                host::processCommandPacket(InPacket const&, OutPacket&)
                0x0000ecf0                host::doToolPause(OutPacket&)
                0x0000ee0c                host::processQueryPacket(InPacket const&, OutPacket&)
                0x0000eff4                host::getMachineName()
                0x0000f084                host::getBuildName()
                0x0000f098                host::getHostState()
                0x0000f0ac                host::startBuildFromSD()
                0x0000f0e4                host::stopBuild()
 .text._ZN6Packet5errorEh
                0x0000f248       0x24 build\Host.o
                0x0000f248                Packet::error(unsigned char)
 .text._ZNK6Packet12getErrorCodeEv
                0x0000f26c       0x1c build\Host.o
                0x0000f26c                Packet::getErrorCode() const
 .text._ZNK6Packet7getDataEv
                0x0000f288       0x1c build\Host.o
                0x0000f288                Packet::getData() const
 .text._ZNK8InPacket10isFinishedEv
                0x0000f2a4       0x28 build\Host.o
                0x0000f2a4                InPacket::isFinished() const
 .text._ZNK8InPacket9isStartedEv
                0x0000f2cc       0x28 build\Host.o
                0x0000f2cc                InPacket::isStarted() const
 .text._ZN8InPacket7timeoutEv
                0x0000f2f4       0x1c build\Host.o
                0x0000f2f4                InPacket::timeout()
 .text._ZNK9OutPacket9isSendingEv
                0x0000f310       0x38 build\Host.o
                0x0000f310                OutPacket::isSending() const
 .text._ZN4UART11getHostUARTEv
                0x0000f348       0x14 build\Host.o
                0x0000f348                UART::getHostUART()
 .text._ZNK7Timeout8isActiveEv
                0x0000f35c       0x18 build\Host.o
                0x0000f35c                Timeout::isActive() const
 .text._ZN11Motherboard19getStepperInterfaceEi
                0x0000f374       0x28 build\Host.o
                0x0000f374                Motherboard::getStepperInterface(int)
 .text._ZN4host13handleVersionERK8InPacketR9OutPacket
                0x0000f39c       0x58 build\Host.o
                0x0000f39c                host::handleVersion(InPacket const&, OutPacket&)
 .text._ZN4host18handleGetBuildNameERK8InPacketR9OutPacket
                0x0000f3f4       0x5c build\Host.o
                0x0000f3f4                host::handleGetBuildName(InPacket const&, OutPacket&)
 .text._ZN4host19handleGetBufferSizeERK8InPacketR9OutPacket
                0x0000f450       0x2c build\Host.o
                0x0000f450                host::handleGetBufferSize(InPacket const&, OutPacket&)
 .text._ZN4host17handleGetPositionERK8InPacketR9OutPacket
                0x0000f47c      0x11c build\Host.o
                0x0000f47c                host::handleGetPosition(InPacket const&, OutPacket&)
 .text._ZN4host20handleGetPositionExtERK8InPacketR9OutPacket
                0x0000f598      0x144 build\Host.o
                0x0000f598                host::handleGetPositionExt(InPacket const&, OutPacket&)
 .text._ZN4host19handleCaptureToFileERK8InPacketR9OutPacket
                0x0000f6dc       0x3c build\Host.o
                0x0000f6dc                host::handleCaptureToFile(InPacket const&, OutPacket&)
 .text._ZN4host16handleEndCaptureERK8InPacketR9OutPacket
                0x0000f718       0x2c build\Host.o
                0x0000f718                host::handleEndCapture(InPacket const&, OutPacket&)
 .text._ZN4host14handlePlaybackERK8InPacketR9OutPacket
                0x0000f744       0x84 build\Host.o
                0x0000f744                host::handlePlayback(InPacket const&, OutPacket&)
 .text._ZN4host18handleNextFilenameERK8InPacketR9OutPacket
                0x0000f7c8      0x10c build\Host.o
                0x0000f7c8                host::handleNextFilename(InPacket const&, OutPacket&)
 .text._ZN4host15handleToolQueryERK8InPacketR9OutPacket
                0x0000f8d4      0x17c build\Host.o
                0x0000f8d4                host::handleToolQuery(InPacket const&, OutPacket&)
 .text._ZN4host11handlePauseERK8InPacketR9OutPacket
                0x0000fa50       0x34 build\Host.o
                0x0000fa50                host::handlePause(InPacket const&, OutPacket&)
 .text._ZN4host16handleIsFinishedERK8InPacketR9OutPacket
                0x0000fa84       0x6c build\Host.o
                0x0000fa84                host::handleIsFinished(InPacket const&, OutPacket&)
 .text._ZN4host16handleReadEepromERK8InPacketR9OutPacket
                0x0000faf0       0x78 build\Host.o
                0x0000faf0                host::handleReadEeprom(InPacket const&, OutPacket&)
 .text._ZN4host17handleWriteEepromERK8InPacketR9OutPacket
                0x0000fb68       0x94 build\Host.o
                0x0000fb68                host::handleWriteEeprom(InPacket const&, OutPacket&)
 .text._ZN4host18handleExtendedStopERK8InPacketR9OutPacket
                0x0000fbfc       0x54 build\Host.o
                0x0000fbfc                host::handleExtendedStop(InPacket const&, OutPacket&)
 .text._ZN4host27handleGetCommunicationStatsERK8InPacketR9OutPacket
                0x0000fc50       0x60 build\Host.o
                0x0000fc50                host::handleGetCommunicationStats(InPacket const&, OutPacket&)
 .text          0x0000fcb0      0x1dc build\Interface.o
                0x0000fcb0                interface::isConnected()
                0x0000fdb0                interface::init(InterfaceBoard*, LiquidCrystal*)
                0x0000fdd8                interface::pushScreen(Screen*)
                0x0000fdf8                interface::popScreen()
                0x0000fe0c                interface::doInterrupt()
                0x0000fe20                interface::getUpdateRate()
                0x0000fe38                interface::doUpdate()
 .text._ZN10Port_ClassC2E8portname
                0x0000fe8c       0x20 build\Interface.o
                0x0000fe8c                Port_Class::Port_Class(portname)
                0x0000fe8c                Port_Class::Port_Class(portname)
 .text._ZN10Port_Class15setPinDirectionEhb
                0x0000feac       0x74 build\Interface.o
                0x0000feac                Port_Class::setPinDirection(unsigned char, bool)
 .text._ZN10Port_Class6getPinEh
                0x0000ff20       0x4c build\Interface.o
                0x0000ff20                Port_Class::getPin(unsigned char)
 .text._ZN10Port_Class6setPinEhb
                0x0000ff6c       0x5c build\Interface.o
                0x0000ff6c                Port_Class::setPin(unsigned char, bool)
 .text._ZN3PinC2E8portnameh
                0x0000ffc8       0x30 build\Interface.o
                0x0000ffc8                Pin::Pin(portname, unsigned char)
                0x0000ffc8                Pin::Pin(portname, unsigned char)
 .text._ZN3Pin12setDirectionEb
                0x0000fff8       0x28 build\Interface.o
                0x0000fff8                Pin::setDirection(bool)
 .text._ZN3Pin8getValueEv
                0x00010020       0x24 build\Interface.o
                0x00010020                Pin::getValue()
 .text._ZN3Pin8setValueEb
                0x00010044       0x28 build\Interface.o
                0x00010044                Pin::setValue(bool)
 .text          0x0001006c      0x39c build\InterfaceBoard.o
                0x0001006c                InterfaceBoard::InterfaceBoard(ButtonArray&, LiquidCrystal&, Pin const&, Pin const&, Screen*, Screen*)
                0x0001006c                InterfaceBoard::InterfaceBoard(ButtonArray&, LiquidCrystal&, Pin const&, Pin const&, Screen*, Screen*)
                0x000100c0                InterfaceBoard::init()
                0x00010164                InterfaceBoard::doInterrupt()
                0x00010180                InterfaceBoard::getUpdateRate()
                0x000101c0                InterfaceBoard::doUpdate()
                0x000102b0                InterfaceBoard::pushScreen(Screen*)
                0x00010360                InterfaceBoard::popScreen()
 .text          0x00010408        0x0 build\LPCPort.o
 .text          0x00010408      0xf78 build\LiquidCrystal.o
                0x00010408                LiquidCrystal::LiquidCrystal(Pin, Pin, Pin, Pin, Pin, Pin, Pin, Pin, Pin, Pin, Pin)
                0x00010408                LiquidCrystal::LiquidCrystal(Pin, Pin, Pin, Pin, Pin, Pin, Pin, Pin, Pin, Pin, Pin)
                0x00010550                LiquidCrystal::LiquidCrystal(Pin, Pin, Pin, Pin, Pin, Pin, Pin, Pin, Pin, Pin)
                0x00010550                LiquidCrystal::LiquidCrystal(Pin, Pin, Pin, Pin, Pin, Pin, Pin, Pin, Pin, Pin)
                0x000106a0                LiquidCrystal::LiquidCrystal(Pin, Pin, Pin, Pin, Pin, Pin, Pin)
                0x000106a0                LiquidCrystal::LiquidCrystal(Pin, Pin, Pin, Pin, Pin, Pin, Pin)
                0x00010810                LiquidCrystal::LiquidCrystal(Pin, Pin, Pin, Pin, Pin, Pin)
                0x00010810                LiquidCrystal::LiquidCrystal(Pin, Pin, Pin, Pin, Pin, Pin)
                0x00010988                LiquidCrystal::init(unsigned char, Pin, Pin, Pin, Pin, Pin, Pin, Pin, Pin, Pin, Pin, Pin)
                0x00010af4                LiquidCrystal::begin(unsigned char, unsigned char, unsigned char)
                0x00010c88                LiquidCrystal::clear()
                0x00010cac                LiquidCrystal::home()
                0x00010cd0                LiquidCrystal::setCursor(unsigned char, unsigned char)
                0x00010d3c                LiquidCrystal::noDisplay()
                0x00010d74                LiquidCrystal::display()
                0x00010dac                LiquidCrystal::noCursor()
                0x00010de4                LiquidCrystal::cursor()
                0x00010e1c                LiquidCrystal::noBlink()
                0x00010e54                LiquidCrystal::blink()
                0x00010e8c                LiquidCrystal::scrollDisplayLeft()
                0x00010ea8                LiquidCrystal::scrollDisplayRight()
                0x00010ec4                LiquidCrystal::leftToRight()
                0x00010efc                LiquidCrystal::rightToLeft()
                0x00010f34                LiquidCrystal::autoscroll()
                0x00010f6c                LiquidCrystal::noAutoscroll()
                0x00010fa4                LiquidCrystal::createChar(unsigned char, unsigned char*)
                0x00011010                LiquidCrystal::writeInt(unsigned short, unsigned char)
                0x000110d0                LiquidCrystal::writeString(char*)
                0x00011114                LiquidCrystal::writeFromPgmspace(char const*)
                0x00011154                LiquidCrystal::send(unsigned char, bool)
                0x000111d8                LiquidCrystal::pulseEnable()
                0x00011230                LiquidCrystal::write4bits(unsigned char)
                0x000112b8                LiquidCrystal::write8bits(unsigned char)
 .text._ZN10Port_Class6isNullEv
                0x00011380       0x24 build\LiquidCrystal.o
                0x00011380                Port_Class::isNull()
 .text._ZN3PinC2Ev
                0x000113a4       0x2c build\LiquidCrystal.o
                0x000113a4                Pin::Pin()
                0x000113a4                Pin::Pin()
 .text._ZN3Pin6isNullEv
                0x000113d0       0x1c build\LiquidCrystal.o
                0x000113d0                Pin::isNull()
 .text._ZN13LiquidCrystal7commandEh
                0x000113ec       0x24 build\LiquidCrystal.o
                0x000113ec                LiquidCrystal::command(unsigned char)
 .text._ZN13LiquidCrystal5writeEh
                0x00011410       0x24 build\LiquidCrystal.o
                0x00011410                LiquidCrystal::write(unsigned char)
 .text          0x00011434      0x42c build\Main.o
                0x00011480                reset(bool)
                0x00011648                main
 .text          0x00011860     0x1314 build\Menu.o
                0x00011860                queryExtruderParameter(unsigned char, OutPacket&)
                0x0001199c                SplashScreen::update(LiquidCrystal&, bool)
                0x00011a28                SplashScreen::notifyButtonPressed(ButtonArray::ButtonName)
                0x00011a40                SplashScreen::reset()
                0x00011a54                JogMode::reset()
                0x00011a78                JogMode::update(LiquidCrystal&, bool)
                0x00011b38                JogMode::jog(ButtonArray::ButtonName)
                0x00011c54                JogMode::notifyButtonPressed(ButtonArray::ButtonName)
                0x00011ce0                SnakeMode::update(LiquidCrystal&, bool)
                0x00012080                SnakeMode::reset()
                0x00012140                SnakeMode::notifyButtonPressed(ButtonArray::ButtonName)
                0x000121bc                MonitorMode::reset()
                0x000121d8                MonitorMode::update(LiquidCrystal&, bool)
                0x00012404                MonitorMode::notifyButtonPressed(ButtonArray::ButtonName)
                0x00012440                Menu::update(LiquidCrystal&, bool)
                0x00012544                Menu::reset()
                0x0001257c                Menu::resetState()
                0x00012590                Menu::handleSelect(unsigned char)
                0x000125a8                Menu::handleCancel()
                0x000125bc                Menu::notifyButtonPressed(ButtonArray::ButtonName)
                0x0001267c                CancelBuildMenu::CancelBuildMenu()
                0x0001267c                CancelBuildMenu::CancelBuildMenu()
                0x000126b4                CancelBuildMenu::resetState()
                0x000126d8                CancelBuildMenu::drawItem(unsigned char, LiquidCrystal&)
                0x00012738                CancelBuildMenu::handleSelect(unsigned char)
                0x00012768                MainMenu::MainMenu()
                0x00012768                MainMenu::MainMenu()
                0x000127d0                MainMenu::drawItem(unsigned char, LiquidCrystal&)
                0x00012840                MainMenu::handleSelect(unsigned char)
                0x000128ac                SDMenu::SDMenu()
                0x000128ac                SDMenu::SDMenu()
                0x000128dc                SDMenu::resetState()
                0x000128fc                SDMenu::countFiles()
                0x0001296c                SDMenu::getFilename(unsigned char, char*, unsigned char)
                0x00012a08                SDMenu::drawItem(unsigned char, LiquidCrystal&)
                0x00012ab4                SDMenu::handleSelect(unsigned char)
 .text._ZN4Menu13getUpdateRateEv
                0x00012b74       0x1c build\Menu.o
                0x00012b74                Menu::getUpdateRate()
 .text._ZN12SplashScreen13getUpdateRateEv
                0x00012b90       0x18 build\Menu.o
                0x00012b90                SplashScreen::getUpdateRate()
 .text._ZN7JogMode13getUpdateRateEv
                0x00012ba8       0x18 build\Menu.o
                0x00012ba8                JogMode::getUpdateRate()
 .text._ZN9SnakeMode13getUpdateRateEv
                0x00012bc0       0x18 build\Menu.o
                0x00012bc0                SnakeMode::getUpdateRate()
 .text._ZN11MonitorMode13getUpdateRateEv
                0x00012bd8       0x1c build\Menu.o
                0x00012bd8                MonitorMode::getUpdateRate()
 .text._Z9rcCompareh12ResponseCode
                0x00012bf4       0x30 build\Menu.o
                0x00012bf4                rcCompare(unsigned char, ResponseCode)
 .text._ZN6ScreenC2Ev
                0x00012c24       0x20 build\Menu.o
                0x00012c24                Screen::Screen()
                0x00012c24                Screen::Screen()
 .text._ZN4MenuC2Ev
                0x00012c44       0x28 build\Menu.o
                0x00012c44                Menu::Menu()
                0x00012c44                Menu::Menu()
 .text._ZN11MonitorModeC2Ev
                0x00012c6c       0x34 build\Menu.o
                0x00012c6c                MonitorMode::MonitorMode()
                0x00012c6c                MonitorMode::MonitorMode()
 .text._ZN7JogModeC2Ev
                0x00012ca0       0x28 build\Menu.o
                0x00012ca0                JogMode::JogMode()
                0x00012ca0                JogMode::JogMode()
 .text._ZN9SnakeModeC2Ev
                0x00012cc8       0x28 build\Menu.o
                0x00012cc8                SnakeMode::SnakeMode()
                0x00012cc8                SnakeMode::SnakeMode()
 .text          0x00012cf0      0x204 build\Microsteps.o
                0x00012cf0                microsteps::init()
 .text          0x00012ef4      0xc94 build\Motherboard.o
                0x00012f80                Motherboard::Motherboard()
                0x00012f80                Motherboard::Motherboard()
                0x000133cc                Motherboard::reset()
                0x00013798                Motherboard::getCurrentMicros()
                0x000137b4                Motherboard::doInterrupt()
                0x000137f8                Motherboard::runMotherboardSlice()
                0x0001384c                TIMER0_IRQHandler
                0x0001386c                Motherboard::indicateError(int)
                0x000138e0                Motherboard::getCurrentError()
                0x00013900                TIMER1_IRQHandler
 .text._ZN4UART12getSlaveUARTEv
                0x00013b88       0x14 build\Motherboard.o
                0x00013b88                UART::getSlaveUART()
 .text._ZN16StepperInterfaceC2Ev
                0x00013b9c       0x4c build\Motherboard.o
                0x00013b9c                StepperInterface::StepperInterface()
                0x00013b9c                StepperInterface::StepperInterface()
 .text._ZN12SplashScreenC2Ev
                0x00013be8       0x28 build\Motherboard.o
                0x00013be8                SplashScreen::SplashScreen()
                0x00013be8                SplashScreen::SplashScreen()
 .text          0x00013c10      0x28c build\PID.o
                0x00013c10                PID::reset()
                0x00013c48                PID::reset_state()
                0x00013ccc                PID::calculate(int)
                0x00013e24                PID::setTarget(int)
                0x00013e4c                PID::getErrorTerm()
                0x00013e64                PID::getDeltaTerm()
                0x00013e84                PID::getLastOutput()
 .text          0x00013e9c      0x54c build\Packet.o
                0x00013e9c                _crc_ibutton_update
                0x00013f0c                Packet::appendByte(unsigned char)
                0x00013f6c                Packet::reset()
                0x00013fa4                InPacket::InPacket()
                0x00013fa4                InPacket::InPacket()
                0x00013fc8                InPacket::reset()
                0x00013fe0                InPacket::processByte(unsigned char)
                0x00014108                Packet::read8(unsigned char) const
                0x0001412c                Packet::read16(unsigned char) const
                0x0001416c                Packet::read32(unsigned char) const
                0x000141c4                OutPacket::OutPacket()
                0x000141c4                OutPacket::OutPacket()
                0x000141e8                OutPacket::reset()
                0x0001420c                OutPacket::prepareForResend()
                0x0001423c                OutPacket::getNextByteToSend()
                0x00014338                OutPacket::append8(unsigned char)
                0x00014358                OutPacket::append16(unsigned short)
                0x00014390                OutPacket::append32(unsigned long)
 .text._ZN6PacketC2Ev
                0x000143e8       0x18 build\Packet.o
                0x000143e8                Packet::Packet()
                0x000143e8                Packet::Packet()
 .text          0x00014400      0x754 build\SDCard.o
                0x00014400                sdcard::openPartition()
                0x00014470                sdcard::openFilesys()
                0x000144a0                sdcard::openRoot()
                0x000144f4                sdcard::initCard()
                0x000145a4                sdcard::directoryReset()
                0x000145e4                sdcard::directoryNextEntry(char*, unsigned char)
                0x000146b8                sdcard::findFileInDir(char const*, fat_dir_entry_struct*)
                0x00014714                sdcard::openFile(char const*, fat_file_struct**)
                0x00014768                sdcard::deleteFile(char*)
                0x000147b0                sdcard::createFile(char*)
                0x000147e4                sdcard::isPlaying()
                0x000147f8                sdcard::isCapturing()
                0x0001480c                sdcard::startCapture(char*)
                0x000148a4                sdcard::capturePacket(Packet const&)
                0x000148fc                sdcard::finishCapture()
                0x00014948                sdcard::fetchNextByte()
                0x00014988                sdcard::playbackHasNext()
                0x0001499c                sdcard::playbackNext()
                0x000149bc                sdcard::startPlayback(char*)
                0x00014a48                sdcard::playbackRewind(unsigned char)
                0x00014a7c                sdcard::finishPlayback()
                0x00014ab0                sdcard::reset()
 .text          0x00014b54      0x370 build\StepperAxis.o
                0x00014b54                StepperAxis::StepperAxis()
                0x00014b54                StepperAxis::StepperAxis()
                0x00014b74                StepperAxis::StepperAxis(StepperInterface&)
                0x00014b74                StepperAxis::StepperAxis(StepperInterface&)
                0x00014b98                StepperAxis::setTarget(long, bool)
                0x00014c1c                StepperAxis::setHoming(bool)
                0x00014c4c                StepperAxis::definePosition(long)
                0x00014c68                StepperAxis::enableStepper(bool)
                0x00014c8c                StepperAxis::reset()
                0x00014cd0                StepperAxis::doInterrupt(long)
                0x00014d94                StepperAxis::doHoming(long)
 .text._ZN11StepperAxis12checkEndstopEb
                0x00014ec4       0x3c build\StepperAxis.o
                0x00014ec4                StepperAxis::checkEndstop(bool)
 .text          0x00014f00      0x3ec build\StepperInterface.o
                0x00014f00                StepperInterface::StepperInterface(Pin const&, Pin const&, Pin const&, Pin const&, Pin const&, unsigned short)
                0x00014f00                StepperInterface::StepperInterface(Pin const&, Pin const&, Pin const&, Pin const&, Pin const&, unsigned short)
                0x00014f80                StepperInterface::setDirection(bool)
                0x00014fb0                StepperInterface::step(bool)
                0x00014fd4                StepperInterface::setEnabled(bool)
                0x00015014                StepperInterface::isAtMaximum()
                0x00015060                StepperInterface::isAtMinimum()
                0x000150ac                StepperInterface::init(unsigned char)
 .text          0x000152ec      0x6c4 build\Steppers.o
                0x000152ec                steppers::isRunning()
                0x00015320                steppers::init(Motherboard&)
                0x00015394                steppers::abort()
                0x000153b8                steppers::definePosition(Point const&)
                0x0001540c                steppers::getPosition()
                0x00015440                steppers::setHoldZ(bool)
                0x00015490                steppers::setTarget(Point const&, long)
                0x000155dc                steppers::setTargetNew(Point const&, long, unsigned char)
                0x00015720                steppers::startHoming(bool, unsigned char, unsigned long)
                0x000157e8                steppers::enableAxis(unsigned char, bool)
                0x0001581c                steppers::doInterrupt()
 .text          0x000159b0      0x16c build\Timeout.o
                0x000159b0                Timeout::Timeout()
                0x000159b0                Timeout::Timeout()
                0x000159d8                Timeout::start(unsigned long)
                0x00015a14                Timeout::hasElapsed()
                0x00015a74                Timeout::hasLeft()
                0x00015aa0                Timeout::abort()
 .text          0x00015b1c      0x714 build\Tool.o
                0x00015b1c                tool::getInPacket()
                0x00015b30                tool::getOutPacket()
                0x00015b44                tool::getSentPacketCount()
                0x00015b58                tool::getPacketFailureCount()
                0x00015b6c                tool::getRetryCount()
                0x00015b80                tool::getNoiseByteCount()
                0x00015b94                tool::getToolVersion()
                0x00015cac                tool::setToolIndicatorLED()
                0x00015d6c                tool::reset()
                0x00015e5c                tool::test()
                0x00015ef0                tool::getLock()
                0x00015f28                tool::releaseLock()
                0x00015f40                tool::startTransaction()
                0x00015fcc                tool::isTransactionDone()
                0x00015fe8                tool::runToolSlice()
                0x00016190                tool::setCurrentToolheadIndex(unsigned char)
                0x000161b0                tool::getCurrentToolheadIndex()
 .text          0x00016230      0x570 build\UART.o
                0x000162bc                UART::UART(unsigned char)
                0x000162bc                UART::UART(unsigned char)
                0x0001644c                UART::beginSend()
                0x00016560                UART::enable(bool)
                0x000165ac                UART::reset()
                0x000165d4                UART1_IRQHandler
                0x000166c4                CANActivity_IRQHandler
 .text._Z6listenv
                0x000167a0       0x30 build\UART.o
                0x000167a0                listen()
 .text._Z5speakv
                0x000167d0       0x30 build\UART.o
                0x000167d0                speak()
 .text          0x00016800      0x148 build\test.o
                0x00016800                test_u()
 .text          0x00016948      0x150 build\test_led.o
                0x00016948                test_led(unsigned char)
                0x000169b8                test_led2(unsigned char)
                0x00016a28                test_led3(unsigned char)
 .text          0x00016a98       0x74 build\test_u.o
 .text          0x00016b0c        0x0 c:/progra~2/codesourcery/source~1/bin/../lib/gcc/arm-none-eabi/4.5.2/../../../../arm-none-eabi/lib/thumb2\libstdc++.a(si_class_type_info.o)
 .text._ZNK10__cxxabiv120__si_class_type_info11__do_upcastEPKNS_17__class_type_infoEPKvRNS1_15__upcast_resultE
                0x00016b0c       0x28 c:/progra~2/codesourcery/source~1/bin/../lib/gcc/arm-none-eabi/4.5.2/../../../../arm-none-eabi/lib/thumb2\libstdc++.a(si_class_type_info.o)
                0x00016b0c                __cxxabiv1::__si_class_type_info::__do_upcast(__cxxabiv1::__class_type_info const*, void const*, __cxxabiv1::__class_type_info::__upcast_result&) const
 .text._ZNK10__cxxabiv120__si_class_type_info12__do_dyncastEiNS_17__class_type_info10__sub_kindEPKS1_PKvS4_S6_RNS1_16__dyncast_resultE
                0x00016b34       0x90 c:/progra~2/codesourcery/source~1/bin/../lib/gcc/arm-none-eabi/4.5.2/../../../../arm-none-eabi/lib/thumb2\libstdc++.a(si_class_type_info.o)
                0x00016b34                __cxxabiv1::__si_class_type_info::__do_dyncast(int, __cxxabiv1::__class_type_info::__sub_kind, __cxxabiv1::__class_type_info const*, void const*, __cxxabiv1::__class_type_info const*, void const*, __cxxabiv1::__class_type_info::__dyncast_result&) const
 .text._ZNK10__cxxabiv120__si_class_type_info20__do_find_public_srcEiPKvPKNS_17__class_type_infoES2_
                0x00016bc4       0x38 c:/progra~2/codesourcery/source~1/bin/../lib/gcc/arm-none-eabi/4.5.2/../../../../arm-none-eabi/lib/thumb2\libstdc++.a(si_class_type_info.o)
                0x00016bc4                __cxxabiv1::__si_class_type_info::__do_find_public_src(int, void const*, __cxxabiv1::__class_type_info const*, void const*) const
 .text._ZN10__cxxabiv120__si_class_type_infoD2Ev
                0x00016bfc       0x14 c:/progra~2/codesourcery/source~1/bin/../lib/gcc/arm-none-eabi/4.5.2/../../../../arm-none-eabi/lib/thumb2\libstdc++.a(si_class_type_info.o)
                0x00016bfc                __cxxabiv1::__si_class_type_info::~__si_class_type_info()
                0x00016bfc                __cxxabiv1::__si_class_type_info::~__si_class_type_info()
 .text._ZN10__cxxabiv120__si_class_type_infoD0Ev
                0x00016c10       0x1c c:/progra~2/codesourcery/source~1/bin/../lib/gcc/arm-none-eabi/4.5.2/../../../../arm-none-eabi/lib/thumb2\libstdc++.a(si_class_type_info.o)
                0x00016c10                __cxxabiv1::__si_class_type_info::~__si_class_type_info()
 .text          0x00016c2c        0x0 c:/progra~2/codesourcery/source~1/bin/../lib/gcc/arm-none-eabi/4.5.2/../../../../arm-none-eabi/lib/thumb2\libstdc++.a(del_op.o)
 .text._ZdlPv   0x00016c2c        0x8 c:/progra~2/codesourcery/source~1/bin/../lib/gcc/arm-none-eabi/4.5.2/../../../../arm-none-eabi/lib/thumb2\libstdc++.a(del_op.o)
                0x00016c2c                operator delete(void*)
 .text          0x00016c34        0x0 c:/progra~2/codesourcery/source~1/bin/../lib/gcc/arm-none-eabi/4.5.2/../../../../arm-none-eabi/lib/thumb2\libstdc++.a(pure.o)
 .text.__cxa_pure_virtual
                0x00016c34       0x18 c:/progra~2/codesourcery/source~1/bin/../lib/gcc/arm-none-eabi/4.5.2/../../../../arm-none-eabi/lib/thumb2\libstdc++.a(pure.o)
                0x00016c34                __cxa_pure_virtual
 .text          0x00016c4c        0x0 c:/progra~2/codesourcery/source~1/bin/../lib/gcc/arm-none-eabi/4.5.2/../../../../arm-none-eabi/lib/thumb2\libstdc++.a(class_type_info.o)
 .text._ZNK10__cxxabiv117__class_type_info11__do_upcastEPKS0_PPv
                0x00016c4c       0x38 c:/progra~2/codesourcery/source~1/bin/../lib/gcc/arm-none-eabi/4.5.2/../../../../arm-none-eabi/lib/thumb2\libstdc++.a(class_type_info.o)
                0x00016c4c                __cxxabiv1::__class_type_info::__do_upcast(__cxxabiv1::__class_type_info const*, void**) const
 .text._ZNK10__cxxabiv117__class_type_info20__do_find_public_srcEiPKvPKS0_S2_
                0x00016c84        0xc c:/progra~2/codesourcery/source~1/bin/../lib/gcc/arm-none-eabi/4.5.2/../../../../arm-none-eabi/lib/thumb2\libstdc++.a(class_type_info.o)
                0x00016c84                __cxxabiv1::__class_type_info::__do_find_public_src(int, void const*, __cxxabiv1::__class_type_info const*, void const*) const
 .text._ZNK10__cxxabiv117__class_type_info11__do_upcastEPKS0_PKvRNS0_15__upcast_resultE
                0x00016c90       0x1c c:/progra~2/codesourcery/source~1/bin/../lib/gcc/arm-none-eabi/4.5.2/../../../../arm-none-eabi/lib/thumb2\libstdc++.a(class_type_info.o)
                0x00016c90                __cxxabiv1::__class_type_info::__do_upcast(__cxxabiv1::__class_type_info const*, void const*, __cxxabiv1::__class_type_info::__upcast_result&) const
 .text._ZNK10__cxxabiv117__class_type_info12__do_dyncastEiNS0_10__sub_kindEPKS0_PKvS3_S5_RNS0_16__dyncast_resultE
                0x00016cac       0x3c c:/progra~2/codesourcery/source~1/bin/../lib/gcc/arm-none-eabi/4.5.2/../../../../arm-none-eabi/lib/thumb2\libstdc++.a(class_type_info.o)
                0x00016cac                __cxxabiv1::__class_type_info::__do_dyncast(int, __cxxabiv1::__class_type_info::__sub_kind, __cxxabiv1::__class_type_info const*, void const*, __cxxabiv1::__class_type_info const*, void const*, __cxxabiv1::__class_type_info::__dyncast_result&) const
 .text._ZNK10__cxxabiv117__class_type_info10__do_catchEPKSt9type_infoPPvj
                0x00016ce8       0x28 c:/progra~2/codesourcery/source~1/bin/../lib/gcc/arm-none-eabi/4.5.2/../../../../arm-none-eabi/lib/thumb2\libstdc++.a(class_type_info.o)
                0x00016ce8                __cxxabiv1::__class_type_info::__do_catch(std::type_info const*, void**, unsigned int) const
 .text._ZN10__cxxabiv117__class_type_infoD2Ev
                0x00016d10       0x14 c:/progra~2/codesourcery/source~1/bin/../lib/gcc/arm-none-eabi/4.5.2/../../../../arm-none-eabi/lib/thumb2\libstdc++.a(class_type_info.o)
                0x00016d10                __cxxabiv1::__class_type_info::~__class_type_info()
                0x00016d10                __cxxabiv1::__class_type_info::~__class_type_info()
 .text._ZN10__cxxabiv117__class_type_infoD0Ev
                0x00016d24       0x1c c:/progra~2/codesourcery/source~1/bin/../lib/gcc/arm-none-eabi/4.5.2/../../../../arm-none-eabi/lib/thumb2\libstdc++.a(class_type_info.o)
                0x00016d24                __cxxabiv1::__class_type_info::~__class_type_info()
 .text          0x00016d40        0x0 c:/progra~2/codesourcery/source~1/bin/../lib/gcc/arm-none-eabi/4.5.2/../../../../arm-none-eabi/lib/thumb2\libstdc++.a(tinfo.o)
 .text._ZNSt9type_infoD2Ev
                0x00016d40        0xc c:/progra~2/codesourcery/source~1/bin/../lib/gcc/arm-none-eabi/4.5.2/../../../../arm-none-eabi/lib/thumb2\libstdc++.a(tinfo.o)
                0x00016d40                std::type_info::~type_info()
                0x00016d40                std::type_info::~type_info()
 .text._ZNKSt9type_info14__is_pointer_pEv
                0x00016d4c        0x4 c:/progra~2/codesourcery/source~1/bin/../lib/gcc/arm-none-eabi/4.5.2/../../../../arm-none-eabi/lib/thumb2\libstdc++.a(tinfo.o)
                0x00016d4c                std::type_info::__is_pointer_p() const
 .text._ZNKSt9type_info15__is_function_pEv
                0x00016d50        0x4 c:/progra~2/codesourcery/source~1/bin/../lib/gcc/arm-none-eabi/4.5.2/../../../../arm-none-eabi/lib/thumb2\libstdc++.a(tinfo.o)
                0x00016d50                std::type_info::__is_function_p() const
 .text._ZNKSt9type_info11__do_upcastEPKN10__cxxabiv117__class_type_infoEPPv
                0x00016d54        0x4 c:/progra~2/codesourcery/source~1/bin/../lib/gcc/arm-none-eabi/4.5.2/../../../../arm-none-eabi/lib/thumb2\libstdc++.a(tinfo.o)
                0x00016d54                std::type_info::__do_upcast(__cxxabiv1::__class_type_info const*, void**) const
 .text._ZNSt9type_infoD0Ev
                0x00016d58       0x14 c:/progra~2/codesourcery/source~1/bin/../lib/gcc/arm-none-eabi/4.5.2/../../../../arm-none-eabi/lib/thumb2\libstdc++.a(tinfo.o)
                0x00016d58                std::type_info::~type_info()
 .text._ZNKSt9type_infoeqERKS_
                0x00016d6c       0x3c c:/progra~2/codesourcery/source~1/bin/../lib/gcc/arm-none-eabi/4.5.2/../../../../arm-none-eabi/lib/thumb2\libstdc++.a(tinfo.o)
                0x00016d6c                std::type_info::operator==(std::type_info const&) const
 .text._ZNKSt9type_info10__do_catchEPKS_PPvj
                0x00016da8        0x4 c:/progra~2/codesourcery/source~1/bin/../lib/gcc/arm-none-eabi/4.5.2/../../../../arm-none-eabi/lib/thumb2\libstdc++.a(tinfo.o)
                0x00016da8                std::type_info::__do_catch(std::type_info const*, void**, unsigned int) const
 .text          0x00016dac        0x0 c:/progra~2/codesourcery/source~1/bin/../lib/gcc/arm-none-eabi/4.5.2/../../../../arm-none-eabi/lib/thumb2\libstdc++.a(eh_terminate.o)
 .text._ZN10__cxxabiv111__terminateEPFvvE
                0x00016dac       0x28 c:/progra~2/codesourcery/source~1/bin/../lib/gcc/arm-none-eabi/4.5.2/../../../../arm-none-eabi/lib/thumb2\libstdc++.a(eh_terminate.o)
                0x00016dac                __cxxabiv1::__terminate(void (*)())
 .text._ZSt9terminatev
                0x00016dd4       0x10 c:/progra~2/codesourcery/source~1/bin/../lib/gcc/arm-none-eabi/4.5.2/../../../../arm-none-eabi/lib/thumb2\libstdc++.a(eh_terminate.o)
                0x00016dd4                std::terminate()
 .text._ZN10__cxxabiv112__unexpectedEPFvvE
                0x00016de4        0x8 c:/progra~2/codesourcery/source~1/bin/../lib/gcc/arm-none-eabi/4.5.2/../../../../arm-none-eabi/lib/thumb2\libstdc++.a(eh_terminate.o)
                0x00016de4                __cxxabiv1::__unexpected(void (*)())
 .text._ZSt10unexpectedv
                0x00016dec       0x14 c:/progra~2/codesourcery/source~1/bin/../lib/gcc/arm-none-eabi/4.5.2/../../../../arm-none-eabi/lib/thumb2\libstdc++.a(eh_terminate.o)
                0x00016dec                std::unexpected()
 .text._ZSt13set_terminatePFvvE
                0x00016e00       0x10 c:/progra~2/codesourcery/source~1/bin/../lib/gcc/arm-none-eabi/4.5.2/../../../../arm-none-eabi/lib/thumb2\libstdc++.a(eh_terminate.o)
                0x00016e00                std::set_terminate(void (*)())
 .text._ZSt14set_unexpectedPFvvE
                0x00016e10       0x10 c:/progra~2/codesourcery/source~1/bin/../lib/gcc/arm-none-eabi/4.5.2/../../../../arm-none-eabi/lib/thumb2\libstdc++.a(eh_terminate.o)
                0x00016e10                std::set_unexpected(void (*)())
 .text          0x00016e20        0x0 c:/progra~2/codesourcery/source~1/bin/../lib/gcc/arm-none-eabi/4.5.2/../../../../arm-none-eabi/lib/thumb2\libstdc++.a(eh_call.o)
 .text.__cxa_call_terminate
                0x00016e20       0x50 c:/progra~2/codesourcery/source~1/bin/../lib/gcc/arm-none-eabi/4.5.2/../../../../arm-none-eabi/lib/thumb2\libstdc++.a(eh_call.o)
                0x00016e20                __cxa_call_terminate
 .text.__cxa_call_unexpected
                0x00016e70      0x130 c:/progra~2/codesourcery/source~1/bin/../lib/gcc/arm-none-eabi/4.5.2/../../../../arm-none-eabi/lib/thumb2\libstdc++.a(eh_call.o)
                0x00016e70                __cxa_call_unexpected
 .text          0x00016fa0        0x0 c:/progra~2/codesourcery/source~1/bin/../lib/gcc/arm-none-eabi/4.5.2/../../../../arm-none-eabi/lib/thumb2\libstdc++.a(eh_term_handler.o)
 .text          0x00016fa0        0x0 c:/progra~2/codesourcery/source~1/bin/../lib/gcc/arm-none-eabi/4.5.2/../../../../arm-none-eabi/lib/thumb2\libstdc++.a(eh_personality.o)
 .text._ZL12read_sleb128PKhPl
                0x00016fa0       0x3c c:/progra~2/codesourcery/source~1/bin/../lib/gcc/arm-none-eabi/4.5.2/../../../../arm-none-eabi/lib/thumb2\libstdc++.a(eh_personality.o)
 .text._ZL28read_encoded_value_with_basehjPKhPj
                0x00016fdc       0xac c:/progra~2/codesourcery/source~1/bin/../lib/gcc/arm-none-eabi/4.5.2/../../../../arm-none-eabi/lib/thumb2\libstdc++.a(eh_personality.o)
 .text._ZL21base_of_encoded_valuehP15_Unwind_Context
                0x00017088       0x4c c:/progra~2/codesourcery/source~1/bin/../lib/gcc/arm-none-eabi/4.5.2/../../../../arm-none-eabi/lib/thumb2\libstdc++.a(eh_personality.o)
 .text._ZL17parse_lsda_headerP15_Unwind_ContextPKhP16lsda_header_info
                0x000170d4       0x8c c:/progra~2/codesourcery/source~1/bin/../lib/gcc/arm-none-eabi/4.5.2/../../../../arm-none-eabi/lib/thumb2\libstdc++.a(eh_personality.o)
 .text.__gxx_personality_v0
                0x00017160      0x3ec c:/progra~2/codesourcery/source~1/bin/../lib/gcc/arm-none-eabi/4.5.2/../../../../arm-none-eabi/lib/thumb2\libstdc++.a(eh_personality.o)
                0x00017160                __gxx_personality_v0
 .text          0x0001754c        0x0 c:/progra~2/codesourcery/source~1/bin/../lib/gcc/arm-none-eabi/4.5.2/../../../../arm-none-eabi/lib/thumb2\libstdc++.a(eh_throw.o)
 .text._ZL23__gxx_exception_cleanup19_Unwind_Reason_CodeP21_Unwind_Control_Block
                0x0001754c       0x4c c:/progra~2/codesourcery/source~1/bin/../lib/gcc/arm-none-eabi/4.5.2/../../../../arm-none-eabi/lib/thumb2\libstdc++.a(eh_throw.o)
 .text.__cxa_throw
                0x00017598       0x80 c:/progra~2/codesourcery/source~1/bin/../lib/gcc/arm-none-eabi/4.5.2/../../../../arm-none-eabi/lib/thumb2\libstdc++.a(eh_throw.o)
                0x00017598                __cxa_throw
 .text.__cxa_rethrow
                0x00017618       0x78 c:/progra~2/codesourcery/source~1/bin/../lib/gcc/arm-none-eabi/4.5.2/../../../../arm-none-eabi/lib/thumb2\libstdc++.a(eh_throw.o)
                0x00017618                __cxa_rethrow
 .text          0x00017690        0x0 c:/progra~2/codesourcery/source~1/bin/../lib/gcc/arm-none-eabi/4.5.2/../../../../arm-none-eabi/lib/thumb2\libstdc++.a(eh_unex_handler.o)
 .text          0x00017690        0x0 c:/progra~2/codesourcery/source~1/bin/../lib/gcc/arm-none-eabi/4.5.2/../../../../arm-none-eabi/lib/thumb2\libstdc++.a(eh_globals.o)
 .text.__cxa_get_globals_fast
                0x00017690        0xc c:/progra~2/codesourcery/source~1/bin/../lib/gcc/arm-none-eabi/4.5.2/../../../../arm-none-eabi/lib/thumb2\libstdc++.a(eh_globals.o)
                0x00017690                __cxa_get_globals_fast
 .text.__cxa_get_globals
                0x0001769c        0xc c:/progra~2/codesourcery/source~1/bin/../lib/gcc/arm-none-eabi/4.5.2/../../../../arm-none-eabi/lib/thumb2\libstdc++.a(eh_globals.o)
                0x0001769c                __cxa_get_globals
 .text          0x000176a8        0x0 c:/progra~2/codesourcery/source~1/bin/../lib/gcc/arm-none-eabi/4.5.2/../../../../arm-none-eabi/lib/thumb2\libstdc++.a(eh_catch.o)
 .text.__cxa_get_exception_ptr
                0x000176a8        0x4 c:/progra~2/codesourcery/source~1/bin/../lib/gcc/arm-none-eabi/4.5.2/../../../../arm-none-eabi/lib/thumb2\libstdc++.a(eh_catch.o)
                0x000176a8                __cxa_get_exception_ptr
 .text.__cxa_begin_catch
                0x000176ac       0x9c c:/progra~2/codesourcery/source~1/bin/../lib/gcc/arm-none-eabi/4.5.2/../../../../arm-none-eabi/lib/thumb2\libstdc++.a(eh_catch.o)
                0x000176ac                __cxa_begin_catch
 .text.__cxa_end_catch
                0x00017748       0x98 c:/progra~2/codesourcery/source~1/bin/../lib/gcc/arm-none-eabi/4.5.2/../../../../arm-none-eabi/lib/thumb2\libstdc++.a(eh_catch.o)
                0x00017748                __cxa_end_catch
 .text._ZSt18uncaught_exceptionv
                0x000177e0       0x10 c:/progra~2/codesourcery/source~1/bin/../lib/gcc/arm-none-eabi/4.5.2/../../../../arm-none-eabi/lib/thumb2\libstdc++.a(eh_catch.o)
                0x000177e0                std::uncaught_exception()
 .text          0x000177f0        0x0 c:/progra~2/codesourcery/source~1/bin/../lib/gcc/arm-none-eabi/4.5.2/../../../../arm-none-eabi/lib/thumb2\libstdc++.a(vterminate.o)
 .text._ZN9__gnu_cxx27__verbose_terminate_handlerEv
                0x000177f0      0x148 c:/progra~2/codesourcery/source~1/bin/../lib/gcc/arm-none-eabi/4.5.2/../../../../arm-none-eabi/lib/thumb2\libstdc++.a(vterminate.o)
                0x000177f0                __gnu_cxx::__verbose_terminate_handler()
 .text          0x00017938        0x0 c:/progra~2/codesourcery/source~1/bin/../lib/gcc/arm-none-eabi/4.5.2/../../../../arm-none-eabi/lib/thumb2\libstdc++.a(eh_exception.o)
 .text._ZNSt9exceptionD2Ev
                0x00017938        0xc c:/progra~2/codesourcery/source~1/bin/../lib/gcc/arm-none-eabi/4.5.2/../../../../arm-none-eabi/lib/thumb2\libstdc++.a(eh_exception.o)
                0x00017938                std::exception::~exception()
                0x00017938                std::exception::~exception()
 .text._ZNSt13bad_exceptionD2Ev
                0x00017944        0xc c:/progra~2/codesourcery/source~1/bin/../lib/gcc/arm-none-eabi/4.5.2/../../../../arm-none-eabi/lib/thumb2\libstdc++.a(eh_exception.o)
                0x00017944                std::bad_exception::~bad_exception()
                0x00017944                std::bad_exception::~bad_exception()
 .text._ZN10__cxxabiv115__forced_unwindD2Ev
                0x00017950        0xc c:/progra~2/codesourcery/source~1/bin/../lib/gcc/arm-none-eabi/4.5.2/../../../../arm-none-eabi/lib/thumb2\libstdc++.a(eh_exception.o)
                0x00017950                __cxxabiv1::__forced_unwind::~__forced_unwind()
                0x00017950                __cxxabiv1::__forced_unwind::~__forced_unwind()
 .text._ZN10__cxxabiv119__foreign_exceptionD2Ev
                0x0001795c        0xc c:/progra~2/codesourcery/source~1/bin/../lib/gcc/arm-none-eabi/4.5.2/../../../../arm-none-eabi/lib/thumb2\libstdc++.a(eh_exception.o)
                0x0001795c                __cxxabiv1::__foreign_exception::~__foreign_exception()
                0x0001795c                __cxxabiv1::__foreign_exception::~__foreign_exception()
 .text._ZNKSt9exception4whatEv
                0x00017968        0xc c:/progra~2/codesourcery/source~1/bin/../lib/gcc/arm-none-eabi/4.5.2/../../../../arm-none-eabi/lib/thumb2\libstdc++.a(eh_exception.o)
                0x00017968                std::exception::what() const
 .text._ZNKSt13bad_exception4whatEv
                0x00017974        0xc c:/progra~2/codesourcery/source~1/bin/../lib/gcc/arm-none-eabi/4.5.2/../../../../arm-none-eabi/lib/thumb2\libstdc++.a(eh_exception.o)
                0x00017974                std::bad_exception::what() const
 .text._ZN10__cxxabiv119__foreign_exceptionD0Ev
                0x00017980       0x14 c:/progra~2/codesourcery/source~1/bin/../lib/gcc/arm-none-eabi/4.5.2/../../../../arm-none-eabi/lib/thumb2\libstdc++.a(eh_exception.o)
                0x00017980                __cxxabiv1::__foreign_exception::~__foreign_exception()
 .text._ZN10__cxxabiv115__forced_unwindD0Ev
                0x00017994       0x14 c:/progra~2/codesourcery/source~1/bin/../lib/gcc/arm-none-eabi/4.5.2/../../../../arm-none-eabi/lib/thumb2\libstdc++.a(eh_exception.o)
                0x00017994                __cxxabiv1::__forced_unwind::~__forced_unwind()
 .text._ZNSt13bad_exceptionD0Ev
                0x000179a8       0x14 c:/progra~2/codesourcery/source~1/bin/../lib/gcc/arm-none-eabi/4.5.2/../../../../arm-none-eabi/lib/thumb2\libstdc++.a(eh_exception.o)
                0x000179a8                std::bad_exception::~bad_exception()
 .text._ZNSt9exceptionD0Ev
                0x000179bc       0x14 c:/progra~2/codesourcery/source~1/bin/../lib/gcc/arm-none-eabi/4.5.2/../../../../arm-none-eabi/lib/thumb2\libstdc++.a(eh_exception.o)
                0x000179bc                std::exception::~exception()
 .text          0x000179d0        0x0 c:/progra~2/codesourcery/source~1/bin/../lib/gcc/arm-none-eabi/4.5.2/../../../../arm-none-eabi/lib/thumb2\libstdc++.a(eh_type.o)
 .text.__cxa_current_exception_type
                0x000179d0       0x1c c:/progra~2/codesourcery/source~1/bin/../lib/gcc/arm-none-eabi/4.5.2/../../../../arm-none-eabi/lib/thumb2\libstdc++.a(eh_type.o)
                0x000179d0                __cxa_current_exception_type
 .text          0x000179ec        0xc c:/progra~2/codesourcery/source~1/bin/../lib/gcc/arm-none-eabi/4.5.2/../../../../arm-none-eabi/lib/thumb2\libstdc++.a(eh_arm.o)
                0x000179ec                __cxa_end_cleanup
 .text.__cxa_type_match
                0x000179f8       0xd0 c:/progra~2/codesourcery/source~1/bin/../lib/gcc/arm-none-eabi/4.5.2/../../../../arm-none-eabi/lib/thumb2\libstdc++.a(eh_arm.o)
                0x000179f8                __cxa_type_match
 .text.__cxa_begin_cleanup
                0x00017ac8       0x70 c:/progra~2/codesourcery/source~1/bin/../lib/gcc/arm-none-eabi/4.5.2/../../../../arm-none-eabi/lib/thumb2\libstdc++.a(eh_arm.o)
                0x00017ac8                __cxa_begin_cleanup
 .text.__gnu_end_cleanup
                0x00017b38       0x7c c:/progra~2/codesourcery/source~1/bin/../lib/gcc/arm-none-eabi/4.5.2/../../../../arm-none-eabi/lib/thumb2\libstdc++.a(eh_arm.o)
                0x00017b38                __gnu_end_cleanup
 .text          0x00017bb4        0x0 c:/progra~2/codesourcery/source~1/bin/../lib/gcc/arm-none-eabi/4.5.2/../../../../arm-none-eabi/lib/thumb2\libstdc++.a(eh_alloc.o)
 .text.__cxa_allocate_exception
                0x00017bb4       0x7c c:/progra~2/codesourcery/source~1/bin/../lib/gcc/arm-none-eabi/4.5.2/../../../../arm-none-eabi/lib/thumb2\libstdc++.a(eh_alloc.o)
                0x00017bb4                __cxa_allocate_exception
 .text.__cxa_free_exception
                0x00017c30       0x3c c:/progra~2/codesourcery/source~1/bin/../lib/gcc/arm-none-eabi/4.5.2/../../../../arm-none-eabi/lib/thumb2\libstdc++.a(eh_alloc.o)
                0x00017c30                __cxa_free_exception
 .text.__cxa_allocate_dependent_exception
                0x00017c6c       0x78 c:/progra~2/codesourcery/source~1/bin/../lib/gcc/arm-none-eabi/4.5.2/../../../../arm-none-eabi/lib/thumb2\libstdc++.a(eh_alloc.o)
                0x00017c6c                __cxa_allocate_dependent_exception
 .text.__cxa_free_dependent_exception
                0x00017ce4       0x4c c:/progra~2/codesourcery/source~1/bin/../lib/gcc/arm-none-eabi/4.5.2/../../../../arm-none-eabi/lib/thumb2\libstdc++.a(eh_alloc.o)
                0x00017ce4                __cxa_free_dependent_exception
 .text._GLOBAL__I___cxa_allocate_exception
                0x00017d30        0x4 c:/progra~2/codesourcery/source~1/bin/../lib/gcc/arm-none-eabi/4.5.2/../../../../arm-none-eabi/lib/thumb2\libstdc++.a(eh_alloc.o)
 .text          0x00017d34     0x912c c:/progra~2/codesourcery/source~1/bin/../lib/gcc/arm-none-eabi/4.5.2/../../../../arm-none-eabi/lib/thumb2\libstdc++.a(cp-demangle.o)
                0x00020d58                __cxa_demangle
                0x00020e34                __gcclibcxx_demangle_callback
 .text          0x00020e60      0x21c c:/progra~2/codesourcery/source~1/bin/../lib/gcc/arm-none-eabi/4.5.2/thumb2\libgcc.a(_arm_addsubsf3.o)
                0x00020e60                __aeabi_frsub
                0x00020e68                __subsf3
                0x00020e68                __aeabi_fsub
                0x00020e6c                __aeabi_fadd
                0x00020e6c                __addsf3
                0x00020fcc                __aeabi_ui2f
                0x00020fcc                __floatunsisf
                0x00020fd4                __aeabi_i2f
                0x00020fd4                __floatsisf
                0x00020ff0                __aeabi_ul2f
                0x00020ff0                __floatundisf
                0x00021000                __aeabi_l2f
                0x00021000                __floatdisf
 .text          0x0002107c      0x2a0 c:/progra~2/codesourcery/source~1/bin/../lib/gcc/arm-none-eabi/4.5.2/thumb2\libgcc.a(_arm_muldivsf3.o)
                0x0002107c                __mulsf3
                0x0002107c                __aeabi_fmul
                0x000211e4                __aeabi_fdiv
                0x000211e4                __divsf3
 .text          0x0002131c       0x4c c:/progra~2/codesourcery/source~1/bin/../lib/gcc/arm-none-eabi/4.5.2/thumb2\libgcc.a(_arm_fixsfsi.o)
                0x0002131c                __aeabi_f2iz
                0x0002131c                __fixsfsi
 .text          0x00021368       0x2c c:/progra~2/codesourcery/source~1/bin/../lib/gcc/arm-none-eabi/4.5.2/thumb2\libgcc.a(_aeabi_uldivmod.o)
                0x00021368                __aeabi_uldivmod
 .text          0x00021394       0x60 c:/progra~2/codesourcery/source~1/bin/../lib/gcc/arm-none-eabi/4.5.2/thumb2\libgcc.a(bpabi.o)
                0x00021394                __gnu_ldivmod_helper
                0x000213c4                __gnu_uldivmod_helper
 .text          0x000213f4      0xc38 c:/progra~2/codesourcery/source~1/bin/../lib/gcc/arm-none-eabi/4.5.2/thumb2\libgcc.a(unwind-arm.o)
                0x000216d0                _Unwind_VRS_Get
                0x0002171c                _Unwind_VRS_Set
                0x00021ab8                __aeabi_unwind_cpp_pr2
                0x00021abc                __aeabi_unwind_cpp_pr1
                0x00021ac0                __aeabi_unwind_cpp_pr0
                0x00021ac4                _Unwind_VRS_Pop
                0x00021eac                _Unwind_GetCFA
                0x00021eb0                __gnu_Unwind_RaiseException
                0x00021f20                __gnu_Unwind_ForcedUnwind
                0x00021f34                __gnu_Unwind_Resume
                0x00021f70                __gnu_Unwind_Resume_or_Rethrow
                0x00021f88                _Unwind_Complete
                0x00021f8c                _Unwind_DeleteException
                0x00021f9c                __gnu_Unwind_Backtrace
 .text          0x0002202c      0x1ac c:/progra~2/codesourcery/source~1/bin/../lib/gcc/arm-none-eabi/4.5.2/thumb2\libgcc.a(libunwind.o)
                0x0002202c                __restore_core_regs
                0x0002202c                restore_core_regs
                0x00022044                __gnu_Unwind_Restore_VFP
                0x0002204c                __gnu_Unwind_Save_VFP
                0x00022054                __gnu_Unwind_Restore_VFP_D
                0x0002205c                __gnu_Unwind_Save_VFP_D
                0x00022064                __gnu_Unwind_Restore_VFP_D_16_to_31
                0x0002206c                __gnu_Unwind_Save_VFP_D_16_to_31
                0x00022074                __gnu_Unwind_Restore_WMMXD
                0x000220b8                __gnu_Unwind_Save_WMMXD
                0x000220fc                __gnu_Unwind_Restore_WMMXC
                0x00022110                __gnu_Unwind_Save_WMMXC
                0x00022124                ___Unwind_RaiseException
                0x00022124                _Unwind_RaiseException
                0x00022148                _Unwind_Resume
                0x00022148                ___Unwind_Resume
                0x0002216c                _Unwind_Resume_or_Rethrow
                0x0002216c                ___Unwind_Resume_or_Rethrow
                0x00022190                _Unwind_ForcedUnwind
                0x00022190                ___Unwind_ForcedUnwind
                0x000221b4                ___Unwind_Backtrace
                0x000221b4                _Unwind_Backtrace
 .text          0x000221d8      0x3c0 c:/progra~2/codesourcery/source~1/bin/../lib/gcc/arm-none-eabi/4.5.2/thumb2\libgcc.a(pr-support.o)
                0x0002222c                __gnu_unwind_execute
                0x0002253c                __gnu_unwind_frame
                0x00022568                _Unwind_GetRegionStart
                0x00022574                _Unwind_GetLanguageSpecificData
                0x00022588                _Unwind_GetDataRelBase
                0x00022590                _Unwind_GetTextRelBase
 .text          0x00022598        0x4 c:/progra~2/codesourcery/source~1/bin/../lib/gcc/arm-none-eabi/4.5.2/thumb2\libgcc.a(_dvmd_tls.o)
                0x00022598                __aeabi_idiv0
                0x00022598                __aeabi_ldiv0
 .text          0x0002259c      0x360 c:/progra~2/codesourcery/source~1/bin/../lib/gcc/arm-none-eabi/4.5.2/thumb2\libgcc.a(_divdi3.o)
                0x0002259c                __divdi3
 .text          0x000228fc      0x308 c:/progra~2/codesourcery/source~1/bin/../lib/gcc/arm-none-eabi/4.5.2/thumb2\libgcc.a(_udivdi3.o)
                0x000228fc                __udivdi3
 *fill*         0x00022c04        0x4 00
 .text          0x00022c08      0x278 c:/progra~2/codesourcery/source~1/bin/../lib/gcc/arm-none-eabi/4.5.2/thumb2\libgcc.a(_udivsi3.o)
                0x00022c08                __aeabi_uidiv
                0x00022c08                __udivsi3
                0x00022e64                __aeabi_uidivmod
 .text          0x00022e80       0x10 c:/progra~2/codesourcery/source~1/bin/../lib/gcc/arm-none-eabi/4.5.2/../../../../arm-none-eabi/lib/thumb2\libc.a(lib_a-abort.o)
                0x00022e80                abort
 .text          0x00022e90       0xac c:/progra~2/codesourcery/source~1/bin/../lib/gcc/arm-none-eabi/4.5.2/../../../../arm-none-eabi/lib/thumb2\libc.a(lib_a-fputc.o)
                0x00022e90                _fputc_r
                0x00022ee4                fputc
 .text          0x00022f3c       0x90 c:/progra~2/codesourcery/source~1/bin/../lib/gcc/arm-none-eabi/4.5.2/../../../../arm-none-eabi/lib/thumb2\libc.a(lib_a-fputs.o)
                0x00022f3c                _fputs_r
                0x00022fbc                fputs
 .text          0x00022fcc      0x338 c:/progra~2/codesourcery/source~1/bin/../lib/gcc/arm-none-eabi/4.5.2/../../../../arm-none-eabi/lib/thumb2\libc.a(lib_a-fvwrite.o)
                0x00022fcc                __sfvwrite_r
 .text          0x00023304       0xc0 c:/progra~2/codesourcery/source~1/bin/../lib/gcc/arm-none-eabi/4.5.2/../../../../arm-none-eabi/lib/thumb2\libc.a(lib_a-fwrite.o)
                0x00023304                _fwrite_r
                0x000233a0                fwrite
 .text          0x000233c4        0x0 c:/progra~2/codesourcery/source~1/bin/../lib/gcc/arm-none-eabi/4.5.2/../../../../arm-none-eabi/lib/thumb2\libc.a(lib_a-impure.o)
 .text          0x000233c4       0x20 c:/progra~2/codesourcery/source~1/bin/../lib/gcc/arm-none-eabi/4.5.2/../../../../arm-none-eabi/lib/thumb2\libc.a(lib_a-malloc.o)
                0x000233c4                malloc
                0x000233d4                free
 .text          0x000233e4      0x57c c:/progra~2/codesourcery/source~1/bin/../lib/gcc/arm-none-eabi/4.5.2/../../../../arm-none-eabi/lib/thumb2\libc.a(lib_a-mallocr.o)
                0x000233e4                _malloc_r
 .text          0x00023960       0x8c c:/progra~2/codesourcery/source~1/bin/../lib/gcc/arm-none-eabi/4.5.2/../../../../arm-none-eabi/lib/thumb2\libc.a(lib_a-memchr.o)
                0x00023960                memchr
 .text          0x000239ec       0x64 c:/progra~2/codesourcery/source~1/bin/../lib/gcc/arm-none-eabi/4.5.2/../../../../arm-none-eabi/lib/thumb2\libc.a(lib_a-memcmp.o)
                0x000239ec                memcmp
 .text          0x00023a50      0x150 c:/progra~2/codesourcery/source~1/bin/../lib/gcc/arm-none-eabi/4.5.2/../../../../arm-none-eabi/lib/thumb2\libc.a(lib_a-memcpy.o)
                0x00023a50                memcpy
 .text          0x00023ba0       0xb4 c:/progra~2/codesourcery/source~1/bin/../lib/gcc/arm-none-eabi/4.5.2/../../../../arm-none-eabi/lib/thumb2\libc.a(lib_a-memmove.o)
                0x00023ba0                memmove
 .text          0x00023c54       0xb4 c:/progra~2/codesourcery/source~1/bin/../lib/gcc/arm-none-eabi/4.5.2/../../../../arm-none-eabi/lib/thumb2\libc.a(lib_a-memset.o)
                0x00023c54                memset
 .text          0x00023d08        0x8 c:/progra~2/codesourcery/source~1/bin/../lib/gcc/arm-none-eabi/4.5.2/../../../../arm-none-eabi/lib/thumb2\libc.a(lib_a-mlock.o)
                0x00023d08                __malloc_lock
                0x00023d0c                __malloc_unlock
 .text          0x00023d10      0x138 c:/progra~2/codesourcery/source~1/bin/../lib/gcc/arm-none-eabi/4.5.2/../../../../arm-none-eabi/lib/thumb2\libc.a(lib_a-putc.o)
                0x00023d10                _putc_r
                0x00023da0                putc
 .text          0x00023e48      0x100 c:/progra~2/codesourcery/source~1/bin/../lib/gcc/arm-none-eabi/4.5.2/../../../../arm-none-eabi/lib/thumb2\libc.a(lib_a-rand.o)
                0x00023e48                srand
                0x00023ea4                rand
 .text          0x00023f48       0x14 c:/progra~2/codesourcery/source~1/bin/../lib/gcc/arm-none-eabi/4.5.2/../../../../arm-none-eabi/lib/thumb2\libc.a(lib_a-realloc.o)
                0x00023f48                realloc
 .text          0x00023f5c      0x41c c:/progra~2/codesourcery/source~1/bin/../lib/gcc/arm-none-eabi/4.5.2/../../../../arm-none-eabi/lib/thumb2\libc.a(lib_a-reallocr.o)
                0x00023f5c                _realloc_r
 .text          0x00024378      0x118 c:/progra~2/codesourcery/source~1/bin/../lib/gcc/arm-none-eabi/4.5.2/../../../../arm-none-eabi/lib/thumb2\libc.a(lib_a-reent.o)
                0x00024378                cleanup_glue
                0x00024394                _reclaim_reent
                0x00024454                _wrapup_reent
 .text          0x00024490       0x28 c:/progra~2/codesourcery/source~1/bin/../lib/gcc/arm-none-eabi/4.5.2/../../../../arm-none-eabi/lib/thumb2\libc.a(lib_a-sbrkr.o)
                0x00024490                _sbrk_r
 .text          0x000244b8      0x154 c:/progra~2/codesourcery/source~1/bin/../lib/gcc/arm-none-eabi/4.5.2/../../../../arm-none-eabi/lib/thumb2\libc.a(lib_a-signal.o)
                0x000244b8                _init_signal_r
                0x000244e8                _signal_r
                0x00024524                _raise_r
                0x0002457c                __sigtramp_r
                0x000245d0                raise
                0x000245e0                signal
                0x000245f0                _init_signal
                0x000245fc                __sigtramp
 .text          0x0002460c       0x30 c:/progra~2/codesourcery/source~1/bin/../lib/gcc/arm-none-eabi/4.5.2/../../../../arm-none-eabi/lib/thumb2\libc.a(lib_a-signalr.o)
                0x0002460c                _kill_r
                0x00024638                _getpid_r
 .text          0x0002463c       0x94 c:/progra~2/codesourcery/source~1/bin/../lib/gcc/arm-none-eabi/4.5.2/../../../../arm-none-eabi/lib/thumb2\libc.a(lib_a-sprintf.o)
                0x0002463c                _sprintf_r
                0x00024680                sprintf
 .text          0x000246d0      0x10c c:/progra~2/codesourcery/source~1/bin/../lib/gcc/arm-none-eabi/4.5.2/../../../../arm-none-eabi/lib/thumb2\libc.a(lib_a-strchr.o)
                0x000246d0                strchr
 .text          0x000247dc      0x1dc c:/progra~2/codesourcery/source~1/bin/../lib/gcc/arm-none-eabi/4.5.2/../../../../arm-none-eabi/lib/thumb2\libc.a(lib_a-strcmp.o)
                0x000247dc                strcmp
 .text          0x000249b8       0xbc c:/progra~2/codesourcery/source~1/bin/../lib/gcc/arm-none-eabi/4.5.2/../../../../arm-none-eabi/lib/thumb2\libc.a(lib_a-strcpy.o)
                0x000249b8                strcpy
 .text          0x00024a74       0x60 c:/progra~2/codesourcery/source~1/bin/../lib/gcc/arm-none-eabi/4.5.2/../../../../arm-none-eabi/lib/thumb2\libc.a(lib_a-strlen.o)
                0x00024a74                strlen
 .text          0x00024ad4       0xac c:/progra~2/codesourcery/source~1/bin/../lib/gcc/arm-none-eabi/4.5.2/../../../../arm-none-eabi/lib/thumb2\libc.a(lib_a-strncmp.o)
                0x00024ad4                strncmp
 .text          0x00024b80       0x78 c:/progra~2/codesourcery/source~1/bin/../lib/gcc/arm-none-eabi/4.5.2/../../../../arm-none-eabi/lib/thumb2\libc.a(lib_a-strncpy.o)
                0x00024b80                strncpy
 .text          0x00024bf8       0x28 c:/progra~2/codesourcery/source~1/bin/../lib/gcc/arm-none-eabi/4.5.2/../../../../arm-none-eabi/lib/thumb2\libc.a(lib_a-strrchr.o)
                0x00024bf8                strrchr
 .text          0x00024c20     0x1640 c:/progra~2/codesourcery/source~1/bin/../lib/gcc/arm-none-eabi/4.5.2/../../../../arm-none-eabi/lib/thumb2\libc.a(lib_a-svfprintf.o)
                0x00024c20                _svfprintf_r
 .text          0x00026260       0x1c c:/progra~2/codesourcery/source~1/bin/../lib/gcc/arm-none-eabi/4.5.2/../../../../arm-none-eabi/lib/thumb2\libc.a(lib_a-syswrite.o)
                0x00026260                write
 .text          0x0002627c       0xfc c:/progra~2/codesourcery/source~1/bin/../lib/gcc/arm-none-eabi/4.5.2/../../../../arm-none-eabi/lib/thumb2\libc.a(lib_a-wbuf.o)
                0x0002627c                __swbuf_r
                0x00026368                __swbuf
 .text          0x00026378       0x2c c:/progra~2/codesourcery/source~1/bin/../lib/gcc/arm-none-eabi/4.5.2/../../../../arm-none-eabi/lib/thumb2\libc.a(lib_a-writer.o)
                0x00026378                _write_r
 .text          0x000263a4      0x104 c:/progra~2/codesourcery/source~1/bin/../lib/gcc/arm-none-eabi/4.5.2/../../../../arm-none-eabi/lib/thumb2\libc.a(lib_a-wsetup.o)
                0x000263a4                __swsetup_r
 .text          0x000264a8      0xfe8 c:/progra~2/codesourcery/source~1/bin/../lib/gcc/arm-none-eabi/4.5.2/../../../../arm-none-eabi/lib/thumb2\libc.a(lib_a-dtoa.o)
                0x000265d4                _dtoa_r