
Memory Configuration

Name             Origin             Length             Attributes
rom              0x00000000         0x00080000         xr
ram              0x10000000         0x00008000         xrw
ram1             0x2007c000         0x00004000         xrw
ram2             0x20080000         0x00004000         xrw
*default*        0x00000000         0xffffffff

Linker script and memory map

LOAD startup_LPC17xx.o
LOAD core_cm3.o
LOAD system_LPC17xx.o
LOAD main_LPC17xx.o
START GROUP
LOAD c:/program files (x86)/codesourcery/sourcery g++ lite/bin/../lib/gcc/arm-none-eabi/4.5.2/thumb2\libgcc.a
LOAD c:/program files (x86)/codesourcery/sourcery g++ lite/bin/../lib/gcc/arm-none-eabi/4.5.2/../../../../arm-none-eabi/lib/thumb2\libc.a
END GROUP
                0x10008000                PROVIDE (__cs3_stack, (__cs3_region_start_ram + __cs3_region_size_ram))
                0x00007ff0                PROVIDE (__cs3_stack_size, ((__cs3_region_start_ram + __cs3_region_size_ram) - _end))
                0x10000010                PROVIDE (__cs3_heap_start, _end)
                0x10008000                PROVIDE (__cs3_heap_end, (__cs3_region_start_ram + __cs3_region_size_ram))

.text           0x00000000      0x5d4
 CREATE_OBJECT_SYMBOLS
                0x00000000                __cs3_region_start_rom = .
 *(.cs3.region-head.rom)
                0x00000000                __cs3_interrupt_vector = __cs3_interrupt_vector_cortex_m
 *(.cs3.interrupt_vector)
 .cs3.interrupt_vector
                0x00000000       0xcc startup_LPC17xx.o
                0x00000000                __cs3_interrupt_vector_cortex_m
                0x00000001                ASSERT ((. != __cs3_interrupt_vector_cortex_m), No interrupt vector)
 *(.rom)
 *(.rom.b)
                0x000000cc                __cs3_reset = __cs3_reset_cortex_m
 *(.cs3.reset)
 .cs3.reset     0x000000cc       0x10 startup_LPC17xx.o
                0x000000cc                __cs3_reset_cortex_m
                0x00000001                ASSERT ((. != __cs3_reset), No reset code)
 *(.text .text.* .gnu.linkonce.t.*)
 .text          0x000000dc       0x14 startup_LPC17xx.o
                0x000000dc                NMI_Handler
                0x000000de                HardFault_Handler
                0x000000e0                MemManage_Handler
                0x000000e2                BusFault_Handler
                0x000000e4                UsageFault_Handler
                0x000000e6                SVC_Handler
                0x000000e8                DebugMon_Handler
                0x000000ea                PendSV_Handler
                0x000000ee                USBActivity_IRQHandler
                0x000000ee                I2C1_IRQHandler
                0x000000ee                EINT2_IRQHandler
                0x000000ee                UART1_IRQHandler
                0x000000ee                EINT3_IRQHandler
                0x000000ee                CANActivity_IRQHandler
                0x000000ee                TIMER3_IRQHandler
                0x000000ee                UART0_IRQHandler
                0x000000ee                I2C0_IRQHandler
                0x000000ee                PLL0_IRQHandler
                0x000000ee                RIT_IRQHandler
                0x000000ee                PLL1_IRQHandler
                0x000000ee                SSP0_IRQHandler
                0x000000ee                I2S_IRQHandler
                0x000000ee                I2C2_IRQHandler
                0x000000ee                RTC_IRQHandler
                0x000000ee                TIMER0_IRQHandler
                0x000000ee                SPI_IRQHandler
                0x000000ee                EINT1_IRQHandler
                0x000000ee                TIMER1_IRQHandler
                0x000000ee                UART2_IRQHandler
                0x000000ee                Default_Handler
                0x000000ee                ADC_IRQHandler
                0x000000ee                SSP1_IRQHandler
                0x000000ee                USB_IRQHandler
                0x000000ee                BOD_IRQHandler
                0x000000ee                PWM1_IRQHandler
                0x000000ee                WDT_IRQHandler
                0x000000ee                CAN_IRQHandler
                0x000000ee                QEI_IRQHandler
                0x000000ee                EINT0_IRQHandler
                0x000000ee                DMA_IRQHandler
                0x000000ee                TIMER2_IRQHandler
                0x000000ee                UART3_IRQHandler
                0x000000ee                MCPWM_IRQHandler
                0x000000ee                ENET_IRQHandler
 .text          0x000000f0        0x0 core_cm3.o
 .text          0x000000f0      0x328 system_LPC17xx.o
                0x000000f0                SystemCoreClockUpdate
                0x00000298                SystemInit
 .text          0x00000418      0x1a8 main_LPC17xx.o
                0x000004c4                SysTick_Handler
                0x00000570                main
 *(.plt)
 *(.gnu.warning)
 *(.glue_7t)
 .glue_7t       0x00000000        0x0 linker stubs
 *(.glue_7)
 .glue_7        0x00000000        0x0 linker stubs
 *(.vfp11_veneer)
 .vfp11_veneer  0x00000000        0x0 linker stubs
 *(.rodata .rodata.* .gnu.linkonce.r.*)
 *(.ARM.extab* .gnu.linkonce.armextab.*)
 .ARM.extab.cs3.reset
                0x000005c0        0x0 startup_LPC17xx.o
 *(.gcc_except_table)
 *(.eh_frame_hdr)
 *(.eh_frame)
                0x000005c0                . = ALIGN (0x4)
 *(.init)
                0x000005c0                . = ALIGN (0x4)
                0x000005c0                __preinit_array_start = .
 *(.preinit_array)
                0x000005c0                __preinit_array_end = .
                0x000005c0                . = ALIGN (0x4)
                0x000005c0                __init_array_start = .
 *(SORT(.init_array.*))
 *(.init_array)
                0x000005c0                __init_array_end = .
                0x000005c0                . = ALIGN (0x4)
 *crtbegin.o(.ctors)
 *(EXCLUDE_FILE(*crtend.o) .ctors)
 *(SORT(.ctors.*))
 *crtend.o(.ctors)
                0x000005c0                . = ALIGN (0x4)
 *(.fini)
                0x000005c0                . = ALIGN (0x4)
                0x000005c0                __fini_array_start = .
 *(.fini_array)
 *(SORT(.fini_array.*))
                0x000005c0                __fini_array_end = .
 *crtbegin.o(.dtors)
 *(EXCLUDE_FILE(*crtend.o) .dtors)
 *(SORT(.dtors.*))
 *crtend.o(.dtors)
                0x000005c0                . = ALIGN (0x4)
                0x000005c0                __cs3_regions = .
                0x000005c0        0x4 LONG 0x0
                0x000005c4        0x4 LONG 0x5e0 __cs3_region_init_ram
                0x000005c8        0x4 LONG 0x10000000 __cs3_region_start_ram
                0x000005cc        0x4 LONG 0x8 __cs3_region_init_size_ram
                0x000005d0        0x4 LONG 0x8 __cs3_region_zero_size_ram
                0x000005d4                __exidx_start = .

.v4_bx          0x000005d4        0x0
 .v4_bx         0x00000000        0x0 linker stubs

.ARM.exidx      0x000005d4        0x8
 *(.ARM.exidx* .gnu.linkonce.armexidx.*)
 .ARM.exidx.cs3.reset
                0x000005d4        0x8 startup_LPC17xx.o
                0x000005dc                __exidx_end = .

.text.align     0x000005dc        0x4
                0x000005e0                . = ALIGN (0x8)
 *fill*         0x000005dc        0x4 00
                0x000005e0                _etext = .
                0x00080000                __cs3_region_size_rom = 0x80000
                0x00000001                __cs3_region_num = 0x1

.data           0x10000000        0x8 load address 0x000005e0
                0x10000000                __cs3_region_start_ram = .
 *(.cs3.region-head.ram)
 *(.jcr)
 *(.got.plt)
 *(.got)
 *(.shdata)
 *(.data .data.* .gnu.linkonce.d.*)
 .data          0x10000000        0x0 startup_LPC17xx.o
 .data          0x10000000        0x0 core_cm3.o
 .data          0x10000000        0x4 system_LPC17xx.o
                0x10000000                SystemCoreClock
 .data          0x10000004        0x0 main_LPC17xx.o
 *(.ram)
                0x10000008                . = ALIGN (0x8)
 *fill*         0x10000004        0x4 00
                0x10000008                _edata = .

.bss            0x10000008        0x8 load address 0x000005e8
 *(.shbss)
 *(.bss .bss.* .gnu.linkonce.b.*)
 .bss           0x10000008        0x0 startup_LPC17xx.o
 .bss           0x10000008        0x0 core_cm3.o
 .bss           0x10000008        0x0 system_LPC17xx.o
 .bss           0x10000008        0x4 main_LPC17xx.o
                0x10000008                msTicks
 *(COMMON)
 *(.ram.b)
                0x10000010                . = ALIGN (0x8)
 *fill*         0x1000000c        0x4 00
                0x10000010                _end = .
                0x10000010                __end = .

.usb_ram
 *.o(USB_RAM)

.heap           0x10000010     0x1000
 *(.heap)
 .heap          0x10000010     0x1000 startup_LPC17xx.o
                0x10000010                __cs3_heap_start
                0x10001010                __cs3_heap_end

.stack          0x10007f00      0x100
 *(.stack)
 .stack         0x10007f00      0x100 startup_LPC17xx.o
                0x10007f00                __cs3_stack_mem
                0x10008000                _estack = .
                0x10008000                PROVIDE (estack, .)
                0x000005e0                __cs3_region_init_ram = LOADADDR (.data)
                0x00000008                __cs3_region_init_size_ram = (_edata - __cs3_region_start_ram)
                0x00000008                __cs3_region_zero_size_ram = (_end - _edata)
                0x00008000                __cs3_region_size_ram = 0x8000
                0x00000001                __cs3_region_num = 0x1

.stab
 *(.stab)

.stabstr
 *(.stabstr)

.debug
 *(.debug)

.line
 *(.line)

.debug_srcinfo
 *(.debug_srcinfo)

.debug_sfnames
 *(.debug_sfnames)

.comment        0x00000000       0x2a
 .comment       0x00000000       0x2a core_cm3.o
                                 0x2b (size before relaxing)
 .comment       0x00000000       0x2b system_LPC17xx.o
 .comment       0x00000000       0x2b main_LPC17xx.o

.debug_aranges  0x00000000       0x40
 *(.debug_aranges)
 .debug_aranges
                0x00000000       0x20 system_LPC17xx.o
 .debug_aranges
                0x00000020       0x20 main_LPC17xx.o

.debug_pubnames
                0x00000000       0x8a
 *(.debug_pubnames)
 .debug_pubnames
                0x00000000       0x4f system_LPC17xx.o
 .debug_pubnames
                0x0000004f       0x3b main_LPC17xx.o

.debug_info     0x00000000      0xecd
 *(.debug_info .gnu.linkonce.wi.*)
 .debug_info    0x00000000       0x6c core_cm3.o
 .debug_info    0x0000006c      0x509 system_LPC17xx.o
 .debug_info    0x00000575      0x958 main_LPC17xx.o

.debug_abbrev   0x00000000      0x32d
 *(.debug_abbrev)
 .debug_abbrev  0x00000000       0x2a core_cm3.o
 .debug_abbrev  0x0000002a      0x102 system_LPC17xx.o
 .debug_abbrev  0x0000012c      0x201 main_LPC17xx.o

.debug_line     0x00000000      0x2cd
 *(.debug_line)
 .debug_line    0x00000000       0x1d core_cm3.o
 .debug_line    0x0000001d      0x168 system_LPC17xx.o
 .debug_line    0x00000185      0x148 main_LPC17xx.o

.debug_frame    0x00000000      0x12c
 *(.debug_frame)
 .debug_frame   0x00000000       0x40 system_LPC17xx.o
 .debug_frame   0x00000040       0xec main_LPC17xx.o

.debug_str      0x00000000      0x696
 *(.debug_str)
 .debug_str     0x00000000       0x94 core_cm3.o
                                 0xc8 (size before relaxing)
 .debug_str     0x00000094      0x1f8 system_LPC17xx.o
                                0x2bd (size before relaxing)
 .debug_str     0x0000028c      0x40a main_LPC17xx.o
                                0x582 (size before relaxing)

.debug_loc      0x00000000      0x1f4
 *(.debug_loc)
 .debug_loc     0x00000000       0x58 system_LPC17xx.o
 .debug_loc     0x00000058      0x19c main_LPC17xx.o

.debug_macinfo
 *(.debug_macinfo)

.debug_weaknames
 *(.debug_weaknames)

.debug_funcnames
 *(.debug_funcnames)

.debug_typenames
 *(.debug_typenames)

.debug_varnames
 *(.debug_varnames)

.note.gnu.arm.ident
 *(.note.gnu.arm.ident)

.ARM.attributes
                0x00000000       0x2d
 *(.ARM.attributes)
 .ARM.attributes
                0x00000000       0x21 startup_LPC17xx.o
 .ARM.attributes
                0x00000021       0x31 core_cm3.o
 .ARM.attributes
                0x00000052       0x31 system_LPC17xx.o
 .ARM.attributes
                0x00000083       0x31 main_LPC17xx.o

/DISCARD/
 *(.note.GNU-stack)
OUTPUT(v3_3d_printer.elf elf32-littlearm)

.debug_pubtypes
                0x00000000      0x105
 .debug_pubtypes
                0x00000000       0x12 core_cm3.o
 .debug_pubtypes
                0x00000012       0x57 system_LPC17xx.o
 .debug_pubtypes
                0x00000069       0x9c main_LPC17xx.o
