<html>
<body>
<pre>
<h1>µVision Build Log</h1>
<h2>Project:</h2>
C:\Users\gavin\git\G3Firmware\v3\src\LPC1700 Secondary USB bootloader\bootloader.uvproj
Project File Date:  02/23/2012

<h2>Output:</h2>
Rebuild target 'Bootloader LPC1700'
compiling core_cm3.c...
compiling system_LPC17xx.c...
assembling startup_LPC17xx.s...
compiling DiskImg.c...
compiling mscuser.c...
compiling usbcore.c...
usb\usbcore.c(320): warning: C3017W: alt may be used before being set
usb\usbcore.c(402): warning: C3017W: msk may be used before being set
usb\usbcore.c(402): warning: C3017W: old may be used before being set
usb\usbcore.c(402): warning: C3017W: alt may be used before being set
usb\usbcore.c(402): warning: C3017W: ifn may be used before being set
compiling usbdesc.c...
compiling usbhw.c...
compiling usbuser.c...
compiling sbl_iap.c...
compiling memory.c...
linking...
Program Size: Code=5902 RO-data=822 RW-data=76 ZI-data=2676  
FromELF: creating hex file...
".\obj\bootloader.axf" - 0 Error(s), 5 Warning(s).
Rebuild target 'Bootloader LPC1700'
compiling core_cm3.c...
compiling system_LPC17xx.c...
assembling startup_LPC17xx.s...
compiling DiskImg.c...
compiling mscuser.c...
compiling usbcore.c...
usb\usbcore.c(320): warning: C3017W: alt may be used before being set
usb\usbcore.c(402): warning: C3017W: msk may be used before being set
usb\usbcore.c(402): warning: C3017W: old may be used before being set
usb\usbcore.c(402): warning: C3017W: alt may be used before being set
usb\usbcore.c(402): warning: C3017W: ifn may be used before being set
compiling usbdesc.c...
compiling usbhw.c...
compiling usbuser.c...
compiling sbl_iap.c...
compiling memory.c...
linking...
Program Size: Code=5914 RO-data=822 RW-data=76 ZI-data=2676  
FromELF: creating hex file...
".\obj\bootloader.axf" - 0 Error(s), 5 Warning(s).
Rebuild target 'Bootloader LPC1700'
compiling core_cm3.c...
compiling system_LPC17xx.c...
assembling startup_LPC17xx.s...
compiling DiskImg.c...
compiling mscuser.c...
compiling usbcore.c...
usb\usbcore.c(320): warning: C3017W: alt may be used before being set
usb\usbcore.c(402): warning: C3017W: msk may be used before being set
usb\usbcore.c(402): warning: C3017W: old may be used before being set
usb\usbcore.c(402): warning: C3017W: alt may be used before being set
usb\usbcore.c(402): warning: C3017W: ifn may be used before being set
compiling usbdesc.c...
compiling usbhw.c...
compiling usbuser.c...
compiling sbl_iap.c...
compiling memory.c...
linking...
Program Size: Code=5926 RO-data=822 RW-data=76 ZI-data=2676  
FromELF: creating hex file...
".\obj\bootloader.axf" - 0 Error(s), 5 Warning(s).
Rebuild target 'Bootloader LPC1700'
compiling core_cm3.c...
compiling system_LPC17xx.c...
assembling startup_LPC17xx.s...
compiling DiskImg.c...
compiling mscuser.c...
compiling usbcore.c...
usb\usbcore.c(320): warning: C3017W: alt may be used before being set
usb\usbcore.c(402): warning: C3017W: msk may be used before being set
usb\usbcore.c(402): warning: C3017W: old may be used before being set
usb\usbcore.c(402): warning: C3017W: alt may be used before being set
usb\usbcore.c(402): warning: C3017W: ifn may be used before being set
compiling usbdesc.c...
compiling usbhw.c...
compiling usbuser.c...
compiling sbl_iap.c...
iap\sbl_iap.c(261): warning:  #127-D: expected a statement
compiling memory.c...
linking...
Program Size: Code=5926 RO-data=822 RW-data=76 ZI-data=2676  
FromELF: creating hex file...
".\obj\bootloader.axf" - 0 Error(s), 6 Warning(s).
Rebuild target 'Bootloader LPC1700'
compiling core_cm3.c...
compiling system_LPC17xx.c...
assembling startup_LPC17xx.s...
compiling DiskImg.c...
compiling mscuser.c...
compiling usbcore.c...
usb\usbcore.c(320): warning: C3017W: alt may be used before being set
usb\usbcore.c(402): warning: C3017W: msk may be used before being set
usb\usbcore.c(402): warning: C3017W: old may be used before being set
usb\usbcore.c(402): warning: C3017W: alt may be used before being set
usb\usbcore.c(402): warning: C3017W: ifn may be used before being set
compiling usbdesc.c...
compiling usbhw.c...
compiling usbuser.c...
compiling sbl_iap.c...
iap\sbl_iap.c(226): warning:  #177-D: variable "LEDALL" was declared but never referenced
compiling memory.c...
linking...
Program Size: Code=5870 RO-data=822 RW-data=76 ZI-data=2676  
FromELF: creating hex file...
".\obj\bootloader.axf" - 0 Error(s), 6 Warning(s).
Rebuild target 'Bootloader LPC1700'
compiling core_cm3.c...
compiling system_LPC17xx.c...
assembling startup_LPC17xx.s...
compiling DiskImg.c...
compiling mscuser.c...
compiling usbcore.c...
usb\usbcore.c(320): warning: C3017W: alt may be used before being set
usb\usbcore.c(402): warning: C3017W: msk may be used before being set
usb\usbcore.c(402): warning: C3017W: old may be used before being set
usb\usbcore.c(402): warning: C3017W: alt may be used before being set
usb\usbcore.c(402): warning: C3017W: ifn may be used before being set
compiling usbdesc.c...
compiling usbhw.c...
compiling usbuser.c...
compiling sbl_iap.c...
compiling memory.c...
linking...
Program Size: Code=5870 RO-data=822 RW-data=76 ZI-data=2676  
FromELF: creating hex file...
".\obj\bootloader.axf" - 0 Error(s), 5 Warning(s).
Rebuild target 'Bootloader LPC1700'
compiling core_cm3.c...
compiling system_LPC17xx.c...
assembling startup_LPC17xx.s...
compiling DiskImg.c...
compiling mscuser.c...
compiling usbcore.c...
usb\usbcore.c(320): warning: C3017W: alt may be used before being set
usb\usbcore.c(402): warning: C3017W: msk may be used before being set
usb\usbcore.c(402): warning: C3017W: old may be used before being set
usb\usbcore.c(402): warning: C3017W: alt may be used before being set
usb\usbcore.c(402): warning: C3017W: ifn may be used before being set
compiling usbdesc.c...
compiling usbhw.c...
compiling usbuser.c...
compiling sbl_iap.c...
compiling memory.c...
linking...
Program Size: Code=5870 RO-data=822 RW-data=76 ZI-data=2676  
FromELF: creating hex file...
".\obj\bootloader.axf" - 0 Error(s), 5 Warning(s).
Rebuild target 'Bootloader LPC1700'
compiling core_cm3.c...
compiling system_LPC17xx.c...
assembling startup_LPC17xx.s...
compiling DiskImg.c...
compiling mscuser.c...
compiling usbcore.c...
usb\usbcore.c(320): warning: C3017W: alt may be used before being set
usb\usbcore.c(402): warning: C3017W: msk may be used before being set
usb\usbcore.c(402): warning: C3017W: old may be used before being set
usb\usbcore.c(402): warning: C3017W: alt may be used before being set
usb\usbcore.c(402): warning: C3017W: ifn may be used before being set
compiling usbdesc.c...
compiling usbhw.c...
compiling usbuser.c...
compiling sbl_iap.c...
compiling memory.c...
linking...
Program Size: Code=5870 RO-data=822 RW-data=76 ZI-data=2676  
FromELF: creating hex file...
".\obj\bootloader.axf" - 0 Error(s), 5 Warning(s).
Rebuild target 'Bootloader LPC1700'
compiling core_cm3.c...
compiling system_LPC17xx.c...
assembling startup_LPC17xx.s...
compiling DiskImg.c...
compiling mscuser.c...
compiling usbcore.c...
usb\usbcore.c(320): warning: C3017W: alt may be used before being set
usb\usbcore.c(402): warning: C3017W: msk may be used before being set
usb\usbcore.c(402): warning: C3017W: old may be used before being set
usb\usbcore.c(402): warning: C3017W: alt may be used before being set
usb\usbcore.c(402): warning: C3017W: ifn may be used before being set
compiling usbdesc.c...
compiling usbhw.c...
compiling usbuser.c...
compiling sbl_iap.c...
compiling memory.c...
linking...
Program Size: Code=5898 RO-data=822 RW-data=76 ZI-data=2676  
FromELF: creating hex file...
".\obj\bootloader.axf" - 0 Error(s), 5 Warning(s).
Rebuild target 'Bootloader LPC1700'
compiling core_cm3.c...
compiling system_LPC17xx.c...
assembling startup_LPC17xx.s...
compiling DiskImg.c...
compiling mscuser.c...
compiling usbcore.c...
usb\usbcore.c(320): warning: C3017W: alt may be used before being set
usb\usbcore.c(402): warning: C3017W: msk may be used before being set
usb\usbcore.c(402): warning: C3017W: old may be used before being set
usb\usbcore.c(402): warning: C3017W: alt may be used before being set
usb\usbcore.c(402): warning: C3017W: ifn may be used before being set
compiling usbdesc.c...
compiling usbhw.c...
compiling usbuser.c...
compiling sbl_iap.c...
compiling memory.c...
linking...
Program Size: Code=5914 RO-data=822 RW-data=76 ZI-data=2676  
FromELF: creating hex file...
".\obj\bootloader.axf" - 0 Error(s), 5 Warning(s).
Rebuild target 'Bootloader LPC1700'
compiling core_cm3.c...
compiling system_LPC17xx.c...
assembling startup_LPC17xx.s...
compiling DiskImg.c...
compiling mscuser.c...
compiling usbcore.c...
usb\usbcore.c(320): warning: C3017W: alt may be used before being set
usb\usbcore.c(402): warning: C3017W: msk may be used before being set
usb\usbcore.c(402): warning: C3017W: old may be used before being set
usb\usbcore.c(402): warning: C3017W: alt may be used before being set
usb\usbcore.c(402): warning: C3017W: ifn may be used before being set
compiling usbdesc.c...
compiling usbhw.c...
compiling usbuser.c...
compiling sbl_iap.c...
compiling memory.c...
linking...
Program Size: Code=5910 RO-data=822 RW-data=76 ZI-data=2676  
FromELF: creating hex file...
".\obj\bootloader.axf" - 0 Error(s), 5 Warning(s).
Rebuild target 'Bootloader LPC1700'
compiling core_cm3.c...
compiling system_LPC17xx.c...
assembling startup_LPC17xx.s...
compiling DiskImg.c...
compiling mscuser.c...
compiling usbcore.c...
usb\usbcore.c(320): warning: C3017W: alt may be used before being set
usb\usbcore.c(402): warning: C3017W: msk may be used before being set
usb\usbcore.c(402): warning: C3017W: old may be used before being set
usb\usbcore.c(402): warning: C3017W: alt may be used before being set
usb\usbcore.c(402): warning: C3017W: ifn may be used before being set
compiling usbdesc.c...
compiling usbhw.c...
compiling usbuser.c...
compiling sbl_iap.c...
iap\sbl_iap.c(246): error:  #29: expected an expression
iap\sbl_iap.c(246): error:  #29: expected an expression
compiling memory.c...
Target not created
Rebuild target 'Bootloader LPC1700'
compiling core_cm3.c...
compiling system_LPC17xx.c...
assembling startup_LPC17xx.s...
compiling DiskImg.c...
compiling mscuser.c...
compiling usbcore.c...
usb\usbcore.c(320): warning: C3017W: alt may be used before being set
usb\usbcore.c(402): warning: C3017W: msk may be used before being set
usb\usbcore.c(402): warning: C3017W: old may be used before being set
usb\usbcore.c(402): warning: C3017W: alt may be used before being set
usb\usbcore.c(402): warning: C3017W: ifn may be used before being set
compiling usbdesc.c...
compiling usbhw.c...
compiling usbuser.c...
compiling sbl_iap.c...
iap\sbl_iap.c(246): error:  #29: expected an expression
iap\sbl_iap.c(246): error:  #29: expected an expression
compiling memory.c...
Target not created
Rebuild target 'Bootloader LPC1700'
compiling core_cm3.c...
compiling system_LPC17xx.c...
assembling startup_LPC17xx.s...
compiling DiskImg.c...
compiling mscuser.c...
compiling usbcore.c...
usb\usbcore.c(320): warning: C3017W: alt may be used before being set
usb\usbcore.c(402): warning: C3017W: msk may be used before being set
usb\usbcore.c(402): warning: C3017W: old may be used before being set
usb\usbcore.c(402): warning: C3017W: alt may be used before being set
usb\usbcore.c(402): warning: C3017W: ifn may be used before being set
compiling usbdesc.c...
compiling usbhw.c...
compiling usbuser.c...
compiling sbl_iap.c...
compiling memory.c...
linking...
Program Size: Code=5890 RO-data=822 RW-data=76 ZI-data=2676  
FromELF: creating hex file...
".\obj\bootloader.axf" - 0 Error(s), 5 Warning(s).
Rebuild target 'Bootloader LPC1700'
compiling core_cm3.c...
compiling system_LPC17xx.c...
assembling startup_LPC17xx.s...
compiling DiskImg.c...
compiling mscuser.c...
compiling usbcore.c...
usb\usbcore.c(320): warning: C3017W: alt may be used before being set
usb\usbcore.c(402): warning: C3017W: msk may be used before being set
usb\usbcore.c(402): warning: C3017W: old may be used before being set
usb\usbcore.c(402): warning: C3017W: alt may be used before being set
usb\usbcore.c(402): warning: C3017W: ifn may be used before being set
compiling usbdesc.c...
compiling usbhw.c...
compiling usbuser.c...
compiling sbl_iap.c...
compiling memory.c...
linking...
Program Size: Code=5890 RO-data=822 RW-data=76 ZI-data=2676  
FromELF: creating hex file...
".\obj\bootloader.axf" - 0 Error(s), 5 Warning(s).
Rebuild target 'Bootloader LPC1700'
compiling core_cm3.c...
compiling system_LPC17xx.c...
assembling startup_LPC17xx.s...
compiling DiskImg.c...
compiling mscuser.c...
compiling usbcore.c...
usb\usbcore.c(320): warning: C3017W: alt may be used before being set
usb\usbcore.c(402): warning: C3017W: msk may be used before being set
usb\usbcore.c(402): warning: C3017W: old may be used before being set
usb\usbcore.c(402): warning: C3017W: alt may be used before being set
usb\usbcore.c(402): warning: C3017W: ifn may be used before being set
compiling usbdesc.c...
compiling usbhw.c...
compiling usbuser.c...
compiling sbl_iap.c...
compiling memory.c...
linking...
Program Size: Code=5910 RO-data=822 RW-data=76 ZI-data=2676  
FromELF: creating hex file...
".\obj\bootloader.axf" - 0 Error(s), 5 Warning(s).
Rebuild target 'Bootloader LPC1700'
compiling core_cm3.c...
compiling system_LPC17xx.c...
assembling startup_LPC17xx.s...
compiling DiskImg.c...
compiling mscuser.c...
compiling usbcore.c...
usb\usbcore.c(320): warning: C3017W: alt may be used before being set
usb\usbcore.c(402): warning: C3017W: msk may be used before being set
usb\usbcore.c(402): warning: C3017W: old may be used before being set
usb\usbcore.c(402): warning: C3017W: alt may be used before being set
usb\usbcore.c(402): warning: C3017W: ifn may be used before being set
compiling usbdesc.c...
compiling usbhw.c...
compiling usbuser.c...
compiling sbl_iap.c...
iap\sbl_iap.c(227): error:  #28: expression must have a constant value
iap\sbl_iap.c(227): error:  #28: expression must have a constant value
iap\sbl_iap.c(227): error:  #28: expression must have a constant value
iap\sbl_iap.c(227): error:  #20: identifier "LED14" is undefined
iap\sbl_iap.c(227): error:  #28: expression must have a constant value
iap\sbl_iap.c(227): error:  #28: expression must have a constant value
iap\sbl_iap.c(227): error:  #28: expression must have a constant value
iap\sbl_iap.c(227): error:  #28: expression must have a constant value
iap\sbl_iap.c(227): error:  #28: expression must have a constant value
iap\sbl_iap.c(227): error:  #28: expression must have a constant value
iap\sbl_iap.c(227): error:  #28: expression must have a constant value
iap\sbl_iap.c(227): error:  #28: expression must have a constant value
iap\sbl_iap.c(227): error:  #28: expression must have a constant value
iap\sbl_iap.c(227): error:  #28: expression must have a constant value
iap\sbl_iap.c(227): error:  #28: expression must have a constant value
iap\sbl_iap.c(227): error:  #28: expression must have a constant value
iap\sbl_iap.c(227): error:  #28: expression must have a constant value
iap\sbl_iap.c(227): error:  #28: expression must have a constant value
iap\sbl_iap.c(227): error:  #28: expression must have a constant value
iap\sbl_iap.c(227): error:  #28: expression must have a constant value
iap\sbl_iap.c(227): error:  #28: expression must have a constant value
iap\sbl_iap.c(227): error:  #28: expression must have a constant value
iap\sbl_iap.c(227): error:  #28: expression must have a constant value
iap\sbl_iap.c(227): error:  #28: expression must have a constant value
iap\sbl_iap.c(227): error:  #28: expression must have a constant value
iap\sbl_iap.c(227): error:  #28: expression must have a constant value
iap\sbl_iap.c(227): error:  #28: expression must have a constant value
iap\sbl_iap.c(227): error:  #28: expression must have a constant value
iap\sbl_iap.c(229): error:  #65: expected a ";"
iap\sbl_iap.c(236): error:  #20: identifier "i" is undefined
compiling memory.c...
Target not created
Rebuild target 'Bootloader LPC1700'
compiling core_cm3.c...
compiling system_LPC17xx.c...
assembling startup_LPC17xx.s...
compiling DiskImg.c...
compiling mscuser.c...
compiling usbcore.c...
usb\usbcore.c(320): warning: C3017W: alt may be used before being set
usb\usbcore.c(402): warning: C3017W: msk may be used before being set
usb\usbcore.c(402): warning: C3017W: old may be used before being set
usb\usbcore.c(402): warning: C3017W: alt may be used before being set
usb\usbcore.c(402): warning: C3017W: ifn may be used before being set
compiling usbdesc.c...
compiling usbhw.c...
compiling usbuser.c...
compiling sbl_iap.c...
iap\sbl_iap.c(227): error:  #28: expression must have a constant value
iap\sbl_iap.c(227): error:  #28: expression must have a constant value
iap\sbl_iap.c(227): error:  #28: expression must have a constant value
iap\sbl_iap.c(227): error:  #20: identifier "LED14" is undefined
iap\sbl_iap.c(227): error:  #28: expression must have a constant value
iap\sbl_iap.c(227): error:  #28: expression must have a constant value
iap\sbl_iap.c(227): error:  #28: expression must have a constant value
iap\sbl_iap.c(227): error:  #28: expression must have a constant value
iap\sbl_iap.c(227): error:  #28: expression must have a constant value
iap\sbl_iap.c(227): error:  #28: expression must have a constant value
iap\sbl_iap.c(227): error:  #28: expression must have a constant value
iap\sbl_iap.c(227): error:  #28: expression must have a constant value
iap\sbl_iap.c(227): error:  #28: expression must have a constant value
iap\sbl_iap.c(227): error:  #28: expression must have a constant value
iap\sbl_iap.c(227): error:  #28: expression must have a constant value
iap\sbl_iap.c(227): error:  #28: expression must have a constant value
iap\sbl_iap.c(227): error:  #28: expression must have a constant value
iap\sbl_iap.c(227): error:  #28: expression must have a constant value
iap\sbl_iap.c(227): error:  #28: expression must have a constant value
iap\sbl_iap.c(227): error:  #28: expression must have a constant value
iap\sbl_iap.c(227): error:  #28: expression must have a constant value
iap\sbl_iap.c(227): error:  #28: expression must have a constant value
iap\sbl_iap.c(227): error:  #28: expression must have a constant value
iap\sbl_iap.c(227): error:  #28: expression must have a constant value
iap\sbl_iap.c(227): error:  #28: expression must have a constant value
iap\sbl_iap.c(227): error:  #28: expression must have a constant value
iap\sbl_iap.c(227): error:  #28: expression must have a constant value
iap\sbl_iap.c(227): error:  #28: expression must have a constant value
iap\sbl_iap.c(227): warning:  #177-D: variable "LEDARRAY" was declared but never referenced
compiling memory.c...
Target not created
Rebuild target 'Bootloader LPC1700'
compiling core_cm3.c...
compiling system_LPC17xx.c...
assembling startup_LPC17xx.s...
compiling DiskImg.c...
compiling mscuser.c...
compiling usbcore.c...
usb\usbcore.c(320): warning: C3017W: alt may be used before being set
usb\usbcore.c(402): warning: C3017W: msk may be used before being set
usb\usbcore.c(402): warning: C3017W: old may be used before being set
usb\usbcore.c(402): warning: C3017W: alt may be used before being set
usb\usbcore.c(402): warning: C3017W: ifn may be used before being set
compiling usbdesc.c...
compiling usbhw.c...
compiling usbuser.c...
compiling sbl_iap.c...
iap\sbl_iap.c(227): error:  #28: expression must have a constant value
iap\sbl_iap.c(227): error:  #28: expression must have a constant value
iap\sbl_iap.c(227): error:  #28: expression must have a constant value
iap\sbl_iap.c(227): error:  #20: identifier "LED14" is undefined
iap\sbl_iap.c(227): error:  #28: expression must have a constant value
iap\sbl_iap.c(227): error:  #28: expression must have a constant value
iap\sbl_iap.c(227): error:  #28: expression must have a constant value
iap\sbl_iap.c(227): error:  #28: expression must have a constant value
iap\sbl_iap.c(227): error:  #28: expression must have a constant value
iap\sbl_iap.c(227): error:  #28: expression must have a constant value
iap\sbl_iap.c(227): error:  #28: expression must have a constant value
iap\sbl_iap.c(227): error:  #28: expression must have a constant value
iap\sbl_iap.c(227): error:  #28: expression must have a constant value
iap\sbl_iap.c(227): error:  #28: expression must have a constant value
iap\sbl_iap.c(227): error:  #28: expression must have a constant value
iap\sbl_iap.c(227): error:  #28: expression must have a constant value
iap\sbl_iap.c(227): error:  #28: expression must have a constant value
iap\sbl_iap.c(227): error:  #28: expression must have a constant value
iap\sbl_iap.c(227): error:  #28: expression must have a constant value
iap\sbl_iap.c(227): error:  #28: expression must have a constant value
iap\sbl_iap.c(227): error:  #28: expression must have a constant value
iap\sbl_iap.c(227): error:  #28: expression must have a constant value
iap\sbl_iap.c(227): error:  #28: expression must have a constant value
iap\sbl_iap.c(227): error:  #28: expression must have a constant value
iap\sbl_iap.c(227): error:  #28: expression must have a constant value
iap\sbl_iap.c(227): error:  #28: expression must have a constant value
iap\sbl_iap.c(227): error:  #28: expression must have a constant value
iap\sbl_iap.c(227): error:  #28: expression must have a constant value
compiling memory.c...
Target not created
Rebuild target 'Bootloader LPC1700'
compiling core_cm3.c...
compiling system_LPC17xx.c...
assembling startup_LPC17xx.s...
compiling DiskImg.c...
compiling mscuser.c...
compiling usbcore.c...
usb\usbcore.c(320): warning: C3017W: alt may be used before being set
usb\usbcore.c(402): warning: C3017W: msk may be used before being set
usb\usbcore.c(402): warning: C3017W: old may be used before being set
usb\usbcore.c(402): warning: C3017W: alt may be used before being set
usb\usbcore.c(402): warning: C3017W: ifn may be used before being set
compiling usbdesc.c...
compiling usbhw.c...
compiling usbuser.c...
compiling sbl_iap.c...
iap\sbl_iap.c(226): error:  #29: expected an expression
iap\sbl_iap.c(226): error:  #18: expected a ")"
iap\sbl_iap.c(226): error:  #29: expected an expression
iap\sbl_iap.c(226): error:  #29: expected an expression
iap\sbl_iap.c(226): error:  #29: expected an expression
iap\sbl_iap.c(226): error:  #29: expected an expression
iap\sbl_iap.c(227): error:  #268: declaration may not appear after executable statement in block
iap\sbl_iap.c(227): error:  #67: expected a "}"
iap\sbl_iap.c(227): error:  #29: expected an expression
iap\sbl_iap.c(227): error:  #67: expected a "}"
iap\sbl_iap.c(227): error:  #169: expected a declaration
iap\sbl_iap.c(227): error:  #169: expected a declaration
iap\sbl_iap.c(227): error:  #169: expected a declaration
iap\sbl_iap.c(227): error:  #169: expected a declaration
iap\sbl_iap.c(227): error:  #169: expected a declaration
iap\sbl_iap.c(227): error:  #169: expected a declaration
iap\sbl_iap.c(227): error:  #169: expected a declaration
iap\sbl_iap.c(227): error:  #169: expected a declaration
iap\sbl_iap.c(227): error:  #169: expected a declaration
iap\sbl_iap.c(227): error:  #169: expected a declaration
iap\sbl_iap.c(227): error:  #169: expected a declaration
iap\sbl_iap.c(227): error:  #169: expected a declaration
iap\sbl_iap.c(227): error:  #169: expected a declaration
iap\sbl_iap.c(227): error:  #169: expected a declaration
iap\sbl_iap.c(227): error:  #169: expected a declaration
iap\sbl_iap.c(227): error:  #169: expected a declaration
iap\sbl_iap.c(227): error:  #169: expected a declaration
iap\sbl_iap.c(227): error:  #169: expected a declaration
iap\sbl_iap.c(227): error:  #169: expected a declaration
iap\sbl_iap.c(227): error:  #169: expected a declaration
compiling memory.c...
Target not created
Rebuild target 'Bootloader LPC1700'
compiling core_cm3.c...
compiling system_LPC17xx.c...
assembling startup_LPC17xx.s...
compiling DiskImg.c...
compiling mscuser.c...
compiling usbcore.c...
usb\usbcore.c(320): warning: C3017W: alt may be used before being set
usb\usbcore.c(402): warning: C3017W: msk may be used before being set
usb\usbcore.c(402): warning: C3017W: old may be used before being set
usb\usbcore.c(402): warning: C3017W: alt may be used before being set
usb\usbcore.c(402): warning: C3017W: ifn may be used before being set
compiling usbdesc.c...
compiling usbhw.c...
compiling usbuser.c...
compiling sbl_iap.c...
iap\sbl_iap.c(226): error:  #29: expected an expression
iap\sbl_iap.c(226): error:  #18: expected a ")"
iap\sbl_iap.c(226): error:  #29: expected an expression
iap\sbl_iap.c(226): error:  #29: expected an expression
iap\sbl_iap.c(226): error:  #29: expected an expression
iap\sbl_iap.c(226): error:  #29: expected an expression
iap\sbl_iap.c(227): warning:  #2775-D: white space is required between the macro name "LEDARRAY" and its replacement text
iap\sbl_iap.c(229): error:  #268: declaration may not appear after executable statement in block
iap\sbl_iap.c(247): error:  #29: expected an expression
iap\sbl_iap.c(247): error:  #29: expected an expression
compiling memory.c...
Target not created
Rebuild target 'Bootloader LPC1700'
compiling core_cm3.c...
compiling system_LPC17xx.c...
assembling startup_LPC17xx.s...
compiling DiskImg.c...
compiling mscuser.c...
compiling usbcore.c...
usb\usbcore.c(320): warning: C3017W: alt may be used before being set
usb\usbcore.c(402): warning: C3017W: msk may be used before being set
usb\usbcore.c(402): warning: C3017W: old may be used before being set
usb\usbcore.c(402): warning: C3017W: alt may be used before being set
usb\usbcore.c(402): warning: C3017W: ifn may be used before being set
compiling usbdesc.c...
compiling usbhw.c...
compiling usbuser.c...
compiling sbl_iap.c...
iap\sbl_iap.c(226): error:  #29: expected an expression
iap\sbl_iap.c(226): error:  #18: expected a ")"
iap\sbl_iap.c(226): error:  #29: expected an expression
iap\sbl_iap.c(226): error:  #29: expected an expression
iap\sbl_iap.c(226): error:  #29: expected an expression
iap\sbl_iap.c(226): error:  #29: expected an expression
iap\sbl_iap.c(229): error:  #268: declaration may not appear after executable statement in block
iap\sbl_iap.c(247): error:  #29: expected an expression
iap\sbl_iap.c(247): error:  #29: expected an expression
compiling memory.c...
Target not created
Rebuild target 'Bootloader LPC1700'
compiling core_cm3.c...
compiling system_LPC17xx.c...
assembling startup_LPC17xx.s...
compiling DiskImg.c...
compiling mscuser.c...
compiling usbcore.c...
usb\usbcore.c(320): warning: C3017W: alt may be used before being set
usb\usbcore.c(402): warning: C3017W: msk may be used before being set
usb\usbcore.c(402): warning: C3017W: old may be used before being set
usb\usbcore.c(402): warning: C3017W: alt may be used before being set
usb\usbcore.c(402): warning: C3017W: ifn may be used before being set
compiling usbdesc.c...
compiling usbhw.c...
compiling usbuser.c...
compiling sbl_iap.c...
iap\sbl_iap.c(232): error:  #29: expected an expression
iap\sbl_iap.c(247): error:  #29: expected an expression
iap\sbl_iap.c(247): error:  #29: expected an expression
compiling memory.c...
Target not created
Rebuild target 'Bootloader LPC1700'
compiling core_cm3.c...
compiling system_LPC17xx.c...
assembling startup_LPC17xx.s...
compiling DiskImg.c...
compiling mscuser.c...
compiling usbcore.c...
usb\usbcore.c(320): warning: C3017W: alt may be used before being set
usb\usbcore.c(402): warning: C3017W: msk may be used before being set
usb\usbcore.c(402): warning: C3017W: old may be used before being set
usb\usbcore.c(402): warning: C3017W: alt may be used before being set
usb\usbcore.c(402): warning: C3017W: ifn may be used before being set
compiling usbdesc.c...
compiling usbhw.c...
compiling usbuser.c...
compiling sbl_iap.c...
iap\sbl_iap.c(232): error:  #29: expected an expression
iap\sbl_iap.c(247): error:  #29: expected an expression
iap\sbl_iap.c(247): error:  #29: expected an expression
compiling memory.c...
Target not created
Rebuild target 'Bootloader LPC1700'
compiling core_cm3.c...
compiling system_LPC17xx.c...
assembling startup_LPC17xx.s...
compiling DiskImg.c...
compiling mscuser.c...
compiling usbcore.c...
usb\usbcore.c(320): warning: C3017W: alt may be used before being set
usb\usbcore.c(402): warning: C3017W: msk may be used before being set
usb\usbcore.c(402): warning: C3017W: old may be used before being set
usb\usbcore.c(402): warning: C3017W: alt may be used before being set
usb\usbcore.c(402): warning: C3017W: ifn may be used before being set
compiling usbdesc.c...
compiling usbhw.c...
compiling usbuser.c...
compiling sbl_iap.c...
iap\sbl_iap.c(232): error:  #29: expected an expression
iap\sbl_iap.c(232): error:  #18: expected a ")"
iap\sbl_iap.c(232): error:  #29: expected an expression
iap\sbl_iap.c(232): error:  #29: expected an expression
iap\sbl_iap.c(232): error:  #29: expected an expression
iap\sbl_iap.c(232): error:  #29: expected an expression
iap\sbl_iap.c(247): error:  #29: expected an expression
iap\sbl_iap.c(247): error:  #29: expected an expression
compiling memory.c...
Target not created
Rebuild target 'Bootloader LPC1700'
compiling core_cm3.c...
compiling system_LPC17xx.c...
assembling startup_LPC17xx.s...
compiling DiskImg.c...
compiling mscuser.c...
compiling usbcore.c...
usb\usbcore.c(320): warning: C3017W: alt may be used before being set
usb\usbcore.c(402): warning: C3017W: msk may be used before being set
usb\usbcore.c(402): warning: C3017W: old may be used before being set
usb\usbcore.c(402): warning: C3017W: alt may be used before being set
usb\usbcore.c(402): warning: C3017W: ifn may be used before being set
compiling usbdesc.c...
compiling usbhw.c...
compiling usbuser.c...
compiling sbl_iap.c...
iap\sbl_iap.c(227): error:  #20: identifier "LED14" is undefined
compiling memory.c...
Target not created
Rebuild target 'Bootloader LPC1700'
compiling core_cm3.c...
compiling system_LPC17xx.c...
assembling startup_LPC17xx.s...
compiling DiskImg.c...
compiling mscuser.c...
compiling usbcore.c...
usb\usbcore.c(320): warning: C3017W: alt may be used before being set
usb\usbcore.c(402): warning: C3017W: msk may be used before being set
usb\usbcore.c(402): warning: C3017W: old may be used before being set
usb\usbcore.c(402): warning: C3017W: alt may be used before being set
usb\usbcore.c(402): warning: C3017W: ifn may be used before being set
compiling usbdesc.c...
compiling usbhw.c...
compiling usbuser.c...
compiling sbl_iap.c...
compiling memory.c...
linking...
Program Size: Code=5980 RO-data=952 RW-data=76 ZI-data=2676  
FromELF: creating hex file...
".\obj\bootloader.axf" - 0 Error(s), 5 Warning(s).
Rebuild target 'Bootloader LPC1700'
compiling core_cm3.c...
compiling system_LPC17xx.c...
assembling startup_LPC17xx.s...
compiling DiskImg.c...
compiling mscuser.c...
compiling usbcore.c...
usb\usbcore.c(320): warning: C3017W: alt may be used before being set
usb\usbcore.c(402): warning: C3017W: msk may be used before being set
usb\usbcore.c(402): warning: C3017W: old may be used before being set
usb\usbcore.c(402): warning: C3017W: alt may be used before being set
usb\usbcore.c(402): warning: C3017W: ifn may be used before being set
compiling usbdesc.c...
compiling usbhw.c...
compiling usbuser.c...
compiling sbl_iap.c...
compiling memory.c...
linking...
Program Size: Code=5984 RO-data=952 RW-data=76 ZI-data=2676  
FromELF: creating hex file...
".\obj\bootloader.axf" - 0 Error(s), 5 Warning(s).
Rebuild target 'Bootloader LPC1700'
compiling core_cm3.c...
compiling system_LPC17xx.c...
assembling startup_LPC17xx.s...
compiling DiskImg.c...
compiling mscuser.c...
compiling usbcore.c...
usb\usbcore.c(320): warning: C3017W: alt may be used before being set
usb\usbcore.c(402): warning: C3017W: msk may be used before being set
usb\usbcore.c(402): warning: C3017W: old may be used before being set
usb\usbcore.c(402): warning: C3017W: alt may be used before being set
usb\usbcore.c(402): warning: C3017W: ifn may be used before being set
compiling usbdesc.c...
compiling usbhw.c...
compiling usbuser.c...
compiling sbl_iap.c...
compiling memory.c...
linking...
Program Size: Code=5984 RO-data=952 RW-data=76 ZI-data=2676  
FromELF: creating hex file...
".\obj\bootloader.axf" - 0 Error(s), 5 Warning(s).
Rebuild target 'Bootloader LPC1700'
compiling core_cm3.c...
compiling system_LPC17xx.c...
assembling startup_LPC17xx.s...
compiling DiskImg.c...
compiling mscuser.c...
compiling usbcore.c...
usb\usbcore.c(320): warning: C3017W: alt may be used before being set
usb\usbcore.c(402): warning: C3017W: msk may be used before being set
usb\usbcore.c(402): warning: C3017W: old may be used before being set
usb\usbcore.c(402): warning: C3017W: alt may be used before being set
usb\usbcore.c(402): warning: C3017W: ifn may be used before being set
compiling usbdesc.c...
compiling usbhw.c...
compiling usbuser.c...
compiling sbl_iap.c...
compiling memory.c...
linking...
Program Size: Code=5984 RO-data=952 RW-data=76 ZI-data=2676  
FromELF: creating hex file...
".\obj\bootloader.axf" - 0 Error(s), 5 Warning(s).
Rebuild target 'Bootloader LPC1700'
compiling core_cm3.c...
compiling system_LPC17xx.c...
assembling startup_LPC17xx.s...
compiling DiskImg.c...
compiling mscuser.c...
compiling usbcore.c...
usb\usbcore.c(320): warning: C3017W: alt may be used before being set
usb\usbcore.c(402): warning: C3017W: msk may be used before being set
usb\usbcore.c(402): warning: C3017W: old may be used before being set
usb\usbcore.c(402): warning: C3017W: alt may be used before being set
usb\usbcore.c(402): warning: C3017W: ifn may be used before being set
compiling usbdesc.c...
compiling usbhw.c...
compiling usbuser.c...
compiling sbl_iap.c...
compiling memory.c...
linking...
Program Size: Code=5984 RO-data=952 RW-data=76 ZI-data=2676  
FromELF: creating hex file...
".\obj\bootloader.axf" - 0 Error(s), 5 Warning(s).
Rebuild target 'Bootloader LPC1700'
compiling core_cm3.c...
compiling system_LPC17xx.c...
assembling startup_LPC17xx.s...
compiling DiskImg.c...
compiling mscuser.c...
compiling usbcore.c...
usb\usbcore.c(320): warning: C3017W: alt may be used before being set
usb\usbcore.c(402): warning: C3017W: msk may be used before being set
usb\usbcore.c(402): warning: C3017W: old may be used before being set
usb\usbcore.c(402): warning: C3017W: alt may be used before being set
usb\usbcore.c(402): warning: C3017W: ifn may be used before being set
compiling usbdesc.c...
compiling usbhw.c...
compiling usbuser.c...
compiling sbl_iap.c...
compiling memory.c...
linking...
Program Size: Code=5984 RO-data=952 RW-data=76 ZI-data=2676  
FromELF: creating hex file...
".\obj\bootloader.axf" - 0 Error(s), 5 Warning(s).
Rebuild target 'Bootloader LPC1700'
compiling core_cm3.c...
compiling system_LPC17xx.c...
assembling startup_LPC17xx.s...
compiling DiskImg.c...
compiling mscuser.c...
compiling usbcore.c...
usb\usbcore.c(320): warning: C3017W: alt may be used before being set
usb\usbcore.c(402): warning: C3017W: msk may be used before being set
usb\usbcore.c(402): warning: C3017W: old may be used before being set
usb\usbcore.c(402): warning: C3017W: alt may be used before being set
usb\usbcore.c(402): warning: C3017W: ifn may be used before being set
compiling usbdesc.c...
compiling usbhw.c...
compiling usbuser.c...
compiling sbl_iap.c...
compiling memory.c...
linking...
Program Size: Code=6004 RO-data=952 RW-data=76 ZI-data=2676  
FromELF: creating hex file...
".\obj\bootloader.axf" - 0 Error(s), 5 Warning(s).
