<html>
<body>
<pre>
<h1>µVision Build Log</h1>
<h2>Project:</h2>
C:\Users\Sagar\Desktop\LPC1700 Secondary USB bootloader\LPC1700 Secondary USB bootloader\bootloader.uvproj
Project File Date:  07/16/2010

<h2>Output:</h2>
Build target 'Bootloader LPC1700'
compiling sbl_iap.c...
linking...
Program Size: Code=5806 RO-data=818 RW-data=76 ZI-data=2676  
FromELF: creating hex file...
".\obj\bootloader.axf" - 0 Error(s), 0 Warning(s).
Build target 'Bootloader LPC1700'
compiling sbl_iap.c...
linking...
Program Size: Code=5810 RO-data=818 RW-data=76 ZI-data=2676  
FromELF: creating hex file...
".\obj\bootloader.axf" - 0 Error(s), 0 Warning(s).
Build target 'Bootloader LPC1700'
compiling sbl_iap.c...
linking...
Program Size: Code=5806 RO-data=818 RW-data=76 ZI-data=2676  
FromELF: creating hex file...
".\obj\bootloader.axf" - 0 Error(s), 0 Warning(s).
Build target 'Bootloader LPC1700'
compiling sbl_iap.c...
linking...
Program Size: Code=5806 RO-data=818 RW-data=76 ZI-data=2676  
FromELF: creating hex file...
".\obj\bootloader.axf" - 0 Error(s), 0 Warning(s).
Build target 'Bootloader LPC1700'
compiling sbl_iap.c...
linking...
Program Size: Code=5806 RO-data=818 RW-data=76 ZI-data=2676  
FromELF: creating hex file...
".\obj\bootloader.axf" - 0 Error(s), 0 Warning(s).
Build target 'Bootloader LPC1700'
compiling sbl_iap.c...
linking...
Program Size: Code=5806 RO-data=818 RW-data=76 ZI-data=2676  
FromELF: creating hex file...
".\obj\bootloader.axf" - 0 Error(s), 0 Warning(s).
